┏━━━━━━━━━━━━━━━━━━━━━━┳━━━━━━━━━━┳━━━━━━━━━━┳━━━━━━━━━━┳━━━━━━━━━━┳━━━━━━━━━━━┳━━━━━━━━━━┳━━━━━━━━━━━┳━━━━━━━━━━┳━━━━━━━━━━━┳━━━━━━━━━━┳━━━━━━━━━━━┳━━━━━━━━━━┓
┃                      ┃ Hold     ┃ Reg to   ┃          ┃          ┃ of which  ┃ Setup    ┃           ┃          ┃           ┃ of which ┃           ┃          ┃
┃                      ┃ Worst    ┃ Reg      ┃          ┃ Hold Vio ┃ reg to    ┃ Worst    ┃ Reg to    ┃ Setup    ┃ Setup Vio ┃ reg to   ┃ Max Cap   ┃ Max Slew ┃
┃ Corner/Group         ┃ Slack    ┃ Paths    ┃ Hold TNS ┃ Count    ┃ reg       ┃ Slack    ┃ Reg Paths ┃ TNS      ┃ Count     ┃ reg      ┃ Violatio… ┃ Violati… ┃
┡━━━━━━━━━━━━━━━━━━━━━━╇━━━━━━━━━━╇━━━━━━━━━━╇━━━━━━━━━━╇━━━━━━━━━━╇━━━━━━━━━━━╇━━━━━━━━━━╇━━━━━━━━━━━╇━━━━━━━━━━╇━━━━━━━━━━━╇━━━━━━━━━━╇━━━━━━━━━━━╇━━━━━━━━━━┩
│ Overall              │ -4.1381  │ -0.2038  │ -733.81… │ 1938     │ 128       │ -17.0808 │ -17.0808  │ -20793.… │ 7804      │ 7790     │ 2030      │ 39173    │
│ nom_tt_025C_1v80     │ -0.5597  │ -0.0057  │ -7.0215  │ 22       │ 1         │ -0.7633  │ -0.5750   │ -3.0148  │ 7         │ 6        │ 1621      │ 11354    │
│ nom_ss_100C_1v60     │ -3.5857  │ 0.3368   │ -444.22… │ 580      │ 0         │ -16.3555 │ -16.3555  │ -19055.… │ 2544      │ 2541     │ 1798      │ 36181    │
│ nom_ff_n40C_1v95     │ -0.0990  │ -0.0990  │ -1.3197  │ 35       │ 35        │ 1.1549   │ 2.9255    │ 0.0000   │ 0         │ 0        │ 1621      │ 4469     │
│ min_tt_025C_1v80     │ -0.2236  │ 0.0953   │ -2.1280  │ 13       │ 0         │ -0.2307  │ 0.0394    │ -0.2307  │ 1         │ 0        │ 1300      │ 8864     │
│ min_ss_100C_1v60     │ -3.0817  │ 0.5017   │ -271.03… │ 405      │ 0         │ -15.2862 │ -15.2862  │ -17371.… │ 2285      │ 2284     │ 1444      │ 32163    │
│ min_ff_n40C_1v95     │ -0.0160  │ -0.0160  │ -0.0386  │ 7        │ 7         │ 1.5797   │ 3.4139    │ 0.0000   │ 0         │ 0        │ 1297      │ 2773     │
│ max_tt_025C_1v80     │ -0.9674  │ -0.1179  │ -19.4643 │ 61       │ 15        │ -1.3175  │ -1.1286   │ -11.9974 │ 46        │ 45       │ 1805      │ 13605    │
│ max_ss_100C_1v60     │ -4.1381  │ 0.1976   │ -733.81… │ 745      │ 0         │ -17.0808 │ -17.0808  │ -20793.… │ 2921      │ 2914     │ 2030      │ 39173    │
│ max_ff_n40C_1v95     │ -0.2038  │ -0.2038  │ -5.8368  │ 70       │ 70        │ 0.6586   │ 2.4154    │ 0.0000   │ 0         │ 0        │ 1801      │ 6359     │
└──────────────────────┴──────────┴──────────┴──────────┴──────────┴───────────┴──────────┴───────────┴──────────┴───────────┴──────────┴───────────┴──────────┘
