Clock: clk_i
Sources: clk_i 
Generated: no
Virtual: yes
Propagated: no
Period: 20.000000

===========================================================================
report_clock_properties
============================================================================
Clock                   Period          Waveform
----------------------------------------------------
clk_i                20.000000    0.000000 10.000000

===========================================================================
report_clock_latency
============================================================================
Clock clk_i
rise -> rise
    min     max
0.000000 0.000000 source latency
4.604702         network latency _179608_/CLK
        7.022581 network latency _187831_/CLK
---------------
4.604702 7.022581 latency
        2.417879 skew

fall -> fall
    min     max
0.000000 0.000000 source latency
4.518897         network latency _179608_/CLK
        6.508031 network latency _187831_/CLK
---------------
4.518897 6.508031 latency
        1.989134 skew



===========================================================================
report_clock_min_period
============================================================================
clk_i period_min = 19.59 fmax = 51.03
Clock: jtag_clk
Sources: jtag_tck 
Generated: no
Virtual: yes
Propagated: no
Period: 100.000000

===========================================================================
report_clock_properties
============================================================================
Clock                   Period          Waveform
----------------------------------------------------
jtag_clk            100.000000    0.000000 50.000000

===========================================================================
report_clock_latency
============================================================================
Clock jtag_clk
rise -> rise
    min     max
0.000000 0.000000 source latency
1.011066         network latency _188145_/CLK
        1.063498 network latency _189836_/CLK
---------------
1.011066 1.063498 latency
        0.052432 skew

fall -> fall
    min     max
0.000000 0.000000 source latency
0.990042         network latency _188145_/CLK
        1.030632 network latency _189836_/CLK
---------------
0.990042 1.030632 latency
        0.040590 skew



===========================================================================
report_clock_min_period
============================================================================
jtag_clk period_min = 7.75 fmax = 129.10
