Clock: clk_i
Sources: clk_i 
Generated: no
Virtual: yes
Propagated: no
Period: 23.147999

===========================================================================
report_clock_properties
============================================================================
Clock                   Period          Waveform
----------------------------------------------------
clk_i                23.147999    0.000000 11.573999

===========================================================================
report_clock_latency
============================================================================
Clock clk_i
rise -> rise
    min     max
0.000000 0.000000 source latency
4.743683         network latency u_instruction_ram.g_sram[1].u_macro/clk0
        6.969440 network latency _191116_/CLK
---------------
4.743683 6.969440 latency
        2.225757 skew

fall -> fall
    min     max
0.000000 0.000000 source latency
4.291372         network latency u_npu.u_npu_sram.g_sram[2].u_macro/clk0
        6.424972 network latency _191116_/CLK
---------------
4.291372 6.424972 latency
        2.133600 skew



===========================================================================
report_clock_min_period
============================================================================
clk_i period_min = 20.29 fmax = 49.29
Clock: jtag_clk
Sources: jtag_tck 
Generated: no
Virtual: yes
Propagated: no
Period: 100.000000

===========================================================================
report_clock_properties
============================================================================
Clock                   Period          Waveform
----------------------------------------------------
jtag_clk            100.000000    0.000000 50.000000

===========================================================================
report_clock_latency
============================================================================
Clock jtag_clk
rise -> rise
    min     max
0.000000 0.000000 source latency
0.978190         network latency _190010_/CLK
        1.031054 network latency _191897_/CLK
---------------
0.978190 1.031054 latency
        0.052863 skew

fall -> fall
    min     max
0.000000 0.000000 source latency
0.937145         network latency _190010_/CLK
        0.980979 network latency _191897_/CLK
---------------
0.937145 0.980979 latency
        0.043833 skew



===========================================================================
report_clock_min_period
============================================================================
jtag_clk period_min = 8.53 fmax = 117.30
