[0] SoC Simülasyonu Başlatıldı.
[0] GPIO Çıkışı Değişti: gpio_o = 16'h0000
[TB] HIZLI ACILIS: I-RAM dogrudan yuklendi, yukleyici atlandi.
[TB] Gercek QSPI boot icin derlemeye -d REAL_BOOT ekleyin.
[151000] Reset kaldırıldı. İşlemci çalışıyor...
[UART] 
[UART] *** ARKHE FPGA TEST ***
[UART] Timer test
[UART] Timer OK
[UART] 
[UART] Run: 1
[UART] Clear TCM
[UART] Stream ready
      [OK]   CPU UART-stream ve DMA'yi kurdu
[TB] UART-stream'den 1960 bayt gonderiliyor (0x55)
[32151070000] *** DMA Transfer Tamamlandı - IRQ aktif ***
[TB] UART-stream gonderimi tamamlandi
[32151270000] NPU donanım motorunun tamamlanması bekleniyor...
[32154810000] *** DMA kesmesi temizlendi ***
[UART] DMA done
[UART] Start NPU
[53894950000] NPU donanım motoru DONE sinyalini verdi!
[UART] [IRQ] Class: 3
[UART] -> NO
[55950710000] GPIO Çıkışı Değişti: gpio_o = 16'haaaa
      [OK]   CPU sinif sonucunu GPIO'ya yazdi: 0xaaaa
      [OK]   DMA UART-stream verisini TCM'e tasidi
      [OK]   ISR sonucu UART'tan yazdirdi
[55950730000] GPIO girişleri 0xA5A5 olarak ayarlandı.

================================================================
 JTAG HATA AYIKLAMA (DEBUG) PORTU DOGRULAMA TESTI BASLATILDI
================================================================
     [JTAG] TAP Reset yapiliyor...
 ---> JTAG IDCODE okunuyor...
      [OK]   JTAG IDCODE = 0x0000000041524b48
 ---> CPU'ya HALT istegi gonderiliyor...
      [OK]   CPU halt (debug_req_o) = 0x0000000000000001
 ---> JTAG uzerinden TCM SRAM adresine veri yaziliyor (0x20011000 = 0xDEADBEEF)...
 ---> JTAG uzerinden TCM SRAM adresi okunuyor (0x20011000)...
      [OK]   JTAG bellek okuma/yazma = 0x00000000deadbeef
 ---> CPU Resume ediliyor...
      [OK]   CPU resume (debug_req_o) = 0x0000000000000000
================================================================
 JTAG PORTU DOGRULAMA TESTI TAMAMLANDI
================================================================
[56044630000] SoC Simülasyonu Tamamlandı.
================================================================
 TUM TESTLER GECTI - 0 hata
================================================================
