Copyright 1986-2022 Xilinx, Inc. All Rights Reserved. Copyright 2022-2025 Advanced Micro Devices, Inc. All Rights Reserved.
---------------------------------------------------------------------------------------------------------------------------------------------
| Tool Version : Vivado v.2025.2 (win64) Build 6299465 Fri Nov 14 19:35:11 GMT 2025
| Date         : Mon Sep 14 03:40:20 2026
| Host         : baris running 64-bit major release  (build 9200)
| Command      : report_drc -file fpga/DEMO_C_I2C/drc.rpt
| Design       : nexys_usb_top
| Device       : xc7a100tcsg324-1
| Speed File   : -1
| Design State : Fully Routed
---------------------------------------------------------------------------------------------------------------------------------------------

Report DRC

Table of Contents
-----------------
1. REPORT SUMMARY
2. REPORT DETAILS

1. REPORT SUMMARY
-----------------
            Netlist: netlist
          Floorplan: impl_1
      Design limits: <entire design considered>
           Ruledeck: default
             Max checks: <unlimited>
             Checks found: 74
+-----------+----------+-----------------------------------------------------+--------+
| Rule      | Severity | Description                                         | Checks |
+-----------+----------+-----------------------------------------------------+--------+
| CFGBVS-1  | Warning  | Missing CFGBVS and CONFIG_VOLTAGE Design Properties | 1      |
| CHECK-3   | Warning  | Report rule limit reached                           | 2      |
| DPIP-1    | Warning  | Input pipelining                                    | 16     |
| DPOP-1    | Warning  | PREG Output pipelining                              | 8      |
| DPOP-2    | Warning  | MREG Output pipelining                              | 7      |
| REQP-1839 | Warning  | RAMB36 async control check                          | 20     |
| REQP-1840 | Warning  | RAMB18 async control check                          | 20     |
+-----------+----------+-----------------------------------------------------+--------+

2. REPORT DETAILS
-----------------
CFGBVS-1#1 Warning
Missing CFGBVS and CONFIG_VOLTAGE Design Properties  
Neither the CFGBVS nor CONFIG_VOLTAGE voltage property is set in the current_design.  Configuration bank voltage select (CFGBVS) must be set to VCCO or GND, and CONFIG_VOLTAGE must be set to the correct configuration voltage, in order to determine the I/O voltage support for the pins in bank 0.  It is suggested to specify these either using the 'Edit Device Properties' function in the GUI or directly in the XDC file using the following syntax:

 set_property CFGBVS value1 [current_design]
 #where value1 is either VCCO or GND

 set_property CONFIG_VOLTAGE value2 [current_design]
 #where value2 is the voltage provided to configuration bank 0

Refer to the device configuration user guide for more information.
Related violations: <none>

CHECK-3#1 Warning
Report rule limit reached  
REQP-1839 rule limit reached: 20 violations have been found.
Related violations: <none>

CHECK-3#2 Warning
Report rule limit reached  
REQP-1840 rule limit reached: 20 violations have been found.
Related violations: <none>

DPIP-1#1 Warning
Input pipelining  
DSP u_soc/u_core/ex_stage_i/mult_i/int_result0 input u_soc/u_core/ex_stage_i/mult_i/int_result0/A[29:0] is not pipelined. Pipelining DSP48 input will improve performance.
Related violations: <none>

DPIP-1#2 Warning
Input pipelining  
DSP u_soc/u_core/ex_stage_i/mult_i/int_result0 input u_soc/u_core/ex_stage_i/mult_i/int_result0/B[17:0] is not pipelined. Pipelining DSP48 input will improve performance.
Related violations: <none>

DPIP-1#3 Warning
Input pipelining  
DSP u_soc/u_core/ex_stage_i/mult_i/int_result0__0 input u_soc/u_core/ex_stage_i/mult_i/int_result0__0/A[29:0] is not pipelined. Pipelining DSP48 input will improve performance.
Related violations: <none>

DPIP-1#4 Warning
Input pipelining  
DSP u_soc/u_core/ex_stage_i/mult_i/int_result0__0 input u_soc/u_core/ex_stage_i/mult_i/int_result0__0/B[17:0] is not pipelined. Pipelining DSP48 input will improve performance.
Related violations: <none>

DPIP-1#5 Warning
Input pipelining  
DSP u_soc/u_core/ex_stage_i/mult_i/int_result0__1 input u_soc/u_core/ex_stage_i/mult_i/int_result0__1/A[29:0] is not pipelined. Pipelining DSP48 input will improve performance.
Related violations: <none>

DPIP-1#6 Warning
Input pipelining  
DSP u_soc/u_core/ex_stage_i/mult_i/int_result0__1 input u_soc/u_core/ex_stage_i/mult_i/int_result0__1/B[17:0] is not pipelined. Pipelining DSP48 input will improve performance.
Related violations: <none>

DPIP-1#7 Warning
Input pipelining  
DSP u_soc/u_core/ex_stage_i/mult_i/short_mac input u_soc/u_core/ex_stage_i/mult_i/short_mac/C[47:0] is not pipelined. Pipelining DSP48 input will improve performance.
Related violations: <none>

DPIP-1#8 Warning
Input pipelining  
DSP u_soc/u_core/ex_stage_i/mult_i/short_mul input u_soc/u_core/ex_stage_i/mult_i/short_mul/A[29:0] is not pipelined. Pipelining DSP48 input will improve performance.
Related violations: <none>

DPIP-1#9 Warning
Input pipelining  
DSP u_soc/u_core/ex_stage_i/mult_i/short_mul input u_soc/u_core/ex_stage_i/mult_i/short_mul/B[17:0] is not pipelined. Pipelining DSP48 input will improve performance.
Related violations: <none>

DPIP-1#10 Warning
Input pipelining  
DSP u_soc/u_npu/u_npu_engine/rq_ab0 input u_soc/u_npu/u_npu_engine/rq_ab0/A[29:0] is not pipelined. Pipelining DSP48 input will improve performance.
Related violations: <none>

DPIP-1#11 Warning
Input pipelining  
DSP u_soc/u_npu/u_npu_engine/rq_ab0 input u_soc/u_npu/u_npu_engine/rq_ab0/B[17:0] is not pipelined. Pipelining DSP48 input will improve performance.
Related violations: <none>

DPIP-1#12 Warning
Input pipelining  
DSP u_soc/u_npu/u_npu_engine/rq_ab0__0 input u_soc/u_npu/u_npu_engine/rq_ab0__0/B[17:0] is not pipelined. Pipelining DSP48 input will improve performance.
Related violations: <none>

DPIP-1#13 Warning
Input pipelining  
DSP u_soc/u_npu/u_npu_engine/rq_ab0__1 input u_soc/u_npu/u_npu_engine/rq_ab0__1/A[29:0] is not pipelined. Pipelining DSP48 input will improve performance.
Related violations: <none>

DPIP-1#14 Warning
Input pipelining  
DSP u_soc/u_npu/u_npu_engine/rq_ab0__1 input u_soc/u_npu/u_npu_engine/rq_ab0__1/B[17:0] is not pipelined. Pipelining DSP48 input will improve performance.
Related violations: <none>

DPIP-1#15 Warning
Input pipelining  
DSP u_soc/u_npu/u_npu_engine/rq_ab0__2 input u_soc/u_npu/u_npu_engine/rq_ab0__2/A[29:0] is not pipelined. Pipelining DSP48 input will improve performance.
Related violations: <none>

DPIP-1#16 Warning
Input pipelining  
DSP u_soc/u_npu/u_npu_engine/rq_ab0__2 input u_soc/u_npu/u_npu_engine/rq_ab0__2/B[17:0] is not pipelined. Pipelining DSP48 input will improve performance.
Related violations: <none>

DPOP-1#1 Warning
PREG Output pipelining  
DSP u_soc/u_core/ex_stage_i/mult_i/int_result0 output u_soc/u_core/ex_stage_i/mult_i/int_result0/P[47:0] is not pipelined (PREG=0). Pipelining the DSP48 output will improve performance and often saves power so it is suggested whenever possible to fully pipeline this function.  If this DSP48 function was inferred, it is suggested to describe an additional register stage after this function.  If the DSP48 was instantiated in the design, it is suggested to set the PREG attribute to 1.
Related violations: <none>

DPOP-1#2 Warning
PREG Output pipelining  
DSP u_soc/u_core/ex_stage_i/mult_i/int_result0__0 output u_soc/u_core/ex_stage_i/mult_i/int_result0__0/P[47:0] is not pipelined (PREG=0). Pipelining the DSP48 output will improve performance and often saves power so it is suggested whenever possible to fully pipeline this function.  If this DSP48 function was inferred, it is suggested to describe an additional register stage after this function.  If the DSP48 was instantiated in the design, it is suggested to set the PREG attribute to 1.
Related violations: <none>

DPOP-1#3 Warning
PREG Output pipelining  
DSP u_soc/u_core/ex_stage_i/mult_i/int_result0__1 output u_soc/u_core/ex_stage_i/mult_i/int_result0__1/P[47:0] is not pipelined (PREG=0). Pipelining the DSP48 output will improve performance and often saves power so it is suggested whenever possible to fully pipeline this function.  If this DSP48 function was inferred, it is suggested to describe an additional register stage after this function.  If the DSP48 was instantiated in the design, it is suggested to set the PREG attribute to 1.
Related violations: <none>

DPOP-1#4 Warning
PREG Output pipelining  
DSP u_soc/u_core/ex_stage_i/mult_i/short_mac output u_soc/u_core/ex_stage_i/mult_i/short_mac/P[47:0] is not pipelined (PREG=0). Pipelining the DSP48 output will improve performance and often saves power so it is suggested whenever possible to fully pipeline this function.  If this DSP48 function was inferred, it is suggested to describe an additional register stage after this function.  If the DSP48 was instantiated in the design, it is suggested to set the PREG attribute to 1.
Related violations: <none>

DPOP-1#5 Warning
PREG Output pipelining  
DSP u_soc/u_npu/u_npu_engine/rq_ab0 output u_soc/u_npu/u_npu_engine/rq_ab0/P[47:0] is not pipelined (PREG=0). Pipelining the DSP48 output will improve performance and often saves power so it is suggested whenever possible to fully pipeline this function.  If this DSP48 function was inferred, it is suggested to describe an additional register stage after this function.  If the DSP48 was instantiated in the design, it is suggested to set the PREG attribute to 1.
Related violations: <none>

DPOP-1#6 Warning
PREG Output pipelining  
DSP u_soc/u_npu/u_npu_engine/rq_ab0__0 output u_soc/u_npu/u_npu_engine/rq_ab0__0/P[47:0] is not pipelined (PREG=0). Pipelining the DSP48 output will improve performance and often saves power so it is suggested whenever possible to fully pipeline this function.  If this DSP48 function was inferred, it is suggested to describe an additional register stage after this function.  If the DSP48 was instantiated in the design, it is suggested to set the PREG attribute to 1.
Related violations: <none>

DPOP-1#7 Warning
PREG Output pipelining  
DSP u_soc/u_npu/u_npu_engine/rq_ab0__1 output u_soc/u_npu/u_npu_engine/rq_ab0__1/P[47:0] is not pipelined (PREG=0). Pipelining the DSP48 output will improve performance and often saves power so it is suggested whenever possible to fully pipeline this function.  If this DSP48 function was inferred, it is suggested to describe an additional register stage after this function.  If the DSP48 was instantiated in the design, it is suggested to set the PREG attribute to 1.
Related violations: <none>

DPOP-1#8 Warning
PREG Output pipelining  
DSP u_soc/u_npu/u_npu_engine/rq_ab0__2 output u_soc/u_npu/u_npu_engine/rq_ab0__2/P[47:0] is not pipelined (PREG=0). Pipelining the DSP48 output will improve performance and often saves power so it is suggested whenever possible to fully pipeline this function.  If this DSP48 function was inferred, it is suggested to describe an additional register stage after this function.  If the DSP48 was instantiated in the design, it is suggested to set the PREG attribute to 1.
Related violations: <none>

DPOP-2#1 Warning
MREG Output pipelining  
DSP u_soc/u_core/ex_stage_i/mult_i/int_result0 multiplier stage u_soc/u_core/ex_stage_i/mult_i/int_result0/P[47:0] is not pipelined (MREG=0). Pipelining the multiplier function will improve performance and will save significant power so it is suggested whenever possible to fully pipeline this function.  If this multiplier was inferred, it is suggested to describe an additional register stage after this function.  If there is no registered adder/accumulator following the multiply function, two pipeline stages are suggested to allow both the MREG and PREG registers to be used.  If the DSP48 was instantiated in the design, it is suggested to set both the MREG and PREG attributes to 1 when performing multiply functions.
Related violations: <none>

DPOP-2#2 Warning
MREG Output pipelining  
DSP u_soc/u_core/ex_stage_i/mult_i/int_result0__0 multiplier stage u_soc/u_core/ex_stage_i/mult_i/int_result0__0/P[47:0] is not pipelined (MREG=0). Pipelining the multiplier function will improve performance and will save significant power so it is suggested whenever possible to fully pipeline this function.  If this multiplier was inferred, it is suggested to describe an additional register stage after this function.  If there is no registered adder/accumulator following the multiply function, two pipeline stages are suggested to allow both the MREG and PREG registers to be used.  If the DSP48 was instantiated in the design, it is suggested to set both the MREG and PREG attributes to 1 when performing multiply functions.
Related violations: <none>

DPOP-2#3 Warning
MREG Output pipelining  
DSP u_soc/u_core/ex_stage_i/mult_i/int_result0__1 multiplier stage u_soc/u_core/ex_stage_i/mult_i/int_result0__1/P[47:0] is not pipelined (MREG=0). Pipelining the multiplier function will improve performance and will save significant power so it is suggested whenever possible to fully pipeline this function.  If this multiplier was inferred, it is suggested to describe an additional register stage after this function.  If there is no registered adder/accumulator following the multiply function, two pipeline stages are suggested to allow both the MREG and PREG registers to be used.  If the DSP48 was instantiated in the design, it is suggested to set both the MREG and PREG attributes to 1 when performing multiply functions.
Related violations: <none>

DPOP-2#4 Warning
MREG Output pipelining  
DSP u_soc/u_npu/u_npu_engine/rq_ab0 multiplier stage u_soc/u_npu/u_npu_engine/rq_ab0/P[47:0] is not pipelined (MREG=0). Pipelining the multiplier function will improve performance and will save significant power so it is suggested whenever possible to fully pipeline this function.  If this multiplier was inferred, it is suggested to describe an additional register stage after this function.  If there is no registered adder/accumulator following the multiply function, two pipeline stages are suggested to allow both the MREG and PREG registers to be used.  If the DSP48 was instantiated in the design, it is suggested to set both the MREG and PREG attributes to 1 when performing multiply functions.
Related violations: <none>

DPOP-2#5 Warning
MREG Output pipelining  
DSP u_soc/u_npu/u_npu_engine/rq_ab0__0 multiplier stage u_soc/u_npu/u_npu_engine/rq_ab0__0/P[47:0] is not pipelined (MREG=0). Pipelining the multiplier function will improve performance and will save significant power so it is suggested whenever possible to fully pipeline this function.  If this multiplier was inferred, it is suggested to describe an additional register stage after this function.  If there is no registered adder/accumulator following the multiply function, two pipeline stages are suggested to allow both the MREG and PREG registers to be used.  If the DSP48 was instantiated in the design, it is suggested to set both the MREG and PREG attributes to 1 when performing multiply functions.
Related violations: <none>

DPOP-2#6 Warning
MREG Output pipelining  
DSP u_soc/u_npu/u_npu_engine/rq_ab0__1 multiplier stage u_soc/u_npu/u_npu_engine/rq_ab0__1/P[47:0] is not pipelined (MREG=0). Pipelining the multiplier function will improve performance and will save significant power so it is suggested whenever possible to fully pipeline this function.  If this multiplier was inferred, it is suggested to describe an additional register stage after this function.  If there is no registered adder/accumulator following the multiply function, two pipeline stages are suggested to allow both the MREG and PREG registers to be used.  If the DSP48 was instantiated in the design, it is suggested to set both the MREG and PREG attributes to 1 when performing multiply functions.
Related violations: <none>

DPOP-2#7 Warning
MREG Output pipelining  
DSP u_soc/u_npu/u_npu_engine/rq_ab0__2 multiplier stage u_soc/u_npu/u_npu_engine/rq_ab0__2/P[47:0] is not pipelined (MREG=0). Pipelining the multiplier function will improve performance and will save significant power so it is suggested whenever possible to fully pipeline this function.  If this multiplier was inferred, it is suggested to describe an additional register stage after this function.  If there is no registered adder/accumulator following the multiply function, two pipeline stages are suggested to allow both the MREG and PREG registers to be used.  If the DSP48 was instantiated in the design, it is suggested to set both the MREG and PREG attributes to 1 when performing multiply functions.
Related violations: <none>

REQP-1839#1 Warning
RAMB36 async control check  
The RAMB36E1 u_soc/u_npu/u_npu_sram/ram_reg_0_0 has an input control pin u_soc/u_npu/u_npu_sram/ram_reg_0_0/ADDRARDADDR[14] (net: u_soc/u_npu/u_npu_sram/ADDRARDADDR[12]) which is driven by a register (u_soc/u_npu/u_npu_axi_ctrl/mem_ar_addr_lat_reg[14]) that has an active asychronous set or reset. This may cause corruption of the memory contents and/or read values when the set/reset is asserted and is not analyzed by the default static timing analysis. It is suggested to eliminate the use of a set/reset to registers driving this RAMB pin or else use a synchronous reset in which the assertion of the reset is timed by default.
Related violations: <none>

REQP-1839#2 Warning
RAMB36 async control check  
The RAMB36E1 u_soc/u_npu/u_npu_sram/ram_reg_0_0 has an input control pin u_soc/u_npu/u_npu_sram/ram_reg_0_0/ADDRARDADDR[14] (net: u_soc/u_npu/u_npu_sram/ADDRARDADDR[12]) which is driven by a register (u_soc/u_npu/u_npu_axi_ctrl/mem_aw_addr_lat_reg[14]) that has an active asychronous set or reset. This may cause corruption of the memory contents and/or read values when the set/reset is asserted and is not analyzed by the default static timing analysis. It is suggested to eliminate the use of a set/reset to registers driving this RAMB pin or else use a synchronous reset in which the assertion of the reset is timed by default.
Related violations: <none>

REQP-1839#3 Warning
RAMB36 async control check  
The RAMB36E1 u_soc/u_npu/u_npu_sram/ram_reg_0_0 has an input control pin u_soc/u_npu/u_npu_sram/ram_reg_0_0/ADDRARDADDR[14] (net: u_soc/u_npu/u_npu_sram/ADDRARDADDR[12]) which is driven by a register (u_soc/u_npu/u_npu_axi_ctrl/mem_aw_valid_lat_reg) that has an active asychronous set or reset. This may cause corruption of the memory contents and/or read values when the set/reset is asserted and is not analyzed by the default static timing analysis. It is suggested to eliminate the use of a set/reset to registers driving this RAMB pin or else use a synchronous reset in which the assertion of the reset is timed by default.
Related violations: <none>

REQP-1839#4 Warning
RAMB36 async control check  
The RAMB36E1 u_soc/u_npu/u_npu_sram/ram_reg_0_0 has an input control pin u_soc/u_npu/u_npu_sram/ram_reg_0_0/ADDRARDADDR[14] (net: u_soc/u_npu/u_npu_sram/ADDRARDADDR[12]) which is driven by a register (u_soc/u_npu/u_npu_axi_ctrl/mem_w_valid_lat_reg) that has an active asychronous set or reset. This may cause corruption of the memory contents and/or read values when the set/reset is asserted and is not analyzed by the default static timing analysis. It is suggested to eliminate the use of a set/reset to registers driving this RAMB pin or else use a synchronous reset in which the assertion of the reset is timed by default.
Related violations: <none>

REQP-1839#5 Warning
RAMB36 async control check  
The RAMB36E1 u_soc/u_npu/u_npu_sram/ram_reg_0_0 has an input control pin u_soc/u_npu/u_npu_sram/ram_reg_0_0/ADDRARDADDR[14] (net: u_soc/u_npu/u_npu_sram/ADDRARDADDR[12]) which is driven by a register (u_soc/u_npu/u_npu_engine/av_q0_reg) that has an active asychronous set or reset. This may cause corruption of the memory contents and/or read values when the set/reset is asserted and is not analyzed by the default static timing analysis. It is suggested to eliminate the use of a set/reset to registers driving this RAMB pin or else use a synchronous reset in which the assertion of the reset is timed by default.
Related violations: <none>

REQP-1839#6 Warning
RAMB36 async control check  
The RAMB36E1 u_soc/u_npu/u_npu_sram/ram_reg_0_0 has an input control pin u_soc/u_npu/u_npu_sram/ram_reg_0_0/ADDRARDADDR[14] (net: u_soc/u_npu/u_npu_sram/ADDRARDADDR[12]) which is driven by a register (u_soc/u_npu/u_npu_engine/fc_idx_reg[10]) that has an active asychronous set or reset. This may cause corruption of the memory contents and/or read values when the set/reset is asserted and is not analyzed by the default static timing analysis. It is suggested to eliminate the use of a set/reset to registers driving this RAMB pin or else use a synchronous reset in which the assertion of the reset is timed by default.
Related violations: <none>

REQP-1839#7 Warning
RAMB36 async control check  
The RAMB36E1 u_soc/u_npu/u_npu_sram/ram_reg_0_0 has an input control pin u_soc/u_npu/u_npu_sram/ram_reg_0_0/ADDRARDADDR[14] (net: u_soc/u_npu/u_npu_sram/ADDRARDADDR[12]) which is driven by a register (u_soc/u_npu/u_npu_engine/fc_idx_reg[11]) that has an active asychronous set or reset. This may cause corruption of the memory contents and/or read values when the set/reset is asserted and is not analyzed by the default static timing analysis. It is suggested to eliminate the use of a set/reset to registers driving this RAMB pin or else use a synchronous reset in which the assertion of the reset is timed by default.
Related violations: <none>

REQP-1839#8 Warning
RAMB36 async control check  
The RAMB36E1 u_soc/u_npu/u_npu_sram/ram_reg_0_0 has an input control pin u_soc/u_npu/u_npu_sram/ram_reg_0_0/ADDRARDADDR[14] (net: u_soc/u_npu/u_npu_sram/ADDRARDADDR[12]) which is driven by a register (u_soc/u_npu/u_npu_engine/fc_idx_reg[8]) that has an active asychronous set or reset. This may cause corruption of the memory contents and/or read values when the set/reset is asserted and is not analyzed by the default static timing analysis. It is suggested to eliminate the use of a set/reset to registers driving this RAMB pin or else use a synchronous reset in which the assertion of the reset is timed by default.
Related violations: <none>

REQP-1839#9 Warning
RAMB36 async control check  
The RAMB36E1 u_soc/u_npu/u_npu_sram/ram_reg_0_0 has an input control pin u_soc/u_npu/u_npu_sram/ram_reg_0_0/ADDRARDADDR[14] (net: u_soc/u_npu/u_npu_sram/ADDRARDADDR[12]) which is driven by a register (u_soc/u_npu/u_npu_engine/fc_idx_reg[9]) that has an active asychronous set or reset. This may cause corruption of the memory contents and/or read values when the set/reset is asserted and is not analyzed by the default static timing analysis. It is suggested to eliminate the use of a set/reset to registers driving this RAMB pin or else use a synchronous reset in which the assertion of the reset is timed by default.
Related violations: <none>

REQP-1839#10 Warning
RAMB36 async control check  
The RAMB36E1 u_soc/u_npu/u_npu_sram/ram_reg_0_0 has an input control pin u_soc/u_npu/u_npu_sram/ram_reg_0_0/ADDRARDADDR[14] (net: u_soc/u_npu/u_npu_sram/ADDRARDADDR[12]) which is driven by a register (u_soc/u_npu/u_npu_engine/ib_q0_reg) that has an active asychronous set or reset. This may cause corruption of the memory contents and/or read values when the set/reset is asserted and is not analyzed by the default static timing analysis. It is suggested to eliminate the use of a set/reset to registers driving this RAMB pin or else use a synchronous reset in which the assertion of the reset is timed by default.
Related violations: <none>

REQP-1839#11 Warning
RAMB36 async control check  
The RAMB36E1 u_soc/u_npu/u_npu_sram/ram_reg_0_0 has an input control pin u_soc/u_npu/u_npu_sram/ram_reg_0_0/ADDRARDADDR[14] (net: u_soc/u_npu/u_npu_sram/ADDRARDADDR[12]) which is driven by a register (u_soc/u_npu/u_npu_engine/state_reg[0]) that has an active asychronous set or reset. This may cause corruption of the memory contents and/or read values when the set/reset is asserted and is not analyzed by the default static timing analysis. It is suggested to eliminate the use of a set/reset to registers driving this RAMB pin or else use a synchronous reset in which the assertion of the reset is timed by default.
Related violations: <none>

REQP-1839#12 Warning
RAMB36 async control check  
The RAMB36E1 u_soc/u_npu/u_npu_sram/ram_reg_0_0 has an input control pin u_soc/u_npu/u_npu_sram/ram_reg_0_0/ADDRARDADDR[14] (net: u_soc/u_npu/u_npu_sram/ADDRARDADDR[12]) which is driven by a register (u_soc/u_npu/u_npu_engine/state_reg[1]) that has an active asychronous set or reset. This may cause corruption of the memory contents and/or read values when the set/reset is asserted and is not analyzed by the default static timing analysis. It is suggested to eliminate the use of a set/reset to registers driving this RAMB pin or else use a synchronous reset in which the assertion of the reset is timed by default.
Related violations: <none>

REQP-1839#13 Warning
RAMB36 async control check  
The RAMB36E1 u_soc/u_npu/u_npu_sram/ram_reg_0_0 has an input control pin u_soc/u_npu/u_npu_sram/ram_reg_0_0/ADDRARDADDR[14] (net: u_soc/u_npu/u_npu_sram/ADDRARDADDR[12]) which is driven by a register (u_soc/u_npu/u_npu_engine/state_reg[2]_rep__0) that has an active asychronous set or reset. This may cause corruption of the memory contents and/or read values when the set/reset is asserted and is not analyzed by the default static timing analysis. It is suggested to eliminate the use of a set/reset to registers driving this RAMB pin or else use a synchronous reset in which the assertion of the reset is timed by default.
Related violations: <none>

REQP-1839#14 Warning
RAMB36 async control check  
The RAMB36E1 u_soc/u_npu/u_npu_sram/ram_reg_0_0 has an input control pin u_soc/u_npu/u_npu_sram/ram_reg_0_0/ADDRARDADDR[14] (net: u_soc/u_npu/u_npu_sram/ADDRARDADDR[12]) which is driven by a register (u_soc/u_npu/u_npu_engine/state_reg[4]) that has an active asychronous set or reset. This may cause corruption of the memory contents and/or read values when the set/reset is asserted and is not analyzed by the default static timing analysis. It is suggested to eliminate the use of a set/reset to registers driving this RAMB pin or else use a synchronous reset in which the assertion of the reset is timed by default.
Related violations: <none>

REQP-1839#15 Warning
RAMB36 async control check  
The RAMB36E1 u_soc/u_npu/u_npu_sram/ram_reg_0_0 has an input control pin u_soc/u_npu/u_npu_sram/ram_reg_0_0/ADDRARDADDR[14] (net: u_soc/u_npu/u_npu_sram/ADDRARDADDR[12]) which is driven by a register (u_soc/u_npu/u_npu_engine/wo_q0_reg[0]) that has an active asychronous set or reset. This may cause corruption of the memory contents and/or read values when the set/reset is asserted and is not analyzed by the default static timing analysis. It is suggested to eliminate the use of a set/reset to registers driving this RAMB pin or else use a synchronous reset in which the assertion of the reset is timed by default.
Related violations: <none>

REQP-1839#16 Warning
RAMB36 async control check  
The RAMB36E1 u_soc/u_npu/u_npu_sram/ram_reg_0_0 has an input control pin u_soc/u_npu/u_npu_sram/ram_reg_0_0/ADDRARDADDR[14] (net: u_soc/u_npu/u_npu_sram/ADDRARDADDR[12]) which is driven by a register (u_soc/u_npu/u_npu_engine/wo_q0_reg[1]) that has an active asychronous set or reset. This may cause corruption of the memory contents and/or read values when the set/reset is asserted and is not analyzed by the default static timing analysis. It is suggested to eliminate the use of a set/reset to registers driving this RAMB pin or else use a synchronous reset in which the assertion of the reset is timed by default.
Related violations: <none>

REQP-1839#17 Warning
RAMB36 async control check  
The RAMB36E1 u_soc/u_npu/u_npu_sram/ram_reg_0_0 has an input control pin u_soc/u_npu/u_npu_sram/ram_reg_0_0/ADDRARDADDR[14] (net: u_soc/u_npu/u_npu_sram/ADDRARDADDR[12]) which is driven by a register (u_soc/u_npu/u_npu_engine/wo_q0_reg[2]) that has an active asychronous set or reset. This may cause corruption of the memory contents and/or read values when the set/reset is asserted and is not analyzed by the default static timing analysis. It is suggested to eliminate the use of a set/reset to registers driving this RAMB pin or else use a synchronous reset in which the assertion of the reset is timed by default.
Related violations: <none>

REQP-1839#18 Warning
RAMB36 async control check  
The RAMB36E1 u_soc/u_npu/u_npu_sram/ram_reg_0_0 has an input control pin u_soc/u_npu/u_npu_sram/ram_reg_0_0/ADDRARDADDR[14] (net: u_soc/u_npu/u_npu_sram/ADDRARDADDR[12]) which is driven by a register (u_soc/u_npu/u_npu_engine/wo_q0_reg[4]) that has an active asychronous set or reset. This may cause corruption of the memory contents and/or read values when the set/reset is asserted and is not analyzed by the default static timing analysis. It is suggested to eliminate the use of a set/reset to registers driving this RAMB pin or else use a synchronous reset in which the assertion of the reset is timed by default.
Related violations: <none>

REQP-1839#19 Warning
RAMB36 async control check  
The RAMB36E1 u_soc/u_npu/u_npu_sram/ram_reg_0_0 has an input control pin u_soc/u_npu/u_npu_sram/ram_reg_0_0/ADDRARDADDR[14] (net: u_soc/u_npu/u_npu_sram/ADDRARDADDR[12]) which is driven by a register (u_soc/u_npu/u_npu_engine/wo_q0_reg[5]) that has an active asychronous set or reset. This may cause corruption of the memory contents and/or read values when the set/reset is asserted and is not analyzed by the default static timing analysis. It is suggested to eliminate the use of a set/reset to registers driving this RAMB pin or else use a synchronous reset in which the assertion of the reset is timed by default.
Related violations: <none>

REQP-1839#20 Warning
RAMB36 async control check  
The RAMB36E1 u_soc/u_npu/u_npu_sram/ram_reg_0_0 has an input control pin u_soc/u_npu/u_npu_sram/ram_reg_0_0/ADDRARDADDR[14] (net: u_soc/u_npu/u_npu_sram/ADDRARDADDR[12]) which is driven by a register (u_soc/u_npu/u_npu_engine/wo_q0_reg[6]) that has an active asychronous set or reset. This may cause corruption of the memory contents and/or read values when the set/reset is asserted and is not analyzed by the default static timing analysis. It is suggested to eliminate the use of a set/reset to registers driving this RAMB pin or else use a synchronous reset in which the assertion of the reset is timed by default.
Related violations: <none>

REQP-1840#1 Warning
RAMB18 async control check  
The RAMB18E1 u_soc/u_qspi/tx_fifo_reg has an input control pin u_soc/u_qspi/tx_fifo_reg/ADDRARDADDR[10] (net: u_soc/u_qspi/tx_rd_ptr_reg_n_0_[5]) which is driven by a register (u_soc/u_qspi/tx_rd_ptr_reg[5]) that has an active asychronous set or reset. This may cause corruption of the memory contents and/or read values when the set/reset is asserted and is not analyzed by the default static timing analysis. It is suggested to eliminate the use of a set/reset to registers driving this RAMB pin or else use a synchronous reset in which the assertion of the reset is timed by default.
Related violations: <none>

REQP-1840#2 Warning
RAMB18 async control check  
The RAMB18E1 u_soc/u_qspi/tx_fifo_reg has an input control pin u_soc/u_qspi/tx_fifo_reg/ADDRARDADDR[5] (net: u_soc/u_qspi/tx_rd_ptr_reg_n_0_[0]) which is driven by a register (u_soc/u_qspi/tx_rd_ptr_reg[0]) that has an active asychronous set or reset. This may cause corruption of the memory contents and/or read values when the set/reset is asserted and is not analyzed by the default static timing analysis. It is suggested to eliminate the use of a set/reset to registers driving this RAMB pin or else use a synchronous reset in which the assertion of the reset is timed by default.
Related violations: <none>

REQP-1840#3 Warning
RAMB18 async control check  
The RAMB18E1 u_soc/u_qspi/tx_fifo_reg has an input control pin u_soc/u_qspi/tx_fifo_reg/ADDRARDADDR[6] (net: u_soc/u_qspi/tx_rd_ptr_reg_n_0_[1]) which is driven by a register (u_soc/u_qspi/tx_rd_ptr_reg[1]) that has an active asychronous set or reset. This may cause corruption of the memory contents and/or read values when the set/reset is asserted and is not analyzed by the default static timing analysis. It is suggested to eliminate the use of a set/reset to registers driving this RAMB pin or else use a synchronous reset in which the assertion of the reset is timed by default.
Related violations: <none>

REQP-1840#4 Warning
RAMB18 async control check  
The RAMB18E1 u_soc/u_qspi/tx_fifo_reg has an input control pin u_soc/u_qspi/tx_fifo_reg/ADDRARDADDR[7] (net: u_soc/u_qspi/tx_rd_ptr_reg_n_0_[2]) which is driven by a register (u_soc/u_qspi/tx_rd_ptr_reg[2]) that has an active asychronous set or reset. This may cause corruption of the memory contents and/or read values when the set/reset is asserted and is not analyzed by the default static timing analysis. It is suggested to eliminate the use of a set/reset to registers driving this RAMB pin or else use a synchronous reset in which the assertion of the reset is timed by default.
Related violations: <none>

REQP-1840#5 Warning
RAMB18 async control check  
The RAMB18E1 u_soc/u_qspi/tx_fifo_reg has an input control pin u_soc/u_qspi/tx_fifo_reg/ADDRARDADDR[8] (net: u_soc/u_qspi/tx_rd_ptr_reg_n_0_[3]) which is driven by a register (u_soc/u_qspi/tx_rd_ptr_reg[3]) that has an active asychronous set or reset. This may cause corruption of the memory contents and/or read values when the set/reset is asserted and is not analyzed by the default static timing analysis. It is suggested to eliminate the use of a set/reset to registers driving this RAMB pin or else use a synchronous reset in which the assertion of the reset is timed by default.
Related violations: <none>

REQP-1840#6 Warning
RAMB18 async control check  
The RAMB18E1 u_soc/u_qspi/tx_fifo_reg has an input control pin u_soc/u_qspi/tx_fifo_reg/ADDRARDADDR[9] (net: u_soc/u_qspi/tx_rd_ptr_reg_n_0_[4]) which is driven by a register (u_soc/u_qspi/tx_rd_ptr_reg[4]) that has an active asychronous set or reset. This may cause corruption of the memory contents and/or read values when the set/reset is asserted and is not analyzed by the default static timing analysis. It is suggested to eliminate the use of a set/reset to registers driving this RAMB pin or else use a synchronous reset in which the assertion of the reset is timed by default.
Related violations: <none>

REQP-1840#7 Warning
RAMB18 async control check  
The RAMB18E1 u_soc/u_qspi/tx_fifo_reg has an input control pin u_soc/u_qspi/tx_fifo_reg/ADDRBWRADDR[10] (net: u_soc/u_qspi/tx_wr_ptr_reg_n_0_[5]) which is driven by a register (u_soc/u_qspi/tx_wr_ptr_reg[5]) that has an active asychronous set or reset. This may cause corruption of the memory contents and/or read values when the set/reset is asserted and is not analyzed by the default static timing analysis. It is suggested to eliminate the use of a set/reset to registers driving this RAMB pin or else use a synchronous reset in which the assertion of the reset is timed by default.
Related violations: <none>

REQP-1840#8 Warning
RAMB18 async control check  
The RAMB18E1 u_soc/u_qspi/tx_fifo_reg has an input control pin u_soc/u_qspi/tx_fifo_reg/ADDRBWRADDR[5] (net: u_soc/u_qspi/tx_wr_ptr_reg_n_0_[0]) which is driven by a register (u_soc/u_qspi/tx_wr_ptr_reg[0]) that has an active asychronous set or reset. This may cause corruption of the memory contents and/or read values when the set/reset is asserted and is not analyzed by the default static timing analysis. It is suggested to eliminate the use of a set/reset to registers driving this RAMB pin or else use a synchronous reset in which the assertion of the reset is timed by default.
Related violations: <none>

REQP-1840#9 Warning
RAMB18 async control check  
The RAMB18E1 u_soc/u_qspi/tx_fifo_reg has an input control pin u_soc/u_qspi/tx_fifo_reg/ADDRBWRADDR[6] (net: u_soc/u_qspi/tx_wr_ptr_reg_n_0_[1]) which is driven by a register (u_soc/u_qspi/tx_wr_ptr_reg[1]) that has an active asychronous set or reset. This may cause corruption of the memory contents and/or read values when the set/reset is asserted and is not analyzed by the default static timing analysis. It is suggested to eliminate the use of a set/reset to registers driving this RAMB pin or else use a synchronous reset in which the assertion of the reset is timed by default.
Related violations: <none>

REQP-1840#10 Warning
RAMB18 async control check  
The RAMB18E1 u_soc/u_qspi/tx_fifo_reg has an input control pin u_soc/u_qspi/tx_fifo_reg/ADDRBWRADDR[7] (net: u_soc/u_qspi/tx_wr_ptr_reg_n_0_[2]) which is driven by a register (u_soc/u_qspi/tx_wr_ptr_reg[2]) that has an active asychronous set or reset. This may cause corruption of the memory contents and/or read values when the set/reset is asserted and is not analyzed by the default static timing analysis. It is suggested to eliminate the use of a set/reset to registers driving this RAMB pin or else use a synchronous reset in which the assertion of the reset is timed by default.
Related violations: <none>

REQP-1840#11 Warning
RAMB18 async control check  
The RAMB18E1 u_soc/u_qspi/tx_fifo_reg has an input control pin u_soc/u_qspi/tx_fifo_reg/ADDRBWRADDR[8] (net: u_soc/u_qspi/tx_wr_ptr_reg_n_0_[3]) which is driven by a register (u_soc/u_qspi/tx_wr_ptr_reg[3]) that has an active asychronous set or reset. This may cause corruption of the memory contents and/or read values when the set/reset is asserted and is not analyzed by the default static timing analysis. It is suggested to eliminate the use of a set/reset to registers driving this RAMB pin or else use a synchronous reset in which the assertion of the reset is timed by default.
Related violations: <none>

REQP-1840#12 Warning
RAMB18 async control check  
The RAMB18E1 u_soc/u_qspi/tx_fifo_reg has an input control pin u_soc/u_qspi/tx_fifo_reg/ADDRBWRADDR[9] (net: u_soc/u_qspi/tx_wr_ptr_reg_n_0_[4]) which is driven by a register (u_soc/u_qspi/tx_wr_ptr_reg[4]) that has an active asychronous set or reset. This may cause corruption of the memory contents and/or read values when the set/reset is asserted and is not analyzed by the default static timing analysis. It is suggested to eliminate the use of a set/reset to registers driving this RAMB pin or else use a synchronous reset in which the assertion of the reset is timed by default.
Related violations: <none>

REQP-1840#13 Warning
RAMB18 async control check  
The RAMB18E1 u_soc/u_qspi/tx_fifo_reg has an input control pin u_soc/u_qspi/tx_fifo_reg/ENARDEN (net: u_soc/u_qspi/tx_fifo_reg_ENARDEN_cooolgate_en_sig_6) which is driven by a register (u_soc/u_qspi/sck_edge_fall_reg) that has an active asychronous set or reset. This may cause corruption of the memory contents and/or read values when the set/reset is asserted and is not analyzed by the default static timing analysis. It is suggested to eliminate the use of a set/reset to registers driving this RAMB pin or else use a synchronous reset in which the assertion of the reset is timed by default.
Related violations: <none>

REQP-1840#14 Warning
RAMB18 async control check  
The RAMB18E1 u_soc/u_qspi/tx_fifo_reg has an input control pin u_soc/u_qspi/tx_fifo_reg/ENARDEN (net: u_soc/u_qspi/tx_fifo_reg_ENARDEN_cooolgate_en_sig_6) which is driven by a register (u_soc/u_qspi/state_reg[0]) that has an active asychronous set or reset. This may cause corruption of the memory contents and/or read values when the set/reset is asserted and is not analyzed by the default static timing analysis. It is suggested to eliminate the use of a set/reset to registers driving this RAMB pin or else use a synchronous reset in which the assertion of the reset is timed by default.
Related violations: <none>

REQP-1840#15 Warning
RAMB18 async control check  
The RAMB18E1 u_soc/u_qspi/tx_fifo_reg has an input control pin u_soc/u_qspi/tx_fifo_reg/ENARDEN (net: u_soc/u_qspi/tx_fifo_reg_ENARDEN_cooolgate_en_sig_6) which is driven by a register (u_soc/u_qspi/state_reg[1]) that has an active asychronous set or reset. This may cause corruption of the memory contents and/or read values when the set/reset is asserted and is not analyzed by the default static timing analysis. It is suggested to eliminate the use of a set/reset to registers driving this RAMB pin or else use a synchronous reset in which the assertion of the reset is timed by default.
Related violations: <none>

REQP-1840#16 Warning
RAMB18 async control check  
The RAMB18E1 u_soc/u_qspi/tx_fifo_reg has an input control pin u_soc/u_qspi/tx_fifo_reg/ENARDEN (net: u_soc/u_qspi/tx_fifo_reg_ENARDEN_cooolgate_en_sig_6) which is driven by a register (u_soc/u_qspi/state_reg[2]) that has an active asychronous set or reset. This may cause corruption of the memory contents and/or read values when the set/reset is asserted and is not analyzed by the default static timing analysis. It is suggested to eliminate the use of a set/reset to registers driving this RAMB pin or else use a synchronous reset in which the assertion of the reset is timed by default.
Related violations: <none>

REQP-1840#17 Warning
RAMB18 async control check  
The RAMB18E1 u_soc/u_qspi/tx_fifo_reg has an input control pin u_soc/u_qspi/tx_fifo_reg/ENARDEN (net: u_soc/u_qspi/tx_fifo_reg_ENARDEN_cooolgate_en_sig_6) which is driven by a register (u_soc/u_qspi/state_reg[3]) that has an active asychronous set or reset. This may cause corruption of the memory contents and/or read values when the set/reset is asserted and is not analyzed by the default static timing analysis. It is suggested to eliminate the use of a set/reset to registers driving this RAMB pin or else use a synchronous reset in which the assertion of the reset is timed by default.
Related violations: <none>

REQP-1840#18 Warning
RAMB18 async control check  
The RAMB18E1 u_soc/u_qspi/tx_fifo_reg has an input control pin u_soc/u_qspi/tx_fifo_reg/ENARDEN (net: u_soc/u_qspi/tx_fifo_reg_ENARDEN_cooolgate_en_sig_6) which is driven by a register (u_soc/u_qspi/total_bytes_reg[0]) that has an active asychronous set or reset. This may cause corruption of the memory contents and/or read values when the set/reset is asserted and is not analyzed by the default static timing analysis. It is suggested to eliminate the use of a set/reset to registers driving this RAMB pin or else use a synchronous reset in which the assertion of the reset is timed by default.
Related violations: <none>

REQP-1840#19 Warning
RAMB18 async control check  
The RAMB18E1 u_soc/u_qspi/tx_fifo_reg has an input control pin u_soc/u_qspi/tx_fifo_reg/ENARDEN (net: u_soc/u_qspi/tx_fifo_reg_ENARDEN_cooolgate_en_sig_6) which is driven by a register (u_soc/u_qspi/total_bytes_reg[5]) that has an active asychronous set or reset. This may cause corruption of the memory contents and/or read values when the set/reset is asserted and is not analyzed by the default static timing analysis. It is suggested to eliminate the use of a set/reset to registers driving this RAMB pin or else use a synchronous reset in which the assertion of the reset is timed by default.
Related violations: <none>

REQP-1840#20 Warning
RAMB18 async control check  
The RAMB18E1 u_soc/u_qspi/tx_fifo_reg has an input control pin u_soc/u_qspi/tx_fifo_reg/ENARDEN (net: u_soc/u_qspi/tx_fifo_reg_ENARDEN_cooolgate_en_sig_6) which is driven by a register (u_soc/u_qspi/tx_rd_ptr_reg[2]) that has an active asychronous set or reset. This may cause corruption of the memory contents and/or read values when the set/reset is asserted and is not analyzed by the default static timing analysis. It is suggested to eliminate the use of a set/reset to registers driving this RAMB pin or else use a synchronous reset in which the assertion of the reset is timed by default.
Related violations: <none>


