Clock: clk_i
Sources: clk_i 
Generated: no
Virtual: yes
Propagated: no
Period: 23.147999

===========================================================================
report_clock_properties
============================================================================
Clock                   Period          Waveform
----------------------------------------------------
clk_i                23.147999    0.000000 11.573999

===========================================================================
report_clock_latency
============================================================================
Clock clk_i
rise -> rise
    min     max
0.000000 0.000000 source latency
1.975795         network latency u_npu.u_npu_sram.g_sram[2].u_macro/clk0
        2.892827 network latency u_npu.u_npu_sram.g_sram[14].u_macro/clk0
---------------
1.975795 2.892827 latency
        0.917032 skew

fall -> fall
    min     max
0.000000 0.000000 source latency
2.013787         network latency u_npu.u_npu_sram.g_sram[2].u_macro/clk0
        2.990459 network latency _191060_/CLK
---------------
2.013787 2.990459 latency
        0.976673 skew



===========================================================================
report_clock_min_period
============================================================================
clk_i period_min = 6.95 fmax = 143.86
Clock: jtag_clk
Sources: jtag_tck 
Generated: no
Virtual: yes
Propagated: no
Period: 100.000000

===========================================================================
report_clock_properties
============================================================================
Clock                   Period          Waveform
----------------------------------------------------
jtag_clk            100.000000    0.000000 50.000000

===========================================================================
report_clock_latency
============================================================================
Clock jtag_clk
rise -> rise
    min     max
0.000000 0.000000 source latency
0.410630         network latency _190010_/CLK
        0.439002 network latency _191897_/CLK
---------------
0.410630 0.439002 latency
        0.028371 skew

fall -> fall
    min     max
0.000000 0.000000 source latency
0.444057         network latency _190010_/CLK
        0.469029 network latency _191897_/CLK
---------------
0.444057 0.469029 latency
        0.024972 skew



===========================================================================
report_clock_min_period
============================================================================
jtag_clk period_min = 2.86 fmax = 350.10
