Clock: clk_i
Sources: clk_i 
Generated: no
Virtual: yes
Propagated: no
Period: 20.000000

===========================================================================
report_clock_properties
============================================================================
Clock                   Period          Waveform
----------------------------------------------------
clk_i                20.000000    0.000000 10.000000

===========================================================================
report_clock_latency
============================================================================
Clock clk_i
rise -> rise
    min     max
0.000000 0.000000 source latency
4.206159         network latency _179608_/CLK
        6.378084 network latency _187831_/CLK
---------------
4.206159 6.378084 latency
        2.171925 skew

fall -> fall
    min     max
0.000000 0.000000 source latency
4.085377         network latency u_npu.u_npu_sram.g_sram[12].u_macro/clk1
        5.901488 network latency _187831_/CLK
---------------
4.085377 5.901488 latency
        1.816112 skew



===========================================================================
report_clock_min_period
============================================================================
clk_i period_min = 18.56 fmax = 53.88
Clock: jtag_clk
Sources: jtag_tck 
Generated: no
Virtual: yes
Propagated: no
Period: 100.000000

===========================================================================
report_clock_properties
============================================================================
Clock                   Period          Waveform
----------------------------------------------------
jtag_clk            100.000000    0.000000 50.000000

===========================================================================
report_clock_latency
============================================================================
Clock jtag_clk
rise -> rise
    min     max
0.000000 0.000000 source latency
0.938184         network latency _188145_/CLK
        0.983807 network latency _189836_/CLK
---------------
0.938184 0.983807 latency
        0.045623 skew

fall -> fall
    min     max
0.000000 0.000000 source latency
0.917595         network latency _188145_/CLK
        0.952632 network latency _189836_/CLK
---------------
0.917595 0.952632 latency
        0.035037 skew



===========================================================================
report_clock_min_period
============================================================================
jtag_clk period_min = 7.54 fmax = 132.69
