Clock: clk_i
Sources: clk_i 
Generated: no
Virtual: yes
Propagated: no
Period: 23.147999

===========================================================================
report_clock_properties
============================================================================
Clock                   Period          Waveform
----------------------------------------------------
clk_i                23.147999    0.000000 11.573999

===========================================================================
report_clock_latency
============================================================================
Clock clk_i
rise -> rise
    min     max
0.000000 0.000000 source latency
4.282265         network latency u_instruction_ram.g_sram[1].u_macro/clk0
        6.387312 network latency _191116_/CLK
---------------
4.282265 6.387312 latency
        2.105047 skew

fall -> fall
    min     max
0.000000 0.000000 source latency
3.904591         network latency u_instruction_ram.g_sram[1].u_macro/clk0
        5.870665 network latency _191116_/CLK
---------------
3.904591 5.870665 latency
        1.966074 skew



===========================================================================
report_clock_min_period
============================================================================
clk_i period_min = 18.96 fmax = 52.74
Clock: jtag_clk
Sources: jtag_tck 
Generated: no
Virtual: yes
Propagated: no
Period: 100.000000

===========================================================================
report_clock_properties
============================================================================
Clock                   Period          Waveform
----------------------------------------------------
jtag_clk            100.000000    0.000000 50.000000

===========================================================================
report_clock_latency
============================================================================
Clock jtag_clk
rise -> rise
    min     max
0.000000 0.000000 source latency
0.922640         network latency _190010_/CLK
        0.965795 network latency _191897_/CLK
---------------
0.922640 0.965795 latency
        0.043155 skew

fall -> fall
    min     max
0.000000 0.000000 source latency
0.889386         network latency _190010_/CLK
        0.924210 network latency _191897_/CLK
---------------
0.889386 0.924210 latency
        0.034824 skew



===========================================================================
report_clock_min_period
============================================================================
jtag_clk period_min = 8.36 fmax = 119.67
