+ analyze_power_grid -net VPWR -voltage_file /home/baris/arkhe/asic/run/deney_stub/56-openroad-irdropreport/net-VPWR.csv
[INFO PSM-0040] All shapes on net VPWR are connected.
########## IR report #################
Net              : VPWR
Corner           : nom_tt_025C_1v80
Total power      : 1.09e-01 W
Supply voltage   : 1.80e+00 V
Worstcase voltage: 1.80e+00 V
Average voltage  : 1.80e+00 V
Average IR drop  : 1.38e-05 V
Worstcase IR drop: 1.34e-03 V
Percentage drop  : 0.07 %
######################################
+ analyze_power_grid -net VGND -voltage_file /home/baris/arkhe/asic/run/deney_stub/56-openroad-irdropreport/net-VGND.csv
[INFO PSM-0040] All shapes on net VGND are connected.
########## IR report #################
Net              : VGND
Corner           : nom_tt_025C_1v80
Total power      : 1.09e-01 W
Supply voltage   : 0.00e+00 V
Worstcase voltage: 1.47e-03 V
Average voltage  : 1.37e-05 V
Average IR drop  : 1.37e-05 V
Worstcase IR drop: 1.47e-03 V
Percentage drop  : 0.08 %
######################################
