Reading timing models for corner nom_tt_025C_1v80…
Reading timing library for the 'nom_tt_025C_1v80' corner at '/home/baris/.ciel/ciel/sky130/versions/8afc8346a57fe1ab7934ba5a6056ea8b43078e71/sky130A/libs.ref/sky130_fd_sc_hd/lib/sky130_fd_sc_hd__tt_025C_1v80.lib'…
Reading timing library for the 'nom_tt_025C_1v80' corner at 'macros/sky130_sram_2kbyte_1rw1r_32x512_8/lib/sky130_sram_2kbyte_1rw1r_32x512_8_TT_1p8V_25C.lib'…
Reading OpenROAD database at '/home/baris/arkhe/asic/run/deney_stub/37-openroad-resizertimingpostcts/soc_top.odb'…
Reading design constraints file at 'constraints/design.sdc'…
[INFO] No information on clock propagation in input SDC file-- propagating all clocks.
[INFO] Setting signal min routing layer to: met1 and clock min routing layer to met1. 
[INFO] Setting signal max routing layer to: met5 and clock max routing layer to met5. 
+ global_route -congestion_iterations 50 -verbose
[INFO GRT-0020] Min routing layer: met1
[INFO GRT-0021] Max routing layer: met5
[INFO GRT-0022] Global adjustment: 30%
[INFO GRT-0023] Grid origin: (0, 0)
[INFO GRT-0088] Layer li1     Track-Pitch = 0.4600  line-2-Via Pitch: 0.3400
[INFO GRT-0088] Layer met1    Track-Pitch = 0.3400  line-2-Via Pitch: 0.3400
[INFO GRT-0088] Layer met2    Track-Pitch = 0.4600  line-2-Via Pitch: 0.3500
[INFO GRT-0088] Layer met3    Track-Pitch = 0.6800  line-2-Via Pitch: 0.6150
[INFO GRT-0088] Layer met4    Track-Pitch = 0.9200  line-2-Via Pitch: 1.0400
[INFO GRT-0088] Layer met5    Track-Pitch = 3.4000  line-2-Via Pitch: 3.1100
[INFO GRT-0003] Macros: 23
[INFO GRT-0004] Blockages: 208505
[INFO GRT-0019] Found 1412 clock nets.
[INFO GRT-0001] Minimum degree: 2
[INFO GRT-0002] Maximum degree: 159

[INFO GRT-0053] Routing resources analysis:
          Routing      Original      Derated      Resource
Layer     Direction    Resources     Resources    Reduction (%)
---------------------------------------------------------------
li1        Vertical            0             0          0.00%
met1       Horizontal    3185200       2134724          32.98%
met2       Vertical      2959947       1969055          33.48%
met3       Horizontal    2031946       1396541          31.27%
met4       Vertical      1477649        890333          39.75%
met5       Horizontal     384588        198193          48.47%
---------------------------------------------------------------

[INFO GRT-0101] Running extra iterations to remove overflow.
[INFO GRT-0102] Start extra iteration 1/50
[INFO GRT-0102] Start extra iteration 2/50
[INFO GRT-0102] Start extra iteration 3/50
[INFO GRT-0102] Start extra iteration 4/50
[INFO GRT-0102] Start extra iteration 5/50
[INFO GRT-0102] Start extra iteration 6/50
[INFO GRT-0102] Start extra iteration 7/50
[INFO GRT-0102] Start extra iteration 8/50
[INFO GRT-0102] Start extra iteration 9/50
[INFO GRT-0102] Start extra iteration 10/50
[INFO GRT-0102] Start extra iteration 11/50
[INFO GRT-0102] Start extra iteration 12/50
[INFO GRT-0102] Start extra iteration 13/50
[INFO GRT-0102] Start extra iteration 14/50
[INFO GRT-0102] Start extra iteration 15/50
[INFO GRT-0102] Start extra iteration 16/50
[INFO GRT-0102] Start extra iteration 17/50
[INFO GRT-0102] Start extra iteration 18/50
[INFO GRT-0197] Via related to pin nodes: 503990
[INFO GRT-0198] Via related Steiner nodes: 14925
[INFO GRT-0199] Via filling finished.
[INFO GRT-0111] Final number of vias: 664757
[INFO GRT-0112] Final usage 3D: 3005681

[INFO GRT-0096] Final congestion report:
Layer         Resource        Demand        Usage (%)    Max H / Max V / Total Overflow
---------------------------------------------------------------------------------------
li1                  0             0            0.00%             0 /  0 /  0
met1           2134724        404611           18.95%             0 /  0 /  0
met2           1969055        360505           18.31%             0 /  0 /  0
met3           1396541        157931           11.31%             0 /  0 /  0
met4            890333         77839            8.74%             0 /  0 /  0
met5            198193         10524            5.31%             0 /  0 /  0
---------------------------------------------------------------------------------------
Total          6588846       1011410           15.35%             0 /  0 /  0

[INFO GRT-0018] Total wirelength: 8685982 um
[INFO GRT-0014] Routed nets: 85071
[INFO GRT-0303] Global routing runtime = 00:01:18
Setting global connections for newly added cells…
[INFO] Setting global connections...
.*u_macro matched with u_data_ram.g_sram\[0\].u_macro
.*u_macro matched with u_data_ram.g_sram\[1\].u_macro
.*u_macro matched with u_data_ram.g_sram\[2\].u_macro
.*u_macro matched with u_data_ram.g_sram\[3\].u_macro
.*u_macro matched with u_instruction_ram.g_sram\[0\].u_macro
.*u_macro matched with u_instruction_ram.g_sram\[1\].u_macro
.*u_macro matched with u_instruction_ram.g_sram\[2\].u_macro
.*u_macro matched with u_instruction_ram.g_sram\[3\].u_macro
.*u_macro matched with u_npu.u_npu_sram.g_sram\[0\].u_macro
.*u_macro matched with u_npu.u_npu_sram.g_sram\[10\].u_macro
.*u_macro matched with u_npu.u_npu_sram.g_sram\[11\].u_macro
.*u_macro matched with u_npu.u_npu_sram.g_sram\[12\].u_macro
.*u_macro matched with u_npu.u_npu_sram.g_sram\[13\].u_macro
.*u_macro matched with u_npu.u_npu_sram.g_sram\[14\].u_macro
.*u_macro matched with u_npu.u_npu_sram.g_sram\[1\].u_macro
.*u_macro matched with u_npu.u_npu_sram.g_sram\[2\].u_macro
.*u_macro matched with u_npu.u_npu_sram.g_sram\[3\].u_macro
.*u_macro matched with u_npu.u_npu_sram.g_sram\[4\].u_macro
.*u_macro matched with u_npu.u_npu_sram.g_sram\[5\].u_macro
.*u_macro matched with u_npu.u_npu_sram.g_sram\[6\].u_macro
.*u_macro matched with u_npu.u_npu_sram.g_sram\[7\].u_macro
.*u_macro matched with u_npu.u_npu_sram.g_sram\[8\].u_macro
.*u_macro matched with u_npu.u_npu_sram.g_sram\[9\].u_macro
[INFO ODB-0403] 0 connections made, 0 conflicts skipped.
Updating metrics…
Cell type report:                       Count       Area
  Macro                                    23 6544384.90
  Fill cell                             11220   42115.39
  Tap cell                             113470  141973.66
  Buffer                                    2      10.01
  Clock buffer                           2054   27722.84
  Timing Repair Buffer                  14990  156545.14
  Inverter                               1161    4448.02
  Clock inverter                          366    4540.60
  Sequential cell                       11580  275504.23
  Multi-Input combinational cell        54683  556343.58
  Total                                209549 7753588.37
Writing OpenROAD database to '/home/baris/arkhe/asic/run/deney_stub/39-openroad-globalrouting/soc_top.odb'…
Writing layout to '/home/baris/arkhe/asic/run/deney_stub/39-openroad-globalrouting/soc_top.def'…
