Clock: clk_i
Sources: clk_i 
Generated: no
Virtual: yes
Propagated: no
Period: 20.000000

===========================================================================
report_clock_properties
============================================================================
Clock                   Period          Waveform
----------------------------------------------------
clk_i                20.000000    0.000000 10.000000

===========================================================================
report_clock_latency
============================================================================
Clock clk_i
rise -> rise
    min     max
0.000000 0.000000 source latency
2.892786         network latency _179608_/CLK
        4.358735 network latency _187831_/CLK
---------------
2.892786 4.358735 latency
        1.465948 skew

fall -> fall
    min     max
0.000000 0.000000 source latency
3.022225         network latency _179608_/CLK
        4.374611 network latency _187831_/CLK
---------------
3.022225 4.374611 latency
        1.352386 skew



===========================================================================
report_clock_min_period
============================================================================
clk_i period_min = 11.06 fmax = 90.39
Clock: jtag_clk
Sources: jtag_tck 
Generated: no
Virtual: yes
Propagated: no
Period: 100.000000

===========================================================================
report_clock_properties
============================================================================
Clock                   Period          Waveform
----------------------------------------------------
jtag_clk            100.000000    0.000000 50.000000

===========================================================================
report_clock_latency
============================================================================
Clock jtag_clk
rise -> rise
    min     max
0.000000 0.000000 source latency
0.653013         network latency _188145_/CLK
        0.691584 network latency _189836_/CLK
---------------
0.653013 0.691584 latency
        0.038571 skew

fall -> fall
    min     max
0.000000 0.000000 source latency
0.680014         network latency _188145_/CLK
        0.709580 network latency _189836_/CLK
---------------
0.680014 0.709580 latency
        0.029566 skew



===========================================================================
report_clock_min_period
============================================================================
jtag_clk period_min = 4.01 fmax = 249.43
