Clock: clk_i
Sources: clk_i 
Generated: no
Virtual: yes
Propagated: no
Period: 23.147999

===========================================================================
report_clock_properties
============================================================================
Clock                   Period          Waveform
----------------------------------------------------
clk_i                23.147999    0.000000 11.573999

===========================================================================
report_clock_latency
============================================================================
Clock clk_i
rise -> rise
    min     max
0.000000 0.000000 source latency
3.047014         network latency u_npu.u_npu_sram.g_sram[2].u_macro/clk0
        4.321753 network latency _191116_/CLK
---------------
3.047014 4.321753 latency
        1.274738 skew

fall -> fall
    min     max
0.000000 0.000000 source latency
2.906775         network latency u_npu.u_npu_sram.g_sram[2].u_macro/clk0
        4.328256 network latency _191060_/CLK
---------------
2.906775 4.328256 latency
        1.421481 skew



===========================================================================
report_clock_min_period
============================================================================
clk_i period_min = 11.22 fmax = 89.10
Clock: jtag_clk
Sources: jtag_tck 
Generated: no
Virtual: yes
Propagated: no
Period: 100.000000

===========================================================================
report_clock_properties
============================================================================
Clock                   Period          Waveform
----------------------------------------------------
jtag_clk            100.000000    0.000000 50.000000

===========================================================================
report_clock_latency
============================================================================
Clock jtag_clk
rise -> rise
    min     max
0.000000 0.000000 source latency
0.619338         network latency _190010_/CLK
        0.661256 network latency _191897_/CLK
---------------
0.619338 0.661256 latency
        0.041918 skew

fall -> fall
    min     max
0.000000 0.000000 source latency
0.621345         network latency _190010_/CLK
        0.657732 network latency _191897_/CLK
---------------
0.621345 0.657732 latency
        0.036387 skew



===========================================================================
report_clock_min_period
============================================================================
jtag_clk period_min = 4.42 fmax = 226.19
