200. Printing statistics.

=== soc_top ===

        +----------Local Count, excluding submodules.
        |        +-Local Area, excluding submodules.
        |        | 
    82809        - wires
   100691        - wire bits
     1017        - public wires
    18293        - public wire bits
       25        - ports
       79        - port bits
    95722 2.95E+05 cells
    19816        -   $_ANDNOT_
     3984        -   $_AND_
    27967        -   $_MUX_
     2112        -   $_NAND_
     3857        -   $_NOR_
     2247        -   $_NOT_
     2530        -   $_ORNOT_
    10488        -   $_OR_
     3095        -   $_XNOR_
     7176        -   $_XOR_
     6023 1.58E+05   sky130_fd_sc_hd__dfrtp_2
      108 2.84E+03   sky130_fd_sc_hd__dfstp_2
     6296 1.34E+05   sky130_fd_sc_hd__dfxtp_2
       23        -   sky130_sram_2kbyte_1rw1r_32x512_8

   Area for cell type $_ANDNOT_ is unknown!
   Area for cell type $_AND_ is unknown!
   Area for cell type $_MUX_ is unknown!
   Area for cell type $_NAND_ is unknown!
   Area for cell type $_NOR_ is unknown!
   Area for cell type $_NOT_ is unknown!
   Area for cell type $_ORNOT_ is unknown!
   Area for cell type $_OR_ is unknown!
   Area for cell type $_XNOR_ is unknown!
   Area for cell type $_XOR_ is unknown!
   Area for cell type \sky130_sram_2kbyte_1rw1r_32x512_8 is unknown!

   Chip area for module '\soc_top': 295011.689600
     of which used for sequential elements: 295011.689600 (100.00%)

