194. Printing statistics.

=== soc_top ===

        +----------Local Count, excluding submodules.
        | 
    71037 wires
    88919 wire bits
     1017 public wires
    18293 public wire bits
       25 ports
       79 port bits
    83950 cells
    19816   $_ANDNOT_
     3984   $_AND_
       75   $_DFFE_PN0N_
     5406   $_DFFE_PN0P_
       75   $_DFFE_PN1P_
     6216   $_DFFE_PP_
      542   $_DFF_PN0_
       33   $_DFF_PN1_
       80   $_DFF_P_
    16195   $_MUX_
     2112   $_NAND_
     3857   $_NOR_
     2247   $_NOT_
     2530   $_ORNOT_
    10488   $_OR_
     3095   $_XNOR_
     7176   $_XOR_
       23   sky130_sram_2kbyte_1rw1r_32x512_8

   Area for cell type $_ANDNOT_ is unknown!
   Area for cell type $_AND_ is unknown!
   Area for cell type $_DFFE_PN0N_ is unknown!
   Area for cell type $_DFFE_PN0P_ is unknown!
   Area for cell type $_DFFE_PN1P_ is unknown!
   Area for cell type $_DFFE_PP_ is unknown!
   Area for cell type $_DFF_PN0_ is unknown!
   Area for cell type $_DFF_PN1_ is unknown!
   Area for cell type $_DFF_P_ is unknown!
   Area for cell type $_MUX_ is unknown!
   Area for cell type $_NAND_ is unknown!
   Area for cell type $_NOR_ is unknown!
   Area for cell type $_NOT_ is unknown!
   Area for cell type $_ORNOT_ is unknown!
   Area for cell type $_OR_ is unknown!
   Area for cell type $_XNOR_ is unknown!
   Area for cell type $_XOR_ is unknown!
   Area for cell type \sky130_sram_2kbyte_1rw1r_32x512_8 is unknown!

