208. Printing statistics.

=== soc_top ===

        +----------Local Count, excluding submodules.
        |        +-Local Area, excluding submodules.
        |        | 
   103790        - wires
   103844        - wire bits
    13916        - public wires
    13970        - public wire bits
       25        - ports
       79        - port bits
   102621 9.76E+05 cells
      117 1.46E+03   sky130_fd_sc_hd__a2111o_2
       22  330.317   sky130_fd_sc_hd__a2111oi_2
      470  4.7E+03   sky130_fd_sc_hd__a211o_2
       48  600.576   sky130_fd_sc_hd__a211oi_2
      189 1.89E+03   sky130_fd_sc_hd__a21bo_2
      443 4.99E+03   sky130_fd_sc_hd__a21boi_2
     1535 1.34E+04   sky130_fd_sc_hd__a21o_2
     1082 9.48E+03   sky130_fd_sc_hd__a21oi_2
       23  374.109   sky130_fd_sc_hd__a21oi_4
     1556 1.75E+04   sky130_fd_sc_hd__a221o_2
       51  765.734   sky130_fd_sc_hd__a221oi_2
     1872 1.87E+04   sky130_fd_sc_hd__a22o_2
       23  287.776   sky130_fd_sc_hd__a22oi_2
      195  2.2E+03   sky130_fd_sc_hd__a2bb2o_2
       12  180.173   sky130_fd_sc_hd__a2bb2oi_2
      151  1.7E+03   sky130_fd_sc_hd__a311o_2
        5   75.072   sky130_fd_sc_hd__a311oi_2
     1102 9.65E+03   sky130_fd_sc_hd__a31o_2
       45   563.04   sky130_fd_sc_hd__a31oi_2
      544 6.13E+03   sky130_fd_sc_hd__a32o_2
        2   32.531   sky130_fd_sc_hd__a32oi_2
       89    1E+03   sky130_fd_sc_hd__a41o_2
      906  6.8E+03   sky130_fd_sc_hd__and2_2
        1    8.758   sky130_fd_sc_hd__and2_4
      234 2.05E+03   sky130_fd_sc_hd__and2b_2
      910 6.83E+03   sky130_fd_sc_hd__and3_2
        1   11.261   sky130_fd_sc_hd__and3_4
       49   490.47   sky130_fd_sc_hd__and3b_2
      119 1.19E+03   sky130_fd_sc_hd__and4_2
       37   416.65   sky130_fd_sc_hd__and4b_2
    10639 3.99E+04   sky130_fd_sc_hd__buf_1
        4   80.077   sky130_fd_sc_hd__buf_12
      158  790.758   sky130_fd_sc_hd__buf_2
       58  435.418   sky130_fd_sc_hd__buf_4
        5   56.304   sky130_fd_sc_hd__buf_6
        6   90.086   sky130_fd_sc_hd__buf_8
        2   37.536   sky130_fd_sc_hd__bufbuf_8
       18  315.302   sky130_fd_sc_hd__bufinv_8
        4   15.014   sky130_fd_sc_hd__conb_1
     6023 1.58E+05   sky130_fd_sc_hd__dfrtp_2
      108 2.84E+03   sky130_fd_sc_hd__dfstp_2
     6296 1.34E+05   sky130_fd_sc_hd__dfxtp_2
       16   260.25   sky130_fd_sc_hd__inv_12
     8295 3.11E+04   sky130_fd_sc_hd__inv_2
       42  262.752   sky130_fd_sc_hd__inv_4
        2   17.517   sky130_fd_sc_hd__inv_6
    13289  1.5E+05   sky130_fd_sc_hd__mux2_2
    22728 1.42E+05   sky130_fd_sc_hd__nand2_2
       11  123.869   sky130_fd_sc_hd__nand2_4
        1   20.019   sky130_fd_sc_hd__nand2_8
       36  315.302   sky130_fd_sc_hd__nand2b_2
     4300  4.3E+04   sky130_fd_sc_hd__nand3_2
       27  472.954   sky130_fd_sc_hd__nand3_4
      669 7.53E+03   sky130_fd_sc_hd__nand3b_2
     5142 3.22E+04   sky130_fd_sc_hd__nor2_2
       12   135.13   sky130_fd_sc_hd__nor2_4
        2   40.038   sky130_fd_sc_hd__nor2_8
        6    52.55   sky130_fd_sc_hd__nor2b_2
      100  1000.96   sky130_fd_sc_hd__nor3_2
       11  137.632   sky130_fd_sc_hd__nor3b_2
       42  525.504   sky130_fd_sc_hd__o2111a_2
       41   615.59   sky130_fd_sc_hd__o2111ai_2
      607 6.08E+03   sky130_fd_sc_hd__o211a_2
      188 2.35E+03   sky130_fd_sc_hd__o211ai_2
      722 6.32E+03   sky130_fd_sc_hd__o21a_2
     2607 2.28E+04   sky130_fd_sc_hd__o21ai_2
        7  113.859   sky130_fd_sc_hd__o21ai_4
       29  290.278   sky130_fd_sc_hd__o21ba_2
       68  765.734   sky130_fd_sc_hd__o21bai_2
      708 7.97E+03   sky130_fd_sc_hd__o221a_2
      516  7747.43   sky130_fd_sc_hd__o221ai_2
      301  3012.89   sky130_fd_sc_hd__o22a_2
       32  400.384   sky130_fd_sc_hd__o22ai_2
       60  675.648   sky130_fd_sc_hd__o2bb2a_2
       13  195.187   sky130_fd_sc_hd__o2bb2ai_2
       58  653.126   sky130_fd_sc_hd__o311a_2
        2   32.531   sky130_fd_sc_hd__o311ai_2
      127 1.27E+03   sky130_fd_sc_hd__o31a_2
       99 1.24E+03   sky130_fd_sc_hd__o31ai_2
       40  450.432   sky130_fd_sc_hd__o32a_2
        1   16.266   sky130_fd_sc_hd__o32ai_2
        5    62.56   sky130_fd_sc_hd__o41a_2
        3   48.797   sky130_fd_sc_hd__o41ai_2
     3928 2.46E+04   sky130_fd_sc_hd__or2_2
       41  359.094   sky130_fd_sc_hd__or2_4
      429 3.76E+03   sky130_fd_sc_hd__or2b_2
      578 4.34E+03   sky130_fd_sc_hd__or3_2
        1   11.261   sky130_fd_sc_hd__or3_4
      205  1.8E+03   sky130_fd_sc_hd__or3b_2
      371 3.25E+03   sky130_fd_sc_hd__or4_2
       30  300.288   sky130_fd_sc_hd__or4b_2
      220 3.58E+03   sky130_fd_sc_hd__xnor2_2
      676  1.1E+04   sky130_fd_sc_hd__xor2_2
       23        -   sky130_sram_2kbyte_1rw1r_32x512_8

   Area for cell type \sky130_sram_2kbyte_1rw1r_32x512_8 is unknown!

   Chip area for module '\soc_top': 975864.681600
     of which used for sequential elements: 295011.689600 (30.23%)

