Clock: clk_i
Sources: clk_i 
Generated: no
Virtual: yes
Propagated: no
Period: 20.000000

===========================================================================
report_clock_properties
============================================================================
Clock                   Period          Waveform
----------------------------------------------------
clk_i                20.000000    0.000000 10.000000

===========================================================================
report_clock_latency
============================================================================
Clock clk_i
rise -> rise
    min     max
0.000000 0.000000 source latency
1.675681         network latency u_data_ram.g_sram[3].u_macro/clk1
        2.024804 network latency _83799_/CLK
---------------
1.675681 2.024804 latency
        0.349123 skew

fall -> fall
    min     max
0.000000 0.000000 source latency
1.507819         network latency u_instruction_ram.g_sram[3].u_macro/clk0
        2.009095 network latency _83799_/CLK
---------------
1.507819 2.009095 latency
        0.501276 skew



===========================================================================
report_clock_min_period
============================================================================
clk_i period_min = 10.57 fmax = 94.63
Clock: jtag_clk
Sources: jtag_tck 
Generated: no
Virtual: yes
Propagated: no
Period: 100.000000

===========================================================================
report_clock_properties
============================================================================
Clock                   Period          Waveform
----------------------------------------------------
jtag_clk            100.000000    0.000000 50.000000

===========================================================================
report_clock_latency
============================================================================
Clock jtag_clk
rise -> rise
    min     max
0.000000 0.000000 source latency
0.384347         network latency _82637_/CLK
        0.395143 network latency _83838_/CLK
---------------
0.384347 0.395143 latency
        0.010797 skew

fall -> fall
    min     max
0.000000 0.000000 source latency
0.378261         network latency _82672_/CLK
        0.386095 network latency _83838_/CLK
---------------
0.378261 0.386095 latency
        0.007834 skew



===========================================================================
report_clock_min_period
============================================================================
jtag_clk period_min = 2.48 fmax = 402.91
