
===========================================================================
 report_power
============================================================================
======================= nom_tt_025C_1v80 Corner ===================================

Group                    Internal    Switching      Leakage        Total
                            Power        Power        Power        Power (Watts)
------------------------------------------------------------------------
Sequential           2.187212e-02 2.971546e-05 1.135773e-07 2.190195e-02  21.1%
Combinational        9.676183e-05 2.477577e-04 2.582765e-07 3.447778e-04   0.3%
Clock                9.699847e-03 8.006889e-03 5.012742e-08 1.770679e-02  17.0%
Macro                6.351865e-02 0.000000e+00 4.076981e-04 6.392635e-02  61.5%
Pad                  0.000000e+00 0.000000e+00 0.000000e+00 0.000000e+00   0.0%
------------------------------------------------------------------------
Total                9.518640e-02 8.284369e-03 4.079831e-04 1.038788e-01 100.0%
                            91.6%         8.0%         0.4%
Writing metric power__internal__total: 0.09518640488386154
Writing metric power__switching__total: 0.008284369483590126
Writing metric power__leakage__total: 0.0004079830541741103
Writing metric power__total: 0.10387875884771347

