Reading timing models for corner nom_tt_025C_1v80…
Reading timing library for the 'nom_tt_025C_1v80' corner at '/home/tatua7806/.ciel/ciel/sky130/versions/8afc8346a57fe1ab7934ba5a6056ea8b43078e71/sky130A/libs.ref/sky130_fd_sc_hd/lib/sky130_fd_sc_hd__tt_025C_1v80.lib'…
Reading timing library for the 'nom_tt_025C_1v80' corner at 'macros/sky130_sram_2kbyte_1rw1r_32x512_8/lib/sky130_sram_2kbyte_1rw1r_32x512_8_TT_1p8V_25C.lib'…
Reading OpenROAD database at '/home/tatua7806/arkhe/asic/runs/S_final2/19-openroad-tapendcapinsertion/soc_top.odb'…
Reading design constraints file at 'constraints/design.sdc'…
design.sdc: clk_period = 14 ns
[INFO] No information on clock propagation in input SDC file-- propagating all clocks.
[INFO] Setting global connections...
.*u_macro matched with u_data_ram.g_sram\[0\].u_macro
.*u_macro matched with u_data_ram.g_sram\[1\].u_macro
.*u_macro matched with u_data_ram.g_sram\[2\].u_macro
.*u_macro matched with u_data_ram.g_sram\[3\].u_macro
.*u_macro matched with u_instruction_ram.g_sram\[0\].u_macro
.*u_macro matched with u_instruction_ram.g_sram\[1\].u_macro
.*u_macro matched with u_instruction_ram.g_sram\[2\].u_macro
.*u_macro matched with u_instruction_ram.g_sram\[3\].u_macro
.*u_macro matched with u_npu.u_npu_sram.g_sram\[0\].u_macro
.*u_macro matched with u_npu.u_npu_sram.g_sram\[10\].u_macro
.*u_macro matched with u_npu.u_npu_sram.g_sram\[11\].u_macro
.*u_macro matched with u_npu.u_npu_sram.g_sram\[12\].u_macro
.*u_macro matched with u_npu.u_npu_sram.g_sram\[13\].u_macro
.*u_macro matched with u_npu.u_npu_sram.g_sram\[14\].u_macro
.*u_macro matched with u_npu.u_npu_sram.g_sram\[1\].u_macro
.*u_macro matched with u_npu.u_npu_sram.g_sram\[2\].u_macro
.*u_macro matched with u_npu.u_npu_sram.g_sram\[3\].u_macro
.*u_macro matched with u_npu.u_npu_sram.g_sram\[4\].u_macro
.*u_macro matched with u_npu.u_npu_sram.g_sram\[5\].u_macro
.*u_macro matched with u_npu.u_npu_sram.g_sram\[6\].u_macro
.*u_macro matched with u_npu.u_npu_sram.g_sram\[7\].u_macro
.*u_macro matched with u_npu.u_npu_sram.g_sram\[8\].u_macro
.*u_macro matched with u_npu.u_npu_sram.g_sram\[9\].u_macro
[INFO ODB-0403] 0 connections made, 0 conflicts skipped.
+ pdngen 
[INFO PDN-0001] Inserting grid: stdcell_grid
[INFO PDN-0001] Inserting grid: macro - u_data_ram.g_sram\[0\].u_macro
[INFO PDN-0001] Inserting grid: macro - u_data_ram.g_sram\[1\].u_macro
[INFO PDN-0001] Inserting grid: macro - u_data_ram.g_sram\[2\].u_macro
[INFO PDN-0001] Inserting grid: macro - u_data_ram.g_sram\[3\].u_macro
[INFO PDN-0001] Inserting grid: macro - u_instruction_ram.g_sram\[0\].u_macro
[INFO PDN-0001] Inserting grid: macro - u_instruction_ram.g_sram\[1\].u_macro
[INFO PDN-0001] Inserting grid: macro - u_instruction_ram.g_sram\[2\].u_macro
[INFO PDN-0001] Inserting grid: macro - u_instruction_ram.g_sram\[3\].u_macro
[INFO PDN-0001] Inserting grid: macro - u_npu.u_npu_sram.g_sram\[0\].u_macro
[INFO PDN-0001] Inserting grid: macro - u_npu.u_npu_sram.g_sram\[10\].u_macro
[INFO PDN-0001] Inserting grid: macro - u_npu.u_npu_sram.g_sram\[11\].u_macro
[INFO PDN-0001] Inserting grid: macro - u_npu.u_npu_sram.g_sram\[12\].u_macro
[INFO PDN-0001] Inserting grid: macro - u_npu.u_npu_sram.g_sram\[13\].u_macro
[INFO PDN-0001] Inserting grid: macro - u_npu.u_npu_sram.g_sram\[14\].u_macro
[INFO PDN-0001] Inserting grid: macro - u_npu.u_npu_sram.g_sram\[1\].u_macro
[INFO PDN-0001] Inserting grid: macro - u_npu.u_npu_sram.g_sram\[2\].u_macro
[INFO PDN-0001] Inserting grid: macro - u_npu.u_npu_sram.g_sram\[3\].u_macro
[INFO PDN-0001] Inserting grid: macro - u_npu.u_npu_sram.g_sram\[4\].u_macro
[INFO PDN-0001] Inserting grid: macro - u_npu.u_npu_sram.g_sram\[5\].u_macro
[INFO PDN-0001] Inserting grid: macro - u_npu.u_npu_sram.g_sram\[6\].u_macro
[INFO PDN-0001] Inserting grid: macro - u_npu.u_npu_sram.g_sram\[7\].u_macro
[INFO PDN-0001] Inserting grid: macro - u_npu.u_npu_sram.g_sram\[8\].u_macro
[INFO PDN-0001] Inserting grid: macro - u_npu.u_npu_sram.g_sram\[9\].u_macro
Setting global connections for newly added cells…
[INFO] Setting global connections...
.*u_macro matched with u_data_ram.g_sram\[0\].u_macro
.*u_macro matched with u_data_ram.g_sram\[1\].u_macro
.*u_macro matched with u_data_ram.g_sram\[2\].u_macro
.*u_macro matched with u_data_ram.g_sram\[3\].u_macro
.*u_macro matched with u_instruction_ram.g_sram\[0\].u_macro
.*u_macro matched with u_instruction_ram.g_sram\[1\].u_macro
.*u_macro matched with u_instruction_ram.g_sram\[2\].u_macro
.*u_macro matched with u_instruction_ram.g_sram\[3\].u_macro
.*u_macro matched with u_npu.u_npu_sram.g_sram\[0\].u_macro
.*u_macro matched with u_npu.u_npu_sram.g_sram\[10\].u_macro
.*u_macro matched with u_npu.u_npu_sram.g_sram\[11\].u_macro
.*u_macro matched with u_npu.u_npu_sram.g_sram\[12\].u_macro
.*u_macro matched with u_npu.u_npu_sram.g_sram\[13\].u_macro
.*u_macro matched with u_npu.u_npu_sram.g_sram\[14\].u_macro
.*u_macro matched with u_npu.u_npu_sram.g_sram\[1\].u_macro
.*u_macro matched with u_npu.u_npu_sram.g_sram\[2\].u_macro
.*u_macro matched with u_npu.u_npu_sram.g_sram\[3\].u_macro
.*u_macro matched with u_npu.u_npu_sram.g_sram\[4\].u_macro
.*u_macro matched with u_npu.u_npu_sram.g_sram\[5\].u_macro
.*u_macro matched with u_npu.u_npu_sram.g_sram\[6\].u_macro
.*u_macro matched with u_npu.u_npu_sram.g_sram\[7\].u_macro
.*u_macro matched with u_npu.u_npu_sram.g_sram\[8\].u_macro
.*u_macro matched with u_npu.u_npu_sram.g_sram\[9\].u_macro
[INFO ODB-0403] 0 connections made, 0 conflicts skipped.
Updating metrics…
Cell type report:                       Count       Area
  Macro                                    23 6544384.90
  Fill cell                             11218   42107.88
  Tap cell                             113500  142011.20
  Buffer                                10872   41424.73
  Inverter                               8373   31991.93
  Sequential cell                       12427  295011.69
  Multi-Input combinational cell        70926  607436.33
  Total                                227339 7704368.67
Writing OpenROAD database to '/home/tatua7806/arkhe/asic/runs/S_final2/21-openroad-generatepdn/soc_top.odb'…
Writing netlist to '/home/tatua7806/arkhe/asic/runs/S_final2/21-openroad-generatepdn/soc_top.nl.v'…
Writing powered netlist to '/home/tatua7806/arkhe/asic/runs/S_final2/21-openroad-generatepdn/soc_top.pnl.v'…
Writing layout to '/home/tatua7806/arkhe/asic/runs/S_final2/21-openroad-generatepdn/soc_top.def'…
Writing timing constraints to '/home/tatua7806/arkhe/asic/runs/S_final2/21-openroad-generatepdn/soc_top.sdc'…
[INFO PSM-0040] All shapes on net VPWR are connected.
[INFO PSM-0040] All shapes on net VGND are connected.
