
There are no discarded input sections

Memory Configuration

Name             Origin             Length             Attributes
IRAM             0x01000000         0x00002000         xr
RAM              0x20000000         0x00002000         xrw
*default*        0x00000000         0xffffffff

Linker script and memory map

LOAD C:\Users\ybari\2026_Arkhe\sw_nexys\build\uart_min\uart_min.o
LOAD C:\Users\ybari\2026_Arkhe\sw_nexys\build\uart_min\crt0.o

.text           0x01000000       0xd0
                0x01000000                        . = ALIGN (0x4)
 *(.init)
 *(.text.start)
 .text.start    0x01000000       0x52 C:\Users\ybari\2026_Arkhe\sw_nexys\build\uart_min\crt0.o
                0x01000000                _start
 *(.text*)
 .text          0x01000052       0x22 C:\Users\ybari\2026_Arkhe\sw_nexys\build\uart_min\uart_min.o
 .text.startup  0x01000074       0x46 C:\Users\ybari\2026_Arkhe\sw_nexys\build\uart_min\uart_min.o
                0x01000074                main
 .text          0x010000ba        0x0 C:\Users\ybari\2026_Arkhe\sw_nexys\build\uart_min\crt0.o
 *(.rodata*)
 *fill*         0x010000ba        0x2 
 .rodata.str1.4
                0x010000bc       0x14 C:\Users\ybari\2026_Arkhe\sw_nexys\build\uart_min\uart_min.o
                0x010000d0                        . = ALIGN (0x4)

.rela.dyn       0x010000d0        0x0
 .rela.text.start
                0x010000d0        0x0 C:\Users\ybari\2026_Arkhe\sw_nexys\build\uart_min\uart_min.o

.data           0x20000000        0x0 load address 0x010000d0
                0x20000000                        . = ALIGN (0x4)
                0x20000000                        __data_start = .
 *(.data*)
 .data          0x20000000        0x0 C:\Users\ybari\2026_Arkhe\sw_nexys\build\uart_min\uart_min.o
 .data          0x20000000        0x0 C:\Users\ybari\2026_Arkhe\sw_nexys\build\uart_min\crt0.o
                0x20000000                        . = ALIGN (0x4)
                0x20000000                        __data_end = .
                0x010000d0                        __data_load_start = LOADADDR (.data)

.bss            0x20000000        0x0 load address 0x010000d0
                0x20000000                        . = ALIGN (0x4)
                0x20000000                        __bss_start = .
 *(.bss*)
 .bss           0x20000000        0x0 C:\Users\ybari\2026_Arkhe\sw_nexys\build\uart_min\uart_min.o
 .bss           0x20000000        0x0 C:\Users\ybari\2026_Arkhe\sw_nexys\build\uart_min\crt0.o
 *(COMMON)
                0x20000000                        . = ALIGN (0x4)
                0x20000000                        __bss_end = .

.stack          0x20000000        0x0 load address 0x010000d0
                0x20000000                        . = ALIGN (0x10)
                0x20002000                        __stack_top = (ORIGIN (RAM) + LENGTH (RAM))
OUTPUT(C:\Users\ybari\2026_Arkhe\sw_nexys\build\uart_min\uart_min.elf elf32-littleriscv)

.comment        0x00000000       0x33
 .comment       0x00000000       0x33 C:\Users\ybari\2026_Arkhe\sw_nexys\build\uart_min\uart_min.o
                                 0x34 (size before relaxing)

.riscv.attributes
                0x00000000       0x38
 .riscv.attributes
                0x00000000       0x38 C:\Users\ybari\2026_Arkhe\sw_nexys\build\uart_min\uart_min.o
 .riscv.attributes
                0x00000038       0x36 C:\Users\ybari\2026_Arkhe\sw_nexys\build\uart_min\crt0.o
