Clock: clk_i
Sources: clk_i 
Generated: no
Virtual: yes
Propagated: no
Period: 23.147999

===========================================================================
report_clock_properties
============================================================================
Clock                   Period          Waveform
----------------------------------------------------
clk_i                23.147999    0.000000 11.573999

===========================================================================
report_clock_latency
============================================================================
Clock clk_i
rise -> rise
    min     max
0.000000 0.000000 source latency
2.448935         network latency u_npu.u_npu_sram.g_sram[2].u_macro/clk0
        3.916859 network latency u_npu.u_npu_sram.g_sram[14].u_macro/clk0
---------------
2.448935 3.916859 latency
        1.467924 skew

fall -> fall
    min     max
0.000000 0.000000 source latency
2.736942         network latency u_npu.u_npu_sram.g_sram[2].u_macro/clk0
        4.075439 network latency u_npu.u_npu_sram.g_sram[14].u_macro/clk0
---------------
2.736942 4.075439 latency
        1.338497 skew



===========================================================================
report_clock_min_period
============================================================================
clk_i period_min = 7.85 fmax = 127.34
Clock: jtag_clk
Sources: jtag_tck 
Generated: no
Virtual: yes
Propagated: no
Period: 100.000000

===========================================================================
report_clock_properties
============================================================================
Clock                   Period          Waveform
----------------------------------------------------
jtag_clk            100.000000    0.000000 50.000000

===========================================================================
report_clock_latency
============================================================================
Clock jtag_clk
rise -> rise
    min     max
0.000000 0.000000 source latency
0.479776         network latency _190010_/CLK
        0.527864 network latency _191899_/CLK
---------------
0.479776 0.527864 latency
        0.048088 skew

fall -> fall
    min     max
0.000000 0.000000 source latency
0.536964         network latency _190010_/CLK
        0.585214 network latency _191897_/CLK
---------------
0.536964 0.585214 latency
        0.048249 skew



===========================================================================
report_clock_min_period
============================================================================
jtag_clk period_min = 2.99 fmax = 334.03
