Clock: clk_i
Sources: clk_i 
Generated: no
Virtual: yes
Propagated: no
Period: 20.000000

===========================================================================
report_clock_properties
============================================================================
Clock                   Period          Waveform
----------------------------------------------------
clk_i                20.000000    0.000000 10.000000

===========================================================================
report_clock_latency
============================================================================
Clock clk_i
rise -> rise
    min     max
0.000000 0.000000 source latency
2.393239         network latency _179608_/CLK
        3.547156 network latency _187831_/CLK
---------------
2.393239 3.547156 latency
        1.153917 skew

fall -> fall
    min     max
0.000000 0.000000 source latency
2.774211         network latency _179608_/CLK
        4.028736 network latency _187831_/CLK
---------------
2.774211 4.028736 latency
        1.254524 skew



===========================================================================
report_clock_min_period
============================================================================
clk_i period_min = 7.97 fmax = 125.42
Clock: jtag_clk
Sources: jtag_tck 
Generated: no
Virtual: yes
Propagated: no
Period: 100.000000

===========================================================================
report_clock_properties
============================================================================
Clock                   Period          Waveform
----------------------------------------------------
jtag_clk            100.000000    0.000000 50.000000

===========================================================================
report_clock_latency
============================================================================
Clock jtag_clk
rise -> rise
    min     max
0.000000 0.000000 source latency
0.531440         network latency _188145_/CLK
        0.572506 network latency _189836_/CLK
---------------
0.531440 0.572506 latency
        0.041067 skew

fall -> fall
    min     max
0.000000 0.000000 source latency
0.620545         network latency _188145_/CLK
        0.652516 network latency _189836_/CLK
---------------
0.620545 0.652516 latency
        0.031971 skew



===========================================================================
report_clock_min_period
============================================================================
jtag_clk period_min = 2.73 fmax = 366.65
