Clock: clk_i
Sources: clk_i 
Generated: no
Virtual: yes
Propagated: no
Period: 20.000000

===========================================================================
report_clock_properties
============================================================================
Clock                   Period          Waveform
----------------------------------------------------
clk_i                20.000000    0.000000 10.000000

===========================================================================
report_clock_latency
============================================================================
Clock clk_i
rise -> rise
    min     max
0.000000 0.000000 source latency
2.091261         network latency _179608_/CLK
        3.138659 network latency _187831_/CLK
---------------
2.091261 3.138659 latency
        1.047398 skew

fall -> fall
    min     max
0.000000 0.000000 source latency
2.365117         network latency _179608_/CLK
        3.437512 network latency _187831_/CLK
---------------
2.365117 3.437512 latency
        1.072395 skew



===========================================================================
report_clock_min_period
============================================================================
clk_i period_min = 7.56 fmax = 132.22
Clock: jtag_clk
Sources: jtag_tck 
Generated: no
Virtual: yes
Propagated: no
Period: 100.000000

===========================================================================
report_clock_properties
============================================================================
Clock                   Period          Waveform
----------------------------------------------------
jtag_clk            100.000000    0.000000 50.000000

===========================================================================
report_clock_latency
============================================================================
Clock jtag_clk
rise -> rise
    min     max
0.000000 0.000000 source latency
0.473425         network latency _188145_/CLK
        0.504954 network latency _189836_/CLK
---------------
0.473425 0.504954 latency
        0.031529 skew

fall -> fall
    min     max
0.000000 0.000000 source latency
0.539949         network latency _188145_/CLK
        0.563585 network latency _189836_/CLK
---------------
0.539949 0.563585 latency
        0.023636 skew



===========================================================================
report_clock_min_period
============================================================================
jtag_clk period_min = 2.64 fmax = 379.01
