Clock: clk_i
Sources: clk_i 
Generated: no
Virtual: yes
Propagated: no
Period: 23.147999

===========================================================================
report_clock_properties
============================================================================
Clock                   Period          Waveform
----------------------------------------------------
clk_i                23.147999    0.000000 11.573999

===========================================================================
report_clock_latency
============================================================================
Clock clk_i
rise -> rise
    min     max
0.000000 0.000000 source latency
2.185192         network latency u_npu.u_npu_sram.g_sram[2].u_macro/clk0
        3.360478 network latency u_npu.u_npu_sram.g_sram[14].u_macro/clk0
---------------
2.185192 3.360478 latency
        1.175286 skew

fall -> fall
    min     max
0.000000 0.000000 source latency
2.331342         network latency u_npu.u_npu_sram.g_sram[2].u_macro/clk0
        3.430947 network latency _191060_/CLK
---------------
2.331342 3.430947 latency
        1.099606 skew



===========================================================================
report_clock_min_period
============================================================================
clk_i period_min = 7.48 fmax = 133.73
Clock: jtag_clk
Sources: jtag_tck 
Generated: no
Virtual: yes
Propagated: no
Period: 100.000000

===========================================================================
report_clock_properties
============================================================================
Clock                   Period          Waveform
----------------------------------------------------
jtag_clk            100.000000    0.000000 50.000000

===========================================================================
report_clock_latency
============================================================================
Clock jtag_clk
rise -> rise
    min     max
0.000000 0.000000 source latency
0.441147         network latency _190010_/CLK
        0.476418 network latency _191897_/CLK
---------------
0.441147 0.476418 latency
        0.035272 skew

fall -> fall
    min     max
0.000000 0.000000 source latency
0.482714         network latency _190010_/CLK
        0.515065 network latency _191897_/CLK
---------------
0.482714 0.515065 latency
        0.032351 skew



===========================================================================
report_clock_min_period
============================================================================
jtag_clk period_min = 2.92 fmax = 342.12
