Clock: clk_i
Sources: clk_i 
Generated: no
Virtual: yes
Propagated: no
Period: 20.000000

===========================================================================
report_clock_properties
============================================================================
Clock                   Period          Waveform
----------------------------------------------------
clk_i                20.000000    0.000000 10.000000

===========================================================================
report_clock_latency
============================================================================
Clock clk_i
rise -> rise
    min     max
0.000000 0.000000 source latency
2.561649         network latency _117765_/CLK
        3.446900 network latency _120992_/CLK
---------------
2.561649 3.446900 latency
        0.885250 skew

fall -> fall
    min     max
0.000000 0.000000 source latency
2.691648         network latency _117765_/CLK
        3.499785 network latency _120992_/CLK
---------------
2.691648 3.499785 latency
        0.808138 skew



===========================================================================
report_clock_min_period
============================================================================
clk_i period_min = 15.78 fmax = 63.38
Clock: jtag_clk
Sources: jtag_tck 
Generated: no
Virtual: yes
Propagated: no
Period: 100.000000

===========================================================================
report_clock_properties
============================================================================
Clock                   Period          Waveform
----------------------------------------------------
jtag_clk            100.000000    0.000000 50.000000

===========================================================================
report_clock_latency
============================================================================
Clock jtag_clk
rise -> rise
    min     max
0.000000 0.000000 source latency
0.601792         network latency _120558_/CLK
        0.629267 network latency _120518_/CLK
---------------
0.601792 0.629267 latency
        0.027475 skew

fall -> fall
    min     max
0.000000 0.000000 source latency
0.605155         network latency _120558_/CLK
        0.626841 network latency _120518_/CLK
---------------
0.605155 0.626841 latency
        0.021686 skew



===========================================================================
report_clock_min_period
============================================================================
jtag_clk period_min = 2.96 fmax = 337.51
