[WARNING ORD-0039] .openroad ignored with -python
Unannotated report:
['report_parasitic_annotation -report_unannotated\n',
 '============================================================================\n',
 'Found 1270 unannotated drivers.\n',
 ' i2c_scl_i\n',
 ' _122334__6397/LO\n',
 ' clkload0/X\n',
 ' clkload1/Y\n',
 ' clkload10/Y\n',
 ' clkload100/Y\n',
 ' clkload1000/Y\n',
 ' clkload1001/Y\n',
 ' clkload1002/Y\n',
 ' clkload1003/Y\n',
 ' clkload1004/Y\n',
 ' clkload1005/Y\n',
 ' clkload1006/Y\n',
 ' clkload1007/Y\n',
 ' clkload1008/Y\n',
 ' clkload1009/Y\n',
 ' clkload101/Y\n',
 ' clkload102/Y\n',
 ' clkload103/X\n',
 ' clkload104/Y\n',
 ' clkload105/X\n',
 ' clkload106/Y\n',
 ' clkload107/X\n',
 ' clkload108/X\n',
 ' clkload109/Y\n',
 ' clkload11/Y\n',
 ' clkload110/X\n',
 ' clkload111/Y\n',
 ' clkload112/X\n',
 ' clkload113/Y\n',
 ' clkload114/Y\n',
 ' clkload115/Y\n',
 ' clkload116/Y\n',
 ' clkload117/Y\n',
 ' clkload118/X\n',
 ' clkload119/Y\n',
 ' clkload12/Y\n',
 ' clkload120/Y\n',
 ' clkload121/Y\n',
 ' clkload122/Y\n',
 ' clkload123/Y\n',
 ' clkload124/X\n',
 ' clkload125/Y\n',
 ' clkload126/X\n',
 ' clkload127/Y\n',
 ' clkload128/X\n',
 ' clkload129/X\n',
 ' clkload13/Y\n',
 ' clkload130/X\n',
 ' clkload131/X\n',
 ' clkload132/X\n',
 ' clkload133/X\n',
 ' clkload134/Y\n',
 ' clkload135/Y\n',
 ' clkload136/X\n',
 ' clkload137/X\n',
 ' clkload138/X\n',
 ' clkload139/Y\n',
 ' clkload14/Y\n',
 ' clkload140/Y\n',
 ' clkload141/X\n',
 ' clkload142/X\n',
 ' clkload143/X\n',
 ' clkload144/X\n',
 ' clkload145/X\n',
 ' clkload146/X\n',
 ' clkload147/X\n',
 ' clkload148/X\n',
 ' clkload149/Y\n',
 ' clkload15/X\n',
 ' clkload150/X\n',
 ' clkload151/X\n',
 ' clkload152/X\n',
 ' clkload153/X\n',
 ' clkload154/X\n',
 ' clkload155/Y\n',
 ' clkload156/Y\n',
 ' clkload157/X\n',
 ' clkload158/Y\n',
 ' clkload159/X\n',
 ' clkload16/X\n',
 ' clkload160/X\n',
 ' clkload161/X\n',
 ' clkload162/X\n',
 ' clkload163/Y\n',
 ' clkload164/X\n',
 ' clkload165/X\n',
 ' clkload166/X\n',
 ' clkload167/X\n',
 ' clkload168/X\n',
 ' clkload169/X\n',
 ' clkload17/Y\n',
 ' clkload170/X\n',
 ' clkload171/X\n',
 ' clkload172/Y\n',
 ' clkload173/Y\n',
 ' clkload174/X\n',
 ' clkload175/X\n',
 ' clkload176/X\n',
 ' clkload177/X\n',
 ' clkload178/X\n',
 ' clkload179/X\n',
 ' clkload18/X\n',
 ' clkload180/X\n',
 ' clkload181/X\n',
 ' clkload182/X\n',
 ' clkload183/X\n',
 ' clkload184/X\n',
 ' clkload185/X\n',
 ' clkload186/X\n',
 ' clkload187/X\n',
 ' clkload188/X\n',
 ' clkload189/X\n',
 ' clkload19/X\n',
 ' clkload190/Y\n',
 ' clkload191/X\n',
 ' clkload192/X\n',
 ' clkload193/X\n',
 ' clkload194/Y\n',
 ' clkload195/X\n',
 ' clkload196/X\n',
 ' clkload197/X\n',
 ' clkload198/X\n',
 ' clkload199/X\n',
 ' clkload2/Y\n',
 ' clkload20/Y\n',
 ' clkload200/X\n',
 ' clkload201/Y\n',
 ' clkload202/Y\n',
 ' clkload203/Y\n',
 ' clkload204/Y\n',
 ' clkload205/X\n',
 ' clkload206/X\n',
 ' clkload207/X\n',
 ' clkload208/Y\n',
 ' clkload209/X\n',
 ' clkload21/X\n',
 ' clkload210/X\n',
 ' clkload211/Y\n',
 ' clkload212/Y\n',
 ' clkload213/X\n',
 ' clkload214/X\n',
 ' clkload215/Y\n',
 ' clkload216/X\n',
 ' clkload217/X\n',
 ' clkload218/Y\n',
 ' clkload219/Y\n',
 ' clkload22/Y\n',
 ' clkload220/X\n',
 ' clkload221/X\n',
 ' clkload222/X\n',
 ' clkload223/X\n',
 ' clkload224/X\n',
 ' clkload225/X\n',
 ' clkload226/X\n',
 ' clkload227/X\n',
 ' clkload228/X\n',
 ' clkload229/Y\n',
 ' clkload23/X\n',
 ' clkload230/X\n',
 ' clkload231/X\n',
 ' clkload232/X\n',
 ' clkload233/X\n',
 ' clkload234/X\n',
 ' clkload235/X\n',
 ' clkload236/Y\n',
 ' clkload237/X\n',
 ' clkload238/Y\n',
 ' clkload239/X\n',
 ' clkload24/Y\n',
 ' clkload240/X\n',
 ' clkload241/X\n',
 ' clkload242/X\n',
 ' clkload243/X\n',
 ' clkload244/X\n',
 ' clkload245/X\n',
 ' clkload246/X\n',
 ' clkload247/X\n',
 ' clkload248/X\n',
 ' clkload249/Y\n',
 ' clkload25/Y\n',
 ' clkload250/Y\n',
 ' clkload251/X\n',
 ' clkload252/X\n',
 ' clkload253/X\n',
 ' clkload254/X\n',
 ' clkload255/X\n',
 ' clkload256/X\n',
 ' clkload257/X\n',
 ' clkload258/X\n',
 ' clkload259/X\n',
 ' clkload26/Y\n',
 ' clkload260/X\n',
 ' clkload261/Y\n',
 ' clkload262/X\n',
 ' clkload263/X\n',
 ' clkload264/X\n',
 ' clkload265/X\n',
 ' clkload266/X\n',
 ' clkload267/X\n',
 ' clkload268/X\n',
 ' clkload269/Y\n',
 ' clkload27/Y\n',
 ' clkload270/X\n',
 ' clkload271/Y\n',
 ' clkload272/X\n',
 ' clkload273/X\n',
 ' clkload274/Y\n',
 ' clkload275/Y\n',
 ' clkload276/X\n',
 ' clkload277/X\n',
 ' clkload278/X\n',
 ' clkload279/X\n',
 ' clkload28/Y\n',
 ' clkload280/X\n',
 ' clkload281/X\n',
 ' clkload282/X\n',
 ' clkload283/Y\n',
 ' clkload284/Y\n',
 ' clkload285/X\n',
 ' clkload286/X\n',
 ' clkload287/X\n',
 ' clkload288/Y\n',
 ' clkload289/X\n',
 ' clkload29/X\n',
 ' clkload290/X\n',
 ' clkload291/X\n',
 ' clkload292/X\n',
 ' clkload293/X\n',
 ' clkload294/X\n',
 ' clkload295/X\n',
 ' clkload296/X\n',
 ' clkload297/X\n',
 ' clkload298/X\n',
 ' clkload299/Y\n',
 ' clkload3/Y\n',
 ' clkload30/Y\n',
 ' clkload300/Y\n',
 ' clkload301/X\n',
 ' clkload302/X\n',
 ' clkload303/X\n',
 ' clkload304/X\n',
 ' clkload305/Y\n',
 ' clkload306/X\n',
 ' clkload307/X\n',
 ' clkload308/X\n',
 ' clkload309/Y\n',
 ' clkload31/X\n',
 ' clkload310/X\n',
 ' clkload311/X\n',
 ' clkload312/X\n',
 ' clkload313/X\n',
 ' clkload314/X\n',
 ' clkload315/X\n',
 ' clkload316/X\n',
 ' clkload317/X\n',
 ' clkload318/X\n',
 ' clkload319/X\n',
 ' clkload32/Y\n',
 ' clkload320/X\n',
 ' clkload321/Y\n',
 ' clkload322/X\n',
 ' clkload323/X\n',
 ' clkload324/X\n',
 ' clkload325/X\n',
 ' clkload326/X\n',
 ' clkload327/X\n',
 ' clkload328/X\n',
 ' clkload329/Y\n',
 ' clkload33/Y\n',
 ' clkload330/X\n',
 ' clkload331/X\n',
 ' clkload332/X\n',
 ' clkload333/X\n',
 ' clkload334/Y\n',
 ' clkload335/Y\n',
 ' clkload336/Y\n',
 ' clkload337/Y\n',
 ' clkload338/Y\n',
 ' clkload339/X\n',
 ' clkload34/X\n',
 ' clkload340/Y\n',
 ' clkload341/X\n',
 ' clkload342/X\n',
 ' clkload343/X\n',
 ' clkload344/X\n',
 ' clkload345/X\n',
 ' clkload346/X\n',
 ' clkload347/X\n',
 ' clkload348/X\n',
 ' clkload349/X\n',
 ' clkload35/Y\n',
 ' clkload350/X\n',
 ' clkload351/X\n',
 ' clkload352/X\n',
 ' clkload353/Y\n',
 ' clkload354/Y\n',
 ' clkload355/X\n',
 ' clkload356/X\n',
 ' clkload357/X\n',
 ' clkload358/X\n',
 ' clkload359/X\n',
 ' clkload36/Y\n',
 ' clkload360/X\n',
 ' clkload361/X\n',
 ' clkload362/X\n',
 ' clkload363/X\n',
 ' clkload364/X\n',
 ' clkload365/X\n',
 ' clkload366/X\n',
 ' clkload367/X\n',
 ' clkload368/X\n',
 ' clkload369/X\n',
 ' clkload37/Y\n',
 ' clkload370/X\n',
 ' clkload371/X\n',
 ' clkload372/X\n',
 ' clkload373/X\n',
 ' clkload374/X\n',
 ' clkload375/Y\n',
 ' clkload376/X\n',
 ' clkload377/X\n',
 ' clkload378/X\n',
 ' clkload379/X\n',
 ' clkload38/Y\n',
 ' clkload380/X\n',
 ' clkload381/X\n',
 ' clkload382/X\n',
 ' clkload383/X\n',
 ' clkload384/Y\n',
 ' clkload385/Y\n',
 ' clkload386/Y\n',
 ' clkload387/Y\n',
 ' clkload388/Y\n',
 ' clkload389/X\n',
 ' clkload39/X\n',
 ' clkload390/X\n',
 ' clkload391/Y\n',
 ' clkload392/X\n',
 ' clkload393/X\n',
 ' clkload394/Y\n',
 ' clkload395/X\n',
 ' clkload396/X\n',
 ' clkload397/Y\n',
 ' clkload398/X\n',
 ' clkload399/X\n',
 ' clkload4/Y\n',
 ' clkload40/Y\n',
 ' clkload400/X\n',
 ' clkload401/X\n',
 ' clkload402/Y\n',
 ' clkload403/X\n',
 ' clkload404/X\n',
 ' clkload405/X\n',
 ' clkload406/Y\n',
 ' clkload407/Y\n',
 ' clkload408/X\n',
 ' clkload409/X\n',
 ' clkload41/X\n',
 ' clkload410/Y\n',
 ' clkload411/Y\n',
 ' clkload412/X\n',
 ' clkload413/Y\n',
 ' clkload414/Y\n',
 ' clkload415/Y\n',
 ' clkload416/X\n',
 ' clkload417/Y\n',
 ' clkload418/X\n',
 ' clkload419/X\n',
 ' clkload42/Y\n',
 ' clkload420/X\n',
 ' clkload421/Y\n',
 ' clkload422/X\n',
 ' clkload423/X\n',
 ' clkload424/X\n',
 ' clkload425/X\n',
 ' clkload426/X\n',
 ' clkload427/X\n',
 ' clkload428/X\n',
 ' clkload429/Y\n',
 ' clkload43/Y\n',
 ' clkload430/Y\n',
 ' clkload431/Y\n',
 ' clkload432/Y\n',
 ' clkload433/Y\n',
 ' clkload434/X\n',
 ' clkload435/X\n',
 ' clkload436/X\n',
 ' clkload437/X\n',
 ' clkload438/X\n',
 ' clkload439/X\n',
 ' clkload44/Y\n',
 ' clkload440/X\n',
 ' clkload441/X\n',
 ' clkload442/X\n',
 ' clkload443/X\n',
 ' clkload444/X\n',
 ' clkload445/X\n',
 ' clkload446/Y\n',
 ' clkload447/Y\n',
 ' clkload448/X\n',
 ' clkload449/X\n',
 ' clkload45/Y\n',
 ' clkload450/X\n',
 ' clkload451/X\n',
 ' clkload452/Y\n',
 ' clkload453/Y\n',
 ' clkload454/X\n',
 ' clkload455/X\n',
 ' clkload456/X\n',
 ' clkload457/X\n',
 ' clkload458/Y\n',
 ' clkload459/X\n',
 ' clkload46/Y\n',
 ' clkload460/Y\n',
 ' clkload461/Y\n',
 ' clkload462/X\n',
 ' clkload463/Y\n',
 ' clkload464/X\n',
 ' clkload465/Y\n',
 ' clkload466/X\n',
 ' clkload467/Y\n',
 ' clkload468/X\n',
 ' clkload469/X\n',
 ' clkload47/X\n',
 ' clkload470/X\n',
 ' clkload471/X\n',
 ' clkload472/X\n',
 ' clkload473/X\n',
 ' clkload474/X\n',
 ' clkload475/X\n',
 ' clkload476/Y\n',
 ' clkload477/X\n',
 ' clkload478/X\n',
 ' clkload479/X\n',
 ' clkload48/Y\n',
 ' clkload480/X\n',
 ' clkload481/X\n',
 ' clkload482/X\n',
 ' clkload483/X\n',
 ' clkload484/X\n',
 ' clkload485/Y\n',
 ' clkload486/X\n',
 ' clkload487/Y\n',
 ' clkload488/X\n',
 ' clkload489/Y\n',
 ' clkload49/Y\n',
 ' clkload490/Y\n',
 ' clkload491/Y\n',
 ' clkload492/X\n',
 ' clkload493/Y\n',
 ' clkload494/X\n',
 ' clkload495/X\n',
 ' clkload496/Y\n',
 ' clkload497/X\n',
 ' clkload498/X\n',
 ' clkload499/Y\n',
 ' clkload5/Y\n',
 ' clkload50/Y\n',
 ' clkload500/X\n',
 ' clkload501/Y\n',
 ' clkload502/X\n',
 ' clkload503/X\n',
 ' clkload504/Y\n',
 ' clkload505/Y\n',
 ' clkload506/X\n',
 ' clkload507/Y\n',
 ' clkload508/X\n',
 ' clkload509/X\n',
 ' clkload51/Y\n',
 ' clkload510/X\n',
 ' clkload511/X\n',
 ' clkload512/X\n',
 ' clkload513/X\n',
 ' clkload514/Y\n',
 ' clkload515/X\n',
 ' clkload516/Y\n',
 ' clkload517/Y\n',
 ' clkload518/X\n',
 ' clkload519/Y\n',
 ' clkload52/X\n',
 ' clkload520/X\n',
 ' clkload521/Y\n',
 ' clkload522/X\n',
 ' clkload523/X\n',
 ' clkload524/X\n',
 ' clkload525/X\n',
 ' clkload526/X\n',
 ' clkload527/Y\n',
 ' clkload528/X\n',
 ' clkload529/X\n',
 ' clkload53/Y\n',
 ' clkload530/Y\n',
 ' clkload531/Y\n',
 ' clkload532/X\n',
 ' clkload533/Y\n',
 ' clkload534/X\n',
 ' clkload535/Y\n',
 ' clkload536/X\n',
 ' clkload537/Y\n',
 ' clkload538/X\n',
 ' clkload539/Y\n',
 ' clkload54/Y\n',
 ' clkload540/X\n',
 ' clkload541/X\n',
 ' clkload542/Y\n',
 ' clkload543/X\n',
 ' clkload544/X\n',
 ' clkload545/X\n',
 ' clkload546/X\n',
 ' clkload547/X\n',
 ' clkload548/X\n',
 ' clkload549/Y\n',
 ' clkload55/Y\n',
 ' clkload550/X\n',
 ' clkload551/X\n',
 ' clkload552/Y\n',
 ' clkload553/X\n',
 ' clkload554/X\n',
 ' clkload555/X\n',
 ' clkload556/X\n',
 ' clkload557/X\n',
 ' clkload558/X\n',
 ' clkload559/X\n',
 ' clkload56/Y\n',
 ' clkload560/X\n',
 ' clkload561/Y\n',
 ' clkload562/X\n',
 ' clkload563/X\n',
 ' clkload564/X\n',
 ' clkload565/X\n',
 ' clkload566/X\n',
 ' clkload567/X\n',
 ' clkload568/X\n',
 ' clkload569/X\n',
 ' clkload57/Y\n',
 ' clkload570/X\n',
 ' clkload571/X\n',
 ' clkload572/X\n',
 ' clkload573/X\n',
 ' clkload574/Y\n',
 ' clkload575/X\n',
 ' clkload576/X\n',
 ' clkload577/X\n',
 ' clkload578/X\n',
 ' clkload579/Y\n',
 ' clkload58/Y\n',
 ' clkload580/X\n',
 ' clkload581/X\n',
 ' clkload582/X\n',
 ' clkload583/X\n',
 ' clkload584/Y\n',
 ' clkload585/Y\n',
 ' clkload586/Y\n',
 ' clkload587/Y\n',
 ' clkload588/X\n',
 ' clkload589/Y\n',
 ' clkload59/Y\n',
 ' clkload590/Y\n',
 ' clkload591/X\n',
 ' clkload592/Y\n',
 ' clkload593/Y\n',
 ' clkload594/X\n',
 ' clkload595/X\n',
 ' clkload596/Y\n',
 ' clkload597/X\n',
 ' clkload598/X\n',
 ' clkload599/X\n',
 ' clkload6/Y\n',
 ' clkload60/Y\n',
 ' clkload600/X\n',
 ' clkload601/Y\n',
 ' clkload602/X\n',
 ' clkload603/X\n',
 ' clkload604/X\n',
 ' clkload605/X\n',
 ' clkload606/Y\n',
 ' clkload607/X\n',
 ' clkload608/X\n',
 ' clkload609/X\n',
 ' clkload61/X\n',
 ' clkload610/X\n',
 ' clkload611/X\n',
 ' clkload612/X\n',
 ' clkload613/X\n',
 ' clkload614/X\n',
 ' clkload615/X\n',
 ' clkload616/X\n',
 ' clkload617/X\n',
 ' clkload618/X\n',
 ' clkload619/X\n',
 ' clkload62/Y\n',
 ' clkload620/Y\n',
 ' clkload621/X\n',
 ' clkload622/Y\n',
 ' clkload623/X\n',
 ' clkload624/X\n',
 ' clkload625/Y\n',
 ' clkload626/X\n',
 ' clkload627/X\n',
 ' clkload628/X\n',
 ' clkload629/X\n',
 ' clkload63/Y\n',
 ' clkload630/X\n',
 ' clkload631/X\n',
 ' clkload632/X\n',
 ' clkload633/X\n',
 ' clkload634/X\n',
 ' clkload635/X\n',
 ' clkload636/X\n',
 ' clkload637/Y\n',
 ' clkload638/X\n',
 ' clkload639/X\n',
 ' clkload64/X\n',
 ' clkload640/X\n',
 ' clkload641/X\n',
 ' clkload642/Y\n',
 ' clkload643/X\n',
 ' clkload644/X\n',
 ' clkload645/X\n',
 ' clkload646/X\n',
 ' clkload647/Y\n',
 ' clkload648/X\n',
 ' clkload649/X\n',
 ' clkload65/Y\n',
 ' clkload650/X\n',
 ' clkload651/X\n',
 ' clkload652/X\n',
 ' clkload653/Y\n',
 ' clkload654/X\n',
 ' clkload655/X\n',
 ' clkload656/Y\n',
 ' clkload657/X\n',
 ' clkload658/X\n',
 ' clkload659/X\n',
 ' clkload66/Y\n',
 ' clkload660/X\n',
 ' clkload661/X\n',
 ' clkload662/X\n',
 ' clkload663/X\n',
 ' clkload664/X\n',
 ' clkload665/X\n',
 ' clkload666/X\n',
 ' clkload667/X\n',
 ' clkload668/X\n',
 ' clkload669/X\n',
 ' clkload67/Y\n',
 ' clkload670/Y\n',
 ' clkload671/Y\n',
 ' clkload672/X\n',
 ' clkload673/Y\n',
 ' clkload674/Y\n',
 ' clkload675/Y\n',
 ' clkload676/X\n',
 ' clkload677/X\n',
 ' clkload678/Y\n',
 ' clkload679/Y\n',
 ' clkload68/Y\n',
 ' clkload680/Y\n',
 ' clkload681/X\n',
 ' clkload682/X\n',
 ' clkload683/X\n',
 ' clkload684/X\n',
 ' clkload685/X\n',
 ' clkload686/X\n',
 ' clkload687/X\n',
 ' clkload688/X\n',
 ' clkload689/X\n',
 ' clkload69/Y\n',
 ' clkload690/X\n',
 ' clkload691/X\n',
 ' clkload692/Y\n',
 ' clkload693/X\n',
 ' clkload694/X\n',
 ' clkload695/X\n',
 ' clkload696/X\n',
 ' clkload697/X\n',
 ' clkload698/X\n',
 ' clkload699/X\n',
 ' clkload7/Y\n',
 ' clkload70/Y\n',
 ' clkload700/X\n',
 ' clkload701/X\n',
 ' clkload702/X\n',
 ' clkload703/X\n',
 ' clkload704/X\n',
 ' clkload705/X\n',
 ' clkload706/X\n',
 ' clkload707/Y\n',
 ' clkload708/X\n',
 ' clkload709/X\n',
 ' clkload71/Y\n',
 ' clkload710/X\n',
 ' clkload711/X\n',
 ' clkload712/Y\n',
 ' clkload713/X\n',
 ' clkload714/Y\n',
 ' clkload715/Y\n',
 ' clkload716/X\n',
 ' clkload717/Y\n',
 ' clkload718/X\n',
 ' clkload719/Y\n',
 ' clkload72/Y\n',
 ' clkload720/X\n',
 ' clkload721/Y\n',
 ' clkload722/X\n',
 ' clkload723/X\n',
 ' clkload724/Y\n',
 ' clkload725/Y\n',
 ' clkload726/Y\n',
 ' clkload727/X\n',
 ' clkload728/X\n',
 ' clkload729/Y\n',
 ' clkload73/Y\n',
 ' clkload730/X\n',
 ' clkload731/X\n',
 ' clkload732/Y\n',
 ' clkload733/X\n',
 ' clkload734/Y\n',
 ' clkload735/X\n',
 ' clkload736/X\n',
 ' clkload737/Y\n',
 ' clkload738/X\n',
 ' clkload739/Y\n',
 ' clkload74/X\n',
 ' clkload740/X\n',
 ' clkload741/X\n',
 ' clkload742/X\n',
 ' clkload743/X\n',
 ' clkload744/X\n',
 ' clkload745/X\n',
 ' clkload746/X\n',
 ' clkload747/X\n',
 ' clkload748/Y\n',
 ' clkload749/X\n',
 ' clkload75/Y\n',
 ' clkload750/Y\n',
 ' clkload751/X\n',
 ' clkload752/X\n',
 ' clkload753/X\n',
 ' clkload754/Y\n',
 ' clkload755/X\n',
 ' clkload756/X\n',
 ' clkload757/Y\n',
 ' clkload758/Y\n',
 ' clkload759/Y\n',
 ' clkload76/Y\n',
 ' clkload760/Y\n',
 ' clkload761/X\n',
 ' clkload762/X\n',
 ' clkload763/Y\n',
 ' clkload764/Y\n',
 ' clkload765/Y\n',
 ' clkload766/Y\n',
 ' clkload767/X\n',
 ' clkload768/X\n',
 ' clkload769/X\n',
 ' clkload77/Y\n',
 ' clkload770/X\n',
 ' clkload771/X\n',
 ' clkload772/Y\n',
 ' clkload773/X\n',
 ' clkload774/X\n',
 ' clkload775/X\n',
 ' clkload776/Y\n',
 ' clkload777/Y\n',
 ' clkload778/Y\n',
 ' clkload779/X\n',
 ' clkload78/Y\n',
 ' clkload780/X\n',
 ' clkload781/Y\n',
 ' clkload782/Y\n',
 ' clkload783/X\n',
 ' clkload784/X\n',
 ' clkload785/X\n',
 ' clkload786/X\n',
 ' clkload787/X\n',
 ' clkload788/Y\n',
 ' clkload789/Y\n',
 ' clkload79/X\n',
 ' clkload790/Y\n',
 ' clkload791/X\n',
 ' clkload792/Y\n',
 ' clkload793/Y\n',
 ' clkload794/X\n',
 ' clkload795/Y\n',
 ' clkload796/Y\n',
 ' clkload797/Y\n',
 ' clkload798/Y\n',
 ' clkload799/Y\n',
 ' clkload8/Y\n',
 ' clkload80/Y\n',
 ' clkload800/Y\n',
 ' clkload801/X\n',
 ' clkload802/Y\n',
 ' clkload803/Y\n',
 ' clkload804/Y\n',
 ' clkload805/Y\n',
 ' clkload806/X\n',
 ' clkload807/X\n',
 ' clkload808/X\n',
 ' clkload809/X\n',
 ' clkload81/Y\n',
 ' clkload810/X\n',
 ' clkload811/Y\n',
 ' clkload812/X\n',
 ' clkload813/X\n',
 ' clkload814/X\n',
 ' clkload815/X\n',
 ' clkload816/X\n',
 ' clkload817/Y\n',
 ' clkload818/X\n',
 ' clkload819/X\n',
 ' clkload82/Y\n',
 ' clkload820/X\n',
 ' clkload821/X\n',
 ' clkload822/X\n',
 ' clkload823/X\n',
 ' clkload824/X\n',
 ' clkload825/X\n',
 ' clkload826/Y\n',
 ' clkload827/X\n',
 ' clkload828/Y\n',
 ' clkload829/X\n',
 ' clkload83/Y\n',
 ' clkload830/Y\n',
 ' clkload831/Y\n',
 ' clkload832/Y\n',
 ' clkload833/Y\n',
 ' clkload834/Y\n',
 ' clkload835/X\n',
 ' clkload836/X\n',
 ' clkload837/Y\n',
 ' clkload838/X\n',
 ' clkload839/X\n',
 ' clkload84/X\n',
 ' clkload840/Y\n',
 ' clkload841/X\n',
 ' clkload842/Y\n',
 ' clkload843/Y\n',
 ' clkload844/Y\n',
 ' clkload845/X\n',
 ' clkload846/X\n',
 ' clkload847/Y\n',
 ' clkload848/X\n',
 ' clkload849/X\n',
 ' clkload85/Y\n',
 ' clkload850/X\n',
 ' clkload851/X\n',
 ' clkload852/Y\n',
 ' clkload853/X\n',
 ' clkload854/X\n',
 ' clkload855/X\n',
 ' clkload856/X\n',
 ' clkload857/Y\n',
 ' clkload858/X\n',
 ' clkload859/X\n',
 ' clkload86/Y\n',
 ' clkload860/Y\n',
 ' clkload861/X\n',
 ' clkload862/X\n',
 ' clkload863/X\n',
 ' clkload864/X\n',
 ' clkload865/X\n',
 ' clkload866/X\n',
 ' clkload867/X\n',
 ' clkload868/X\n',
 ' clkload869/X\n',
 ' clkload87/Y\n',
 ' clkload870/X\n',
 ' clkload871/X\n',
 ' clkload872/X\n',
 ' clkload873/Y\n',
 ' clkload874/Y\n',
 ' clkload875/Y\n',
 ' clkload876/X\n',
 ' clkload877/X\n',
 ' clkload878/X\n',
 ' clkload879/X\n',
 ' clkload88/Y\n',
 ' clkload880/X\n',
 ' clkload881/X\n',
 ' clkload882/Y\n',
 ' clkload883/Y\n',
 ' clkload884/X\n',
 ' clkload885/Y\n',
 ' clkload886/X\n',
 ' clkload887/Y\n',
 ' clkload888/X\n',
 ' clkload889/X\n',
 ' clkload89/Y\n',
 ' clkload890/X\n',
 ' clkload891/X\n',
 ' clkload892/X\n',
 ' clkload893/X\n',
 ' clkload894/Y\n',
 ' clkload895/X\n',
 ' clkload896/Y\n',
 ' clkload897/Y\n',
 ' clkload898/Y\n',
 ' clkload899/Y\n',
 ' clkload9/Y\n',
 ' clkload90/X\n',
 ' clkload900/Y\n',
 ' clkload901/Y\n',
 ' clkload902/Y\n',
 ' clkload903/Y\n',
 ' clkload904/Y\n',
 ' clkload905/Y\n',
 ' clkload906/Y\n',
 ' clkload907/X\n',
 ' clkload908/Y\n',
 ' clkload909/X\n',
 ' clkload91/X\n',
 ' clkload910/X\n',
 ' clkload911/X\n',
 ' clkload912/Y\n',
 ' clkload913/X\n',
 ' clkload914/X\n',
 ' clkload915/Y\n',
 ' clkload916/Y\n',
 ' clkload917/Y\n',
 ' clkload918/X\n',
 ' clkload919/X\n',
 ' clkload92/X\n',
 ' clkload920/X\n',
 ' clkload921/X\n',
 ' clkload922/X\n',
 ' clkload923/Y\n',
 ' clkload924/Y\n',
 ' clkload925/Y\n',
 ' clkload926/X\n',
 ' clkload927/X\n',
 ' clkload928/X\n',
 ' clkload929/X\n',
 ' clkload93/Y\n',
 ' clkload930/X\n',
 ' clkload931/X\n',
 ' clkload932/X\n',
 ' clkload933/X\n',
 ' clkload934/X\n',
 ' clkload935/X\n',
 ' clkload936/X\n',
 ' clkload937/X\n',
 ' clkload938/X\n',
 ' clkload939/X\n',
 ' clkload94/X\n',
 ' clkload940/Y\n',
 ' clkload941/X\n',
 ' clkload942/X\n',
 ' clkload943/Y\n',
 ' clkload944/Y\n',
 ' clkload945/Y\n',
 ' clkload946/X\n',
 ' clkload947/Y\n',
 ' clkload948/X\n',
 ' clkload949/X\n',
 ' clkload95/X\n',
 ' clkload950/X\n',
 ' clkload951/X\n',
 ' clkload952/X\n',
 ' clkload953/X\n',
 ' clkload954/Y\n',
 ' clkload955/Y\n',
 ' clkload956/X\n',
 ' clkload957/Y\n',
 ' clkload958/Y\n',
 ' clkload959/Y\n',
 ' clkload96/X\n',
 ' clkload960/Y\n',
 ' clkload961/Y\n',
 ' clkload962/Y\n',
 ' clkload963/Y\n',
 ' clkload964/Y\n',
 ' clkload965/Y\n',
 ' clkload966/Y\n',
 ' clkload967/X\n',
 ' clkload968/X\n',
 ' clkload969/Y\n',
 ' clkload97/X\n',
 ' clkload970/X\n',
 ' clkload971/X\n',
 ' clkload972/Y\n',
 ' clkload973/X\n',
 ' clkload974/X\n',
 ' clkload975/X\n',
 ' clkload976/X\n',
 ' clkload977/Y\n',
 ' clkload978/X\n',
 ' clkload979/Y\n',
 ' clkload98/X\n',
 ' clkload980/X\n',
 ' clkload981/X\n',
 ' clkload982/X\n',
 ' clkload983/X\n',
 ' clkload984/Y\n',
 ' clkload985/X\n',
 ' clkload986/X\n',
 ' clkload987/X\n',
 ' clkload988/X\n',
 ' clkload989/X\n',
 ' clkload99/Y\n',
 ' clkload990/X\n',
 ' clkload991/X\n',
 ' clkload992/Y\n',
 ' clkload993/X\n',
 ' clkload994/Y\n',
 ' clkload995/Y\n',
 ' clkload996/Y\n',
 ' clkload997/Y\n',
 ' clkload998/Y\n',
 ' clkload999/Y\n',
 ' soc_top/HI\n',
 ' soc_top_6396/HI\n',
 ' u_data_ram.g_sram\\[0\\].u_macro/dout0[0]\n',
 ' u_data_ram.g_sram\\[0\\].u_macro/dout0[10]\n',
 ' u_data_ram.g_sram\\[0\\].u_macro/dout0[11]\n',
 ' u_data_ram.g_sram\\[0\\].u_macro/dout0[12]\n',
 ' u_data_ram.g_sram\\[0\\].u_macro/dout0[13]\n',
 ' u_data_ram.g_sram\\[0\\].u_macro/dout0[14]\n',
 ' u_data_ram.g_sram\\[0\\].u_macro/dout0[15]\n',
 ' u_data_ram.g_sram\\[0\\].u_macro/dout0[16]\n',
 ' u_data_ram.g_sram\\[0\\].u_macro/dout0[17]\n',
 ' u_data_ram.g_sram\\[0\\].u_macro/dout0[18]\n',
 ' u_data_ram.g_sram\\[0\\].u_macro/dout0[19]\n',
 ' u_data_ram.g_sram\\[0\\].u_macro/dout0[1]\n',
 ' u_data_ram.g_sram\\[0\\].u_macro/dout0[20]\n',
 ' u_data_ram.g_sram\\[0\\].u_macro/dout0[21]\n',
 ' u_data_ram.g_sram\\[0\\].u_macro/dout0[22]\n',
 ' u_data_ram.g_sram\\[0\\].u_macro/dout0[23]\n',
 ' u_data_ram.g_sram\\[0\\].u_macro/dout0[24]\n',
 ' u_data_ram.g_sram\\[0\\].u_macro/dout0[25]\n',
 ' u_data_ram.g_sram\\[0\\].u_macro/dout0[26]\n',
 ' u_data_ram.g_sram\\[0\\].u_macro/dout0[27]\n',
 ' u_data_ram.g_sram\\[0\\].u_macro/dout0[28]\n',
 ' u_data_ram.g_sram\\[0\\].u_macro/dout0[29]\n',
 ' u_data_ram.g_sram\\[0\\].u_macro/dout0[2]\n',
 ' u_data_ram.g_sram\\[0\\].u_macro/dout0[30]\n',
 ' u_data_ram.g_sram\\[0\\].u_macro/dout0[31]\n',
 ' u_data_ram.g_sram\\[0\\].u_macro/dout0[3]\n',
 ' u_data_ram.g_sram\\[0\\].u_macro/dout0[4]\n',
 ' u_data_ram.g_sram\\[0\\].u_macro/dout0[5]\n',
 ' u_data_ram.g_sram\\[0\\].u_macro/dout0[6]\n',
 ' u_data_ram.g_sram\\[0\\].u_macro/dout0[7]\n',
 ' u_data_ram.g_sram\\[0\\].u_macro/dout0[8]\n',
 ' u_data_ram.g_sram\\[0\\].u_macro/dout0[9]\n',
 ' u_data_ram.g_sram\\[1\\].u_macro/dout0[0]\n',
 ' u_data_ram.g_sram\\[1\\].u_macro/dout0[10]\n',
 ' u_data_ram.g_sram\\[1\\].u_macro/dout0[11]\n',
 ' u_data_ram.g_sram\\[1\\].u_macro/dout0[12]\n',
 ' u_data_ram.g_sram\\[1\\].u_macro/dout0[13]\n',
 ' u_data_ram.g_sram\\[1\\].u_macro/dout0[14]\n',
 ' u_data_ram.g_sram\\[1\\].u_macro/dout0[15]\n',
 ' u_data_ram.g_sram\\[1\\].u_macro/dout0[16]\n',
 ' u_data_ram.g_sram\\[1\\].u_macro/dout0[17]\n',
 ' u_data_ram.g_sram\\[1\\].u_macro/dout0[18]\n',
 ' u_data_ram.g_sram\\[1\\].u_macro/dout0[19]\n',
 ' u_data_ram.g_sram\\[1\\].u_macro/dout0[1]\n',
 ' u_data_ram.g_sram\\[1\\].u_macro/dout0[20]\n',
 ' u_data_ram.g_sram\\[1\\].u_macro/dout0[21]\n',
 ' u_data_ram.g_sram\\[1\\].u_macro/dout0[22]\n',
 ' u_data_ram.g_sram\\[1\\].u_macro/dout0[23]\n',
 ' u_data_ram.g_sram\\[1\\].u_macro/dout0[24]\n',
 ' u_data_ram.g_sram\\[1\\].u_macro/dout0[25]\n',
 ' u_data_ram.g_sram\\[1\\].u_macro/dout0[26]\n',
 ' u_data_ram.g_sram\\[1\\].u_macro/dout0[27]\n',
 ' u_data_ram.g_sram\\[1\\].u_macro/dout0[28]\n',
 ' u_data_ram.g_sram\\[1\\].u_macro/dout0[29]\n',
 ' u_data_ram.g_sram\\[1\\].u_macro/dout0[2]\n',
 ' u_data_ram.g_sram\\[1\\].u_macro/dout0[30]\n',
 ' u_data_ram.g_sram\\[1\\].u_macro/dout0[31]\n',
 ' u_data_ram.g_sram\\[1\\].u_macro/dout0[3]\n',
 ' u_data_ram.g_sram\\[1\\].u_macro/dout0[4]\n',
 ' u_data_ram.g_sram\\[1\\].u_macro/dout0[5]\n',
 ' u_data_ram.g_sram\\[1\\].u_macro/dout0[6]\n',
 ' u_data_ram.g_sram\\[1\\].u_macro/dout0[7]\n',
 ' u_data_ram.g_sram\\[1\\].u_macro/dout0[8]\n',
 ' u_data_ram.g_sram\\[1\\].u_macro/dout0[9]\n',
 ' u_data_ram.g_sram\\[2\\].u_macro/dout0[0]\n',
 ' u_data_ram.g_sram\\[2\\].u_macro/dout0[10]\n',
 ' u_data_ram.g_sram\\[2\\].u_macro/dout0[11]\n',
 ' u_data_ram.g_sram\\[2\\].u_macro/dout0[12]\n',
 ' u_data_ram.g_sram\\[2\\].u_macro/dout0[13]\n',
 ' u_data_ram.g_sram\\[2\\].u_macro/dout0[14]\n',
 ' u_data_ram.g_sram\\[2\\].u_macro/dout0[15]\n',
 ' u_data_ram.g_sram\\[2\\].u_macro/dout0[16]\n',
 ' u_data_ram.g_sram\\[2\\].u_macro/dout0[17]\n',
 ' u_data_ram.g_sram\\[2\\].u_macro/dout0[18]\n',
 ' u_data_ram.g_sram\\[2\\].u_macro/dout0[19]\n',
 ' u_data_ram.g_sram\\[2\\].u_macro/dout0[1]\n',
 ' u_data_ram.g_sram\\[2\\].u_macro/dout0[20]\n',
 ' u_data_ram.g_sram\\[2\\].u_macro/dout0[21]\n',
 ' u_data_ram.g_sram\\[2\\].u_macro/dout0[22]\n',
 ' u_data_ram.g_sram\\[2\\].u_macro/dout0[23]\n',
 ' u_data_ram.g_sram\\[2\\].u_macro/dout0[24]\n',
 ' u_data_ram.g_sram\\[2\\].u_macro/dout0[25]\n',
 ' u_data_ram.g_sram\\[2\\].u_macro/dout0[26]\n',
 ' u_data_ram.g_sram\\[2\\].u_macro/dout0[27]\n',
 ' u_data_ram.g_sram\\[2\\].u_macro/dout0[28]\n',
 ' u_data_ram.g_sram\\[2\\].u_macro/dout0[29]\n',
 ' u_data_ram.g_sram\\[2\\].u_macro/dout0[2]\n',
 ' u_data_ram.g_sram\\[2\\].u_macro/dout0[30]\n',
 ' u_data_ram.g_sram\\[2\\].u_macro/dout0[31]\n',
 ' u_data_ram.g_sram\\[2\\].u_macro/dout0[3]\n',
 ' u_data_ram.g_sram\\[2\\].u_macro/dout0[4]\n',
 ' u_data_ram.g_sram\\[2\\].u_macro/dout0[5]\n',
 ' u_data_ram.g_sram\\[2\\].u_macro/dout0[6]\n',
 ' u_data_ram.g_sram\\[2\\].u_macro/dout0[7]\n',
 ' u_data_ram.g_sram\\[2\\].u_macro/dout0[8]\n',
 ' u_data_ram.g_sram\\[2\\].u_macro/dout0[9]\n',
 ' u_data_ram.g_sram\\[3\\].u_macro/dout0[0]\n',
 ' u_data_ram.g_sram\\[3\\].u_macro/dout0[10]\n',
 ' u_data_ram.g_sram\\[3\\].u_macro/dout0[11]\n',
 ' u_data_ram.g_sram\\[3\\].u_macro/dout0[12]\n',
 ' u_data_ram.g_sram\\[3\\].u_macro/dout0[13]\n',
 ' u_data_ram.g_sram\\[3\\].u_macro/dout0[14]\n',
 ' u_data_ram.g_sram\\[3\\].u_macro/dout0[15]\n',
 ' u_data_ram.g_sram\\[3\\].u_macro/dout0[16]\n',
 ' u_data_ram.g_sram\\[3\\].u_macro/dout0[17]\n',
 ' u_data_ram.g_sram\\[3\\].u_macro/dout0[18]\n',
 ' u_data_ram.g_sram\\[3\\].u_macro/dout0[19]\n',
 ' u_data_ram.g_sram\\[3\\].u_macro/dout0[1]\n',
 ' u_data_ram.g_sram\\[3\\].u_macro/dout0[20]\n',
 ' u_data_ram.g_sram\\[3\\].u_macro/dout0[21]\n',
 ' u_data_ram.g_sram\\[3\\].u_macro/dout0[22]\n',
 ' u_data_ram.g_sram\\[3\\].u_macro/dout0[23]\n',
 ' u_data_ram.g_sram\\[3\\].u_macro/dout0[24]\n',
 ' u_data_ram.g_sram\\[3\\].u_macro/dout0[25]\n',
 ' u_data_ram.g_sram\\[3\\].u_macro/dout0[26]\n',
 ' u_data_ram.g_sram\\[3\\].u_macro/dout0[27]\n',
 ' u_data_ram.g_sram\\[3\\].u_macro/dout0[28]\n',
 ' u_data_ram.g_sram\\[3\\].u_macro/dout0[29]\n',
 ' u_data_ram.g_sram\\[3\\].u_macro/dout0[2]\n',
 ' u_data_ram.g_sram\\[3\\].u_macro/dout0[30]\n',
 ' u_data_ram.g_sram\\[3\\].u_macro/dout0[31]\n',
 ' u_data_ram.g_sram\\[3\\].u_macro/dout0[3]\n',
 ' u_data_ram.g_sram\\[3\\].u_macro/dout0[4]\n',
 ' u_data_ram.g_sram\\[3\\].u_macro/dout0[5]\n',
 ' u_data_ram.g_sram\\[3\\].u_macro/dout0[6]\n',
 ' u_data_ram.g_sram\\[3\\].u_macro/dout0[7]\n',
 ' u_data_ram.g_sram\\[3\\].u_macro/dout0[8]\n',
 ' u_data_ram.g_sram\\[3\\].u_macro/dout0[9]\n',
 ' u_instruction_ram.g_sram\\[0\\].u_macro/dout0[0]\n',
 ' u_instruction_ram.g_sram\\[0\\].u_macro/dout0[10]\n',
 ' u_instruction_ram.g_sram\\[0\\].u_macro/dout0[11]\n',
 ' u_instruction_ram.g_sram\\[0\\].u_macro/dout0[12]\n',
 ' u_instruction_ram.g_sram\\[0\\].u_macro/dout0[13]\n',
 ' u_instruction_ram.g_sram\\[0\\].u_macro/dout0[14]\n',
 ' u_instruction_ram.g_sram\\[0\\].u_macro/dout0[15]\n',
 ' u_instruction_ram.g_sram\\[0\\].u_macro/dout0[16]\n',
 ' u_instruction_ram.g_sram\\[0\\].u_macro/dout0[17]\n',
 ' u_instruction_ram.g_sram\\[0\\].u_macro/dout0[18]\n',
 ' u_instruction_ram.g_sram\\[0\\].u_macro/dout0[19]\n',
 ' u_instruction_ram.g_sram\\[0\\].u_macro/dout0[1]\n',
 ' u_instruction_ram.g_sram\\[0\\].u_macro/dout0[20]\n',
 ' u_instruction_ram.g_sram\\[0\\].u_macro/dout0[21]\n',
 ' u_instruction_ram.g_sram\\[0\\].u_macro/dout0[22]\n',
 ' u_instruction_ram.g_sram\\[0\\].u_macro/dout0[23]\n',
 ' u_instruction_ram.g_sram\\[0\\].u_macro/dout0[24]\n',
 ' u_instruction_ram.g_sram\\[0\\].u_macro/dout0[25]\n',
 ' u_instruction_ram.g_sram\\[0\\].u_macro/dout0[26]\n',
 ' u_instruction_ram.g_sram\\[0\\].u_macro/dout0[27]\n',
 ' u_instruction_ram.g_sram\\[0\\].u_macro/dout0[28]\n',
 ' u_instruction_ram.g_sram\\[0\\].u_macro/dout0[29]\n',
 ' u_instruction_ram.g_sram\\[0\\].u_macro/dout0[2]\n',
 ' u_instruction_ram.g_sram\\[0\\].u_macro/dout0[30]\n',
 ' u_instruction_ram.g_sram\\[0\\].u_macro/dout0[31]\n',
 ' u_instruction_ram.g_sram\\[0\\].u_macro/dout0[3]\n',
 ' u_instruction_ram.g_sram\\[0\\].u_macro/dout0[4]\n',
 ' u_instruction_ram.g_sram\\[0\\].u_macro/dout0[5]\n',
 ' u_instruction_ram.g_sram\\[0\\].u_macro/dout0[6]\n',
 ' u_instruction_ram.g_sram\\[0\\].u_macro/dout0[7]\n',
 ' u_instruction_ram.g_sram\\[0\\].u_macro/dout0[8]\n',
 ' u_instruction_ram.g_sram\\[0\\].u_macro/dout0[9]\n',
 ' u_instruction_ram.g_sram\\[1\\].u_macro/dout0[0]\n',
 ' u_instruction_ram.g_sram\\[1\\].u_macro/dout0[10]\n',
 ' u_instruction_ram.g_sram\\[1\\].u_macro/dout0[11]\n',
 ' u_instruction_ram.g_sram\\[1\\].u_macro/dout0[12]\n',
 ' u_instruction_ram.g_sram\\[1\\].u_macro/dout0[13]\n',
 ' u_instruction_ram.g_sram\\[1\\].u_macro/dout0[14]\n',
 ' u_instruction_ram.g_sram\\[1\\].u_macro/dout0[15]\n',
 ' u_instruction_ram.g_sram\\[1\\].u_macro/dout0[16]\n',
 ' u_instruction_ram.g_sram\\[1\\].u_macro/dout0[17]\n',
 ' u_instruction_ram.g_sram\\[1\\].u_macro/dout0[18]\n',
 ' u_instruction_ram.g_sram\\[1\\].u_macro/dout0[19]\n',
 ' u_instruction_ram.g_sram\\[1\\].u_macro/dout0[1]\n',
 ' u_instruction_ram.g_sram\\[1\\].u_macro/dout0[20]\n',
 ' u_instruction_ram.g_sram\\[1\\].u_macro/dout0[21]\n',
 ' u_instruction_ram.g_sram\\[1\\].u_macro/dout0[22]\n',
 ' u_instruction_ram.g_sram\\[1\\].u_macro/dout0[23]\n',
 ' u_instruction_ram.g_sram\\[1\\].u_macro/dout0[24]\n',
 ' u_instruction_ram.g_sram\\[1\\].u_macro/dout0[25]\n',
 ' u_instruction_ram.g_sram\\[1\\].u_macro/dout0[26]\n',
 ' u_instruction_ram.g_sram\\[1\\].u_macro/dout0[27]\n',
 ' u_instruction_ram.g_sram\\[1\\].u_macro/dout0[28]\n',
 ' u_instruction_ram.g_sram\\[1\\].u_macro/dout0[29]\n',
 ' u_instruction_ram.g_sram\\[1\\].u_macro/dout0[2]\n',
 ' u_instruction_ram.g_sram\\[1\\].u_macro/dout0[30]\n',
 ' u_instruction_ram.g_sram\\[1\\].u_macro/dout0[31]\n',
 ' u_instruction_ram.g_sram\\[1\\].u_macro/dout0[3]\n',
 ' u_instruction_ram.g_sram\\[1\\].u_macro/dout0[4]\n',
 ' u_instruction_ram.g_sram\\[1\\].u_macro/dout0[5]\n',
 ' u_instruction_ram.g_sram\\[1\\].u_macro/dout0[6]\n',
 ' u_instruction_ram.g_sram\\[1\\].u_macro/dout0[7]\n',
 ' u_instruction_ram.g_sram\\[1\\].u_macro/dout0[8]\n',
 ' u_instruction_ram.g_sram\\[1\\].u_macro/dout0[9]\n',
 ' u_instruction_ram.g_sram\\[2\\].u_macro/dout0[0]\n',
 ' u_instruction_ram.g_sram\\[2\\].u_macro/dout0[10]\n',
 ' u_instruction_ram.g_sram\\[2\\].u_macro/dout0[11]\n',
 ' u_instruction_ram.g_sram\\[2\\].u_macro/dout0[12]\n',
 ' u_instruction_ram.g_sram\\[2\\].u_macro/dout0[13]\n',
 ' u_instruction_ram.g_sram\\[2\\].u_macro/dout0[14]\n',
 ' u_instruction_ram.g_sram\\[2\\].u_macro/dout0[15]\n',
 ' u_instruction_ram.g_sram\\[2\\].u_macro/dout0[16]\n',
 ' u_instruction_ram.g_sram\\[2\\].u_macro/dout0[17]\n',
 ' u_instruction_ram.g_sram\\[2\\].u_macro/dout0[18]\n',
 ' u_instruction_ram.g_sram\\[2\\].u_macro/dout0[19]\n',
 ' u_instruction_ram.g_sram\\[2\\].u_macro/dout0[1]\n',
 ' u_instruction_ram.g_sram\\[2\\].u_macro/dout0[20]\n',
 ' u_instruction_ram.g_sram\\[2\\].u_macro/dout0[21]\n',
 ' u_instruction_ram.g_sram\\[2\\].u_macro/dout0[22]\n',
 ' u_instruction_ram.g_sram\\[2\\].u_macro/dout0[23]\n',
 ' u_instruction_ram.g_sram\\[2\\].u_macro/dout0[24]\n',
 ' u_instruction_ram.g_sram\\[2\\].u_macro/dout0[25]\n',
 ' u_instruction_ram.g_sram\\[2\\].u_macro/dout0[26]\n',
 ' u_instruction_ram.g_sram\\[2\\].u_macro/dout0[27]\n',
 ' u_instruction_ram.g_sram\\[2\\].u_macro/dout0[28]\n',
 ' u_instruction_ram.g_sram\\[2\\].u_macro/dout0[29]\n',
 ' u_instruction_ram.g_sram\\[2\\].u_macro/dout0[2]\n',
 ' u_instruction_ram.g_sram\\[2\\].u_macro/dout0[30]\n',
 ' u_instruction_ram.g_sram\\[2\\].u_macro/dout0[31]\n',
 ' u_instruction_ram.g_sram\\[2\\].u_macro/dout0[3]\n',
 ' u_instruction_ram.g_sram\\[2\\].u_macro/dout0[4]\n',
 ' u_instruction_ram.g_sram\\[2\\].u_macro/dout0[5]\n',
 ' u_instruction_ram.g_sram\\[2\\].u_macro/dout0[6]\n',
 ' u_instruction_ram.g_sram\\[2\\].u_macro/dout0[7]\n',
 ' u_instruction_ram.g_sram\\[2\\].u_macro/dout0[8]\n',
 ' u_instruction_ram.g_sram\\[2\\].u_macro/dout0[9]\n',
 ' u_instruction_ram.g_sram\\[3\\].u_macro/dout0[0]\n',
 ' u_instruction_ram.g_sram\\[3\\].u_macro/dout0[10]\n',
 ' u_instruction_ram.g_sram\\[3\\].u_macro/dout0[11]\n',
 ' u_instruction_ram.g_sram\\[3\\].u_macro/dout0[12]\n',
 ' u_instruction_ram.g_sram\\[3\\].u_macro/dout0[13]\n',
 ' u_instruction_ram.g_sram\\[3\\].u_macro/dout0[14]\n',
 ' u_instruction_ram.g_sram\\[3\\].u_macro/dout0[15]\n',
 ' u_instruction_ram.g_sram\\[3\\].u_macro/dout0[16]\n',
 ' u_instruction_ram.g_sram\\[3\\].u_macro/dout0[17]\n',
 ' u_instruction_ram.g_sram\\[3\\].u_macro/dout0[18]\n',
 ' u_instruction_ram.g_sram\\[3\\].u_macro/dout0[19]\n',
 ' u_instruction_ram.g_sram\\[3\\].u_macro/dout0[1]\n',
 ' u_instruction_ram.g_sram\\[3\\].u_macro/dout0[20]\n',
 ' u_instruction_ram.g_sram\\[3\\].u_macro/dout0[21]\n',
 ' u_instruction_ram.g_sram\\[3\\].u_macro/dout0[22]\n',
 ' u_instruction_ram.g_sram\\[3\\].u_macro/dout0[23]\n',
 ' u_instruction_ram.g_sram\\[3\\].u_macro/dout0[24]\n',
 ' u_instruction_ram.g_sram\\[3\\].u_macro/dout0[25]\n',
 ' u_instruction_ram.g_sram\\[3\\].u_macro/dout0[26]\n',
 ' u_instruction_ram.g_sram\\[3\\].u_macro/dout0[27]\n',
 ' u_instruction_ram.g_sram\\[3\\].u_macro/dout0[28]\n',
 ' u_instruction_ram.g_sram\\[3\\].u_macro/dout0[29]\n',
 ' u_instruction_ram.g_sram\\[3\\].u_macro/dout0[2]\n',
 ' u_instruction_ram.g_sram\\[3\\].u_macro/dout0[30]\n',
 ' u_instruction_ram.g_sram\\[3\\].u_macro/dout0[31]\n',
 ' u_instruction_ram.g_sram\\[3\\].u_macro/dout0[3]\n',
 ' u_instruction_ram.g_sram\\[3\\].u_macro/dout0[4]\n',
 ' u_instruction_ram.g_sram\\[3\\].u_macro/dout0[5]\n',
 ' u_instruction_ram.g_sram\\[3\\].u_macro/dout0[6]\n',
 ' u_instruction_ram.g_sram\\[3\\].u_macro/dout0[7]\n',
 ' u_instruction_ram.g_sram\\[3\\].u_macro/dout0[8]\n',
 ' u_instruction_ram.g_sram\\[3\\].u_macro/dout0[9]\n',
 'Found 0 partially unannotated drivers.\n',
 '\n']
Reported nets:
['i2c_scl_i',
 '_122334__6397/LO',
 'clkload0/X',
 'clkload1/Y',
 'clkload10/Y',
 'clkload100/Y',
 'clkload1000/Y',
 'clkload1001/Y',
 'clkload1002/Y',
 'clkload1003/Y',
 'clkload1004/Y',
 'clkload1005/Y',
 'clkload1006/Y',
 'clkload1007/Y',
 'clkload1008/Y',
 'clkload1009/Y',
 'clkload101/Y',
 'clkload102/Y',
 'clkload103/X',
 'clkload104/Y',
 'clkload105/X',
 'clkload106/Y',
 'clkload107/X',
 'clkload108/X',
 'clkload109/Y',
 'clkload11/Y',
 'clkload110/X',
 'clkload111/Y',
 'clkload112/X',
 'clkload113/Y',
 'clkload114/Y',
 'clkload115/Y',
 'clkload116/Y',
 'clkload117/Y',
 'clkload118/X',
 'clkload119/Y',
 'clkload12/Y',
 'clkload120/Y',
 'clkload121/Y',
 'clkload122/Y',
 'clkload123/Y',
 'clkload124/X',
 'clkload125/Y',
 'clkload126/X',
 'clkload127/Y',
 'clkload128/X',
 'clkload129/X',
 'clkload13/Y',
 'clkload130/X',
 'clkload131/X',
 'clkload132/X',
 'clkload133/X',
 'clkload134/Y',
 'clkload135/Y',
 'clkload136/X',
 'clkload137/X',
 'clkload138/X',
 'clkload139/Y',
 'clkload14/Y',
 'clkload140/Y',
 'clkload141/X',
 'clkload142/X',
 'clkload143/X',
 'clkload144/X',
 'clkload145/X',
 'clkload146/X',
 'clkload147/X',
 'clkload148/X',
 'clkload149/Y',
 'clkload15/X',
 'clkload150/X',
 'clkload151/X',
 'clkload152/X',
 'clkload153/X',
 'clkload154/X',
 'clkload155/Y',
 'clkload156/Y',
 'clkload157/X',
 'clkload158/Y',
 'clkload159/X',
 'clkload16/X',
 'clkload160/X',
 'clkload161/X',
 'clkload162/X',
 'clkload163/Y',
 'clkload164/X',
 'clkload165/X',
 'clkload166/X',
 'clkload167/X',
 'clkload168/X',
 'clkload169/X',
 'clkload17/Y',
 'clkload170/X',
 'clkload171/X',
 'clkload172/Y',
 'clkload173/Y',
 'clkload174/X',
 'clkload175/X',
 'clkload176/X',
 'clkload177/X',
 'clkload178/X',
 'clkload179/X',
 'clkload18/X',
 'clkload180/X',
 'clkload181/X',
 'clkload182/X',
 'clkload183/X',
 'clkload184/X',
 'clkload185/X',
 'clkload186/X',
 'clkload187/X',
 'clkload188/X',
 'clkload189/X',
 'clkload19/X',
 'clkload190/Y',
 'clkload191/X',
 'clkload192/X',
 'clkload193/X',
 'clkload194/Y',
 'clkload195/X',
 'clkload196/X',
 'clkload197/X',
 'clkload198/X',
 'clkload199/X',
 'clkload2/Y',
 'clkload20/Y',
 'clkload200/X',
 'clkload201/Y',
 'clkload202/Y',
 'clkload203/Y',
 'clkload204/Y',
 'clkload205/X',
 'clkload206/X',
 'clkload207/X',
 'clkload208/Y',
 'clkload209/X',
 'clkload21/X',
 'clkload210/X',
 'clkload211/Y',
 'clkload212/Y',
 'clkload213/X',
 'clkload214/X',
 'clkload215/Y',
 'clkload216/X',
 'clkload217/X',
 'clkload218/Y',
 'clkload219/Y',
 'clkload22/Y',
 'clkload220/X',
 'clkload221/X',
 'clkload222/X',
 'clkload223/X',
 'clkload224/X',
 'clkload225/X',
 'clkload226/X',
 'clkload227/X',
 'clkload228/X',
 'clkload229/Y',
 'clkload23/X',
 'clkload230/X',
 'clkload231/X',
 'clkload232/X',
 'clkload233/X',
 'clkload234/X',
 'clkload235/X',
 'clkload236/Y',
 'clkload237/X',
 'clkload238/Y',
 'clkload239/X',
 'clkload24/Y',
 'clkload240/X',
 'clkload241/X',
 'clkload242/X',
 'clkload243/X',
 'clkload244/X',
 'clkload245/X',
 'clkload246/X',
 'clkload247/X',
 'clkload248/X',
 'clkload249/Y',
 'clkload25/Y',
 'clkload250/Y',
 'clkload251/X',
 'clkload252/X',
 'clkload253/X',
 'clkload254/X',
 'clkload255/X',
 'clkload256/X',
 'clkload257/X',
 'clkload258/X',
 'clkload259/X',
 'clkload26/Y',
 'clkload260/X',
 'clkload261/Y',
 'clkload262/X',
 'clkload263/X',
 'clkload264/X',
 'clkload265/X',
 'clkload266/X',
 'clkload267/X',
 'clkload268/X',
 'clkload269/Y',
 'clkload27/Y',
 'clkload270/X',
 'clkload271/Y',
 'clkload272/X',
 'clkload273/X',
 'clkload274/Y',
 'clkload275/Y',
 'clkload276/X',
 'clkload277/X',
 'clkload278/X',
 'clkload279/X',
 'clkload28/Y',
 'clkload280/X',
 'clkload281/X',
 'clkload282/X',
 'clkload283/Y',
 'clkload284/Y',
 'clkload285/X',
 'clkload286/X',
 'clkload287/X',
 'clkload288/Y',
 'clkload289/X',
 'clkload29/X',
 'clkload290/X',
 'clkload291/X',
 'clkload292/X',
 'clkload293/X',
 'clkload294/X',
 'clkload295/X',
 'clkload296/X',
 'clkload297/X',
 'clkload298/X',
 'clkload299/Y',
 'clkload3/Y',
 'clkload30/Y',
 'clkload300/Y',
 'clkload301/X',
 'clkload302/X',
 'clkload303/X',
 'clkload304/X',
 'clkload305/Y',
 'clkload306/X',
 'clkload307/X',
 'clkload308/X',
 'clkload309/Y',
 'clkload31/X',
 'clkload310/X',
 'clkload311/X',
 'clkload312/X',
 'clkload313/X',
 'clkload314/X',
 'clkload315/X',
 'clkload316/X',
 'clkload317/X',
 'clkload318/X',
 'clkload319/X',
 'clkload32/Y',
 'clkload320/X',
 'clkload321/Y',
 'clkload322/X',
 'clkload323/X',
 'clkload324/X',
 'clkload325/X',
 'clkload326/X',
 'clkload327/X',
 'clkload328/X',
 'clkload329/Y',
 'clkload33/Y',
 'clkload330/X',
 'clkload331/X',
 'clkload332/X',
 'clkload333/X',
 'clkload334/Y',
 'clkload335/Y',
 'clkload336/Y',
 'clkload337/Y',
 'clkload338/Y',
 'clkload339/X',
 'clkload34/X',
 'clkload340/Y',
 'clkload341/X',
 'clkload342/X',
 'clkload343/X',
 'clkload344/X',
 'clkload345/X',
 'clkload346/X',
 'clkload347/X',
 'clkload348/X',
 'clkload349/X',
 'clkload35/Y',
 'clkload350/X',
 'clkload351/X',
 'clkload352/X',
 'clkload353/Y',
 'clkload354/Y',
 'clkload355/X',
 'clkload356/X',
 'clkload357/X',
 'clkload358/X',
 'clkload359/X',
 'clkload36/Y',
 'clkload360/X',
 'clkload361/X',
 'clkload362/X',
 'clkload363/X',
 'clkload364/X',
 'clkload365/X',
 'clkload366/X',
 'clkload367/X',
 'clkload368/X',
 'clkload369/X',
 'clkload37/Y',
 'clkload370/X',
 'clkload371/X',
 'clkload372/X',
 'clkload373/X',
 'clkload374/X',
 'clkload375/Y',
 'clkload376/X',
 'clkload377/X',
 'clkload378/X',
 'clkload379/X',
 'clkload38/Y',
 'clkload380/X',
 'clkload381/X',
 'clkload382/X',
 'clkload383/X',
 'clkload384/Y',
 'clkload385/Y',
 'clkload386/Y',
 'clkload387/Y',
 'clkload388/Y',
 'clkload389/X',
 'clkload39/X',
 'clkload390/X',
 'clkload391/Y',
 'clkload392/X',
 'clkload393/X',
 'clkload394/Y',
 'clkload395/X',
 'clkload396/X',
 'clkload397/Y',
 'clkload398/X',
 'clkload399/X',
 'clkload4/Y',
 'clkload40/Y',
 'clkload400/X',
 'clkload401/X',
 'clkload402/Y',
 'clkload403/X',
 'clkload404/X',
 'clkload405/X',
 'clkload406/Y',
 'clkload407/Y',
 'clkload408/X',
 'clkload409/X',
 'clkload41/X',
 'clkload410/Y',
 'clkload411/Y',
 'clkload412/X',
 'clkload413/Y',
 'clkload414/Y',
 'clkload415/Y',
 'clkload416/X',
 'clkload417/Y',
 'clkload418/X',
 'clkload419/X',
 'clkload42/Y',
 'clkload420/X',
 'clkload421/Y',
 'clkload422/X',
 'clkload423/X',
 'clkload424/X',
 'clkload425/X',
 'clkload426/X',
 'clkload427/X',
 'clkload428/X',
 'clkload429/Y',
 'clkload43/Y',
 'clkload430/Y',
 'clkload431/Y',
 'clkload432/Y',
 'clkload433/Y',
 'clkload434/X',
 'clkload435/X',
 'clkload436/X',
 'clkload437/X',
 'clkload438/X',
 'clkload439/X',
 'clkload44/Y',
 'clkload440/X',
 'clkload441/X',
 'clkload442/X',
 'clkload443/X',
 'clkload444/X',
 'clkload445/X',
 'clkload446/Y',
 'clkload447/Y',
 'clkload448/X',
 'clkload449/X',
 'clkload45/Y',
 'clkload450/X',
 'clkload451/X',
 'clkload452/Y',
 'clkload453/Y',
 'clkload454/X',
 'clkload455/X',
 'clkload456/X',
 'clkload457/X',
 'clkload458/Y',
 'clkload459/X',
 'clkload46/Y',
 'clkload460/Y',
 'clkload461/Y',
 'clkload462/X',
 'clkload463/Y',
 'clkload464/X',
 'clkload465/Y',
 'clkload466/X',
 'clkload467/Y',
 'clkload468/X',
 'clkload469/X',
 'clkload47/X',
 'clkload470/X',
 'clkload471/X',
 'clkload472/X',
 'clkload473/X',
 'clkload474/X',
 'clkload475/X',
 'clkload476/Y',
 'clkload477/X',
 'clkload478/X',
 'clkload479/X',
 'clkload48/Y',
 'clkload480/X',
 'clkload481/X',
 'clkload482/X',
 'clkload483/X',
 'clkload484/X',
 'clkload485/Y',
 'clkload486/X',
 'clkload487/Y',
 'clkload488/X',
 'clkload489/Y',
 'clkload49/Y',
 'clkload490/Y',
 'clkload491/Y',
 'clkload492/X',
 'clkload493/Y',
 'clkload494/X',
 'clkload495/X',
 'clkload496/Y',
 'clkload497/X',
 'clkload498/X',
 'clkload499/Y',
 'clkload5/Y',
 'clkload50/Y',
 'clkload500/X',
 'clkload501/Y',
 'clkload502/X',
 'clkload503/X',
 'clkload504/Y',
 'clkload505/Y',
 'clkload506/X',
 'clkload507/Y',
 'clkload508/X',
 'clkload509/X',
 'clkload51/Y',
 'clkload510/X',
 'clkload511/X',
 'clkload512/X',
 'clkload513/X',
 'clkload514/Y',
 'clkload515/X',
 'clkload516/Y',
 'clkload517/Y',
 'clkload518/X',
 'clkload519/Y',
 'clkload52/X',
 'clkload520/X',
 'clkload521/Y',
 'clkload522/X',
 'clkload523/X',
 'clkload524/X',
 'clkload525/X',
 'clkload526/X',
 'clkload527/Y',
 'clkload528/X',
 'clkload529/X',
 'clkload53/Y',
 'clkload530/Y',
 'clkload531/Y',
 'clkload532/X',
 'clkload533/Y',
 'clkload534/X',
 'clkload535/Y',
 'clkload536/X',
 'clkload537/Y',
 'clkload538/X',
 'clkload539/Y',
 'clkload54/Y',
 'clkload540/X',
 'clkload541/X',
 'clkload542/Y',
 'clkload543/X',
 'clkload544/X',
 'clkload545/X',
 'clkload546/X',
 'clkload547/X',
 'clkload548/X',
 'clkload549/Y',
 'clkload55/Y',
 'clkload550/X',
 'clkload551/X',
 'clkload552/Y',
 'clkload553/X',
 'clkload554/X',
 'clkload555/X',
 'clkload556/X',
 'clkload557/X',
 'clkload558/X',
 'clkload559/X',
 'clkload56/Y',
 'clkload560/X',
 'clkload561/Y',
 'clkload562/X',
 'clkload563/X',
 'clkload564/X',
 'clkload565/X',
 'clkload566/X',
 'clkload567/X',
 'clkload568/X',
 'clkload569/X',
 'clkload57/Y',
 'clkload570/X',
 'clkload571/X',
 'clkload572/X',
 'clkload573/X',
 'clkload574/Y',
 'clkload575/X',
 'clkload576/X',
 'clkload577/X',
 'clkload578/X',
 'clkload579/Y',
 'clkload58/Y',
 'clkload580/X',
 'clkload581/X',
 'clkload582/X',
 'clkload583/X',
 'clkload584/Y',
 'clkload585/Y',
 'clkload586/Y',
 'clkload587/Y',
 'clkload588/X',
 'clkload589/Y',
 'clkload59/Y',
 'clkload590/Y',
 'clkload591/X',
 'clkload592/Y',
 'clkload593/Y',
 'clkload594/X',
 'clkload595/X',
 'clkload596/Y',
 'clkload597/X',
 'clkload598/X',
 'clkload599/X',
 'clkload6/Y',
 'clkload60/Y',
 'clkload600/X',
 'clkload601/Y',
 'clkload602/X',
 'clkload603/X',
 'clkload604/X',
 'clkload605/X',
 'clkload606/Y',
 'clkload607/X',
 'clkload608/X',
 'clkload609/X',
 'clkload61/X',
 'clkload610/X',
 'clkload611/X',
 'clkload612/X',
 'clkload613/X',
 'clkload614/X',
 'clkload615/X',
 'clkload616/X',
 'clkload617/X',
 'clkload618/X',
 'clkload619/X',
 'clkload62/Y',
 'clkload620/Y',
 'clkload621/X',
 'clkload622/Y',
 'clkload623/X',
 'clkload624/X',
 'clkload625/Y',
 'clkload626/X',
 'clkload627/X',
 'clkload628/X',
 'clkload629/X',
 'clkload63/Y',
 'clkload630/X',
 'clkload631/X',
 'clkload632/X',
 'clkload633/X',
 'clkload634/X',
 'clkload635/X',
 'clkload636/X',
 'clkload637/Y',
 'clkload638/X',
 'clkload639/X',
 'clkload64/X',
 'clkload640/X',
 'clkload641/X',
 'clkload642/Y',
 'clkload643/X',
 'clkload644/X',
 'clkload645/X',
 'clkload646/X',
 'clkload647/Y',
 'clkload648/X',
 'clkload649/X',
 'clkload65/Y',
 'clkload650/X',
 'clkload651/X',
 'clkload652/X',
 'clkload653/Y',
 'clkload654/X',
 'clkload655/X',
 'clkload656/Y',
 'clkload657/X',
 'clkload658/X',
 'clkload659/X',
 'clkload66/Y',
 'clkload660/X',
 'clkload661/X',
 'clkload662/X',
 'clkload663/X',
 'clkload664/X',
 'clkload665/X',
 'clkload666/X',
 'clkload667/X',
 'clkload668/X',
 'clkload669/X',
 'clkload67/Y',
 'clkload670/Y',
 'clkload671/Y',
 'clkload672/X',
 'clkload673/Y',
 'clkload674/Y',
 'clkload675/Y',
 'clkload676/X',
 'clkload677/X',
 'clkload678/Y',
 'clkload679/Y',
 'clkload68/Y',
 'clkload680/Y',
 'clkload681/X',
 'clkload682/X',
 'clkload683/X',
 'clkload684/X',
 'clkload685/X',
 'clkload686/X',
 'clkload687/X',
 'clkload688/X',
 'clkload689/X',
 'clkload69/Y',
 'clkload690/X',
 'clkload691/X',
 'clkload692/Y',
 'clkload693/X',
 'clkload694/X',
 'clkload695/X',
 'clkload696/X',
 'clkload697/X',
 'clkload698/X',
 'clkload699/X',
 'clkload7/Y',
 'clkload70/Y',
 'clkload700/X',
 'clkload701/X',
 'clkload702/X',
 'clkload703/X',
 'clkload704/X',
 'clkload705/X',
 'clkload706/X',
 'clkload707/Y',
 'clkload708/X',
 'clkload709/X',
 'clkload71/Y',
 'clkload710/X',
 'clkload711/X',
 'clkload712/Y',
 'clkload713/X',
 'clkload714/Y',
 'clkload715/Y',
 'clkload716/X',
 'clkload717/Y',
 'clkload718/X',
 'clkload719/Y',
 'clkload72/Y',
 'clkload720/X',
 'clkload721/Y',
 'clkload722/X',
 'clkload723/X',
 'clkload724/Y',
 'clkload725/Y',
 'clkload726/Y',
 'clkload727/X',
 'clkload728/X',
 'clkload729/Y',
 'clkload73/Y',
 'clkload730/X',
 'clkload731/X',
 'clkload732/Y',
 'clkload733/X',
 'clkload734/Y',
 'clkload735/X',
 'clkload736/X',
 'clkload737/Y',
 'clkload738/X',
 'clkload739/Y',
 'clkload74/X',
 'clkload740/X',
 'clkload741/X',
 'clkload742/X',
 'clkload743/X',
 'clkload744/X',
 'clkload745/X',
 'clkload746/X',
 'clkload747/X',
 'clkload748/Y',
 'clkload749/X',
 'clkload75/Y',
 'clkload750/Y',
 'clkload751/X',
 'clkload752/X',
 'clkload753/X',
 'clkload754/Y',
 'clkload755/X',
 'clkload756/X',
 'clkload757/Y',
 'clkload758/Y',
 'clkload759/Y',
 'clkload76/Y',
 'clkload760/Y',
 'clkload761/X',
 'clkload762/X',
 'clkload763/Y',
 'clkload764/Y',
 'clkload765/Y',
 'clkload766/Y',
 'clkload767/X',
 'clkload768/X',
 'clkload769/X',
 'clkload77/Y',
 'clkload770/X',
 'clkload771/X',
 'clkload772/Y',
 'clkload773/X',
 'clkload774/X',
 'clkload775/X',
 'clkload776/Y',
 'clkload777/Y',
 'clkload778/Y',
 'clkload779/X',
 'clkload78/Y',
 'clkload780/X',
 'clkload781/Y',
 'clkload782/Y',
 'clkload783/X',
 'clkload784/X',
 'clkload785/X',
 'clkload786/X',
 'clkload787/X',
 'clkload788/Y',
 'clkload789/Y',
 'clkload79/X',
 'clkload790/Y',
 'clkload791/X',
 'clkload792/Y',
 'clkload793/Y',
 'clkload794/X',
 'clkload795/Y',
 'clkload796/Y',
 'clkload797/Y',
 'clkload798/Y',
 'clkload799/Y',
 'clkload8/Y',
 'clkload80/Y',
 'clkload800/Y',
 'clkload801/X',
 'clkload802/Y',
 'clkload803/Y',
 'clkload804/Y',
 'clkload805/Y',
 'clkload806/X',
 'clkload807/X',
 'clkload808/X',
 'clkload809/X',
 'clkload81/Y',
 'clkload810/X',
 'clkload811/Y',
 'clkload812/X',
 'clkload813/X',
 'clkload814/X',
 'clkload815/X',
 'clkload816/X',
 'clkload817/Y',
 'clkload818/X',
 'clkload819/X',
 'clkload82/Y',
 'clkload820/X',
 'clkload821/X',
 'clkload822/X',
 'clkload823/X',
 'clkload824/X',
 'clkload825/X',
 'clkload826/Y',
 'clkload827/X',
 'clkload828/Y',
 'clkload829/X',
 'clkload83/Y',
 'clkload830/Y',
 'clkload831/Y',
 'clkload832/Y',
 'clkload833/Y',
 'clkload834/Y',
 'clkload835/X',
 'clkload836/X',
 'clkload837/Y',
 'clkload838/X',
 'clkload839/X',
 'clkload84/X',
 'clkload840/Y',
 'clkload841/X',
 'clkload842/Y',
 'clkload843/Y',
 'clkload844/Y',
 'clkload845/X',
 'clkload846/X',
 'clkload847/Y',
 'clkload848/X',
 'clkload849/X',
 'clkload85/Y',
 'clkload850/X',
 'clkload851/X',
 'clkload852/Y',
 'clkload853/X',
 'clkload854/X',
 'clkload855/X',
 'clkload856/X',
 'clkload857/Y',
 'clkload858/X',
 'clkload859/X',
 'clkload86/Y',
 'clkload860/Y',
 'clkload861/X',
 'clkload862/X',
 'clkload863/X',
 'clkload864/X',
 'clkload865/X',
 'clkload866/X',
 'clkload867/X',
 'clkload868/X',
 'clkload869/X',
 'clkload87/Y',
 'clkload870/X',
 'clkload871/X',
 'clkload872/X',
 'clkload873/Y',
 'clkload874/Y',
 'clkload875/Y',
 'clkload876/X',
 'clkload877/X',
 'clkload878/X',
 'clkload879/X',
 'clkload88/Y',
 'clkload880/X',
 'clkload881/X',
 'clkload882/Y',
 'clkload883/Y',
 'clkload884/X',
 'clkload885/Y',
 'clkload886/X',
 'clkload887/Y',
 'clkload888/X',
 'clkload889/X',
 'clkload89/Y',
 'clkload890/X',
 'clkload891/X',
 'clkload892/X',
 'clkload893/X',
 'clkload894/Y',
 'clkload895/X',
 'clkload896/Y',
 'clkload897/Y',
 'clkload898/Y',
 'clkload899/Y',
 'clkload9/Y',
 'clkload90/X',
 'clkload900/Y',
 'clkload901/Y',
 'clkload902/Y',
 'clkload903/Y',
 'clkload904/Y',
 'clkload905/Y',
 'clkload906/Y',
 'clkload907/X',
 'clkload908/Y',
 'clkload909/X',
 'clkload91/X',
 'clkload910/X',
 'clkload911/X',
 'clkload912/Y',
 'clkload913/X',
 'clkload914/X',
 'clkload915/Y',
 'clkload916/Y',
 'clkload917/Y',
 'clkload918/X',
 'clkload919/X',
 'clkload92/X',
 'clkload920/X',
 'clkload921/X',
 'clkload922/X',
 'clkload923/Y',
 'clkload924/Y',
 'clkload925/Y',
 'clkload926/X',
 'clkload927/X',
 'clkload928/X',
 'clkload929/X',
 'clkload93/Y',
 'clkload930/X',
 'clkload931/X',
 'clkload932/X',
 'clkload933/X',
 'clkload934/X',
 'clkload935/X',
 'clkload936/X',
 'clkload937/X',
 'clkload938/X',
 'clkload939/X',
 'clkload94/X',
 'clkload940/Y',
 'clkload941/X',
 'clkload942/X',
 'clkload943/Y',
 'clkload944/Y',
 'clkload945/Y',
 'clkload946/X',
 'clkload947/Y',
 'clkload948/X',
 'clkload949/X',
 'clkload95/X',
 'clkload950/X',
 'clkload951/X',
 'clkload952/X',
 'clkload953/X',
 'clkload954/Y',
 'clkload955/Y',
 'clkload956/X',
 'clkload957/Y',
 'clkload958/Y',
 'clkload959/Y',
 'clkload96/X',
 'clkload960/Y',
 'clkload961/Y',
 'clkload962/Y',
 'clkload963/Y',
 'clkload964/Y',
 'clkload965/Y',
 'clkload966/Y',
 'clkload967/X',
 'clkload968/X',
 'clkload969/Y',
 'clkload97/X',
 'clkload970/X',
 'clkload971/X',
 'clkload972/Y',
 'clkload973/X',
 'clkload974/X',
 'clkload975/X',
 'clkload976/X',
 'clkload977/Y',
 'clkload978/X',
 'clkload979/Y',
 'clkload98/X',
 'clkload980/X',
 'clkload981/X',
 'clkload982/X',
 'clkload983/X',
 'clkload984/Y',
 'clkload985/X',
 'clkload986/X',
 'clkload987/X',
 'clkload988/X',
 'clkload989/X',
 'clkload99/Y',
 'clkload990/X',
 'clkload991/X',
 'clkload992/Y',
 'clkload993/X',
 'clkload994/Y',
 'clkload995/Y',
 'clkload996/Y',
 'clkload997/Y',
 'clkload998/Y',
 'clkload999/Y',
 'soc_top/HI',
 'soc_top_6396/HI',
 'u_data_ram.g_sram\\[0\\].u_macro/dout0[0]',
 'u_data_ram.g_sram\\[0\\].u_macro/dout0[10]',
 'u_data_ram.g_sram\\[0\\].u_macro/dout0[11]',
 'u_data_ram.g_sram\\[0\\].u_macro/dout0[12]',
 'u_data_ram.g_sram\\[0\\].u_macro/dout0[13]',
 'u_data_ram.g_sram\\[0\\].u_macro/dout0[14]',
 'u_data_ram.g_sram\\[0\\].u_macro/dout0[15]',
 'u_data_ram.g_sram\\[0\\].u_macro/dout0[16]',
 'u_data_ram.g_sram\\[0\\].u_macro/dout0[17]',
 'u_data_ram.g_sram\\[0\\].u_macro/dout0[18]',
 'u_data_ram.g_sram\\[0\\].u_macro/dout0[19]',
 'u_data_ram.g_sram\\[0\\].u_macro/dout0[1]',
 'u_data_ram.g_sram\\[0\\].u_macro/dout0[20]',
 'u_data_ram.g_sram\\[0\\].u_macro/dout0[21]',
 'u_data_ram.g_sram\\[0\\].u_macro/dout0[22]',
 'u_data_ram.g_sram\\[0\\].u_macro/dout0[23]',
 'u_data_ram.g_sram\\[0\\].u_macro/dout0[24]',
 'u_data_ram.g_sram\\[0\\].u_macro/dout0[25]',
 'u_data_ram.g_sram\\[0\\].u_macro/dout0[26]',
 'u_data_ram.g_sram\\[0\\].u_macro/dout0[27]',
 'u_data_ram.g_sram\\[0\\].u_macro/dout0[28]',
 'u_data_ram.g_sram\\[0\\].u_macro/dout0[29]',
 'u_data_ram.g_sram\\[0\\].u_macro/dout0[2]',
 'u_data_ram.g_sram\\[0\\].u_macro/dout0[30]',
 'u_data_ram.g_sram\\[0\\].u_macro/dout0[31]',
 'u_data_ram.g_sram\\[0\\].u_macro/dout0[3]',
 'u_data_ram.g_sram\\[0\\].u_macro/dout0[4]',
 'u_data_ram.g_sram\\[0\\].u_macro/dout0[5]',
 'u_data_ram.g_sram\\[0\\].u_macro/dout0[6]',
 'u_data_ram.g_sram\\[0\\].u_macro/dout0[7]',
 'u_data_ram.g_sram\\[0\\].u_macro/dout0[8]',
 'u_data_ram.g_sram\\[0\\].u_macro/dout0[9]',
 'u_data_ram.g_sram\\[1\\].u_macro/dout0[0]',
 'u_data_ram.g_sram\\[1\\].u_macro/dout0[10]',
 'u_data_ram.g_sram\\[1\\].u_macro/dout0[11]',
 'u_data_ram.g_sram\\[1\\].u_macro/dout0[12]',
 'u_data_ram.g_sram\\[1\\].u_macro/dout0[13]',
 'u_data_ram.g_sram\\[1\\].u_macro/dout0[14]',
 'u_data_ram.g_sram\\[1\\].u_macro/dout0[15]',
 'u_data_ram.g_sram\\[1\\].u_macro/dout0[16]',
 'u_data_ram.g_sram\\[1\\].u_macro/dout0[17]',
 'u_data_ram.g_sram\\[1\\].u_macro/dout0[18]',
 'u_data_ram.g_sram\\[1\\].u_macro/dout0[19]',
 'u_data_ram.g_sram\\[1\\].u_macro/dout0[1]',
 'u_data_ram.g_sram\\[1\\].u_macro/dout0[20]',
 'u_data_ram.g_sram\\[1\\].u_macro/dout0[21]',
 'u_data_ram.g_sram\\[1\\].u_macro/dout0[22]',
 'u_data_ram.g_sram\\[1\\].u_macro/dout0[23]',
 'u_data_ram.g_sram\\[1\\].u_macro/dout0[24]',
 'u_data_ram.g_sram\\[1\\].u_macro/dout0[25]',
 'u_data_ram.g_sram\\[1\\].u_macro/dout0[26]',
 'u_data_ram.g_sram\\[1\\].u_macro/dout0[27]',
 'u_data_ram.g_sram\\[1\\].u_macro/dout0[28]',
 'u_data_ram.g_sram\\[1\\].u_macro/dout0[29]',
 'u_data_ram.g_sram\\[1\\].u_macro/dout0[2]',
 'u_data_ram.g_sram\\[1\\].u_macro/dout0[30]',
 'u_data_ram.g_sram\\[1\\].u_macro/dout0[31]',
 'u_data_ram.g_sram\\[1\\].u_macro/dout0[3]',
 'u_data_ram.g_sram\\[1\\].u_macro/dout0[4]',
 'u_data_ram.g_sram\\[1\\].u_macro/dout0[5]',
 'u_data_ram.g_sram\\[1\\].u_macro/dout0[6]',
 'u_data_ram.g_sram\\[1\\].u_macro/dout0[7]',
 'u_data_ram.g_sram\\[1\\].u_macro/dout0[8]',
 'u_data_ram.g_sram\\[1\\].u_macro/dout0[9]',
 'u_data_ram.g_sram\\[2\\].u_macro/dout0[0]',
 'u_data_ram.g_sram\\[2\\].u_macro/dout0[10]',
 'u_data_ram.g_sram\\[2\\].u_macro/dout0[11]',
 'u_data_ram.g_sram\\[2\\].u_macro/dout0[12]',
 'u_data_ram.g_sram\\[2\\].u_macro/dout0[13]',
 'u_data_ram.g_sram\\[2\\].u_macro/dout0[14]',
 'u_data_ram.g_sram\\[2\\].u_macro/dout0[15]',
 'u_data_ram.g_sram\\[2\\].u_macro/dout0[16]',
 'u_data_ram.g_sram\\[2\\].u_macro/dout0[17]',
 'u_data_ram.g_sram\\[2\\].u_macro/dout0[18]',
 'u_data_ram.g_sram\\[2\\].u_macro/dout0[19]',
 'u_data_ram.g_sram\\[2\\].u_macro/dout0[1]',
 'u_data_ram.g_sram\\[2\\].u_macro/dout0[20]',
 'u_data_ram.g_sram\\[2\\].u_macro/dout0[21]',
 'u_data_ram.g_sram\\[2\\].u_macro/dout0[22]',
 'u_data_ram.g_sram\\[2\\].u_macro/dout0[23]',
 'u_data_ram.g_sram\\[2\\].u_macro/dout0[24]',
 'u_data_ram.g_sram\\[2\\].u_macro/dout0[25]',
 'u_data_ram.g_sram\\[2\\].u_macro/dout0[26]',
 'u_data_ram.g_sram\\[2\\].u_macro/dout0[27]',
 'u_data_ram.g_sram\\[2\\].u_macro/dout0[28]',
 'u_data_ram.g_sram\\[2\\].u_macro/dout0[29]',
 'u_data_ram.g_sram\\[2\\].u_macro/dout0[2]',
 'u_data_ram.g_sram\\[2\\].u_macro/dout0[30]',
 'u_data_ram.g_sram\\[2\\].u_macro/dout0[31]',
 'u_data_ram.g_sram\\[2\\].u_macro/dout0[3]',
 'u_data_ram.g_sram\\[2\\].u_macro/dout0[4]',
 'u_data_ram.g_sram\\[2\\].u_macro/dout0[5]',
 'u_data_ram.g_sram\\[2\\].u_macro/dout0[6]',
 'u_data_ram.g_sram\\[2\\].u_macro/dout0[7]',
 'u_data_ram.g_sram\\[2\\].u_macro/dout0[8]',
 'u_data_ram.g_sram\\[2\\].u_macro/dout0[9]',
 'u_data_ram.g_sram\\[3\\].u_macro/dout0[0]',
 'u_data_ram.g_sram\\[3\\].u_macro/dout0[10]',
 'u_data_ram.g_sram\\[3\\].u_macro/dout0[11]',
 'u_data_ram.g_sram\\[3\\].u_macro/dout0[12]',
 'u_data_ram.g_sram\\[3\\].u_macro/dout0[13]',
 'u_data_ram.g_sram\\[3\\].u_macro/dout0[14]',
 'u_data_ram.g_sram\\[3\\].u_macro/dout0[15]',
 'u_data_ram.g_sram\\[3\\].u_macro/dout0[16]',
 'u_data_ram.g_sram\\[3\\].u_macro/dout0[17]',
 'u_data_ram.g_sram\\[3\\].u_macro/dout0[18]',
 'u_data_ram.g_sram\\[3\\].u_macro/dout0[19]',
 'u_data_ram.g_sram\\[3\\].u_macro/dout0[1]',
 'u_data_ram.g_sram\\[3\\].u_macro/dout0[20]',
 'u_data_ram.g_sram\\[3\\].u_macro/dout0[21]',
 'u_data_ram.g_sram\\[3\\].u_macro/dout0[22]',
 'u_data_ram.g_sram\\[3\\].u_macro/dout0[23]',
 'u_data_ram.g_sram\\[3\\].u_macro/dout0[24]',
 'u_data_ram.g_sram\\[3\\].u_macro/dout0[25]',
 'u_data_ram.g_sram\\[3\\].u_macro/dout0[26]',
 'u_data_ram.g_sram\\[3\\].u_macro/dout0[27]',
 'u_data_ram.g_sram\\[3\\].u_macro/dout0[28]',
 'u_data_ram.g_sram\\[3\\].u_macro/dout0[29]',
 'u_data_ram.g_sram\\[3\\].u_macro/dout0[2]',
 'u_data_ram.g_sram\\[3\\].u_macro/dout0[30]',
 'u_data_ram.g_sram\\[3\\].u_macro/dout0[31]',
 'u_data_ram.g_sram\\[3\\].u_macro/dout0[3]',
 'u_data_ram.g_sram\\[3\\].u_macro/dout0[4]',
 'u_data_ram.g_sram\\[3\\].u_macro/dout0[5]',
 'u_data_ram.g_sram\\[3\\].u_macro/dout0[6]',
 'u_data_ram.g_sram\\[3\\].u_macro/dout0[7]',
 'u_data_ram.g_sram\\[3\\].u_macro/dout0[8]',
 'u_data_ram.g_sram\\[3\\].u_macro/dout0[9]',
 'u_instruction_ram.g_sram\\[0\\].u_macro/dout0[0]',
 'u_instruction_ram.g_sram\\[0\\].u_macro/dout0[10]',
 'u_instruction_ram.g_sram\\[0\\].u_macro/dout0[11]',
 'u_instruction_ram.g_sram\\[0\\].u_macro/dout0[12]',
 'u_instruction_ram.g_sram\\[0\\].u_macro/dout0[13]',
 'u_instruction_ram.g_sram\\[0\\].u_macro/dout0[14]',
 'u_instruction_ram.g_sram\\[0\\].u_macro/dout0[15]',
 'u_instruction_ram.g_sram\\[0\\].u_macro/dout0[16]',
 'u_instruction_ram.g_sram\\[0\\].u_macro/dout0[17]',
 'u_instruction_ram.g_sram\\[0\\].u_macro/dout0[18]',
 'u_instruction_ram.g_sram\\[0\\].u_macro/dout0[19]',
 'u_instruction_ram.g_sram\\[0\\].u_macro/dout0[1]',
 'u_instruction_ram.g_sram\\[0\\].u_macro/dout0[20]',
 'u_instruction_ram.g_sram\\[0\\].u_macro/dout0[21]',
 'u_instruction_ram.g_sram\\[0\\].u_macro/dout0[22]',
 'u_instruction_ram.g_sram\\[0\\].u_macro/dout0[23]',
 'u_instruction_ram.g_sram\\[0\\].u_macro/dout0[24]',
 'u_instruction_ram.g_sram\\[0\\].u_macro/dout0[25]',
 'u_instruction_ram.g_sram\\[0\\].u_macro/dout0[26]',
 'u_instruction_ram.g_sram\\[0\\].u_macro/dout0[27]',
 'u_instruction_ram.g_sram\\[0\\].u_macro/dout0[28]',
 'u_instruction_ram.g_sram\\[0\\].u_macro/dout0[29]',
 'u_instruction_ram.g_sram\\[0\\].u_macro/dout0[2]',
 'u_instruction_ram.g_sram\\[0\\].u_macro/dout0[30]',
 'u_instruction_ram.g_sram\\[0\\].u_macro/dout0[31]',
 'u_instruction_ram.g_sram\\[0\\].u_macro/dout0[3]',
 'u_instruction_ram.g_sram\\[0\\].u_macro/dout0[4]',
 'u_instruction_ram.g_sram\\[0\\].u_macro/dout0[5]',
 'u_instruction_ram.g_sram\\[0\\].u_macro/dout0[6]',
 'u_instruction_ram.g_sram\\[0\\].u_macro/dout0[7]',
 'u_instruction_ram.g_sram\\[0\\].u_macro/dout0[8]',
 'u_instruction_ram.g_sram\\[0\\].u_macro/dout0[9]',
 'u_instruction_ram.g_sram\\[1\\].u_macro/dout0[0]',
 'u_instruction_ram.g_sram\\[1\\].u_macro/dout0[10]',
 'u_instruction_ram.g_sram\\[1\\].u_macro/dout0[11]',
 'u_instruction_ram.g_sram\\[1\\].u_macro/dout0[12]',
 'u_instruction_ram.g_sram\\[1\\].u_macro/dout0[13]',
 'u_instruction_ram.g_sram\\[1\\].u_macro/dout0[14]',
 'u_instruction_ram.g_sram\\[1\\].u_macro/dout0[15]',
 'u_instruction_ram.g_sram\\[1\\].u_macro/dout0[16]',
 'u_instruction_ram.g_sram\\[1\\].u_macro/dout0[17]',
 'u_instruction_ram.g_sram\\[1\\].u_macro/dout0[18]',
 'u_instruction_ram.g_sram\\[1\\].u_macro/dout0[19]',
 'u_instruction_ram.g_sram\\[1\\].u_macro/dout0[1]',
 'u_instruction_ram.g_sram\\[1\\].u_macro/dout0[20]',
 'u_instruction_ram.g_sram\\[1\\].u_macro/dout0[21]',
 'u_instruction_ram.g_sram\\[1\\].u_macro/dout0[22]',
 'u_instruction_ram.g_sram\\[1\\].u_macro/dout0[23]',
 'u_instruction_ram.g_sram\\[1\\].u_macro/dout0[24]',
 'u_instruction_ram.g_sram\\[1\\].u_macro/dout0[25]',
 'u_instruction_ram.g_sram\\[1\\].u_macro/dout0[26]',
 'u_instruction_ram.g_sram\\[1\\].u_macro/dout0[27]',
 'u_instruction_ram.g_sram\\[1\\].u_macro/dout0[28]',
 'u_instruction_ram.g_sram\\[1\\].u_macro/dout0[29]',
 'u_instruction_ram.g_sram\\[1\\].u_macro/dout0[2]',
 'u_instruction_ram.g_sram\\[1\\].u_macro/dout0[30]',
 'u_instruction_ram.g_sram\\[1\\].u_macro/dout0[31]',
 'u_instruction_ram.g_sram\\[1\\].u_macro/dout0[3]',
 'u_instruction_ram.g_sram\\[1\\].u_macro/dout0[4]',
 'u_instruction_ram.g_sram\\[1\\].u_macro/dout0[5]',
 'u_instruction_ram.g_sram\\[1\\].u_macro/dout0[6]',
 'u_instruction_ram.g_sram\\[1\\].u_macro/dout0[7]',
 'u_instruction_ram.g_sram\\[1\\].u_macro/dout0[8]',
 'u_instruction_ram.g_sram\\[1\\].u_macro/dout0[9]',
 'u_instruction_ram.g_sram\\[2\\].u_macro/dout0[0]',
 'u_instruction_ram.g_sram\\[2\\].u_macro/dout0[10]',
 'u_instruction_ram.g_sram\\[2\\].u_macro/dout0[11]',
 'u_instruction_ram.g_sram\\[2\\].u_macro/dout0[12]',
 'u_instruction_ram.g_sram\\[2\\].u_macro/dout0[13]',
 'u_instruction_ram.g_sram\\[2\\].u_macro/dout0[14]',
 'u_instruction_ram.g_sram\\[2\\].u_macro/dout0[15]',
 'u_instruction_ram.g_sram\\[2\\].u_macro/dout0[16]',
 'u_instruction_ram.g_sram\\[2\\].u_macro/dout0[17]',
 'u_instruction_ram.g_sram\\[2\\].u_macro/dout0[18]',
 'u_instruction_ram.g_sram\\[2\\].u_macro/dout0[19]',
 'u_instruction_ram.g_sram\\[2\\].u_macro/dout0[1]',
 'u_instruction_ram.g_sram\\[2\\].u_macro/dout0[20]',
 'u_instruction_ram.g_sram\\[2\\].u_macro/dout0[21]',
 'u_instruction_ram.g_sram\\[2\\].u_macro/dout0[22]',
 'u_instruction_ram.g_sram\\[2\\].u_macro/dout0[23]',
 'u_instruction_ram.g_sram\\[2\\].u_macro/dout0[24]',
 'u_instruction_ram.g_sram\\[2\\].u_macro/dout0[25]',
 'u_instruction_ram.g_sram\\[2\\].u_macro/dout0[26]',
 'u_instruction_ram.g_sram\\[2\\].u_macro/dout0[27]',
 'u_instruction_ram.g_sram\\[2\\].u_macro/dout0[28]',
 'u_instruction_ram.g_sram\\[2\\].u_macro/dout0[29]',
 'u_instruction_ram.g_sram\\[2\\].u_macro/dout0[2]',
 'u_instruction_ram.g_sram\\[2\\].u_macro/dout0[30]',
 'u_instruction_ram.g_sram\\[2\\].u_macro/dout0[31]',
 'u_instruction_ram.g_sram\\[2\\].u_macro/dout0[3]',
 'u_instruction_ram.g_sram\\[2\\].u_macro/dout0[4]',
 'u_instruction_ram.g_sram\\[2\\].u_macro/dout0[5]',
 'u_instruction_ram.g_sram\\[2\\].u_macro/dout0[6]',
 'u_instruction_ram.g_sram\\[2\\].u_macro/dout0[7]',
 'u_instruction_ram.g_sram\\[2\\].u_macro/dout0[8]',
 'u_instruction_ram.g_sram\\[2\\].u_macro/dout0[9]',
 'u_instruction_ram.g_sram\\[3\\].u_macro/dout0[0]',
 'u_instruction_ram.g_sram\\[3\\].u_macro/dout0[10]',
 'u_instruction_ram.g_sram\\[3\\].u_macro/dout0[11]',
 'u_instruction_ram.g_sram\\[3\\].u_macro/dout0[12]',
 'u_instruction_ram.g_sram\\[3\\].u_macro/dout0[13]',
 'u_instruction_ram.g_sram\\[3\\].u_macro/dout0[14]',
 'u_instruction_ram.g_sram\\[3\\].u_macro/dout0[15]',
 'u_instruction_ram.g_sram\\[3\\].u_macro/dout0[16]',
 'u_instruction_ram.g_sram\\[3\\].u_macro/dout0[17]',
 'u_instruction_ram.g_sram\\[3\\].u_macro/dout0[18]',
 'u_instruction_ram.g_sram\\[3\\].u_macro/dout0[19]',
 'u_instruction_ram.g_sram\\[3\\].u_macro/dout0[1]',
 'u_instruction_ram.g_sram\\[3\\].u_macro/dout0[20]',
 'u_instruction_ram.g_sram\\[3\\].u_macro/dout0[21]',
 'u_instruction_ram.g_sram\\[3\\].u_macro/dout0[22]',
 'u_instruction_ram.g_sram\\[3\\].u_macro/dout0[23]',
 'u_instruction_ram.g_sram\\[3\\].u_macro/dout0[24]',
 'u_instruction_ram.g_sram\\[3\\].u_macro/dout0[25]',
 'u_instruction_ram.g_sram\\[3\\].u_macro/dout0[26]',
 'u_instruction_ram.g_sram\\[3\\].u_macro/dout0[27]',
 'u_instruction_ram.g_sram\\[3\\].u_macro/dout0[28]',
 'u_instruction_ram.g_sram\\[3\\].u_macro/dout0[29]',
 'u_instruction_ram.g_sram\\[3\\].u_macro/dout0[2]',
 'u_instruction_ram.g_sram\\[3\\].u_macro/dout0[30]',
 'u_instruction_ram.g_sram\\[3\\].u_macro/dout0[31]',
 'u_instruction_ram.g_sram\\[3\\].u_macro/dout0[3]',
 'u_instruction_ram.g_sram\\[3\\].u_macro/dout0[4]',
 'u_instruction_ram.g_sram\\[3\\].u_macro/dout0[5]',
 'u_instruction_ram.g_sram\\[3\\].u_macro/dout0[6]',
 'u_instruction_ram.g_sram\\[3\\].u_macro/dout0[7]',
 'u_instruction_ram.g_sram\\[3\\].u_macro/dout0[8]',
 'u_instruction_ram.g_sram\\[3\\].u_macro/dout0[9]']
Filtered nets:
[]
done
