
===========================================================================
 report_power
============================================================================
======================= nom_tt_025C_1v80 Corner ===================================

Group                    Internal    Switching      Leakage        Total
                            Power        Power        Power        Power (Watts)
------------------------------------------------------------------------
Sequential           2.302432e-02 4.479292e-05 1.204338e-07 2.306923e-02  21.2%
Combinational        1.537023e-04 3.675844e-04 3.381851e-07 5.216249e-04   0.5%
Clock                1.017386e-02 1.123107e-02 5.604504e-06 2.141053e-02  19.7%
Macro                6.351865e-02 0.000000e+00 4.076981e-04 6.392635e-02  58.7%
Pad                  0.000000e+00 0.000000e+00 0.000000e+00 0.000000e+00   0.0%
------------------------------------------------------------------------
Total                9.687030e-02 1.164345e-02 4.137332e-04 1.089275e-01 100.0%
                            88.9%        10.7%         0.4%

