
===========================================================================
Violator List
============================================================================
[setup reg-reg] u_npu.u_npu_sram.g_sram[10].u_macro/dout1[27] -> _121105_/D : -2.127253
[setup reg-reg] u_npu.u_npu_sram.g_sram[10].u_macro/dout1[27] -> _121040_/D : -2.052721
[setup reg-reg] u_npu.u_npu_sram.g_sram[10].u_macro/dout1[27] -> _120943_/D : -1.974779
[setup reg-reg] u_npu.u_npu_sram.g_sram[10].u_macro/dout1[27] -> _121169_/D : -1.967040
[setup reg-reg] u_npu.u_npu_sram.g_sram[10].u_macro/dout1[27] -> _121136_/D : -1.951221
[setup reg-reg] u_npu.u_npu_sram.g_sram[10].u_macro/dout1[27] -> _121041_/D : -1.925145
[setup reg-reg] u_npu.u_npu_sram.g_sram[10].u_macro/dout1[27] -> _121137_/D : -1.905894
[setup reg-reg] u_npu.u_npu_sram.g_sram[10].u_macro/dout1[27] -> _121073_/D : -1.889582
[setup reg-reg] u_npu.u_npu_sram.g_sram[10].u_macro/dout1[27] -> _120944_/D : -1.879592
[setup reg-reg] u_npu.u_npu_sram.g_sram[10].u_macro/dout1[27] -> _121168_/D : -1.873417
[setup reg-reg] u_npu.u_npu_sram.g_sram[10].u_macro/dout1[27] -> _120977_/D : -1.838391
[setup reg-reg] u_npu.u_npu_sram.g_sram[10].u_macro/dout1[27] -> _120976_/D : -1.785509
[setup reg-reg] u_npu.u_npu_sram.g_sram[10].u_macro/dout1[27] -> _121104_/D : -1.700219
[setup reg-reg] u_npu.u_npu_sram.g_sram[10].u_macro/dout1[27] -> _121039_/D : -1.688621
[setup reg-reg] u_npu.u_npu_sram.g_sram[10].u_macro/dout1[27] -> _121008_/D : -1.679945
[setup reg-reg] u_npu.u_npu_sram.g_sram[10].u_macro/dout1[27] -> _121072_/D : -1.673062
[setup reg-reg] u_npu.u_npu_sram.g_sram[10].u_macro/dout1[27] -> _120945_/D : -1.669132
[setup reg-reg] u_npu.u_npu_sram.g_sram[10].u_macro/dout1[27] -> _121167_/D : -1.644827
[setup reg-reg] u_npu.u_npu_sram.g_sram[10].u_macro/dout1[27] -> _121135_/D : -1.619105
[setup reg-reg] u_npu.u_npu_sram.g_sram[10].u_macro/dout1[27] -> _120975_/D : -1.606535
[setup reg-reg] u_npu.u_npu_sram.g_sram[10].u_macro/dout1[27] -> _121103_/D : -1.604038
[setup reg-reg] u_npu.u_npu_sram.g_sram[10].u_macro/dout1[27] -> _120941_/D : -1.594804
[setup reg-reg] u_npu.u_npu_sram.g_sram[10].u_macro/dout1[27] -> _121038_/D : -1.594241
[setup reg-reg] u_npu.u_npu_sram.g_sram[10].u_macro/dout1[27] -> _120942_/D : -1.532952
[setup reg-reg] u_npu.u_npu_sram.g_sram[10].u_macro/dout1[27] -> _121166_/D : -1.526830
[setup reg-reg] u_npu.u_npu_sram.g_sram[10].u_macro/dout1[27] -> _121165_/D : -1.524182
[setup reg-reg] u_npu.u_npu_sram.g_sram[10].u_macro/dout1[27] -> _121069_/D : -1.501874
[setup reg-reg] u_npu.u_npu_sram.g_sram[10].u_macro/dout1[27] -> _121134_/D : -1.492399
[setup reg-reg] u_npu.u_npu_sram.g_sram[10].u_macro/dout1[27] -> _121007_/D : -1.480135
[setup reg-reg] u_npu.u_npu_sram.g_sram[10].u_macro/dout1[27] -> _121102_/D : -1.477785
[setup reg-reg] u_npu.u_npu_sram.g_sram[10].u_macro/dout1[27] -> _121009_/D : -1.459137
[setup reg-reg] u_npu.u_npu_sram.g_sram[10].u_macro/dout1[27] -> _121071_/D : -1.444345
[setup reg-reg] u_npu.u_npu_sram.g_sram[10].u_macro/dout1[27] -> _120974_/D : -1.442873
[setup reg-reg] u_npu.u_npu_sram.g_sram[10].u_macro/dout1[27] -> _121133_/D : -1.427853
[setup reg-reg] u_npu.u_npu_sram.g_sram[10].u_macro/dout1[27] -> _120973_/D : -1.422444
[setup reg-reg] u_npu.u_npu_sram.g_sram[10].u_macro/dout1[27] -> _121132_/D : -1.352593
[setup reg-reg] u_npu.u_npu_sram.g_sram[10].u_macro/dout1[27] -> _121101_/D : -1.336808
[setup reg-reg] u_npu.u_npu_sram.g_sram[10].u_macro/dout1[27] -> _120972_/D : -1.327527
[setup reg-reg] u_npu.u_npu_sram.g_sram[10].u_macro/dout1[27] -> _121100_/D : -1.327244
[setup reg-reg] u_npu.u_npu_sram.g_sram[10].u_macro/dout1[27] -> _121037_/D : -1.319430
[setup reg-reg] u_npu.u_npu_sram.g_sram[10].u_macro/dout1[27] -> _121163_/D : -1.309280
[setup reg-reg] u_npu.u_npu_sram.g_sram[10].u_macro/dout1[27] -> _121161_/D : -1.306466
[setup reg-reg] u_npu.u_npu_sram.g_sram[10].u_macro/dout1[27] -> _120940_/D : -1.263414
[setup reg-reg] u_npu.u_npu_sram.g_sram[10].u_macro/dout1[27] -> _120939_/D : -1.262547
[setup reg-reg] u_npu.u_npu_sram.g_sram[10].u_macro/dout1[27] -> _121164_/D : -1.244676
[setup reg-reg] u_npu.u_npu_sram.g_sram[10].u_macro/dout1[27] -> _121070_/D : -1.238718
[setup reg-reg] u_npu.u_npu_sram.g_sram[10].u_macro/dout1[27] -> _121129_/D : -1.205216
[setup reg-reg] u_npu.u_npu_sram.g_sram[10].u_macro/dout1[27] -> _121127_/D : -1.199973
[setup reg-reg] u_npu.u_npu_sram.g_sram[10].u_macro/dout1[27] -> _120937_/D : -1.150605
[setup reg-reg] u_npu.u_npu_sram.g_sram[10].u_macro/dout1[27] -> _121005_/D : -1.141277
[setup reg-reg] u_npu.u_npu_sram.g_sram[10].u_macro/dout1[27] -> _121036_/D : -1.130594
[setup reg-reg] u_npu.u_npu_sram.g_sram[10].u_macro/dout1[27] -> _121125_/D : -1.126272
[setup reg-reg] u_npu.u_npu_sram.g_sram[10].u_macro/dout1[27] -> _121068_/D : -1.120993
[setup reg-reg] u_npu.u_npu_sram.g_sram[10].u_macro/dout1[27] -> _120969_/D : -1.112527
[setup reg-reg] u_npu.u_npu_sram.g_sram[10].u_macro/dout1[27] -> _121131_/D : -1.078577
[setup reg-reg] u_npu.u_npu_sram.g_sram[10].u_macro/dout1[27] -> _120971_/D : -1.075636
[setup reg-reg] u_npu.u_npu_sram.g_sram[10].u_macro/dout1[27] -> _121001_/D : -1.043567
[setup reg-reg] u_npu.u_npu_sram.g_sram[10].u_macro/dout1[27] -> _121065_/D : -1.038774
[setup reg-reg] u_npu.u_npu_sram.g_sram[10].u_macro/dout1[27] -> _121128_/D : -1.038730
[setup reg-reg] u_npu.u_npu_sram.g_sram[10].u_macro/dout1[27] -> _121130_/D : -1.016586
[setup reg-reg] u_npu.u_npu_sram.g_sram[10].u_macro/dout1[27] -> _121035_/D : -1.013680
[setup reg-reg] u_npu.u_npu_sram.g_sram[10].u_macro/dout1[27] -> _120967_/D : -1.006066
[setup reg-reg] u_npu.u_npu_sram.g_sram[10].u_macro/dout1[27] -> _121124_/D : -1.005857
[setup reg-reg] u_npu.u_npu_sram.g_sram[10].u_macro/dout1[27] -> _120938_/D : -1.005388
[setup reg-reg] u_npu.u_npu_sram.g_sram[10].u_macro/dout1[27] -> _121123_/D : -0.995446
[setup reg-reg] u_npu.u_npu_sram.g_sram[10].u_macro/dout1[27] -> _121006_/D : -0.994516
[setup reg-reg] u_npu.u_npu_sram.g_sram[10].u_macro/dout1[27] -> _121067_/D : -0.992996
[setup reg-reg] u_npu.u_npu_sram.g_sram[10].u_macro/dout1[27] -> _120968_/D : -0.991596
[setup reg-reg] u_npu.u_npu_sram.g_sram[10].u_macro/dout1[27] -> _120970_/D : -0.964896
[setup reg-reg] u_npu.u_npu_sram.g_sram[10].u_macro/dout1[27] -> _121122_/D : -0.948846
[setup reg-reg] u_npu.u_npu_sram.g_sram[10].u_macro/dout1[27] -> _121159_/D : -0.944024
[setup reg-reg] u_npu.u_npu_sram.g_sram[10].u_macro/dout1[27] -> _121003_/D : -0.941586
[setup reg-reg] u_npu.u_npu_sram.g_sram[10].u_macro/dout1[27] -> _121004_/D : -0.939613
[setup reg-reg] u_npu.u_npu_sram.g_sram[10].u_macro/dout1[27] -> _121099_/D : -0.935680
[setup reg-reg] u_npu.u_npu_sram.g_sram[10].u_macro/dout1[27] -> _121098_/D : -0.925901
[setup reg-reg] u_npu.u_npu_sram.g_sram[10].u_macro/dout1[27] -> _121160_/D : -0.920576
[setup reg-reg] u_npu.u_npu_sram.g_sram[10].u_macro/dout1[27] -> _121064_/D : -0.883544
[setup reg-reg] u_npu.u_npu_sram.g_sram[10].u_macro/dout1[27] -> _121000_/D : -0.874985
[setup reg-reg] u_npu.u_npu_sram.g_sram[10].u_macro/dout1[27] -> _121097_/D : -0.874467
[setup reg-reg] u_npu.u_npu_sram.g_sram[10].u_macro/dout1[27] -> _120999_/D : -0.874358
[setup reg-reg] u_npu.u_npu_sram.g_sram[10].u_macro/dout1[27] -> _120997_/D : -0.865624
[setup reg-reg] u_npu.u_npu_sram.g_sram[10].u_macro/dout1[27] -> _121157_/D : -0.858233
[setup reg-reg] u_npu.u_npu_sram.g_sram[10].u_macro/dout1[27] -> _121162_/D : -0.839101
[setup reg-reg] u_npu.u_npu_sram.g_sram[10].u_macro/dout1[27] -> _121066_/D : -0.834946
[setup reg-reg] u_npu.u_npu_sram.g_sram[10].u_macro/dout1[27] -> _121096_/D : -0.830175
[setup reg-reg] u_npu.u_npu_sram.g_sram[10].u_macro/dout1[27] -> _120936_/D : -0.820226
[setup reg-reg] u_npu.u_npu_sram.g_sram[10].u_macro/dout1[27] -> _120933_/D : -0.802439
[setup reg-reg] u_npu.u_npu_sram.g_sram[10].u_macro/dout1[27] -> _121002_/D : -0.796803
[setup reg-reg] u_npu.u_npu_sram.g_sram[10].u_macro/dout1[27] -> _121126_/D : -0.777314
[setup reg-reg] u_npu.u_npu_sram.g_sram[10].u_macro/dout1[27] -> _120966_/D : -0.764860
[setup reg-reg] u_npu.u_npu_sram.g_sram[10].u_macro/dout1[27] -> _121059_/D : -0.759915
[setup reg-reg] u_npu.u_npu_sram.g_sram[10].u_macro/dout1[27] -> _121158_/D : -0.745430
[setup reg-reg] u_npu.u_npu_sram.g_sram[10].u_macro/dout1[27] -> _121156_/D : -0.733097
[setup reg-reg] u_npu.u_npu_sram.g_sram[10].u_macro/dout1[27] -> _120995_/D : -0.720970
[setup reg-reg] u_npu.u_npu_sram.g_sram[10].u_macro/dout1[27] -> _121063_/D : -0.720526
[setup reg-reg] u_npu.u_npu_sram.g_sram[10].u_macro/dout1[27] -> _120996_/D : -0.712488
[setup reg-reg] u_npu.u_npu_sram.g_sram[10].u_macro/dout1[27] -> _121062_/D : -0.700082
[setup reg-reg] u_npu.u_npu_sram.g_sram[10].u_macro/dout1[27] -> _120931_/D : -0.697980
[setup reg-reg] u_npu.u_npu_sram.g_sram[10].u_macro/dout1[27] -> _121032_/D : -0.690759
[setup reg-reg] u_npu.u_npu_sram.g_sram[10].u_macro/dout1[27] -> _120998_/D : -0.647990
[setup reg-reg] u_npu.u_npu_sram.g_sram[10].u_macro/dout1[27] -> _121121_/D : -0.636145
[setup reg-reg] u_npu.u_npu_sram.g_sram[10].u_macro/dout1[27] -> _121095_/D : -0.630122
[setup reg-reg] u_npu.u_npu_sram.g_sram[10].u_macro/dout1[27] -> _121061_/D : -0.595069
[setup reg-reg] u_npu.u_npu_sram.g_sram[10].u_macro/dout1[27] -> _121155_/D : -0.594000
[setup reg-reg] u_npu.u_npu_sram.g_sram[10].u_macro/dout1[27] -> _120935_/D : -0.562528
[setup reg-reg] u_npu.u_npu_sram.g_sram[10].u_macro/dout1[27] -> _120932_/D : -0.557202
[setup reg-reg] u_npu.u_npu_sram.g_sram[10].u_macro/dout1[27] -> _121094_/D : -0.556975
[setup reg-reg] u_npu.u_npu_sram.g_sram[10].u_macro/dout1[27] -> _120934_/D : -0.535739
[setup reg-reg] u_npu.u_npu_sram.g_sram[10].u_macro/dout1[27] -> _121093_/D : -0.495714
[setup reg-reg] u_npu.u_npu_sram.g_sram[10].u_macro/dout1[27] -> _121034_/D : -0.476167
[setup reg-reg] u_npu.u_npu_sram.g_sram[10].u_macro/dout1[27] -> _120994_/D : -0.468352
[setup reg-reg] u_npu.u_npu_sram.g_sram[10].u_macro/dout1[27] -> _121153_/D : -0.456499
[setup reg-reg] u_npu.u_npu_sram.g_sram[10].u_macro/dout1[27] -> _121154_/D : -0.449663
[setup reg-reg] u_npu.u_npu_sram.g_sram[10].u_macro/dout1[27] -> _121033_/D : -0.367965
[setup reg-reg] u_npu.u_npu_sram.g_sram[10].u_macro/dout1[27] -> _121092_/D : -0.366535
[setup reg-reg] u_npu.u_npu_sram.g_sram[10].u_macro/dout1[27] -> _121060_/D : -0.358478
[setup reg-reg] u_npu.u_npu_sram.g_sram[10].u_macro/dout1[27] -> _121120_/D : -0.355712
[setup reg-reg] u_npu.u_npu_sram.g_sram[10].u_macro/dout1[27] -> _120965_/D : -0.353522
[setup reg-reg] u_npu.u_npu_sram.g_sram[10].u_macro/dout1[27] -> _121151_/D : -0.343746
[setup reg-reg] u_npu.u_npu_sram.g_sram[10].u_macro/dout1[27] -> _121031_/D : -0.319304
[setup reg-reg] u_npu.u_npu_sram.g_sram[10].u_macro/dout1[27] -> _121058_/D : -0.275449
[setup reg-reg] u_npu.u_npu_sram.g_sram[10].u_macro/dout1[27] -> _120930_/D : -0.252943
[setup reg-reg] u_npu.u_npu_sram.g_sram[10].u_macro/dout1[27] -> _121029_/D : -0.240112
[setup reg-reg] u_npu.u_npu_sram.g_sram[10].u_macro/dout1[27] -> _120929_/D : -0.222542
[setup reg-reg] u_npu.u_npu_sram.g_sram[10].u_macro/dout1[27] -> _120964_/D : -0.173564
[setup reg-reg] u_npu.u_npu_sram.g_sram[10].u_macro/dout1[27] -> _121057_/D : -0.142359
[setup reg-reg] u_npu.u_npu_sram.g_sram[10].u_macro/dout1[27] -> _121152_/D : -0.138559
[setup reg-reg] u_npu.u_npu_sram.g_sram[10].u_macro/dout1[27] -> _121030_/D : -0.129276
[setup reg-reg] u_npu.u_npu_sram.g_sram[10].u_macro/dout1[27] -> _120963_/D : -0.080574
[setup reg-reg] u_npu.u_npu_sram.g_sram[10].u_macro/dout1[27] -> _121091_/D : -0.074367
[setup reg-reg] u_npu.u_npu_sram.g_sram[10].u_macro/dout1[27] -> _120927_/D : -0.017250
[setup reg-reg] u_npu.u_npu_sram.g_sram[10].u_macro/dout1[27] -> _121088_/D : -0.002126
