Clock: clk_i
Sources: clk_i 
Generated: no
Virtual: yes
Propagated: no
Period: 20.000000

===========================================================================
report_clock_properties
============================================================================
Clock                   Period          Waveform
----------------------------------------------------
clk_i                20.000000    0.000000 10.000000

===========================================================================
report_clock_latency
============================================================================
Clock clk_i
rise -> rise
    min     max
0.000000 0.000000 source latency
1.962377         network latency u_npu.u_npu_sram.g_sram[4].u_macro/clk0
        2.621406 network latency u_npu.u_npu_sram.g_sram[13].u_macro/clk1
---------------
1.962377 2.621406 latency
        0.659029 skew

fall -> fall
    min     max
0.000000 0.000000 source latency
1.859599         network latency u_npu.u_npu_sram.g_sram[10].u_macro/clk1
        2.486352 network latency u_npu.u_npu_sram.g_sram[13].u_macro/clk1
---------------
1.859599 2.486352 latency
        0.626753 skew



===========================================================================
report_clock_min_period
============================================================================
clk_i period_min = 11.73 fmax = 85.28
Clock: jtag_clk
Sources: jtag_tck 
Generated: no
Virtual: yes
Propagated: no
Period: 100.000000

===========================================================================
report_clock_properties
============================================================================
Clock                   Period          Waveform
----------------------------------------------------
jtag_clk            100.000000    0.000000 50.000000

===========================================================================
report_clock_latency
============================================================================
Clock jtag_clk
rise -> rise
    min     max
0.000000 0.000000 source latency
0.533840         network latency _82681_/CLK
        0.548625 network latency _82640_/CLK
---------------
0.533840 0.548625 latency
        0.014785 skew

fall -> fall
    min     max
0.000000 0.000000 source latency
0.543913         network latency _82681_/CLK
        0.555605 network latency _82640_/CLK
---------------
0.543913 0.555605 latency
        0.011692 skew



===========================================================================
report_clock_min_period
============================================================================
jtag_clk period_min = 2.52 fmax = 396.09
