
===========================================================================
 report_power
============================================================================
======================= nom_tt_025C_1v80 Corner ===================================

Group                    Internal    Switching      Leakage        Total
                            Power        Power        Power        Power (Watts)
------------------------------------------------------------------------
Sequential           2.185694e-02 3.385876e-05 1.135773e-07 2.189091e-02  20.9%
Combinational        9.725941e-05 2.660900e-04 2.582765e-07 3.636077e-04   0.3%
Clock                9.711853e-03 8.927071e-03 5.013777e-08 1.863897e-02  17.8%
Macro                6.351865e-02 0.000000e+00 4.076981e-04 6.392635e-02  61.0%
Pad                  0.000000e+00 0.000000e+00 0.000000e+00 0.000000e+00   0.0%
------------------------------------------------------------------------
Total                9.518465e-02 9.227016e-03 4.079831e-04 1.048196e-01 100.0%
                            90.8%         8.8%         0.4%
Writing metric power__internal__total: 0.09518464654684067
Writing metric power__switching__total: 0.009227016009390354
Writing metric power__leakage__total: 0.0004079830541741103
Writing metric power__total: 0.1048196479678154

