┏━━━━━━━┳━━━━━━━━━━┳━━━━━━━━━━┳━━━━━━━━━━━━━━━━━━━━━━━━━━━━━━━━━━━━━━━━━━━━━━━━━━━━━━━━━━━┳━━━━━━━━━━━━━━━━━━━━━━━━━━━━━━━┳━━━━━━━┓
┃ P / R ┃ Partial  ┃ Required ┃ Net                                                       ┃ Pin                           ┃ Layer ┃
┡━━━━━━━╇━━━━━━━━━━╇━━━━━━━━━━╇━━━━━━━━━━━━━━━━━━━━━━━━━━━━━━━━━━━━━━━━━━━━━━━━━━━━━━━━━━━╇━━━━━━━━━━━━━━━━━━━━━━━━━━━━━━━╇━━━━━━━┩
│ 26.31 │ 10523.24 │ 400.00   │ _064870_                                                  │ _136099_/C                    │ met3  │
│ 22.43 │ 8971.02  │ 400.00   │ _033875_                                                  │ _148668_/A0                   │ met3  │
│ 20.68 │ 8270.06  │ 400.00   │ _064321_                                                  │ _135547_/C1                   │ met3  │
│ 20.16 │ 8065.43  │ 400.00   │ net3039                                                   │ _099243_/B                    │ met3  │
│ 20.16 │ 8065.43  │ 400.00   │ net3039                                                   │ _199718_/D                    │ met3  │
│ 19.41 │ 7764.84  │ 400.00   │ net6563                                                   │ wire6559/A                    │ met3  │
│ 18.47 │ 7386.48  │ 400.00   │ _000091_                                                  │ _200262_/D                    │ met3  │
│ 17.38 │ 6950.65  │ 400.00   │ net59                                                     │ output59/A                    │ met3  │
│ 17.19 │ 6877.07  │ 400.00   │ net6548                                                   │ load_slew6547/A               │ met3  │
│ 16.39 │ 6554.72  │ 400.00   │ _037210_                                                  │ _100369_/A0                   │ met3  │
│ 14.26 │ 5704.19  │ 400.00   │ _064294_                                                  │ _135520_/C                    │ met3  │
│ 14.13 │ 5652.08  │ 400.00   │ _037030_                                                  │ _100177_/A0                   │ met3  │
│ 14.10 │ 5638.19  │ 400.00   │ _040722_                                                  │ _104224_/A0                   │ met3  │
│ 13.91 │ 5562.92  │ 400.00   │ net885                                                    │ _099247_/A2                   │ met3  │
│ 13.91 │ 5562.92  │ 400.00   │ net885                                                    │ _199719_/D                    │ met3  │
│ 13.75 │ 5499.32  │ 400.00   │ _036781_                                                  │ _099914_/A0                   │ met3  │
│ 13.69 │ 5475.35  │ 400.00   │ net5433                                                   │ _200103_/D                    │ met3  │
│ 13.66 │ 5463.45  │ 400.00   │ net2780                                                   │ _186016_/A0                   │ met4  │
│ 13.61 │ 5443.77  │ 400.00   │ _036925_                                                  │ _100065_/A0                   │ met3  │
│ 13.61 │ 5442.57  │ 400.00   │ _036905_                                                  │ _100050_/A0                   │ met4  │
│ 13.07 │ 5228.53  │ 400.00   │ _036847_                                                  │ _099982_/A0                   │ met3  │
│ 13.01 │ 5203.35  │ 400.00   │ _065220_                                                  │ _136451_/A                    │ met3  │
│ 12.89 │ 5157.89  │ 400.00   │ _033875_                                                  │ _148668_/A0                   │ met4  │
│ 12.75 │ 5099.62  │ 400.00   │ net652                                                    │ _200187_/D                    │ met3  │
│ 12.73 │ 5090.86  │ 400.00   │ net3036                                                   │ _199596_/D                    │ met3  │
│ 12.71 │ 5082.72  │ 400.00   │ _036817_                                                  │ _099950_/A0                   │ met3  │
│ 12.52 │ 5006.59  │ 400.00   │ net2780                                                   │ _186016_/A0                   │ met3  │
│ 12.20 │ 4881.36  │ 400.00   │ _033268_                                                  │ _095981_/A0                   │ met3  │
│ 12.03 │ 4811.92  │ 400.00   │ _036877_                                                  │ _100014_/A0                   │ met3  │
│ 12.01 │ 4804.98  │ 400.00   │ net2388                                                   │ _150607_/A0                   │ met3  │
│ 11.74 │ 4696.06  │ 400.00   │ _039192_                                                  │ _102641_/A                    │ met4  │
│ 11.34 │ 4534.19  │ 400.00   │ _037075_                                                  │ _100225_/A0                   │ met3  │
│ 11.33 │ 4532.98  │ 400.00   │ _038977_                                                  │ _102400_/A0                   │ met4  │
│ 11.32 │ 4527.25  │ 400.00   │ _037090_                                                  │ _100241_/A0                   │ met3  │
│ 11.31 │ 4523.15  │ 400.00   │ s10_rdata[28\]                                            │ _136095_/A2                   │ met3  │
│ 11.16 │ 4463.55  │ 400.00   │ _036799_                                                  │ _099935_/A0                   │ met4  │
│ 11.06 │ 4424.49  │ 400.00   │ net6568                                                   │ wire6564/A                    │ met3  │
