Clock: clk_i
Sources: clk_i 
Generated: no
Virtual: yes
Propagated: no
Period: 20.000000

===========================================================================
report_clock_properties
============================================================================
Clock                   Period          Waveform
----------------------------------------------------
clk_i                20.000000    0.000000 10.000000

===========================================================================
report_clock_latency
============================================================================
Clock clk_i
rise -> rise
    min     max
0.000000 0.000000 source latency
2.607721         network latency _179608_/CLK
        3.915056 network latency _187831_/CLK
---------------
2.607721 3.915056 latency
        1.307335 skew

fall -> fall
    min     max
0.000000 0.000000 source latency
2.665945         network latency u_npu.u_npu_sram.g_sram[12].u_macro/clk1
        3.853383 network latency _187831_/CLK
---------------
2.665945 3.853383 latency
        1.187438 skew



===========================================================================
report_clock_min_period
============================================================================
clk_i period_min = 10.45 fmax = 95.69
Clock: jtag_clk
Sources: jtag_tck 
Generated: no
Virtual: yes
Propagated: no
Period: 100.000000

===========================================================================
report_clock_properties
============================================================================
Clock                   Period          Waveform
----------------------------------------------------
jtag_clk            100.000000    0.000000 50.000000

===========================================================================
report_clock_latency
============================================================================
Clock jtag_clk
rise -> rise
    min     max
0.000000 0.000000 source latency
0.600873         network latency _188145_/CLK
        0.634095 network latency _189836_/CLK
---------------
0.600873 0.634095 latency
        0.033223 skew

fall -> fall
    min     max
0.000000 0.000000 source latency
0.619181         network latency _188145_/CLK
        0.644505 network latency _189836_/CLK
---------------
0.619181 0.644505 latency
        0.025324 skew



===========================================================================
report_clock_min_period
============================================================================
jtag_clk period_min = 3.88 fmax = 257.55
