
 /----------------------------------------------------------------------------\
 |  yosys -- Yosys Open SYnthesis Suite                                       |
 |  Copyright (C) 2012 - 2026  Claire Xenia Wolf <claire@yosyshq.com>         |
 |  Distributed under an ISC-like license, type "license" to see terms        |
 \----------------------------------------------------------------------------/
 Yosys 0.62 (git sha1 7326bb7d6641500ecb285c291a54a662cb1e76cf, clang++ 21.1.2 -fPIC -O3)

-- Running command `
                    verilog_defines -D__librelane__;
verilog_defines -D__pnr__;
verilog_defines -DPDK_sky130A;
verilog_defines -DSCL_sky130_fd_sc_hd;
verilog_defines -DUSE_POWER_PINS;
verilog_defines -DUSE_SRAM_MACRO;
read_verilog -sv -lib /home/tatua7806/delivery_d45_anten2_20260908/package/asic/runs/packaging_config_check/tmp/12b25fb8e18648aaae0db6e741f19527.bb.v;

                    blackbox;
                    write_verilog -noattr -noexpr -nohex -nodec -defparam -blackboxes /home/tatua7806/delivery_d45_anten2_20260908/package/asic/runs/packaging_config_check/tmp/12b25fb8e18648aaae0db6e741f19527.bb.v;
                    ' --

1. Executing Verilog-2005 frontend: /home/tatua7806/delivery_d45_anten2_20260908/package/asic/runs/packaging_config_check/tmp/12b25fb8e18648aaae0db6e741f19527.bb.v
Parsing SystemVerilog input from `/home/tatua7806/delivery_d45_anten2_20260908/package/asic/runs/packaging_config_check/tmp/12b25fb8e18648aaae0db6e741f19527.bb.v' to AST representation.
Generating RTLIL representation for module `\sky130_sram_2kbyte_1rw1r_32x512_8'.
Successfully finished Verilog frontend.

2. Executing Verilog backend.
Dumping module `\sky130_sram_2kbyte_1rw1r_32x512_8'.

End of script. Logfile hash: 1bbd6b29af, CPU: user 0.02s system 0.00s, MEM: 52.70 MB peak
Yosys 0.62 (git sha1 7326bb7d6641500ecb285c291a54a662cb1e76cf, clang++ 21.1.2 -fPIC -O3)
Time spent: 79% 2x read_verilog (0 sec), 12% 2x write_verilog (0 sec), ...
