+ analyze_power_grid -net VPWR -voltage_file /home/tatua7806/arkhe/asic/runs/S_final2/57-openroad-irdropreport/net-VPWR.csv
[INFO PSM-0040] All shapes on net VPWR are connected.
########## IR report #################
Net              : VPWR
Corner           : nom_tt_025C_1v80
Total power      : 1.61e-01 W
Supply voltage   : 1.80e+00 V
Worstcase voltage: 1.79e+00 V
Average voltage  : 1.80e+00 V
Average IR drop  : 2.26e-05 V
Worstcase IR drop: 5.13e-03 V
Percentage drop  : 0.28 %
######################################
+ analyze_power_grid -net VGND -voltage_file /home/tatua7806/arkhe/asic/runs/S_final2/57-openroad-irdropreport/net-VGND.csv
[INFO PSM-0040] All shapes on net VGND are connected.
########## IR report #################
Net              : VGND
Corner           : nom_tt_025C_1v80
Total power      : 1.61e-01 W
Supply voltage   : 0.00e+00 V
Worstcase voltage: 5.03e-03 V
Average voltage  : 2.23e-05 V
Average IR drop  : 2.23e-05 V
Worstcase IR drop: 5.03e-03 V
Percentage drop  : 0.28 %
######################################
