Reading timing models for corner nom_tt_025C_1v80…
Reading timing library for the 'nom_tt_025C_1v80' corner at '/home/tatua7806/.ciel/ciel/sky130/versions/8afc8346a57fe1ab7934ba5a6056ea8b43078e71/sky130A/libs.ref/sky130_fd_sc_hd/lib/sky130_fd_sc_hd__tt_025C_1v80.lib'…
Reading timing library for the 'nom_tt_025C_1v80' corner at 'macros/sky130_sram_2kbyte_1rw1r_32x512_8/lib/sky130_sram_2kbyte_1rw1r_32x512_8_TT_1p8V_25C.lib'…
Reading OpenROAD database at '/home/tatua7806/arkhe/asic/runs/S_final2/54-odb-cellfrequencytables/soc_top.odb'…
Reading design constraints file at 'constraints/design.sdc'…
design.sdc: clk_period = 14 ns
[INFO] No information on clock propagation in input SDC file-- propagating all clocks.
[INFO] Using voltage extracted from lib (1.8000000000V) for power nets and 0V for ground nets…
%OL_CREATE_REPORT irdrop.rpt
+ analyze_power_grid -net VPWR -voltage_file /home/tatua7806/arkhe/asic/runs/S_final2/57-openroad-irdropreport/net-VPWR.csv
[INFO PSM-0040] All shapes on net VPWR are connected.
########## IR report #################
Net              : VPWR
Corner           : nom_tt_025C_1v80
Total power      : 1.61e-01 W
Supply voltage   : 1.80e+00 V
Worstcase voltage: 1.79e+00 V
Average voltage  : 1.80e+00 V
Average IR drop  : 2.26e-05 V
Worstcase IR drop: 5.13e-03 V
Percentage drop  : 0.28 %
######################################
+ analyze_power_grid -net VGND -voltage_file /home/tatua7806/arkhe/asic/runs/S_final2/57-openroad-irdropreport/net-VGND.csv
[INFO PSM-0040] All shapes on net VGND are connected.
########## IR report #################
Net              : VGND
Corner           : nom_tt_025C_1v80
Total power      : 1.61e-01 W
Supply voltage   : 0.00e+00 V
Worstcase voltage: 5.03e-03 V
Average voltage  : 2.23e-05 V
Average IR drop  : 2.23e-05 V
Worstcase IR drop: 5.03e-03 V
Percentage drop  : 0.28 %
######################################
%OL_END_REPORT
