
===========================================================================
 report_power
============================================================================
======================= max_ff_n40C_1v95 Corner ===================================

Group                    Internal    Switching      Leakage        Total
                            Power        Power        Power        Power (Watts)
------------------------------------------------------------------------
Sequential           2.816572e-02 5.079944e-05 2.661186e-07 2.821678e-02  23.6%
Combinational        6.916300e-05 3.926323e-04 1.099117e-06 4.628944e-04   0.4%
Clock                1.211557e-02 1.485538e-02 6.584127e-06 2.697753e-02  22.6%
Macro                6.351865e-02 0.000000e+00 4.076981e-04 6.392635e-02  53.5%
Pad                  0.000000e+00 0.000000e+00 0.000000e+00 0.000000e+00   0.0%
------------------------------------------------------------------------
Total                1.038697e-01 1.529881e-02 4.156173e-04 1.195842e-01 100.0%
                            86.9%        12.8%         0.3%

