
===========================================================================
 report_power
============================================================================
======================= min_ff_n40C_1v95 Corner ===================================

Group                    Internal    Switching      Leakage        Total
                            Power        Power        Power        Power (Watts)
------------------------------------------------------------------------
Sequential           2.834874e-02 3.746816e-05 2.651598e-07 2.838648e-02  23.6%
Combinational        3.028493e-04 5.243383e-04 1.591935e-06 8.287795e-04   0.7%
Clock                1.223274e-02 1.467526e-02 6.348330e-06 2.691435e-02  22.4%
Macro                6.351865e-02 0.000000e+00 4.076981e-04 6.392635e-02  53.2%
Pad                  0.000000e+00 0.000000e+00 0.000000e+00 0.000000e+00   0.0%
------------------------------------------------------------------------
Total                1.044032e-01 1.523705e-02 4.158879e-04 1.200562e-01 100.0%
                            87.0%        12.7%         0.3%

