Copyright 1986-2022 Xilinx, Inc. All Rights Reserved. Copyright 2022-2025 Advanced Micro Devices, Inc. All Rights Reserved.
---------------------------------------------------------------------------------------------------------------------------------------------
| Tool Version : Vivado v.2025.2 (win64) Build 6299465 Fri Nov 14 19:35:11 GMT 2025
| Date         : Tue Aug 18 18:45:43 2026
| Host         : baris running 64-bit major release  (build 9200)
| Command      : report_timing -delay_type max -max_paths 1 -file C:/Users/ybari/2026_Arkhe/evidence/fpga/critical_path_v8.rpt
| Design       : nexys_top
| Device       : 7a100t-csg324
| Speed File   : -1  PRODUCTION 1.23 2018-06-13
| Design State : Routed
---------------------------------------------------------------------------------------------------------------------------------------------

Timing Report

Slack (MET) :             1.811ns  (required time - arrival time)
  Source:                 u_soc/u_npu/u_npu_engine/fc_idx_reg[4]_rep__19/C
                            (rising edge-triggered cell FDCE clocked by clk_50mhz  {rise@0.000ns fall@10.000ns period=20.000ns})
  Destination:            u_soc/u_npu/u_npu_engine/fc_acc_reg[1][27]/D
                            (rising edge-triggered cell FDCE clocked by clk_50mhz  {rise@0.000ns fall@10.000ns period=20.000ns})
  Path Group:             clk_50mhz
  Path Type:              Setup (Max at Slow Process Corner)
  Requirement:            20.000ns  (clk_50mhz rise@20.000ns - clk_50mhz rise@0.000ns)
  Data Path Delay:        18.126ns  (logic 6.709ns (37.012%)  route 11.417ns (62.988%))
  Logic Levels:           23  (CARRY4=9 LUT2=2 LUT3=2 LUT4=1 LUT5=1 LUT6=4 MUXF7=2 MUXF8=2)
  Clock Path Skew:        -0.102ns (DCD - SCD + CPR)
    Destination Clock Delay (DCD):    7.706ns = ( 27.706 - 20.000 ) 
    Source Clock Delay      (SCD):    8.302ns
    Clock Pessimism Removal (CPR):    0.493ns
  Clock Uncertainty:      0.035ns  ((TSJ^2 + TIJ^2)^1/2 + DJ) / 2 + PE
    Total System Jitter     (TSJ):    0.071ns
    Total Input Jitter      (TIJ):    0.000ns
    Discrete Jitter          (DJ):    0.000ns
    Phase Error              (PE):    0.000ns

    Location             Delay type                Incr(ns)  Path(ns)    Netlist Resource(s)
  -------------------------------------------------------------------    -------------------
                         (clock clk_50mhz rise edge)
                                                      0.000     0.000 r  
    E3                                                0.000     0.000 r  CLK100MHZ (IN)
                         net (fo=0)                   0.000     0.000    CLK100MHZ
    E3                   IBUF (Prop_ibuf_I_O)         1.482     1.482 r  CLK100MHZ_IBUF_inst/O
                         net (fo=1, routed)           2.025     3.506    CLK100MHZ_IBUF
    BUFGCTRL_X0Y16       BUFG (Prop_bufg_I_O)         0.096     3.602 r  CLK100MHZ_IBUF_BUFG_inst/O
                         net (fo=1, routed)           1.625     5.228    CLK100MHZ_IBUF_BUFG
    SLICE_X52Y96         FDRE (Prop_fdre_C_Q)         0.456     5.684 r  clk_50mhz_reg_reg/Q
                         net (fo=2, routed)           0.736     6.419    clk_50mhz_reg
    BUFGCTRL_X0Y0        BUFG (Prop_bufg_I_O)         0.096     6.515 r  bufg_clk/O
                         net (fo=5569, routed)        1.786     8.302    u_soc/u_npu/u_npu_engine/clk_50mhz
    SLICE_X66Y23         FDCE                                         r  u_soc/u_npu/u_npu_engine/fc_idx_reg[4]_rep__19/C
  -------------------------------------------------------------------    -------------------
    SLICE_X66Y23         FDCE (Prop_fdce_C_Q)         0.518     8.820 r  u_soc/u_npu/u_npu_engine/fc_idx_reg[4]_rep__19/Q
                         net (fo=124, routed)         1.193    10.013    u_soc/u_npu/u_npu_engine/fc_idx_reg[4]_rep__19_0
    SLICE_X42Y23         CARRY4 (Prop_carry4_S[0]_O[0])
                                                      0.376    10.389 r  u_soc/u_npu/u_npu_engine/g0_b0__3_i_1/O[0]
                         net (fo=1861, routed)        2.765    13.154    u_soc/u_npu/u_npu_engine_n_1211
    SLICE_X80Y10         LUT6 (Prop_lut6_I4_O)        0.295    13.449 r  u_soc/u_npu/g24_b0__1/O
                         net (fo=1, routed)           0.000    13.449    u_soc/u_npu/u_npu_engine/i___371_i_567_0
    SLICE_X80Y10         MUXF7 (Prop_muxf7_I0_O)      0.241    13.690 r  u_soc/u_npu/u_npu_engine/i___371_i_1298/O
                         net (fo=1, routed)           0.000    13.690    u_soc/u_npu/u_npu_engine/i___371_i_1298_n_0
    SLICE_X80Y10         MUXF8 (Prop_muxf8_I0_O)      0.098    13.788 r  u_soc/u_npu/u_npu_engine/i___371_i_567/O
                         net (fo=1, routed)           0.796    14.584    u_soc/u_npu/u_npu_engine/i___371_i_567_n_0
    SLICE_X79Y9          LUT6 (Prop_lut6_I1_O)        0.319    14.903 r  u_soc/u_npu/u_npu_engine/i___371_i_197/O
                         net (fo=1, routed)           0.000    14.903    u_soc/u_npu/u_npu_engine/i___371_i_197_n_0
    SLICE_X79Y9          MUXF7 (Prop_muxf7_I1_O)      0.245    15.148 r  u_soc/u_npu/u_npu_engine/i___371_i_102/O
                         net (fo=1, routed)           0.000    15.148    u_soc/u_npu/u_npu_engine/i___371_i_102_n_0
    SLICE_X79Y9          MUXF8 (Prop_muxf8_I0_O)      0.104    15.252 r  u_soc/u_npu/u_npu_engine/i___371_i_55/O
                         net (fo=1, routed)           0.951    16.203    u_soc/u_npu/u_npu_engine/i___371_i_55_n_0
    SLICE_X72Y17         LUT6 (Prop_lut6_I5_O)        0.316    16.519 r  u_soc/u_npu/u_npu_engine/i___371_i_31/O
                         net (fo=15, routed)          1.538    18.057    u_soc/u_npu/u_npu_engine/i___371_i_31_n_0
    SLICE_X61Y27         LUT2 (Prop_lut2_I1_O)        0.150    18.207 r  u_soc/u_npu/u_npu_engine/i___371_i_28/O
                         net (fo=3, routed)           0.719    18.926    u_soc/u_npu/u_npu_engine/i___371_i_28_n_0
    SLICE_X67Y30         LUT6 (Prop_lut6_I3_O)        0.326    19.252 r  u_soc/u_npu/u_npu_engine/i___364_i_28/O
                         net (fo=2, routed)           0.498    19.751    u_soc/u_npu/u_npu_engine/i___364_i_28_n_0
    SLICE_X66Y31         LUT5 (Prop_lut5_I2_O)        0.124    19.875 r  u_soc/u_npu/u_npu_engine/i___364_i_32/O
                         net (fo=1, routed)           0.000    19.875    u_soc/u_npu/u_npu_engine/i___364_i_32_n_0
    SLICE_X66Y31         CARRY4 (Prop_carry4_S[0]_CO[3])
                                                      0.513    20.388 r  u_soc/u_npu/u_npu_engine/i___364_i_16/CO[3]
                         net (fo=1, routed)           0.000    20.388    u_soc/u_npu/u_npu_engine/i___364_i_16_n_0
    SLICE_X66Y32         CARRY4 (Prop_carry4_CI_O[1])
                                                      0.323    20.711 r  u_soc/u_npu/u_npu_engine/i___548_i_15/O[1]
                         net (fo=2, routed)           0.431    21.141    u_soc/u_npu/u_npu_engine/i___548_i_15_n_6
    SLICE_X65Y31         LUT3 (Prop_lut3_I1_O)        0.306    21.447 r  u_soc/u_npu/u_npu_engine/i___364_i_8/O
                         net (fo=2, routed)           0.583    22.030    u_soc/u_npu/u_npu_engine/i___364_i_8_n_0
    SLICE_X65Y33         LUT4 (Prop_lut4_I3_O)        0.124    22.154 r  u_soc/u_npu/u_npu_engine/i___364_i_12/O
                         net (fo=1, routed)           0.000    22.154    u_soc/u_npu/u_npu_engine/i___364_i_12_n_0
    SLICE_X65Y33         CARRY4 (Prop_carry4_S[2]_CO[3])
                                                      0.398    22.552 r  u_soc/u_npu/u_npu_engine/i___364_i_6/CO[3]
                         net (fo=1, routed)           0.000    22.552    u_soc/u_npu/u_npu_engine/i___364_i_6_n_0
    SLICE_X65Y34         CARRY4 (Prop_carry4_CI_CO[3])
                                                      0.114    22.666 r  u_soc/u_npu/u_npu_engine/i___548_i_2/CO[3]
                         net (fo=1, routed)           0.000    22.666    u_soc/u_npu/u_npu_engine/i___548_i_2_n_0
    SLICE_X65Y35         CARRY4 (Prop_carry4_CI_O[0])
                                                      0.222    22.888 r  u_soc/u_npu/u_npu_engine/i___548_i_1/O[0]
                         net (fo=4, routed)           0.840    23.728    u_soc/u_npu/u_npu_engine_n_598
    SLICE_X60Y34         LUT2 (Prop_lut2_I0_O)        0.299    24.027 r  u_soc/u_npu/i___548/O
                         net (fo=1, routed)           0.000    24.027    u_soc/u_npu/u_npu_engine/fc_acc_reg[1][19]_0[0]
    SLICE_X60Y34         CARRY4 (Prop_carry4_S[1]_CO[3])
                                                      0.533    24.560 r  u_soc/u_npu/u_npu_engine/i___356_i_1/CO[3]
                         net (fo=1, routed)           0.000    24.560    u_soc/u_npu/u_npu_engine/i___356_i_1_n_0
    SLICE_X60Y35         CARRY4 (Prop_carry4_CI_CO[3])
                                                      0.117    24.677 r  u_soc/u_npu/u_npu_engine/i___352_i_1/CO[3]
                         net (fo=1, routed)           0.000    24.677    u_soc/u_npu/u_npu_engine/i___352_i_1_n_0
    SLICE_X60Y36         CARRY4 (Prop_carry4_CI_O[3])
                                                      0.315    24.992 r  u_soc/u_npu/u_npu_engine/i___348_i_1/O[3]
                         net (fo=1, routed)           1.103    26.095    u_soc/u_npu/u_npu_engine_n_635
    SLICE_X51Y36         LUT3 (Prop_lut3_I1_O)        0.333    26.428 r  u_soc/u_npu/i___348/O
                         net (fo=1, routed)           0.000    26.428    u_soc/u_npu/u_npu_engine/fc_acc_reg[1][31]_2[24]
    SLICE_X51Y36         FDCE                                         r  u_soc/u_npu/u_npu_engine/fc_acc_reg[1][27]/D
  -------------------------------------------------------------------    -------------------

                         (clock clk_50mhz rise edge)
                                                     20.000    20.000 r  
    E3                                                0.000    20.000 r  CLK100MHZ (IN)
                         net (fo=0)                   0.000    20.000    CLK100MHZ
    E3                   IBUF (Prop_ibuf_I_O)         1.411    21.411 r  CLK100MHZ_IBUF_inst/O
                         net (fo=1, routed)           1.920    23.331    CLK100MHZ_IBUF
    BUFGCTRL_X0Y16       BUFG (Prop_bufg_I_O)         0.091    23.422 r  CLK100MHZ_IBUF_BUFG_inst/O
                         net (fo=1, routed)           1.504    24.927    CLK100MHZ_IBUF_BUFG
    SLICE_X52Y96         FDRE (Prop_fdre_C_Q)         0.367    25.294 r  clk_50mhz_reg_reg/Q
                         net (fo=2, routed)           0.654    25.947    clk_50mhz_reg
    BUFGCTRL_X0Y0        BUFG (Prop_bufg_I_O)         0.091    26.038 r  bufg_clk/O
                         net (fo=5569, routed)        1.668    27.706    u_soc/u_npu/u_npu_engine/clk_50mhz
    SLICE_X51Y36         FDCE                                         r  u_soc/u_npu/u_npu_engine/fc_acc_reg[1][27]/C
                         clock pessimism              0.493    28.200    
                         clock uncertainty           -0.035    28.164    
    SLICE_X51Y36         FDCE (Setup_fdce_C_D)        0.075    28.239    u_soc/u_npu/u_npu_engine/fc_acc_reg[1][27]
  -------------------------------------------------------------------
                         required time                         28.239    
                         arrival time                         -26.428    
  -------------------------------------------------------------------
                         slack                                  1.811    




