Copyright 1986-2022 Xilinx, Inc. All Rights Reserved. Copyright 2022-2025 Advanced Micro Devices, Inc. All Rights Reserved.
---------------------------------------------------------------------------------------------------------------------------------------------
| Tool Version : Vivado v.2025.2 (win64) Build 6299465 Fri Nov 14 19:35:11 GMT 2025
| Date         : Thu Aug 20 11:21:52 2026
| Host         : baris running 64-bit major release  (build 9200)
| Command      : report_timing -delay_type max -max_paths 1 -file C:/Users/ybari/2026_Arkhe/evidence/fpga/critical_path_v9.rpt
| Design       : nexys_top
| Device       : 7a100t-csg324
| Speed File   : -1  PRODUCTION 1.23 2018-06-13
| Design State : Routed
---------------------------------------------------------------------------------------------------------------------------------------------

Timing Report

Slack (MET) :             1.886ns  (required time - arrival time)
  Source:                 u_soc/u_npu/u_npu_engine/fc_idx_reg[4]_rep__19/C
                            (rising edge-triggered cell FDCE clocked by clk_50mhz  {rise@0.000ns fall@10.000ns period=20.000ns})
  Destination:            u_soc/u_npu/u_npu_engine/fc_acc_reg[1][31]/D
                            (rising edge-triggered cell FDCE clocked by clk_50mhz  {rise@0.000ns fall@10.000ns period=20.000ns})
  Path Group:             clk_50mhz
  Path Type:              Setup (Max at Slow Process Corner)
  Requirement:            20.000ns  (clk_50mhz rise@20.000ns - clk_50mhz rise@0.000ns)
  Data Path Delay:        18.047ns  (logic 6.747ns (37.385%)  route 11.300ns (62.615%))
  Logic Levels:           24  (CARRY4=10 LUT2=2 LUT3=1 LUT4=2 LUT5=1 LUT6=4 MUXF7=2 MUXF8=2)
  Clock Path Skew:        -0.106ns (DCD - SCD + CPR)
    Destination Clock Delay (DCD):    7.709ns = ( 27.709 - 20.000 ) 
    Source Clock Delay      (SCD):    8.309ns
    Clock Pessimism Removal (CPR):    0.493ns
  Clock Uncertainty:      0.035ns  ((TSJ^2 + TIJ^2)^1/2 + DJ) / 2 + PE
    Total System Jitter     (TSJ):    0.071ns
    Total Input Jitter      (TIJ):    0.000ns
    Discrete Jitter          (DJ):    0.000ns
    Phase Error              (PE):    0.000ns

    Location             Delay type                Incr(ns)  Path(ns)    Netlist Resource(s)
  -------------------------------------------------------------------    -------------------
                         (clock clk_50mhz rise edge)
                                                      0.000     0.000 r  
    E3                                                0.000     0.000 r  CLK100MHZ (IN)
                         net (fo=0)                   0.000     0.000    CLK100MHZ
    E3                   IBUF (Prop_ibuf_I_O)         1.482     1.482 r  CLK100MHZ_IBUF_inst/O
                         net (fo=1, routed)           2.025     3.506    CLK100MHZ_IBUF
    BUFGCTRL_X0Y16       BUFG (Prop_bufg_I_O)         0.096     3.602 r  CLK100MHZ_IBUF_BUFG_inst/O
                         net (fo=1, routed)           1.625     5.228    CLK100MHZ_IBUF_BUFG
    SLICE_X52Y96         FDRE (Prop_fdre_C_Q)         0.456     5.684 r  clk_50mhz_reg_reg/Q
                         net (fo=2, routed)           0.736     6.419    clk_50mhz_reg
    BUFGCTRL_X0Y0        BUFG (Prop_bufg_I_O)         0.096     6.515 r  bufg_clk/O
                         net (fo=5569, routed)        1.793     8.309    u_soc/u_npu/u_npu_engine/clk_50mhz
    SLICE_X71Y31         FDCE                                         r  u_soc/u_npu/u_npu_engine/fc_idx_reg[4]_rep__19/C
  -------------------------------------------------------------------    -------------------
    SLICE_X71Y31         FDCE (Prop_fdce_C_Q)         0.456     8.765 r  u_soc/u_npu/u_npu_engine/fc_idx_reg[4]_rep__19/Q
                         net (fo=124, routed)         1.147     9.911    u_soc/u_npu/u_npu_engine/fc_idx_reg[4]_rep__19_0
    SLICE_X51Y25         CARRY4 (Prop_carry4_S[0]_O[0])
                                                      0.371    10.282 r  u_soc/u_npu/u_npu_engine/g0_b0__3_i_1/O[0]
                         net (fo=1861, routed)        2.799    13.081    u_soc/u_npu/u_npu_engine_n_1211
    SLICE_X81Y13         LUT6 (Prop_lut6_I4_O)        0.299    13.380 r  u_soc/u_npu/g5_b1__6/O
                         net (fo=1, routed)           0.000    13.380    u_soc/u_npu/u_npu_engine/i___371_i_501_1
    SLICE_X81Y13         MUXF7 (Prop_muxf7_I1_O)      0.245    13.625 r  u_soc/u_npu/u_npu_engine/i___371_i_1168/O
                         net (fo=1, routed)           0.000    13.625    u_soc/u_npu/u_npu_engine/i___371_i_1168_n_0
    SLICE_X81Y13         MUXF8 (Prop_muxf8_I0_O)      0.104    13.729 r  u_soc/u_npu/u_npu_engine/i___371_i_501/O
                         net (fo=1, routed)           0.923    14.653    u_soc/u_npu/u_npu_engine/i___371_i_501_n_0
    SLICE_X79Y11         LUT6 (Prop_lut6_I3_O)        0.316    14.969 r  u_soc/u_npu/u_npu_engine/i___371_i_180/O
                         net (fo=1, routed)           0.000    14.969    u_soc/u_npu/u_npu_engine/i___371_i_180_n_0
    SLICE_X79Y11         MUXF7 (Prop_muxf7_I0_O)      0.238    15.207 r  u_soc/u_npu/u_npu_engine/i___371_i_94/O
                         net (fo=1, routed)           0.000    15.207    u_soc/u_npu/u_npu_engine/i___371_i_94_n_0
    SLICE_X79Y11         MUXF8 (Prop_muxf8_I0_O)      0.104    15.311 r  u_soc/u_npu/u_npu_engine/i___371_i_51/O
                         net (fo=1, routed)           1.010    16.321    u_soc/u_npu/u_npu_engine/i___371_i_51_n_0
    SLICE_X74Y7          LUT6 (Prop_lut6_I5_O)        0.316    16.637 r  u_soc/u_npu/u_npu_engine/i___371_i_30/O
                         net (fo=17, routed)          1.862    18.498    u_soc/u_npu/u_npu_engine/i___371_i_30_n_0
    SLICE_X48Y26         LUT2 (Prop_lut2_I1_O)        0.153    18.651 r  u_soc/u_npu/u_npu_engine/i___364_i_41/O
                         net (fo=3, routed)           0.444    19.096    u_soc/u_npu/u_npu_engine/i___364_i_41_n_0
    SLICE_X48Y27         LUT6 (Prop_lut6_I2_O)        0.327    19.423 r  u_soc/u_npu/u_npu_engine/i___364_i_27/O
                         net (fo=2, routed)           0.513    19.935    u_soc/u_npu/u_npu_engine/i___364_i_27_n_0
    SLICE_X50Y28         LUT5 (Prop_lut5_I2_O)        0.124    20.059 r  u_soc/u_npu/u_npu_engine/i___364_i_31/O
                         net (fo=1, routed)           0.000    20.059    u_soc/u_npu/u_npu_engine/i___364_i_31_n_0
    SLICE_X50Y28         CARRY4 (Prop_carry4_S[1]_O[2])
                                                      0.578    20.637 r  u_soc/u_npu/u_npu_engine/i___364_i_16/O[2]
                         net (fo=2, routed)           0.577    21.214    u_soc/u_npu/u_npu_engine/i___364_i_16_n_5
    SLICE_X49Y25         LUT4 (Prop_lut4_I0_O)        0.301    21.515 r  u_soc/u_npu/u_npu_engine/i___367_i_7/O
                         net (fo=2, routed)           0.585    22.100    u_soc/u_npu/u_npu_engine/i___367_i_7_n_0
    SLICE_X49Y27         LUT4 (Prop_lut4_I3_O)        0.124    22.224 r  u_soc/u_npu/u_npu_engine/i___367_i_11/O
                         net (fo=1, routed)           0.000    22.224    u_soc/u_npu/u_npu_engine/i___367_i_11_n_0
    SLICE_X49Y27         CARRY4 (Prop_carry4_S[3]_CO[3])
                                                      0.401    22.625 r  u_soc/u_npu/u_npu_engine/i___367_i_6/CO[3]
                         net (fo=1, routed)           0.000    22.625    u_soc/u_npu/u_npu_engine/i___367_i_6_n_0
    SLICE_X49Y28         CARRY4 (Prop_carry4_CI_O[1])
                                                      0.334    22.959 r  u_soc/u_npu/u_npu_engine/i___364_i_6/O[1]
                         net (fo=1, routed)           0.779    23.738    u_soc/u_npu/u_npu_engine/i___364_i_6_n_6
    SLICE_X48Y32         LUT2 (Prop_lut2_I1_O)        0.303    24.041 r  u_soc/u_npu/u_npu_engine/i___364_i_4/O
                         net (fo=1, routed)           0.000    24.041    u_soc/u_npu/u_npu_engine/i___364_i_4_n_0
    SLICE_X48Y32         CARRY4 (Prop_carry4_S[1]_CO[3])
                                                      0.550    24.591 r  u_soc/u_npu/u_npu_engine/i___364_i_1/CO[3]
                         net (fo=1, routed)           0.000    24.591    u_soc/u_npu/u_npu_engine/i___364_i_1_n_0
    SLICE_X48Y33         CARRY4 (Prop_carry4_CI_CO[3])
                                                      0.114    24.705 r  u_soc/u_npu/u_npu_engine/i___360_i_1/CO[3]
                         net (fo=1, routed)           0.000    24.705    u_soc/u_npu/u_npu_engine/i___360_i_1_n_0
    SLICE_X48Y34         CARRY4 (Prop_carry4_CI_CO[3])
                                                      0.114    24.819 r  u_soc/u_npu/u_npu_engine/i___356_i_1/CO[3]
                         net (fo=1, routed)           0.000    24.819    u_soc/u_npu/u_npu_engine/i___356_i_1_n_0
    SLICE_X48Y35         CARRY4 (Prop_carry4_CI_CO[3])
                                                      0.114    24.933 r  u_soc/u_npu/u_npu_engine/i___352_i_1/CO[3]
                         net (fo=1, routed)           0.000    24.933    u_soc/u_npu/u_npu_engine/i___352_i_1_n_0
    SLICE_X48Y36         CARRY4 (Prop_carry4_CI_CO[3])
                                                      0.114    25.047 r  u_soc/u_npu/u_npu_engine/i___348_i_1/CO[3]
                         net (fo=1, routed)           0.000    25.047    u_soc/u_npu/u_npu_engine/i___348_i_1_n_0
    SLICE_X48Y37         CARRY4 (Prop_carry4_CI_O[3])
                                                      0.313    25.360 r  u_soc/u_npu/u_npu_engine/i___344_i_1/O[3]
                         net (fo=1, routed)           0.662    26.022    u_soc/u_npu/u_npu_engine_n_639
    SLICE_X49Y37         LUT3 (Prop_lut3_I1_O)        0.334    26.356 r  u_soc/u_npu/i___344/O
                         net (fo=1, routed)           0.000    26.356    u_soc/u_npu/u_npu_engine/fc_acc_reg[1][31]_2[28]
    SLICE_X49Y37         FDCE                                         r  u_soc/u_npu/u_npu_engine/fc_acc_reg[1][31]/D
  -------------------------------------------------------------------    -------------------

                         (clock clk_50mhz rise edge)
                                                     20.000    20.000 r  
    E3                                                0.000    20.000 r  CLK100MHZ (IN)
                         net (fo=0)                   0.000    20.000    CLK100MHZ
    E3                   IBUF (Prop_ibuf_I_O)         1.411    21.411 r  CLK100MHZ_IBUF_inst/O
                         net (fo=1, routed)           1.920    23.331    CLK100MHZ_IBUF
    BUFGCTRL_X0Y16       BUFG (Prop_bufg_I_O)         0.091    23.422 r  CLK100MHZ_IBUF_BUFG_inst/O
                         net (fo=1, routed)           1.504    24.927    CLK100MHZ_IBUF_BUFG
    SLICE_X52Y96         FDRE (Prop_fdre_C_Q)         0.367    25.294 r  clk_50mhz_reg_reg/Q
                         net (fo=2, routed)           0.654    25.947    clk_50mhz_reg
    BUFGCTRL_X0Y0        BUFG (Prop_bufg_I_O)         0.091    26.038 r  bufg_clk/O
                         net (fo=5569, routed)        1.671    27.709    u_soc/u_npu/u_npu_engine/clk_50mhz
    SLICE_X49Y37         FDCE                                         r  u_soc/u_npu/u_npu_engine/fc_acc_reg[1][31]/C
                         clock pessimism              0.493    28.203    
                         clock uncertainty           -0.035    28.167    
    SLICE_X49Y37         FDCE (Setup_fdce_C_D)        0.075    28.242    u_soc/u_npu/u_npu_engine/fc_acc_reg[1][31]
  -------------------------------------------------------------------
                         required time                         28.242    
                         arrival time                         -26.356    
  -------------------------------------------------------------------
                         slack                                  1.886    




