Copyright 1986-2022 Xilinx, Inc. All Rights Reserved. Copyright 2022-2025 Advanced Micro Devices, Inc. All Rights Reserved.
---------------------------------------------------------------------------------------------------------------------------------------------
| Tool Version : Vivado v.2025.2 (win64) Build 6299465 Fri Nov 14 19:35:11 GMT 2025
| Date         : Tue Aug 18 18:09:06 2026
| Host         : baris running 64-bit major release  (build 9200)
| Command      : report_timing -delay_type max -max_paths 1 -file C:/Users/ybari/2026_Arkhe/evidence/fpga/critical_path_v7.rpt
| Design       : nexys_top
| Device       : 7a100t-csg324
| Speed File   : -1  PRODUCTION 1.23 2018-06-13
| Design State : Routed
---------------------------------------------------------------------------------------------------------------------------------------------

Timing Report

Slack (MET) :             0.529ns  (required time - arrival time)
  Source:                 u_soc/u_core/id_stage_i/alu_operand_b_ex_o_reg[4]/C
                            (rising edge-triggered cell FDCE clocked by clk_50mhz  {rise@0.000ns fall@10.000ns period=20.000ns})
  Destination:            u_soc/u_core/if_stage_i/instr_rdata_id_o_reg[20]/D
                            (rising edge-triggered cell FDCE clocked by clk_50mhz  {rise@0.000ns fall@10.000ns period=20.000ns})
  Path Group:             clk_50mhz
  Path Type:              Setup (Max at Slow Process Corner)
  Requirement:            20.000ns  (clk_50mhz rise@20.000ns - clk_50mhz rise@0.000ns)
  Data Path Delay:        19.338ns  (logic 3.894ns (20.136%)  route 15.444ns (79.864%))
  Logic Levels:           24  (LUT2=1 LUT3=6 LUT4=1 LUT5=5 LUT6=11)
  Clock Path Skew:        -0.051ns (DCD - SCD + CPR)
    Destination Clock Delay (DCD):    7.711ns = ( 27.711 - 20.000 ) 
    Source Clock Delay      (SCD):    8.328ns
    Clock Pessimism Removal (CPR):    0.565ns
  Clock Uncertainty:      0.035ns  ((TSJ^2 + TIJ^2)^1/2 + DJ) / 2 + PE
    Total System Jitter     (TSJ):    0.071ns
    Total Input Jitter      (TIJ):    0.000ns
    Discrete Jitter          (DJ):    0.000ns
    Phase Error              (PE):    0.000ns

    Location             Delay type                Incr(ns)  Path(ns)    Netlist Resource(s)
  -------------------------------------------------------------------    -------------------
                         (clock clk_50mhz rise edge)
                                                      0.000     0.000 r  
    E3                                                0.000     0.000 r  CLK100MHZ (IN)
                         net (fo=0)                   0.000     0.000    CLK100MHZ
    E3                   IBUF (Prop_ibuf_I_O)         1.482     1.482 r  CLK100MHZ_IBUF_inst/O
                         net (fo=1, routed)           2.025     3.506    CLK100MHZ_IBUF
    BUFGCTRL_X0Y16       BUFG (Prop_bufg_I_O)         0.096     3.602 r  CLK100MHZ_IBUF_BUFG_inst/O
                         net (fo=1, routed)           1.625     5.228    CLK100MHZ_IBUF_BUFG
    SLICE_X52Y96         FDRE (Prop_fdre_C_Q)         0.456     5.684 r  clk_50mhz_reg_reg/Q
                         net (fo=2, routed)           0.736     6.419    clk_50mhz_reg
    BUFGCTRL_X0Y0        BUFG (Prop_bufg_I_O)         0.096     6.515 r  bufg_clk/O
                         net (fo=5561, routed)        1.812     8.328    u_soc/u_core/id_stage_i/clk_50mhz
    SLICE_X37Y2          FDCE                                         r  u_soc/u_core/id_stage_i/alu_operand_b_ex_o_reg[4]/C
  -------------------------------------------------------------------    -------------------
    SLICE_X37Y2          FDCE (Prop_fdce_C_Q)         0.456     8.784 r  u_soc/u_core/id_stage_i/alu_operand_b_ex_o_reg[4]/Q
                         net (fo=45, routed)          1.121     9.905    u_soc/u_core/id_stage_i/alu_operand_b_ex_o_reg[31]_0[4]
    SLICE_X29Y5          LUT3 (Prop_lut3_I0_O)        0.150    10.055 f  u_soc/u_core/id_stage_i/i___140_i_5/O
                         net (fo=3, routed)           0.835    10.890    u_soc/u_core/id_stage_i/controller_i/mcause_q[4]_i_12
    SLICE_X29Y5          LUT6 (Prop_lut6_I3_O)        0.332    11.222 r  u_soc/u_core/id_stage_i/controller_i/i___65_i_6/O
                         net (fo=18, routed)          0.719    11.941    u_soc/u_core/id_stage_i/int_controller_i/mcause_q[0]_i_6_0
    SLICE_X27Y5          LUT6 (Prop_lut6_I3_O)        0.124    12.065 f  u_soc/u_core/id_stage_i/int_controller_i/mcause_q[4]_i_14/O
                         net (fo=2, routed)           0.847    12.912    u_soc/u_core/id_stage_i/int_controller_i/mcause_q[4]_i_14_n_0
    SLICE_X28Y6          LUT2 (Prop_lut2_I0_O)        0.150    13.062 f  u_soc/u_core/id_stage_i/int_controller_i/mcause_q[4]_i_7/O
                         net (fo=2, routed)           0.579    13.641    u_soc/u_core/id_stage_i/int_controller_i/mcause_q[4]_i_7_n_0
    SLICE_X28Y7          LUT3 (Prop_lut3_I2_O)        0.326    13.967 r  u_soc/u_core/id_stage_i/int_controller_i/mcause_q[4]_i_3/O
                         net (fo=3, routed)           0.482    14.449    u_soc/u_core/id_stage_i/int_controller_i/csr_op_ex_o_reg[1]
    SLICE_X28Y8          LUT6 (Prop_lut6_I0_O)        0.124    14.573 f  u_soc/u_core/id_stage_i/int_controller_i/i___38_i_7/O
                         net (fo=3, routed)           0.462    15.035    u_soc/u_core/id_stage_i/controller_i/illegal_insn_q_reg_1
    SLICE_X32Y8          LUT3 (Prop_lut3_I2_O)        0.124    15.159 f  u_soc/u_core/id_stage_i/controller_i/i___67_i_1/O
                         net (fo=10, routed)          0.353    15.512    u_soc/u_core/id_stage_i/controller_i/debug_req_q_reg_0
    SLICE_X35Y7          LUT5 (Prop_lut5_I4_O)        0.124    15.636 r  u_soc/u_core/id_stage_i/controller_i/i___19_i_8/O
                         net (fo=33, routed)          0.762    16.398    u_soc/u_core/id_stage_i/controller_i/csr_save_if
    SLICE_X34Y10         LUT3 (Prop_lut3_I2_O)        0.124    16.522 r  u_soc/u_core/id_stage_i/controller_i/i___19_i_1/O
                         net (fo=47, routed)          0.837    17.359    u_soc/u_core/id_stage_i/controller_i/ctrl_fsm_cs_reg[0]_1
    SLICE_X35Y10         LUT5 (Prop_lut5_I3_O)        0.124    17.483 f  u_soc/u_core/id_stage_i/controller_i/trans_addr_q[27]_i_2/O
                         net (fo=3, routed)           0.426    17.908    u_soc/u_core/if_stage_i/prefetch_buffer_i/instruction_obi_i/gen_no_trans_stable.obi_addr_q_reg[27]_0
    SLICE_X35Y10         LUT5 (Prop_lut5_I2_O)        0.124    18.032 f  u_soc/u_core/if_stage_i/prefetch_buffer_i/instruction_obi_i/gen_no_trans_stable.obi_addr_q[27]_i_1/O
                         net (fo=3, routed)           0.678    18.710    u_soc/u_instr_bridge/addr_q_reg[31]_1[14]
    SLICE_X37Y12         LUT6 (Prop_lut6_I0_O)        0.124    18.834 f  u_soc/u_instr_bridge/mem_q[0][31]_i_14/O
                         net (fo=1, routed)           0.615    19.449    u_soc/u_instr_bridge/instr_axil_araddr[27]
    SLICE_X38Y12         LUT4 (Prop_lut4_I2_O)        0.124    19.573 f  u_soc/u_instr_bridge/mem_q[0][31]_i_11/O
                         net (fo=1, routed)           0.282    19.855    u_soc/u_instr_bridge/mem_q[0][31]_i_11_n_0
    SLICE_X38Y12         LUT5 (Prop_lut5_I4_O)        0.124    19.979 r  u_soc/u_instr_bridge/mem_q[0][31]_i_5/O
                         net (fo=43, routed)          0.560    20.539    u_soc/u_rom_arbiter/instr_to_rom
    SLICE_X37Y13         LUT5 (Prop_lut5_I3_O)        0.124    20.663 f  u_soc/u_rom_arbiter/mem_q[0][31]_i_4/O
                         net (fo=36, routed)          0.823    21.486    u_soc/u_instr_bridge/instr_axil_rvalid
    SLICE_X41Y12         LUT6 (Prop_lut6_I1_O)        0.124    21.610 f  u_soc/u_instr_bridge/mem_q[0][17]_i_1/O
                         net (fo=3, routed)           0.318    21.928    u_soc/u_core/if_stage_i/prefetch_buffer_i/fifo_i/mem_q_reg[0][31]_0[17]
    SLICE_X42Y12         LUT6 (Prop_lut6_I0_O)        0.124    22.052 f  u_soc/u_core/if_stage_i/prefetch_buffer_i/fifo_i/r_instr_h[1]_i_1/O
                         net (fo=5, routed)           0.201    22.253    u_soc/u_core/if_stage_i/prefetch_buffer_i/fifo_i/D[1]
    SLICE_X42Y12         LUT6 (Prop_lut6_I5_O)        0.124    22.377 r  u_soc/u_core/if_stage_i/prefetch_buffer_i/fifo_i/instr_rdata_id_o[31]_i_3/O
                         net (fo=16, routed)          0.680    23.057    u_soc/u_core/if_stage_i/aligner_i/instr_rdata_id_o_reg[20]_0
    SLICE_X46Y13         LUT6 (Prop_lut6_I2_O)        0.124    23.181 r  u_soc/u_core/if_stage_i/aligner_i/i___6_i_1/O
                         net (fo=11, routed)          0.999    24.180    u_soc/u_core/if_stage_i/aligner_i/r_instr_h_reg[2]_0
    SLICE_X50Y12         LUT6 (Prop_lut6_I4_O)        0.124    24.304 f  u_soc/u_core/if_stage_i/aligner_i/i___2_i_5/O
                         net (fo=5, routed)           0.620    24.925    u_soc/u_core/if_stage_i/aligner_i/r_instr_h_reg[6]_0
    SLICE_X51Y12         LUT3 (Prop_lut3_I0_O)        0.124    25.049 f  u_soc/u_core/if_stage_i/aligner_i/i___3_i_3/O
                         net (fo=4, routed)           0.452    25.501    u_soc/u_core/if_stage_i/prefetch_buffer_i/fifo_i/instr_rdata_id_o_reg[27]_0
    SLICE_X52Y12         LUT3 (Prop_lut3_I0_O)        0.124    25.625 f  u_soc/u_core/if_stage_i/prefetch_buffer_i/fifo_i/i___4_i_1/O
                         net (fo=11, routed)          0.798    26.423    u_soc/u_core/if_stage_i/prefetch_buffer_i/fifo_i/r_instr_h_reg[12]_1
    SLICE_X50Y9          LUT6 (Prop_lut6_I1_O)        0.124    26.547 r  u_soc/u_core/if_stage_i/prefetch_buffer_i/fifo_i/instr_rdata_id_o[20]_i_5/O
                         net (fo=1, routed)           0.654    27.202    u_soc/u_core/if_stage_i/prefetch_buffer_i/fifo_i/instr_rdata_id_o[20]_i_5_n_0
    SLICE_X47Y9          LUT6 (Prop_lut6_I5_O)        0.124    27.326 r  u_soc/u_core/if_stage_i/prefetch_buffer_i/fifo_i/instr_rdata_id_o[20]_i_1/O
                         net (fo=1, routed)           0.340    27.666    u_soc/u_core/if_stage_i/instr_decompressed[20]
    SLICE_X47Y9          FDCE                                         r  u_soc/u_core/if_stage_i/instr_rdata_id_o_reg[20]/D
  -------------------------------------------------------------------    -------------------

                         (clock clk_50mhz rise edge)
                                                     20.000    20.000 r  
    E3                                                0.000    20.000 r  CLK100MHZ (IN)
                         net (fo=0)                   0.000    20.000    CLK100MHZ
    E3                   IBUF (Prop_ibuf_I_O)         1.411    21.411 r  CLK100MHZ_IBUF_inst/O
                         net (fo=1, routed)           1.920    23.331    CLK100MHZ_IBUF
    BUFGCTRL_X0Y16       BUFG (Prop_bufg_I_O)         0.091    23.422 r  CLK100MHZ_IBUF_BUFG_inst/O
                         net (fo=1, routed)           1.504    24.927    CLK100MHZ_IBUF_BUFG
    SLICE_X52Y96         FDRE (Prop_fdre_C_Q)         0.367    25.294 r  clk_50mhz_reg_reg/Q
                         net (fo=2, routed)           0.654    25.947    clk_50mhz_reg
    BUFGCTRL_X0Y0        BUFG (Prop_bufg_I_O)         0.091    26.038 r  bufg_clk/O
                         net (fo=5561, routed)        1.673    27.711    u_soc/u_core/if_stage_i/clk_50mhz
    SLICE_X47Y9          FDCE                                         r  u_soc/u_core/if_stage_i/instr_rdata_id_o_reg[20]/C
                         clock pessimism              0.565    28.277    
                         clock uncertainty           -0.035    28.241    
    SLICE_X47Y9          FDCE (Setup_fdce_C_D)       -0.047    28.194    u_soc/u_core/if_stage_i/instr_rdata_id_o_reg[20]
  -------------------------------------------------------------------
                         required time                         28.194    
                         arrival time                         -27.666    
  -------------------------------------------------------------------
                         slack                                  0.529    




