Copyright 1986-2022 Xilinx, Inc. All Rights Reserved. Copyright 2022-2025 Advanced Micro Devices, Inc. All Rights Reserved.
---------------------------------------------------------------------------------------------------------------------------------------------
| Tool Version : Vivado v.2025.2 (win64) Build 6299465 Fri Nov 14 19:35:11 GMT 2025
| Date         : Tue Aug 18 16:34:56 2026
| Host         : baris running 64-bit major release  (build 9200)
| Command      : report_timing -delay_type max -max_paths 1 -file C:/Users/ybari/2026_Arkhe/evidence/fpga/critical_path_v6.rpt
| Design       : nexys_top
| Device       : 7a100t-csg324
| Speed File   : -1  PRODUCTION 1.23 2018-06-13
| Design State : Routed
---------------------------------------------------------------------------------------------------------------------------------------------

Timing Report

Slack (MET) :             2.147ns  (required time - arrival time)
  Source:                 u_soc/u_npu/u_npu_engine/fc_idx_reg[4]_rep__21/C
                            (rising edge-triggered cell FDCE clocked by clk_50mhz  {rise@0.000ns fall@10.000ns period=20.000ns})
  Destination:            u_soc/u_npu/u_npu_engine/fc_acc_reg[1][29]/D
                            (rising edge-triggered cell FDCE clocked by clk_50mhz  {rise@0.000ns fall@10.000ns period=20.000ns})
  Path Group:             clk_50mhz
  Path Type:              Setup (Max at Slow Process Corner)
  Requirement:            20.000ns  (clk_50mhz rise@20.000ns - clk_50mhz rise@0.000ns)
  Data Path Delay:        17.910ns  (logic 6.659ns (37.180%)  route 11.251ns (62.820%))
  Logic Levels:           23  (CARRY4=10 LUT2=2 LUT3=3 LUT4=1 LUT6=3 MUXF7=2 MUXF8=2)
  Clock Path Skew:        0.064ns (DCD - SCD + CPR)
    Destination Clock Delay (DCD):    7.718ns = ( 27.718 - 20.000 ) 
    Source Clock Delay      (SCD):    8.140ns
    Clock Pessimism Removal (CPR):    0.485ns
  Clock Uncertainty:      0.035ns  ((TSJ^2 + TIJ^2)^1/2 + DJ) / 2 + PE
    Total System Jitter     (TSJ):    0.071ns
    Total Input Jitter      (TIJ):    0.000ns
    Discrete Jitter          (DJ):    0.000ns
    Phase Error              (PE):    0.000ns

    Location             Delay type                Incr(ns)  Path(ns)    Netlist Resource(s)
  -------------------------------------------------------------------    -------------------
                         (clock clk_50mhz rise edge)
                                                      0.000     0.000 r  
    E3                                                0.000     0.000 r  CLK100MHZ (IN)
                         net (fo=0)                   0.000     0.000    CLK100MHZ
    E3                   IBUF (Prop_ibuf_I_O)         1.482     1.482 r  CLK100MHZ_IBUF_inst/O
                         net (fo=1, routed)           2.025     3.506    CLK100MHZ_IBUF
    BUFGCTRL_X0Y16       BUFG (Prop_bufg_I_O)         0.096     3.602 r  CLK100MHZ_IBUF_BUFG_inst/O
                         net (fo=1, routed)           1.625     5.228    CLK100MHZ_IBUF_BUFG
    SLICE_X52Y96         FDRE (Prop_fdre_C_Q)         0.456     5.684 r  clk_50mhz_reg_reg/Q
                         net (fo=2, routed)           0.736     6.419    clk_50mhz_reg
    BUFGCTRL_X0Y0        BUFG (Prop_bufg_I_O)         0.096     6.515 r  bufg_clk/O
                         net (fo=5323, routed)        1.624     8.140    u_soc/u_npu/u_npu_engine/clk_50mhz
    SLICE_X58Y62         FDCE                                         r  u_soc/u_npu/u_npu_engine/fc_idx_reg[4]_rep__21/C
  -------------------------------------------------------------------    -------------------
    SLICE_X58Y62         FDCE (Prop_fdce_C_Q)         0.518     8.658 r  u_soc/u_npu/u_npu_engine/fc_idx_reg[4]_rep__21/Q
                         net (fo=124, routed)         1.054     9.712    u_soc/u_npu/u_npu_engine/fc_idx_reg[4]_rep__21_0
    SLICE_X41Y55         CARRY4 (Prop_carry4_S[0]_O[0])
                                                      0.371    10.083 r  u_soc/u_npu/u_npu_engine/g0_b0_i_1/O[0]
                         net (fo=1861, routed)        2.286    12.369    u_soc/u_npu/u_npu_engine_n_616
    SLICE_X38Y85         LUT6 (Prop_lut6_I4_O)        0.299    12.668 r  u_soc/u_npu/g190_b4__1/O
                         net (fo=1, routed)           0.000    12.668    u_soc/u_npu/u_npu_engine/i___203_i_542_2
    SLICE_X38Y85         MUXF7 (Prop_muxf7_I0_O)      0.209    12.877 r  u_soc/u_npu/u_npu_engine/i___203_i_1249/O
                         net (fo=1, routed)           0.000    12.877    u_soc/u_npu/u_npu_engine/i___203_i_1249_n_0
    SLICE_X38Y85         MUXF8 (Prop_muxf8_I1_O)      0.088    12.965 r  u_soc/u_npu/u_npu_engine/i___203_i_542/O
                         net (fo=1, routed)           0.992    13.957    u_soc/u_npu/u_npu_engine/i___203_i_542_n_0
    SLICE_X41Y85         LUT6 (Prop_lut6_I0_O)        0.319    14.276 r  u_soc/u_npu/u_npu_engine/i___203_i_191/O
                         net (fo=1, routed)           0.000    14.276    u_soc/u_npu/u_npu_engine/i___203_i_191_n_0
    SLICE_X41Y85         MUXF7 (Prop_muxf7_I1_O)      0.217    14.493 r  u_soc/u_npu/u_npu_engine/i___203_i_99/O
                         net (fo=1, routed)           0.000    14.493    u_soc/u_npu/u_npu_engine/i___203_i_99_n_0
    SLICE_X41Y85         MUXF8 (Prop_muxf8_I1_O)      0.094    14.587 r  u_soc/u_npu/u_npu_engine/i___203_i_53/O
                         net (fo=1, routed)           1.011    15.598    u_soc/u_npu/u_npu_engine/i___203_i_53_n_0
    SLICE_X45Y81         LUT6 (Prop_lut6_I1_O)        0.316    15.914 r  u_soc/u_npu/u_npu_engine/i___203_i_30/O
                         net (fo=20, routed)          2.629    18.543    u_soc/u_npu/u_npu_engine/i___203_i_30_n_0
    SLICE_X47Y43         LUT2 (Prop_lut2_I1_O)        0.152    18.695 r  u_soc/u_npu/u_npu_engine/i___203_i_31/O
                         net (fo=2, routed)           0.615    19.310    u_soc/u_npu/u_npu_engine/i___203_i_31_n_0
    SLICE_X47Y44         LUT3 (Prop_lut3_I2_O)        0.332    19.642 r  u_soc/u_npu/u_npu_engine/i___203_i_20/O
                         net (fo=1, routed)           0.000    19.642    u_soc/u_npu/u_npu_engine/i___203_i_20_n_0
    SLICE_X47Y44         CARRY4 (Prop_carry4_S[1]_CO[3])
                                                      0.550    20.192 r  u_soc/u_npu/u_npu_engine/i___203_i_7/CO[3]
                         net (fo=1, routed)           0.000    20.192    u_soc/u_npu/u_npu_engine/i___203_i_7_n_0
    SLICE_X47Y45         CARRY4 (Prop_carry4_CI_O[3])
                                                      0.313    20.505 r  u_soc/u_npu/u_npu_engine/i___196_i_15/O[3]
                         net (fo=2, routed)           0.577    21.082    u_soc/u_npu/u_npu_engine/i___196_i_15_n_4
    SLICE_X42Y44         LUT3 (Prop_lut3_I2_O)        0.306    21.388 r  u_soc/u_npu/u_npu_engine/i___196_i_7/O
                         net (fo=2, routed)           0.670    22.058    u_soc/u_npu/u_npu_engine/i___196_i_7_n_0
    SLICE_X43Y44         LUT4 (Prop_lut4_I0_O)        0.124    22.182 r  u_soc/u_npu/u_npu_engine/i___196_i_11/O
                         net (fo=1, routed)           0.000    22.182    u_soc/u_npu/u_npu_engine/i___196_i_11_n_0
    SLICE_X43Y44         CARRY4 (Prop_carry4_S[3]_CO[3])
                                                      0.401    22.583 r  u_soc/u_npu/u_npu_engine/i___196_i_6/CO[3]
                         net (fo=1, routed)           0.000    22.583    u_soc/u_npu/u_npu_engine/i___196_i_6_n_0
    SLICE_X43Y45         CARRY4 (Prop_carry4_CI_CO[3])
                                                      0.114    22.697 r  u_soc/u_npu/u_npu_engine/i___275_i_2/CO[3]
                         net (fo=1, routed)           0.000    22.697    u_soc/u_npu/u_npu_engine/i___275_i_2_n_0
    SLICE_X43Y46         CARRY4 (Prop_carry4_CI_O[0])
                                                      0.222    22.919 r  u_soc/u_npu/u_npu_engine/i___275_i_1/O[0]
                         net (fo=4, routed)           0.765    23.684    u_soc/u_npu/u_npu_engine_n_162
    SLICE_X41Y43         LUT2 (Prop_lut2_I0_O)        0.299    23.983 r  u_soc/u_npu/i___275/O
                         net (fo=1, routed)           0.000    23.983    u_soc/u_npu/u_npu_engine/fc_acc_reg[1][19]_0[0]
    SLICE_X41Y43         CARRY4 (Prop_carry4_S[1]_CO[3])
                                                      0.550    24.533 r  u_soc/u_npu/u_npu_engine/i___188_i_1/CO[3]
                         net (fo=1, routed)           0.000    24.533    u_soc/u_npu/u_npu_engine/i___188_i_1_n_0
    SLICE_X41Y44         CARRY4 (Prop_carry4_CI_CO[3])
                                                      0.114    24.647 r  u_soc/u_npu/u_npu_engine/i___184_i_1/CO[3]
                         net (fo=1, routed)           0.000    24.647    u_soc/u_npu/u_npu_engine/i___184_i_1_n_0
    SLICE_X41Y45         CARRY4 (Prop_carry4_CI_CO[3])
                                                      0.114    24.761 r  u_soc/u_npu/u_npu_engine/i___180_i_1/CO[3]
                         net (fo=1, routed)           0.000    24.761    u_soc/u_npu/u_npu_engine/i___180_i_1_n_0
    SLICE_X41Y46         CARRY4 (Prop_carry4_CI_O[1])
                                                      0.334    25.095 r  u_soc/u_npu/u_npu_engine/i___176_i_1/O[1]
                         net (fo=1, routed)           0.652    25.747    u_soc/u_npu/u_npu_engine_n_205
    SLICE_X40Y46         LUT3 (Prop_lut3_I1_O)        0.303    26.050 r  u_soc/u_npu/i___178/O
                         net (fo=1, routed)           0.000    26.050    u_soc/u_npu/u_npu_engine/fc_acc_reg[1][31]_2[26]
    SLICE_X40Y46         FDCE                                         r  u_soc/u_npu/u_npu_engine/fc_acc_reg[1][29]/D
  -------------------------------------------------------------------    -------------------

                         (clock clk_50mhz rise edge)
                                                     20.000    20.000 r  
    E3                                                0.000    20.000 r  CLK100MHZ (IN)
                         net (fo=0)                   0.000    20.000    CLK100MHZ
    E3                   IBUF (Prop_ibuf_I_O)         1.411    21.411 r  CLK100MHZ_IBUF_inst/O
                         net (fo=1, routed)           1.920    23.331    CLK100MHZ_IBUF
    BUFGCTRL_X0Y16       BUFG (Prop_bufg_I_O)         0.091    23.422 r  CLK100MHZ_IBUF_BUFG_inst/O
                         net (fo=1, routed)           1.504    24.927    CLK100MHZ_IBUF_BUFG
    SLICE_X52Y96         FDRE (Prop_fdre_C_Q)         0.367    25.294 r  clk_50mhz_reg_reg/Q
                         net (fo=2, routed)           0.654    25.947    clk_50mhz_reg
    BUFGCTRL_X0Y0        BUFG (Prop_bufg_I_O)         0.091    26.038 r  bufg_clk/O
                         net (fo=5323, routed)        1.680    27.718    u_soc/u_npu/u_npu_engine/clk_50mhz
    SLICE_X40Y46         FDCE                                         r  u_soc/u_npu/u_npu_engine/fc_acc_reg[1][29]/C
                         clock pessimism              0.485    28.203    
                         clock uncertainty           -0.035    28.168    
    SLICE_X40Y46         FDCE (Setup_fdce_C_D)        0.029    28.197    u_soc/u_npu/u_npu_engine/fc_acc_reg[1][29]
  -------------------------------------------------------------------
                         required time                         28.197    
                         arrival time                         -26.050    
  -------------------------------------------------------------------
                         slack                                  2.147    




