Copyright 1986-2022 Xilinx, Inc. All Rights Reserved. Copyright 2022-2025 Advanced Micro Devices, Inc. All Rights Reserved.
---------------------------------------------------------------------------------------------------------------------------------------------
| Tool Version : Vivado v.2025.2 (win64) Build 6299465 Fri Nov 14 19:35:11 GMT 2025
| Date         : Tue Aug 18 16:34:54 2026
| Host         : baris running 64-bit major release  (build 9200)
| Command      : report_timing_summary -file C:/Users/ybari/2026_Arkhe/evidence/fpga/timing_v6.rpt
| Design       : nexys_top
| Device       : 7a100t-csg324
| Speed File   : -1  PRODUCTION 1.23 2018-06-13
| Design State : Routed
---------------------------------------------------------------------------------------------------------------------------------------------

Timing Summary Report

------------------------------------------------------------------------------------------------
| Timer Settings
| --------------
------------------------------------------------------------------------------------------------

  Enable Multi Corner Analysis               :  Yes
  Enable Pessimism Removal                   :  Yes
  Pessimism Removal Resolution               :  Nearest Common Node
  Enable Input Delay Default Clock           :  No
  Enable Preset / Clear Arcs                 :  No
  Disable Flight Delays                      :  No
  Ignore I/O Paths                           :  No
  Timing Early Launch at Borrowing Latches   :  No
  Borrow Time for Max Delay Exceptions       :  Yes
  Merge Timing Exceptions                    :  Yes
  Inter-SLR Compensation                     :  Conservative

  Corner  Analyze    Analyze    
  Name    Max Paths  Min Paths  
  ------  ---------  ---------  
  Slow    Yes        Yes        
  Fast    Yes        Yes        


------------------------------------------------------------------------------------------------
| Report Methodology
| ------------------
------------------------------------------------------------------------------------------------

Rule      Severity  Description                                 Violations  
--------  --------  ------------------------------------------  ----------  
DPIR-1    Warning   Asynchronous driver check                   136         
LUTAR-1   Warning   LUT drives async reset alert                1           
SYNTH-6   Warning   Timing of a RAM block might be sub-optimal  14          
SYNTH-10  Warning   Wide multiplier                             7           
SYNTH-15  Warning   Byte wide write enable not inferred         8           
RTGT-1    Advisory  RAM retargeting possibility                 4           

Note: This report is based on the most recent report_methodology run and may not be up-to-date. Run report_methodology on the current design for the latest report.



check_timing report

Table of Contents
-----------------
1. checking no_clock (0)
2. checking constant_clock (0)
3. checking pulse_width_clock (0)
4. checking unconstrained_internal_endpoints (0)
5. checking no_input_delay (18)
6. checking no_output_delay (17)
7. checking multiple_clock (0)
8. checking generated_clocks (0)
9. checking loops (0)
10. checking partial_input_delay (0)
11. checking partial_output_delay (0)
12. checking latch_loops (0)

1. checking no_clock (0)
------------------------
 There are 0 register/latch pins with no clock.


2. checking constant_clock (0)
------------------------------
 There are 0 register/latch pins with constant_clock.


3. checking pulse_width_clock (0)
---------------------------------
 There are 0 register/latch pins which need pulse_width check


4. checking unconstrained_internal_endpoints (0)
------------------------------------------------
 There are 0 pins that are not constrained for maximum delay.

 There are 0 pins that are not constrained for maximum delay due to constant clock.


5. checking no_input_delay (18)
-------------------------------
 There are 18 input ports with no input delay specified. (HIGH)

 There are 0 input ports with no input delay but user has a false path constraint.


6. checking no_output_delay (17)
--------------------------------
 There are 17 ports with no output delay specified. (HIGH)

 There are 0 ports with no output delay but user has a false path constraint

 There are 0 ports with no output delay but with a timing clock defined on it or propagating through it


7. checking multiple_clock (0)
------------------------------
 There are 0 register/latch pins with multiple clocks.


8. checking generated_clocks (0)
--------------------------------
 There are 0 generated clocks that are not connected to a clock source.


9. checking loops (0)
---------------------
 There are 0 combinational loops in the design.


10. checking partial_input_delay (0)
------------------------------------
 There are 0 input ports with partial input delay specified.


11. checking partial_output_delay (0)
-------------------------------------
 There are 0 ports with partial output delay specified.


12. checking latch_loops (0)
----------------------------
 There are 0 combinational latch loops in the design through latch input



------------------------------------------------------------------------------------------------
| Design Timing Summary
| ---------------------
------------------------------------------------------------------------------------------------

    WNS(ns)      TNS(ns)  TNS Failing Endpoints  TNS Total Endpoints      WHS(ns)      THS(ns)  THS Failing Endpoints  THS Total Endpoints     WPWS(ns)     TPWS(ns)  TPWS Failing Endpoints  TPWS Total Endpoints  
    -------      -------  ---------------------  -------------------      -------      -------  ---------------------  -------------------     --------     --------  ----------------------  --------------------  
      2.147        0.000                      0                16138        0.053        0.000                      0                16138        4.500        0.000                       0                  5325  


All user specified timing constraints are met.


------------------------------------------------------------------------------------------------
| Clock Summary
| -------------
------------------------------------------------------------------------------------------------

Clock        Waveform(ns)       Period(ns)      Frequency(MHz)
-----        ------------       ----------      --------------
CLK100MHZ    {0.000 5.000}      10.000          100.000         
  clk_50mhz  {0.000 10.000}     20.000          50.000          


------------------------------------------------------------------------------------------------
| Intra Clock Table
| -----------------
------------------------------------------------------------------------------------------------

Clock             WNS(ns)      TNS(ns)  TNS Failing Endpoints  TNS Total Endpoints      WHS(ns)      THS(ns)  THS Failing Endpoints  THS Total Endpoints     WPWS(ns)     TPWS(ns)  TPWS Failing Endpoints  TPWS Total Endpoints  
-----             -------      -------  ---------------------  -------------------      -------      -------  ---------------------  -------------------     --------     --------  ----------------------  --------------------  
CLK100MHZ           8.892        0.000                      0                    1        0.280        0.000                      0                    1        4.500        0.000                       0                     2  
  clk_50mhz         2.147        0.000                      0                10941        0.053        0.000                      0                10941        8.750        0.000                       0                  5323  


------------------------------------------------------------------------------------------------
| Inter Clock Table
| -----------------
------------------------------------------------------------------------------------------------

From Clock    To Clock          WNS(ns)      TNS(ns)  TNS Failing Endpoints  TNS Total Endpoints      WHS(ns)      THS(ns)  THS Failing Endpoints  THS Total Endpoints  
----------    --------          -------      -------  ---------------------  -------------------      -------      -------  ---------------------  -------------------  


------------------------------------------------------------------------------------------------
| Other Path Groups Table
| -----------------------
------------------------------------------------------------------------------------------------

Path Group         From Clock         To Clock               WNS(ns)      TNS(ns)  TNS Failing Endpoints  TNS Total Endpoints      WHS(ns)      THS(ns)  THS Failing Endpoints  THS Total Endpoints  
----------         ----------         --------               -------      -------  ---------------------  -------------------      -------      -------  ---------------------  -------------------  
**async_default**  clk_50mhz          clk_50mhz                3.300        0.000                      0                 5196        1.064        0.000                      0                 5196  


------------------------------------------------------------------------------------------------
| Timing Details
| --------------
------------------------------------------------------------------------------------------------


---------------------------------------------------------------------------------------------------
From Clock:  CLK100MHZ
  To Clock:  CLK100MHZ

Setup :            0  Failing Endpoints,  Worst Slack        8.892ns,  Total Violation        0.000ns
Hold  :            0  Failing Endpoints,  Worst Slack        0.280ns,  Total Violation        0.000ns
PW    :            0  Failing Endpoints,  Worst Slack        4.500ns,  Total Violation        0.000ns
---------------------------------------------------------------------------------------------------


Max Delay Paths
--------------------------------------------------------------------------------------
Slack (MET) :             8.892ns  (required time - arrival time)
  Source:                 clk_50mhz_reg_reg/C
                            (rising edge-triggered cell FDRE clocked by CLK100MHZ  {rise@0.000ns fall@5.000ns period=10.000ns})
  Destination:            clk_50mhz_reg_reg/D
                            (rising edge-triggered cell FDRE clocked by CLK100MHZ  {rise@0.000ns fall@5.000ns period=10.000ns})
  Path Group:             CLK100MHZ
  Path Type:              Setup (Max at Slow Process Corner)
  Requirement:            10.000ns  (CLK100MHZ rise@10.000ns - CLK100MHZ rise@0.000ns)
  Data Path Delay:        1.102ns  (logic 0.580ns (52.641%)  route 0.522ns (47.359%))
  Logic Levels:           1  (LUT1=1)
  Clock Path Skew:        0.000ns (DCD - SCD + CPR)
    Destination Clock Delay (DCD):    4.927ns = ( 14.927 - 10.000 ) 
    Source Clock Delay      (SCD):    5.228ns
    Clock Pessimism Removal (CPR):    0.301ns
  Clock Uncertainty:      0.035ns  ((TSJ^2 + TIJ^2)^1/2 + DJ) / 2 + PE
    Total System Jitter     (TSJ):    0.071ns
    Total Input Jitter      (TIJ):    0.000ns
    Discrete Jitter          (DJ):    0.000ns
    Phase Error              (PE):    0.000ns

    Location             Delay type                Incr(ns)  Path(ns)    Netlist Resource(s)
  -------------------------------------------------------------------    -------------------
                         (clock CLK100MHZ rise edge)
                                                      0.000     0.000 r  
    E3                                                0.000     0.000 r  CLK100MHZ (IN)
                         net (fo=0)                   0.000     0.000    CLK100MHZ
    E3                   IBUF (Prop_ibuf_I_O)         1.482     1.482 r  CLK100MHZ_IBUF_inst/O
                         net (fo=1, routed)           2.025     3.506    CLK100MHZ_IBUF
    BUFGCTRL_X0Y16       BUFG (Prop_bufg_I_O)         0.096     3.602 r  CLK100MHZ_IBUF_BUFG_inst/O
                         net (fo=1, routed)           1.625     5.228    CLK100MHZ_IBUF_BUFG
    SLICE_X52Y96         FDRE                                         r  clk_50mhz_reg_reg/C
  -------------------------------------------------------------------    -------------------
    SLICE_X52Y96         FDRE (Prop_fdre_C_Q)         0.456     5.684 f  clk_50mhz_reg_reg/Q
                         net (fo=2, routed)           0.522     6.205    clk_50mhz_reg
    SLICE_X52Y96         LUT1 (Prop_lut1_I0_O)        0.124     6.329 r  clk_50mhz_reg_i_1/O
                         net (fo=1, routed)           0.000     6.329    p_0_in
    SLICE_X52Y96         FDRE                                         r  clk_50mhz_reg_reg/D
  -------------------------------------------------------------------    -------------------

                         (clock CLK100MHZ rise edge)
                                                     10.000    10.000 r  
    E3                                                0.000    10.000 r  CLK100MHZ (IN)
                         net (fo=0)                   0.000    10.000    CLK100MHZ
    E3                   IBUF (Prop_ibuf_I_O)         1.411    11.411 r  CLK100MHZ_IBUF_inst/O
                         net (fo=1, routed)           1.920    13.331    CLK100MHZ_IBUF
    BUFGCTRL_X0Y16       BUFG (Prop_bufg_I_O)         0.091    13.422 r  CLK100MHZ_IBUF_BUFG_inst/O
                         net (fo=1, routed)           1.504    14.927    CLK100MHZ_IBUF_BUFG
    SLICE_X52Y96         FDRE                                         r  clk_50mhz_reg_reg/C
                         clock pessimism              0.301    15.228    
                         clock uncertainty           -0.035    15.192    
    SLICE_X52Y96         FDRE (Setup_fdre_C_D)        0.029    15.221    clk_50mhz_reg_reg
  -------------------------------------------------------------------
                         required time                         15.221    
                         arrival time                          -6.330    
  -------------------------------------------------------------------
                         slack                                  8.892    





Min Delay Paths
--------------------------------------------------------------------------------------
Slack (MET) :             0.280ns  (arrival time - required time)
  Source:                 clk_50mhz_reg_reg/C
                            (rising edge-triggered cell FDRE clocked by CLK100MHZ  {rise@0.000ns fall@5.000ns period=10.000ns})
  Destination:            clk_50mhz_reg_reg/D
                            (rising edge-triggered cell FDRE clocked by CLK100MHZ  {rise@0.000ns fall@5.000ns period=10.000ns})
  Path Group:             CLK100MHZ
  Path Type:              Hold (Min at Fast Process Corner)
  Requirement:            0.000ns  (CLK100MHZ rise@0.000ns - CLK100MHZ rise@0.000ns)
  Data Path Delay:        0.371ns  (logic 0.186ns (50.162%)  route 0.185ns (49.838%))
  Logic Levels:           1  (LUT1=1)
  Clock Path Skew:        0.000ns (DCD - SCD - CPR)
    Destination Clock Delay (DCD):    1.999ns
    Source Clock Delay      (SCD):    1.483ns
    Clock Pessimism Removal (CPR):    0.515ns

    Location             Delay type                Incr(ns)  Path(ns)    Netlist Resource(s)
  -------------------------------------------------------------------    -------------------
                         (clock CLK100MHZ rise edge)
                                                      0.000     0.000 r  
    E3                                                0.000     0.000 r  CLK100MHZ (IN)
                         net (fo=0)                   0.000     0.000    CLK100MHZ
    E3                   IBUF (Prop_ibuf_I_O)         0.250     0.250 r  CLK100MHZ_IBUF_inst/O
                         net (fo=1, routed)           0.644     0.894    CLK100MHZ_IBUF
    BUFGCTRL_X0Y16       BUFG (Prop_bufg_I_O)         0.026     0.920 r  CLK100MHZ_IBUF_BUFG_inst/O
                         net (fo=1, routed)           0.564     1.483    CLK100MHZ_IBUF_BUFG
    SLICE_X52Y96         FDRE                                         r  clk_50mhz_reg_reg/C
  -------------------------------------------------------------------    -------------------
    SLICE_X52Y96         FDRE (Prop_fdre_C_Q)         0.141     1.624 f  clk_50mhz_reg_reg/Q
                         net (fo=2, routed)           0.185     1.809    clk_50mhz_reg
    SLICE_X52Y96         LUT1 (Prop_lut1_I0_O)        0.045     1.854 r  clk_50mhz_reg_i_1/O
                         net (fo=1, routed)           0.000     1.854    p_0_in
    SLICE_X52Y96         FDRE                                         r  clk_50mhz_reg_reg/D
  -------------------------------------------------------------------    -------------------

                         (clock CLK100MHZ rise edge)
                                                      0.000     0.000 r  
    E3                                                0.000     0.000 r  CLK100MHZ (IN)
                         net (fo=0)                   0.000     0.000    CLK100MHZ
    E3                   IBUF (Prop_ibuf_I_O)         0.438     0.438 r  CLK100MHZ_IBUF_inst/O
                         net (fo=1, routed)           0.699     1.136    CLK100MHZ_IBUF
    BUFGCTRL_X0Y16       BUFG (Prop_bufg_I_O)         0.029     1.165 r  CLK100MHZ_IBUF_BUFG_inst/O
                         net (fo=1, routed)           0.834     1.999    CLK100MHZ_IBUF_BUFG
    SLICE_X52Y96         FDRE                                         r  clk_50mhz_reg_reg/C
                         clock pessimism             -0.515     1.483    
    SLICE_X52Y96         FDRE (Hold_fdre_C_D)         0.091     1.574    clk_50mhz_reg_reg
  -------------------------------------------------------------------
                         required time                         -1.574    
                         arrival time                           1.854    
  -------------------------------------------------------------------
                         slack                                  0.280    





Pulse Width Checks
--------------------------------------------------------------------------------------
Clock Name:         CLK100MHZ
Waveform(ns):       { 0.000 5.000 }
Period(ns):         10.000
Sources:            { CLK100MHZ }

Check Type        Corner  Lib Pin  Reference Pin  Required(ns)  Actual(ns)  Slack(ns)  Location        Pin
Min Period        n/a     BUFG/I   n/a            2.155         10.000      7.845      BUFGCTRL_X0Y16  CLK100MHZ_IBUF_BUFG_inst/I
Low Pulse Width   Slow    FDRE/C   n/a            0.500         5.000       4.500      SLICE_X52Y96    clk_50mhz_reg_reg/C
High Pulse Width  Slow    FDRE/C   n/a            0.500         5.000       4.500      SLICE_X52Y96    clk_50mhz_reg_reg/C



---------------------------------------------------------------------------------------------------
From Clock:  clk_50mhz
  To Clock:  clk_50mhz

Setup :            0  Failing Endpoints,  Worst Slack        2.147ns,  Total Violation        0.000ns
Hold  :            0  Failing Endpoints,  Worst Slack        0.053ns,  Total Violation        0.000ns
PW    :            0  Failing Endpoints,  Worst Slack        8.750ns,  Total Violation        0.000ns
---------------------------------------------------------------------------------------------------


Max Delay Paths
--------------------------------------------------------------------------------------
Slack (MET) :             2.147ns  (required time - arrival time)
  Source:                 u_soc/u_npu/u_npu_engine/fc_idx_reg[4]_rep__21/C
                            (rising edge-triggered cell FDCE clocked by clk_50mhz  {rise@0.000ns fall@10.000ns period=20.000ns})
  Destination:            u_soc/u_npu/u_npu_engine/fc_acc_reg[1][29]/D
                            (rising edge-triggered cell FDCE clocked by clk_50mhz  {rise@0.000ns fall@10.000ns period=20.000ns})
  Path Group:             clk_50mhz
  Path Type:              Setup (Max at Slow Process Corner)
  Requirement:            20.000ns  (clk_50mhz rise@20.000ns - clk_50mhz rise@0.000ns)
  Data Path Delay:        17.910ns  (logic 6.659ns (37.180%)  route 11.251ns (62.820%))
  Logic Levels:           23  (CARRY4=10 LUT2=2 LUT3=3 LUT4=1 LUT6=3 MUXF7=2 MUXF8=2)
  Clock Path Skew:        0.064ns (DCD - SCD + CPR)
    Destination Clock Delay (DCD):    7.718ns = ( 27.718 - 20.000 ) 
    Source Clock Delay      (SCD):    8.140ns
    Clock Pessimism Removal (CPR):    0.485ns
  Clock Uncertainty:      0.035ns  ((TSJ^2 + TIJ^2)^1/2 + DJ) / 2 + PE
    Total System Jitter     (TSJ):    0.071ns
    Total Input Jitter      (TIJ):    0.000ns
    Discrete Jitter          (DJ):    0.000ns
    Phase Error              (PE):    0.000ns

    Location             Delay type                Incr(ns)  Path(ns)    Netlist Resource(s)
  -------------------------------------------------------------------    -------------------
                         (clock clk_50mhz rise edge)
                                                      0.000     0.000 r  
    E3                                                0.000     0.000 r  CLK100MHZ (IN)
                         net (fo=0)                   0.000     0.000    CLK100MHZ
    E3                   IBUF (Prop_ibuf_I_O)         1.482     1.482 r  CLK100MHZ_IBUF_inst/O
                         net (fo=1, routed)           2.025     3.506    CLK100MHZ_IBUF
    BUFGCTRL_X0Y16       BUFG (Prop_bufg_I_O)         0.096     3.602 r  CLK100MHZ_IBUF_BUFG_inst/O
                         net (fo=1, routed)           1.625     5.228    CLK100MHZ_IBUF_BUFG
    SLICE_X52Y96         FDRE (Prop_fdre_C_Q)         0.456     5.684 r  clk_50mhz_reg_reg/Q
                         net (fo=2, routed)           0.736     6.419    clk_50mhz_reg
    BUFGCTRL_X0Y0        BUFG (Prop_bufg_I_O)         0.096     6.515 r  bufg_clk/O
                         net (fo=5323, routed)        1.624     8.140    u_soc/u_npu/u_npu_engine/clk_50mhz
    SLICE_X58Y62         FDCE                                         r  u_soc/u_npu/u_npu_engine/fc_idx_reg[4]_rep__21/C
  -------------------------------------------------------------------    -------------------
    SLICE_X58Y62         FDCE (Prop_fdce_C_Q)         0.518     8.658 r  u_soc/u_npu/u_npu_engine/fc_idx_reg[4]_rep__21/Q
                         net (fo=124, routed)         1.054     9.712    u_soc/u_npu/u_npu_engine/fc_idx_reg[4]_rep__21_0
    SLICE_X41Y55         CARRY4 (Prop_carry4_S[0]_O[0])
                                                      0.371    10.083 r  u_soc/u_npu/u_npu_engine/g0_b0_i_1/O[0]
                         net (fo=1861, routed)        2.286    12.369    u_soc/u_npu/u_npu_engine_n_616
    SLICE_X38Y85         LUT6 (Prop_lut6_I4_O)        0.299    12.668 r  u_soc/u_npu/g190_b4__1/O
                         net (fo=1, routed)           0.000    12.668    u_soc/u_npu/u_npu_engine/i___203_i_542_2
    SLICE_X38Y85         MUXF7 (Prop_muxf7_I0_O)      0.209    12.877 r  u_soc/u_npu/u_npu_engine/i___203_i_1249/O
                         net (fo=1, routed)           0.000    12.877    u_soc/u_npu/u_npu_engine/i___203_i_1249_n_0
    SLICE_X38Y85         MUXF8 (Prop_muxf8_I1_O)      0.088    12.965 r  u_soc/u_npu/u_npu_engine/i___203_i_542/O
                         net (fo=1, routed)           0.992    13.957    u_soc/u_npu/u_npu_engine/i___203_i_542_n_0
    SLICE_X41Y85         LUT6 (Prop_lut6_I0_O)        0.319    14.276 r  u_soc/u_npu/u_npu_engine/i___203_i_191/O
                         net (fo=1, routed)           0.000    14.276    u_soc/u_npu/u_npu_engine/i___203_i_191_n_0
    SLICE_X41Y85         MUXF7 (Prop_muxf7_I1_O)      0.217    14.493 r  u_soc/u_npu/u_npu_engine/i___203_i_99/O
                         net (fo=1, routed)           0.000    14.493    u_soc/u_npu/u_npu_engine/i___203_i_99_n_0
    SLICE_X41Y85         MUXF8 (Prop_muxf8_I1_O)      0.094    14.587 r  u_soc/u_npu/u_npu_engine/i___203_i_53/O
                         net (fo=1, routed)           1.011    15.598    u_soc/u_npu/u_npu_engine/i___203_i_53_n_0
    SLICE_X45Y81         LUT6 (Prop_lut6_I1_O)        0.316    15.914 r  u_soc/u_npu/u_npu_engine/i___203_i_30/O
                         net (fo=20, routed)          2.629    18.543    u_soc/u_npu/u_npu_engine/i___203_i_30_n_0
    SLICE_X47Y43         LUT2 (Prop_lut2_I1_O)        0.152    18.695 r  u_soc/u_npu/u_npu_engine/i___203_i_31/O
                         net (fo=2, routed)           0.615    19.310    u_soc/u_npu/u_npu_engine/i___203_i_31_n_0
    SLICE_X47Y44         LUT3 (Prop_lut3_I2_O)        0.332    19.642 r  u_soc/u_npu/u_npu_engine/i___203_i_20/O
                         net (fo=1, routed)           0.000    19.642    u_soc/u_npu/u_npu_engine/i___203_i_20_n_0
    SLICE_X47Y44         CARRY4 (Prop_carry4_S[1]_CO[3])
                                                      0.550    20.192 r  u_soc/u_npu/u_npu_engine/i___203_i_7/CO[3]
                         net (fo=1, routed)           0.000    20.192    u_soc/u_npu/u_npu_engine/i___203_i_7_n_0
    SLICE_X47Y45         CARRY4 (Prop_carry4_CI_O[3])
                                                      0.313    20.505 r  u_soc/u_npu/u_npu_engine/i___196_i_15/O[3]
                         net (fo=2, routed)           0.577    21.082    u_soc/u_npu/u_npu_engine/i___196_i_15_n_4
    SLICE_X42Y44         LUT3 (Prop_lut3_I2_O)        0.306    21.388 r  u_soc/u_npu/u_npu_engine/i___196_i_7/O
                         net (fo=2, routed)           0.670    22.058    u_soc/u_npu/u_npu_engine/i___196_i_7_n_0
    SLICE_X43Y44         LUT4 (Prop_lut4_I0_O)        0.124    22.182 r  u_soc/u_npu/u_npu_engine/i___196_i_11/O
                         net (fo=1, routed)           0.000    22.182    u_soc/u_npu/u_npu_engine/i___196_i_11_n_0
    SLICE_X43Y44         CARRY4 (Prop_carry4_S[3]_CO[3])
                                                      0.401    22.583 r  u_soc/u_npu/u_npu_engine/i___196_i_6/CO[3]
                         net (fo=1, routed)           0.000    22.583    u_soc/u_npu/u_npu_engine/i___196_i_6_n_0
    SLICE_X43Y45         CARRY4 (Prop_carry4_CI_CO[3])
                                                      0.114    22.697 r  u_soc/u_npu/u_npu_engine/i___275_i_2/CO[3]
                         net (fo=1, routed)           0.000    22.697    u_soc/u_npu/u_npu_engine/i___275_i_2_n_0
    SLICE_X43Y46         CARRY4 (Prop_carry4_CI_O[0])
                                                      0.222    22.919 r  u_soc/u_npu/u_npu_engine/i___275_i_1/O[0]
                         net (fo=4, routed)           0.765    23.684    u_soc/u_npu/u_npu_engine_n_162
    SLICE_X41Y43         LUT2 (Prop_lut2_I0_O)        0.299    23.983 r  u_soc/u_npu/i___275/O
                         net (fo=1, routed)           0.000    23.983    u_soc/u_npu/u_npu_engine/fc_acc_reg[1][19]_0[0]
    SLICE_X41Y43         CARRY4 (Prop_carry4_S[1]_CO[3])
                                                      0.550    24.533 r  u_soc/u_npu/u_npu_engine/i___188_i_1/CO[3]
                         net (fo=1, routed)           0.000    24.533    u_soc/u_npu/u_npu_engine/i___188_i_1_n_0
    SLICE_X41Y44         CARRY4 (Prop_carry4_CI_CO[3])
                                                      0.114    24.647 r  u_soc/u_npu/u_npu_engine/i___184_i_1/CO[3]
                         net (fo=1, routed)           0.000    24.647    u_soc/u_npu/u_npu_engine/i___184_i_1_n_0
    SLICE_X41Y45         CARRY4 (Prop_carry4_CI_CO[3])
                                                      0.114    24.761 r  u_soc/u_npu/u_npu_engine/i___180_i_1/CO[3]
                         net (fo=1, routed)           0.000    24.761    u_soc/u_npu/u_npu_engine/i___180_i_1_n_0
    SLICE_X41Y46         CARRY4 (Prop_carry4_CI_O[1])
                                                      0.334    25.095 r  u_soc/u_npu/u_npu_engine/i___176_i_1/O[1]
                         net (fo=1, routed)           0.652    25.747    u_soc/u_npu/u_npu_engine_n_205
    SLICE_X40Y46         LUT3 (Prop_lut3_I1_O)        0.303    26.050 r  u_soc/u_npu/i___178/O
                         net (fo=1, routed)           0.000    26.050    u_soc/u_npu/u_npu_engine/fc_acc_reg[1][31]_2[26]
    SLICE_X40Y46         FDCE                                         r  u_soc/u_npu/u_npu_engine/fc_acc_reg[1][29]/D
  -------------------------------------------------------------------    -------------------

                         (clock clk_50mhz rise edge)
                                                     20.000    20.000 r  
    E3                                                0.000    20.000 r  CLK100MHZ (IN)
                         net (fo=0)                   0.000    20.000    CLK100MHZ
    E3                   IBUF (Prop_ibuf_I_O)         1.411    21.411 r  CLK100MHZ_IBUF_inst/O
                         net (fo=1, routed)           1.920    23.331    CLK100MHZ_IBUF
    BUFGCTRL_X0Y16       BUFG (Prop_bufg_I_O)         0.091    23.422 r  CLK100MHZ_IBUF_BUFG_inst/O
                         net (fo=1, routed)           1.504    24.927    CLK100MHZ_IBUF_BUFG
    SLICE_X52Y96         FDRE (Prop_fdre_C_Q)         0.367    25.294 r  clk_50mhz_reg_reg/Q
                         net (fo=2, routed)           0.654    25.947    clk_50mhz_reg
    BUFGCTRL_X0Y0        BUFG (Prop_bufg_I_O)         0.091    26.038 r  bufg_clk/O
                         net (fo=5323, routed)        1.680    27.718    u_soc/u_npu/u_npu_engine/clk_50mhz
    SLICE_X40Y46         FDCE                                         r  u_soc/u_npu/u_npu_engine/fc_acc_reg[1][29]/C
                         clock pessimism              0.485    28.203    
                         clock uncertainty           -0.035    28.168    
    SLICE_X40Y46         FDCE (Setup_fdce_C_D)        0.029    28.197    u_soc/u_npu/u_npu_engine/fc_acc_reg[1][29]
  -------------------------------------------------------------------
                         required time                         28.197    
                         arrival time                         -26.050    
  -------------------------------------------------------------------
                         slack                                  2.147    





Min Delay Paths
--------------------------------------------------------------------------------------
Slack (MET) :             0.053ns  (arrival time - required time)
  Source:                 u_soc/u_npu/u_npu_engine/rq_scaled_reg[5]/C
                            (rising edge-triggered cell FDCE clocked by clk_50mhz  {rise@0.000ns fall@10.000ns period=20.000ns})
  Destination:            u_soc/u_npu/u_npu_engine/fc_y_reg[5]/D
                            (rising edge-triggered cell FDCE clocked by clk_50mhz  {rise@0.000ns fall@10.000ns period=20.000ns})
  Path Group:             clk_50mhz
  Path Type:              Hold (Min at Fast Process Corner)
  Requirement:            0.000ns  (clk_50mhz rise@0.000ns - clk_50mhz rise@0.000ns)
  Data Path Delay:        0.409ns  (logic 0.209ns (51.042%)  route 0.200ns (48.958%))
  Logic Levels:           1  (LUT4=1)
  Clock Path Skew:        0.264ns (DCD - SCD - CPR)
    Destination Clock Delay (DCD):    3.416ns
    Source Clock Delay      (SCD):    2.558ns
    Clock Pessimism Removal (CPR):    0.594ns

    Location             Delay type                Incr(ns)  Path(ns)    Netlist Resource(s)
  -------------------------------------------------------------------    -------------------
                         (clock clk_50mhz rise edge)
                                                      0.000     0.000 r  
    E3                                                0.000     0.000 r  CLK100MHZ (IN)
                         net (fo=0)                   0.000     0.000    CLK100MHZ
    E3                   IBUF (Prop_ibuf_I_O)         0.250     0.250 r  CLK100MHZ_IBUF_inst/O
                         net (fo=1, routed)           0.644     0.894    CLK100MHZ_IBUF
    BUFGCTRL_X0Y16       BUFG (Prop_bufg_I_O)         0.026     0.920 r  CLK100MHZ_IBUF_BUFG_inst/O
                         net (fo=1, routed)           0.564     1.483    CLK100MHZ_IBUF_BUFG
    SLICE_X52Y96         FDRE (Prop_fdre_C_Q)         0.141     1.624 r  clk_50mhz_reg_reg/Q
                         net (fo=2, routed)           0.282     1.906    clk_50mhz_reg
    BUFGCTRL_X0Y0        BUFG (Prop_bufg_I_O)         0.026     1.932 r  bufg_clk/O
                         net (fo=5323, routed)        0.626     2.558    u_soc/u_npu/u_npu_engine/clk_50mhz
    SLICE_X54Y38         FDCE                                         r  u_soc/u_npu/u_npu_engine/rq_scaled_reg[5]/C
  -------------------------------------------------------------------    -------------------
    SLICE_X54Y38         FDCE (Prop_fdce_C_Q)         0.164     2.722 r  u_soc/u_npu/u_npu_engine/rq_scaled_reg[5]/Q
                         net (fo=2, routed)           0.200     2.923    u_soc/u_npu/u_npu_engine/rq_scaled_reg_n_0_[5]
    SLICE_X51Y37         LUT4 (Prop_lut4_I2_O)        0.045     2.968 r  u_soc/u_npu/u_npu_engine/fc_y[5]_i_1/O
                         net (fo=1, routed)           0.000     2.968    u_soc/u_npu/u_npu_engine/fc_y[5]_i_1_n_0
    SLICE_X51Y37         FDCE                                         r  u_soc/u_npu/u_npu_engine/fc_y_reg[5]/D
  -------------------------------------------------------------------    -------------------

                         (clock clk_50mhz rise edge)
                                                      0.000     0.000 r  
    E3                                                0.000     0.000 r  CLK100MHZ (IN)
                         net (fo=0)                   0.000     0.000    CLK100MHZ
    E3                   IBUF (Prop_ibuf_I_O)         0.438     0.438 r  CLK100MHZ_IBUF_inst/O
                         net (fo=1, routed)           0.699     1.136    CLK100MHZ_IBUF
    BUFGCTRL_X0Y16       BUFG (Prop_bufg_I_O)         0.029     1.165 r  CLK100MHZ_IBUF_BUFG_inst/O
                         net (fo=1, routed)           0.834     1.999    CLK100MHZ_IBUF_BUFG
    SLICE_X52Y96         FDRE (Prop_fdre_C_Q)         0.175     2.174 r  clk_50mhz_reg_reg/Q
                         net (fo=2, routed)           0.315     2.488    clk_50mhz_reg
    BUFGCTRL_X0Y0        BUFG (Prop_bufg_I_O)         0.029     2.517 r  bufg_clk/O
                         net (fo=5323, routed)        0.899     3.416    u_soc/u_npu/u_npu_engine/clk_50mhz
    SLICE_X51Y37         FDCE                                         r  u_soc/u_npu/u_npu_engine/fc_y_reg[5]/C
                         clock pessimism             -0.594     2.822    
    SLICE_X51Y37         FDCE (Hold_fdce_C_D)         0.092     2.914    u_soc/u_npu/u_npu_engine/fc_y_reg[5]
  -------------------------------------------------------------------
                         required time                         -2.914    
                         arrival time                           2.968    
  -------------------------------------------------------------------
                         slack                                  0.053    





Pulse Width Checks
--------------------------------------------------------------------------------------
Clock Name:         clk_50mhz
Waveform(ns):       { 0.000 10.000 }
Period(ns):         20.000
Sources:            { bufg_clk/O }

Check Type        Corner  Lib Pin             Reference Pin  Required(ns)  Actual(ns)  Slack(ns)  Location      Pin
Min Period        n/a     RAMB36E1/CLKARDCLK  n/a            2.944         20.000      17.056     RAMB36_X0Y3   u_soc/u_data_ram/ram_reg_0/CLKARDCLK
Low Pulse Width   Slow    RAMD64E/CLK         n/a            1.250         10.000      8.750      SLICE_X12Y28  u_soc/u_qspi/rx_fifo_reg_0_63_0_0/DP/CLK
High Pulse Width  Slow    RAMD64E/CLK         n/a            1.250         10.000      8.750      SLICE_X12Y28  u_soc/u_qspi/rx_fifo_reg_0_63_0_0/DP/CLK



---------------------------------------------------------------------------------------------------
Path Group:  **async_default**
From Clock:  clk_50mhz
  To Clock:  clk_50mhz

Setup :            0  Failing Endpoints,  Worst Slack        3.300ns,  Total Violation        0.000ns
Hold  :            0  Failing Endpoints,  Worst Slack        1.064ns,  Total Violation        0.000ns
---------------------------------------------------------------------------------------------------


Max Delay Paths
--------------------------------------------------------------------------------------
Slack (MET) :             3.300ns  (required time - arrival time)
  Source:                 rst_n_sync_reg/C
                            (rising edge-triggered cell FDCE clocked by clk_50mhz  {rise@0.000ns fall@10.000ns period=20.000ns})
  Destination:            u_soc/u_core/id_stage_i/register_file_i/gen_rf[7].mem_reg[7][18]/CLR
                            (recovery check against rising-edge clock clk_50mhz  {rise@0.000ns fall@10.000ns period=20.000ns})
  Path Group:             **async_default**
  Path Type:              Recovery (Max at Slow Process Corner)
  Requirement:            20.000ns  (clk_50mhz rise@20.000ns - clk_50mhz rise@0.000ns)
  Data Path Delay:        15.869ns  (logic 0.609ns (3.838%)  route 15.260ns (96.162%))
  Logic Levels:           1  (LUT1=1)
  Clock Path Skew:        -0.188ns (DCD - SCD + CPR)
    Destination Clock Delay (DCD):    7.713ns = ( 27.713 - 20.000 ) 
    Source Clock Delay      (SCD):    8.395ns
    Clock Pessimism Removal (CPR):    0.493ns
  Clock Uncertainty:      0.035ns  ((TSJ^2 + TIJ^2)^1/2 + DJ) / 2 + PE
    Total System Jitter     (TSJ):    0.071ns
    Total Input Jitter      (TIJ):    0.000ns
    Discrete Jitter          (DJ):    0.000ns
    Phase Error              (PE):    0.000ns

    Location             Delay type                Incr(ns)  Path(ns)    Netlist Resource(s)
  -------------------------------------------------------------------    -------------------
                         (clock clk_50mhz rise edge)
                                                      0.000     0.000 r  
    E3                                                0.000     0.000 r  CLK100MHZ (IN)
                         net (fo=0)                   0.000     0.000    CLK100MHZ
    E3                   IBUF (Prop_ibuf_I_O)         1.482     1.482 r  CLK100MHZ_IBUF_inst/O
                         net (fo=1, routed)           2.025     3.506    CLK100MHZ_IBUF
    BUFGCTRL_X0Y16       BUFG (Prop_bufg_I_O)         0.096     3.602 r  CLK100MHZ_IBUF_BUFG_inst/O
                         net (fo=1, routed)           1.625     5.228    CLK100MHZ_IBUF_BUFG
    SLICE_X52Y96         FDRE (Prop_fdre_C_Q)         0.456     5.684 r  clk_50mhz_reg_reg/Q
                         net (fo=2, routed)           0.736     6.419    clk_50mhz_reg
    BUFGCTRL_X0Y0        BUFG (Prop_bufg_I_O)         0.096     6.515 r  bufg_clk/O
                         net (fo=5323, routed)        1.879     8.395    clk_50mhz
    SLICE_X5Y27          FDCE                                         r  rst_n_sync_reg/C
  -------------------------------------------------------------------    -------------------
    SLICE_X5Y27          FDCE (Prop_fdce_C_Q)         0.456     8.851 r  rst_n_sync_reg/Q
                         net (fo=4, routed)           1.135     9.985    u_soc/u_core/id_stage_i/register_file_i/rst_n_sync
    SLICE_X9Y24          LUT1 (Prop_lut1_I0_O)        0.153    10.138 f  u_soc/u_core/id_stage_i/register_file_i/cnt_q[1]_i_2/O
                         net (fo=5187, routed)       14.125    24.264    u_soc/u_core/id_stage_i/register_file_i/rst_n_sync_reg
    SLICE_X64Y0          FDCE                                         f  u_soc/u_core/id_stage_i/register_file_i/gen_rf[7].mem_reg[7][18]/CLR
  -------------------------------------------------------------------    -------------------

                         (clock clk_50mhz rise edge)
                                                     20.000    20.000 r  
    E3                                                0.000    20.000 r  CLK100MHZ (IN)
                         net (fo=0)                   0.000    20.000    CLK100MHZ
    E3                   IBUF (Prop_ibuf_I_O)         1.411    21.411 r  CLK100MHZ_IBUF_inst/O
                         net (fo=1, routed)           1.920    23.331    CLK100MHZ_IBUF
    BUFGCTRL_X0Y16       BUFG (Prop_bufg_I_O)         0.091    23.422 r  CLK100MHZ_IBUF_BUFG_inst/O
                         net (fo=1, routed)           1.504    24.927    CLK100MHZ_IBUF_BUFG
    SLICE_X52Y96         FDRE (Prop_fdre_C_Q)         0.367    25.294 r  clk_50mhz_reg_reg/Q
                         net (fo=2, routed)           0.654    25.947    clk_50mhz_reg
    BUFGCTRL_X0Y0        BUFG (Prop_bufg_I_O)         0.091    26.038 r  bufg_clk/O
                         net (fo=5323, routed)        1.675    27.713    u_soc/u_core/id_stage_i/register_file_i/clk_50mhz
    SLICE_X64Y0          FDCE                                         r  u_soc/u_core/id_stage_i/register_file_i/gen_rf[7].mem_reg[7][18]/C
                         clock pessimism              0.493    28.207    
                         clock uncertainty           -0.035    28.171    
    SLICE_X64Y0          FDCE (Recov_fdce_C_CLR)     -0.608    27.563    u_soc/u_core/id_stage_i/register_file_i/gen_rf[7].mem_reg[7][18]
  -------------------------------------------------------------------
                         required time                         27.563    
                         arrival time                         -24.264    
  -------------------------------------------------------------------
                         slack                                  3.300    





Min Delay Paths
--------------------------------------------------------------------------------------
Slack (MET) :             1.064ns  (arrival time - required time)
  Source:                 rst_n_sync_reg/C
                            (rising edge-triggered cell FDCE clocked by clk_50mhz  {rise@0.000ns fall@10.000ns period=20.000ns})
  Destination:            u_soc/u_uart2/reg_stp_r_reg[7]/CLR
                            (removal check against rising-edge clock clk_50mhz  {rise@0.000ns fall@10.000ns period=20.000ns})
  Path Group:             **async_default**
  Path Type:              Removal (Min at Fast Process Corner)
  Requirement:            0.000ns  (clk_50mhz rise@0.000ns - clk_50mhz rise@0.000ns)
  Data Path Delay:        0.936ns  (logic 0.186ns (19.863%)  route 0.750ns (80.137%))
  Logic Levels:           1  (LUT1=1)
  Clock Path Skew:        0.004ns (DCD - SCD - CPR)
    Destination Clock Delay (DCD):    3.416ns
    Source Clock Delay      (SCD):    2.589ns
    Clock Pessimism Removal (CPR):    0.823ns

    Location             Delay type                Incr(ns)  Path(ns)    Netlist Resource(s)
  -------------------------------------------------------------------    -------------------
                         (clock clk_50mhz rise edge)
                                                      0.000     0.000 r  
    E3                                                0.000     0.000 r  CLK100MHZ (IN)
                         net (fo=0)                   0.000     0.000    CLK100MHZ
    E3                   IBUF (Prop_ibuf_I_O)         0.250     0.250 r  CLK100MHZ_IBUF_inst/O
                         net (fo=1, routed)           0.644     0.894    CLK100MHZ_IBUF
    BUFGCTRL_X0Y16       BUFG (Prop_bufg_I_O)         0.026     0.920 r  CLK100MHZ_IBUF_BUFG_inst/O
                         net (fo=1, routed)           0.564     1.483    CLK100MHZ_IBUF_BUFG
    SLICE_X52Y96         FDRE (Prop_fdre_C_Q)         0.141     1.624 r  clk_50mhz_reg_reg/Q
                         net (fo=2, routed)           0.282     1.906    clk_50mhz_reg
    BUFGCTRL_X0Y0        BUFG (Prop_bufg_I_O)         0.026     1.932 r  bufg_clk/O
                         net (fo=5323, routed)        0.657     2.589    clk_50mhz
    SLICE_X5Y27          FDCE                                         r  rst_n_sync_reg/C
  -------------------------------------------------------------------    -------------------
    SLICE_X5Y27          FDCE (Prop_fdce_C_Q)         0.141     2.730 r  rst_n_sync_reg/Q
                         net (fo=4, routed)           0.481     3.211    u_soc/u_core/id_stage_i/register_file_i/rst_n_sync
    SLICE_X9Y24          LUT1 (Prop_lut1_I0_O)        0.045     3.256 f  u_soc/u_core/id_stage_i/register_file_i/cnt_q[1]_i_2/O
                         net (fo=5187, routed)        0.270     3.526    u_soc/u_uart2/o_tx_done_reg
    SLICE_X10Y23         FDCE                                         f  u_soc/u_uart2/reg_stp_r_reg[7]/CLR
  -------------------------------------------------------------------    -------------------

                         (clock clk_50mhz rise edge)
                                                      0.000     0.000 r  
    E3                                                0.000     0.000 r  CLK100MHZ (IN)
                         net (fo=0)                   0.000     0.000    CLK100MHZ
    E3                   IBUF (Prop_ibuf_I_O)         0.438     0.438 r  CLK100MHZ_IBUF_inst/O
                         net (fo=1, routed)           0.699     1.136    CLK100MHZ_IBUF
    BUFGCTRL_X0Y16       BUFG (Prop_bufg_I_O)         0.029     1.165 r  CLK100MHZ_IBUF_BUFG_inst/O
                         net (fo=1, routed)           0.834     1.999    CLK100MHZ_IBUF_BUFG
    SLICE_X52Y96         FDRE (Prop_fdre_C_Q)         0.175     2.174 r  clk_50mhz_reg_reg/Q
                         net (fo=2, routed)           0.315     2.488    clk_50mhz_reg
    BUFGCTRL_X0Y0        BUFG (Prop_bufg_I_O)         0.029     2.517 r  bufg_clk/O
                         net (fo=5323, routed)        0.899     3.416    u_soc/u_uart2/clk_50mhz
    SLICE_X10Y23         FDCE                                         r  u_soc/u_uart2/reg_stp_r_reg[7]/C
                         clock pessimism             -0.823     2.593    
    SLICE_X10Y23         FDCE (Remov_fdce_C_CLR)     -0.132     2.461    u_soc/u_uart2/reg_stp_r_reg[7]
  -------------------------------------------------------------------
                         required time                         -2.461    
                         arrival time                           3.526    
  -------------------------------------------------------------------
                         slack                                  1.064    





