Copyright 1986-2022 Xilinx, Inc. All Rights Reserved. Copyright 2022-2025 Advanced Micro Devices, Inc. All Rights Reserved.
---------------------------------------------------------------------------------------------------------------------------------------------
| Tool Version : Vivado v.2025.2 (win64) Build 6299465 Fri Nov 14 19:35:11 GMT 2025
| Date         : Sun Aug 23 19:28:52 2026
| Host         : baris running 64-bit major release  (build 9200)
| Command      : report_timing_summary -file evidence/fpga/timing_bitstream.rpt
| Design       : nexys_top
| Device       : 7a100t-csg324
| Speed File   : -1  PRODUCTION 1.23 2018-06-13
| Design State : Routed
---------------------------------------------------------------------------------------------------------------------------------------------

Timing Summary Report

------------------------------------------------------------------------------------------------
| Timer Settings
| --------------
------------------------------------------------------------------------------------------------

  Enable Multi Corner Analysis               :  Yes
  Enable Pessimism Removal                   :  Yes
  Pessimism Removal Resolution               :  Nearest Common Node
  Enable Input Delay Default Clock           :  No
  Enable Preset / Clear Arcs                 :  No
  Disable Flight Delays                      :  No
  Ignore I/O Paths                           :  No
  Timing Early Launch at Borrowing Latches   :  No
  Borrow Time for Max Delay Exceptions       :  Yes
  Merge Timing Exceptions                    :  Yes
  Inter-SLR Compensation                     :  Conservative

  Corner  Analyze    Analyze    
  Name    Max Paths  Min Paths  
  ------  ---------  ---------  
  Slow    Yes        Yes        
  Fast    Yes        Yes        


------------------------------------------------------------------------------------------------
| Report Methodology
| ------------------
------------------------------------------------------------------------------------------------

Rule      Severity  Description                                 Violations  
--------  --------  ------------------------------------------  ----------  
DPIR-1    Warning   Asynchronous driver check                   136         
HPDR-1    Warning   Port pin direction inconsistency            1           
LUTAR-1   Warning   LUT drives async reset alert                1           
SYNTH-6   Warning   Timing of a RAM block might be sub-optimal  14          
SYNTH-10  Warning   Wide multiplier                             7           
SYNTH-15  Warning   Byte wide write enable not inferred         8           
RTGT-1    Advisory  RAM retargeting possibility                 4           

Note: This report is based on the most recent report_methodology run and may not be up-to-date. Run report_methodology on the current design for the latest report.



check_timing report

Table of Contents
-----------------
1. checking no_clock (0)
2. checking constant_clock (0)
3. checking pulse_width_clock (0)
4. checking unconstrained_internal_endpoints (0)
5. checking no_input_delay (23)
6. checking no_output_delay (24)
7. checking multiple_clock (0)
8. checking generated_clocks (0)
9. checking loops (0)
10. checking partial_input_delay (0)
11. checking partial_output_delay (0)
12. checking latch_loops (0)

1. checking no_clock (0)
------------------------
 There are 0 register/latch pins with no clock.


2. checking constant_clock (0)
------------------------------
 There are 0 register/latch pins with constant_clock.


3. checking pulse_width_clock (0)
---------------------------------
 There are 0 register/latch pins which need pulse_width check


4. checking unconstrained_internal_endpoints (0)
------------------------------------------------
 There are 0 pins that are not constrained for maximum delay.

 There are 0 pins that are not constrained for maximum delay due to constant clock.


5. checking no_input_delay (23)
-------------------------------
 There are 23 input ports with no input delay specified. (HIGH)

 There are 0 input ports with no input delay but user has a false path constraint.


6. checking no_output_delay (24)
--------------------------------
 There are 24 ports with no output delay specified. (HIGH)

 There are 0 ports with no output delay but user has a false path constraint

 There are 0 ports with no output delay but with a timing clock defined on it or propagating through it


7. checking multiple_clock (0)
------------------------------
 There are 0 register/latch pins with multiple clocks.


8. checking generated_clocks (0)
--------------------------------
 There are 0 generated clocks that are not connected to a clock source.


9. checking loops (0)
---------------------
 There are 0 combinational loops in the design.


10. checking partial_input_delay (0)
------------------------------------
 There are 0 input ports with partial input delay specified.


11. checking partial_output_delay (0)
-------------------------------------
 There are 0 ports with partial output delay specified.


12. checking latch_loops (0)
----------------------------
 There are 0 combinational latch loops in the design through latch input



------------------------------------------------------------------------------------------------
| Design Timing Summary
| ---------------------
------------------------------------------------------------------------------------------------

    WNS(ns)      TNS(ns)  TNS Failing Endpoints  TNS Total Endpoints      WHS(ns)      THS(ns)  THS Failing Endpoints  THS Total Endpoints     WPWS(ns)     TPWS(ns)  TPWS Failing Endpoints  TPWS Total Endpoints  
    -------      -------  ---------------------  -------------------      -------      -------  ---------------------  -------------------     --------     --------  ----------------------  --------------------  
      0.768        0.000                      0                16985        0.062        0.000                      0                16985        4.500        0.000                       0                  5603  


All user specified timing constraints are met.


------------------------------------------------------------------------------------------------
| Clock Summary
| -------------
------------------------------------------------------------------------------------------------

Clock        Waveform(ns)       Period(ns)      Frequency(MHz)
-----        ------------       ----------      --------------
CLK100MHZ    {0.000 5.000}      10.000          100.000         
  clk_50mhz  {0.000 10.000}     20.000          50.000          


------------------------------------------------------------------------------------------------
| Intra Clock Table
| -----------------
------------------------------------------------------------------------------------------------

Clock             WNS(ns)      TNS(ns)  TNS Failing Endpoints  TNS Total Endpoints      WHS(ns)      THS(ns)  THS Failing Endpoints  THS Total Endpoints     WPWS(ns)     TPWS(ns)  TPWS Failing Endpoints  TPWS Total Endpoints  
-----             -------      -------  ---------------------  -------------------      -------      -------  ---------------------  -------------------     --------     --------  ----------------------  --------------------  
CLK100MHZ           8.908        0.000                      0                    1        0.263        0.000                      0                    1        4.500        0.000                       0                     2  
  clk_50mhz         0.768        0.000                      0                11510        0.062        0.000                      0                11510        8.750        0.000                       0                  5601  


------------------------------------------------------------------------------------------------
| Inter Clock Table
| -----------------
------------------------------------------------------------------------------------------------

From Clock    To Clock          WNS(ns)      TNS(ns)  TNS Failing Endpoints  TNS Total Endpoints      WHS(ns)      THS(ns)  THS Failing Endpoints  THS Total Endpoints  
----------    --------          -------      -------  ---------------------  -------------------      -------      -------  ---------------------  -------------------  


------------------------------------------------------------------------------------------------
| Other Path Groups Table
| -----------------------
------------------------------------------------------------------------------------------------

Path Group         From Clock         To Clock               WNS(ns)      TNS(ns)  TNS Failing Endpoints  TNS Total Endpoints      WHS(ns)      THS(ns)  THS Failing Endpoints  THS Total Endpoints  
----------         ----------         --------               -------      -------  ---------------------  -------------------      -------      -------  ---------------------  -------------------  
**async_default**  clk_50mhz          clk_50mhz                3.303        0.000                      0                 5474        0.740        0.000                      0                 5474  


------------------------------------------------------------------------------------------------
| Timing Details
| --------------
------------------------------------------------------------------------------------------------


---------------------------------------------------------------------------------------------------
From Clock:  CLK100MHZ
  To Clock:  CLK100MHZ

Setup :            0  Failing Endpoints,  Worst Slack        8.908ns,  Total Violation        0.000ns
Hold  :            0  Failing Endpoints,  Worst Slack        0.263ns,  Total Violation        0.000ns
PW    :            0  Failing Endpoints,  Worst Slack        4.500ns,  Total Violation        0.000ns
---------------------------------------------------------------------------------------------------


Max Delay Paths
--------------------------------------------------------------------------------------
Slack (MET) :             8.908ns  (required time - arrival time)
  Source:                 clk_50mhz_reg_reg/C
                            (rising edge-triggered cell FDRE clocked by CLK100MHZ  {rise@0.000ns fall@5.000ns period=10.000ns})
  Destination:            clk_50mhz_reg_reg/D
                            (rising edge-triggered cell FDRE clocked by CLK100MHZ  {rise@0.000ns fall@5.000ns period=10.000ns})
  Path Group:             CLK100MHZ
  Path Type:              Setup (Max at Slow Process Corner)
  Requirement:            10.000ns  (CLK100MHZ rise@10.000ns - CLK100MHZ rise@0.000ns)
  Data Path Delay:        1.085ns  (logic 0.580ns (53.441%)  route 0.505ns (46.559%))
  Logic Levels:           1  (LUT1=1)
  Clock Path Skew:        0.000ns (DCD - SCD + CPR)
    Destination Clock Delay (DCD):    4.937ns = ( 14.937 - 10.000 ) 
    Source Clock Delay      (SCD):    5.238ns
    Clock Pessimism Removal (CPR):    0.301ns
  Clock Uncertainty:      0.035ns  ((TSJ^2 + TIJ^2)^1/2 + DJ) / 2 + PE
    Total System Jitter     (TSJ):    0.071ns
    Total Input Jitter      (TIJ):    0.000ns
    Discrete Jitter          (DJ):    0.000ns
    Phase Error              (PE):    0.000ns

    Location             Delay type                Incr(ns)  Path(ns)    Netlist Resource(s)
  -------------------------------------------------------------------    -------------------
                         (clock CLK100MHZ rise edge)
                                                      0.000     0.000 r  
    E3                                                0.000     0.000 r  CLK100MHZ (IN)
                         net (fo=0)                   0.000     0.000    CLK100MHZ
    E3                   IBUF (Prop_ibuf_I_O)         1.482     1.482 r  CLK100MHZ_IBUF_inst/O
                         net (fo=1, routed)           2.025     3.506    CLK100MHZ_IBUF
    BUFGCTRL_X0Y16       BUFG (Prop_bufg_I_O)         0.096     3.602 r  CLK100MHZ_IBUF_BUFG_inst/O
                         net (fo=1, routed)           1.635     5.238    CLK100MHZ_IBUF_BUFG
    SLICE_X49Y98         FDRE                                         r  clk_50mhz_reg_reg/C
  -------------------------------------------------------------------    -------------------
    SLICE_X49Y98         FDRE (Prop_fdre_C_Q)         0.456     5.694 f  clk_50mhz_reg_reg/Q
                         net (fo=2, routed)           0.505     6.199    clk_50mhz_reg
    SLICE_X49Y98         LUT1 (Prop_lut1_I0_O)        0.124     6.323 r  clk_50mhz_reg_i_1/O
                         net (fo=1, routed)           0.000     6.323    p_0_in
    SLICE_X49Y98         FDRE                                         r  clk_50mhz_reg_reg/D
  -------------------------------------------------------------------    -------------------

                         (clock CLK100MHZ rise edge)
                                                     10.000    10.000 r  
    E3                                                0.000    10.000 r  CLK100MHZ (IN)
                         net (fo=0)                   0.000    10.000    CLK100MHZ
    E3                   IBUF (Prop_ibuf_I_O)         1.411    11.411 r  CLK100MHZ_IBUF_inst/O
                         net (fo=1, routed)           1.920    13.331    CLK100MHZ_IBUF
    BUFGCTRL_X0Y16       BUFG (Prop_bufg_I_O)         0.091    13.422 r  CLK100MHZ_IBUF_BUFG_inst/O
                         net (fo=1, routed)           1.514    14.937    CLK100MHZ_IBUF_BUFG
    SLICE_X49Y98         FDRE                                         r  clk_50mhz_reg_reg/C
                         clock pessimism              0.301    15.238    
                         clock uncertainty           -0.035    15.202    
    SLICE_X49Y98         FDRE (Setup_fdre_C_D)        0.029    15.231    clk_50mhz_reg_reg
  -------------------------------------------------------------------
                         required time                         15.231    
                         arrival time                          -6.323    
  -------------------------------------------------------------------
                         slack                                  8.908    





Min Delay Paths
--------------------------------------------------------------------------------------
Slack (MET) :             0.263ns  (arrival time - required time)
  Source:                 clk_50mhz_reg_reg/C
                            (rising edge-triggered cell FDRE clocked by CLK100MHZ  {rise@0.000ns fall@5.000ns period=10.000ns})
  Destination:            clk_50mhz_reg_reg/D
                            (rising edge-triggered cell FDRE clocked by CLK100MHZ  {rise@0.000ns fall@5.000ns period=10.000ns})
  Path Group:             CLK100MHZ
  Path Type:              Hold (Min at Fast Process Corner)
  Requirement:            0.000ns  (CLK100MHZ rise@0.000ns - CLK100MHZ rise@0.000ns)
  Data Path Delay:        0.354ns  (logic 0.186ns (52.498%)  route 0.168ns (47.502%))
  Logic Levels:           1  (LUT1=1)
  Clock Path Skew:        0.000ns (DCD - SCD - CPR)
    Destination Clock Delay (DCD):    2.003ns
    Source Clock Delay      (SCD):    1.486ns
    Clock Pessimism Removal (CPR):    0.516ns

    Location             Delay type                Incr(ns)  Path(ns)    Netlist Resource(s)
  -------------------------------------------------------------------    -------------------
                         (clock CLK100MHZ rise edge)
                                                      0.000     0.000 r  
    E3                                                0.000     0.000 r  CLK100MHZ (IN)
                         net (fo=0)                   0.000     0.000    CLK100MHZ
    E3                   IBUF (Prop_ibuf_I_O)         0.250     0.250 r  CLK100MHZ_IBUF_inst/O
                         net (fo=1, routed)           0.644     0.894    CLK100MHZ_IBUF
    BUFGCTRL_X0Y16       BUFG (Prop_bufg_I_O)         0.026     0.920 r  CLK100MHZ_IBUF_BUFG_inst/O
                         net (fo=1, routed)           0.567     1.486    CLK100MHZ_IBUF_BUFG
    SLICE_X49Y98         FDRE                                         r  clk_50mhz_reg_reg/C
  -------------------------------------------------------------------    -------------------
    SLICE_X49Y98         FDRE (Prop_fdre_C_Q)         0.141     1.627 f  clk_50mhz_reg_reg/Q
                         net (fo=2, routed)           0.168     1.796    clk_50mhz_reg
    SLICE_X49Y98         LUT1 (Prop_lut1_I0_O)        0.045     1.841 r  clk_50mhz_reg_i_1/O
                         net (fo=1, routed)           0.000     1.841    p_0_in
    SLICE_X49Y98         FDRE                                         r  clk_50mhz_reg_reg/D
  -------------------------------------------------------------------    -------------------

                         (clock CLK100MHZ rise edge)
                                                      0.000     0.000 r  
    E3                                                0.000     0.000 r  CLK100MHZ (IN)
                         net (fo=0)                   0.000     0.000    CLK100MHZ
    E3                   IBUF (Prop_ibuf_I_O)         0.438     0.438 r  CLK100MHZ_IBUF_inst/O
                         net (fo=1, routed)           0.699     1.136    CLK100MHZ_IBUF
    BUFGCTRL_X0Y16       BUFG (Prop_bufg_I_O)         0.029     1.165 r  CLK100MHZ_IBUF_BUFG_inst/O
                         net (fo=1, routed)           0.838     2.003    CLK100MHZ_IBUF_BUFG
    SLICE_X49Y98         FDRE                                         r  clk_50mhz_reg_reg/C
                         clock pessimism             -0.516     1.486    
    SLICE_X49Y98         FDRE (Hold_fdre_C_D)         0.091     1.577    clk_50mhz_reg_reg
  -------------------------------------------------------------------
                         required time                         -1.577    
                         arrival time                           1.841    
  -------------------------------------------------------------------
                         slack                                  0.263    





Pulse Width Checks
--------------------------------------------------------------------------------------
Clock Name:         CLK100MHZ
Waveform(ns):       { 0.000 5.000 }
Period(ns):         10.000
Sources:            { CLK100MHZ }

Check Type        Corner  Lib Pin  Reference Pin  Required(ns)  Actual(ns)  Slack(ns)  Location        Pin
Min Period        n/a     BUFG/I   n/a            2.155         10.000      7.845      BUFGCTRL_X0Y16  CLK100MHZ_IBUF_BUFG_inst/I
Low Pulse Width   Slow    FDRE/C   n/a            0.500         5.000       4.500      SLICE_X49Y98    clk_50mhz_reg_reg/C
High Pulse Width  Slow    FDRE/C   n/a            0.500         5.000       4.500      SLICE_X49Y98    clk_50mhz_reg_reg/C



---------------------------------------------------------------------------------------------------
From Clock:  clk_50mhz
  To Clock:  clk_50mhz

Setup :            0  Failing Endpoints,  Worst Slack        0.768ns,  Total Violation        0.000ns
Hold  :            0  Failing Endpoints,  Worst Slack        0.062ns,  Total Violation        0.000ns
PW    :            0  Failing Endpoints,  Worst Slack        8.750ns,  Total Violation        0.000ns
---------------------------------------------------------------------------------------------------


Max Delay Paths
--------------------------------------------------------------------------------------
Slack (MET) :             0.768ns  (required time - arrival time)
  Source:                 u_soc/u_npu/u_npu_engine/fc_logits_reg[1][0]/C
                            (rising edge-triggered cell FDCE clocked by clk_50mhz  {rise@0.000ns fall@10.000ns period=20.000ns})
  Destination:            u_soc/u_npu/u_npu_engine/exp_val_reg[2][3]/D
                            (rising edge-triggered cell FDCE clocked by clk_50mhz  {rise@0.000ns fall@10.000ns period=20.000ns})
  Path Group:             clk_50mhz
  Path Type:              Setup (Max at Slow Process Corner)
  Requirement:            20.000ns  (clk_50mhz rise@20.000ns - clk_50mhz rise@0.000ns)
  Data Path Delay:        19.326ns  (logic 7.137ns (36.930%)  route 12.189ns (63.070%))
  Logic Levels:           22  (CARRY4=10 LUT3=3 LUT4=3 LUT5=2 LUT6=4)
  Clock Path Skew:        0.100ns (DCD - SCD + CPR)
    Destination Clock Delay (DCD):    7.767ns = ( 27.767 - 20.000 ) 
    Source Clock Delay      (SCD):    8.153ns
    Clock Pessimism Removal (CPR):    0.485ns
  Clock Uncertainty:      0.035ns  ((TSJ^2 + TIJ^2)^1/2 + DJ) / 2 + PE
    Total System Jitter     (TSJ):    0.071ns
    Total Input Jitter      (TIJ):    0.000ns
    Discrete Jitter          (DJ):    0.000ns
    Phase Error              (PE):    0.000ns

    Location             Delay type                Incr(ns)  Path(ns)    Netlist Resource(s)
  -------------------------------------------------------------------    -------------------
                         (clock clk_50mhz rise edge)
                                                      0.000     0.000 r  
    E3                                                0.000     0.000 r  CLK100MHZ (IN)
                         net (fo=0)                   0.000     0.000    CLK100MHZ
    E3                   IBUF (Prop_ibuf_I_O)         1.482     1.482 r  CLK100MHZ_IBUF_inst/O
                         net (fo=1, routed)           2.025     3.506    CLK100MHZ_IBUF
    BUFGCTRL_X0Y16       BUFG (Prop_bufg_I_O)         0.096     3.602 r  CLK100MHZ_IBUF_BUFG_inst/O
                         net (fo=1, routed)           1.635     5.238    CLK100MHZ_IBUF_BUFG
    SLICE_X49Y98         FDRE (Prop_fdre_C_Q)         0.456     5.694 r  clk_50mhz_reg_reg/Q
                         net (fo=2, routed)           0.730     6.424    clk_50mhz_reg
    BUFGCTRL_X0Y0        BUFG (Prop_bufg_I_O)         0.096     6.520 r  bufg_clk/O
                         net (fo=5601, routed)        1.632     8.153    u_soc/u_npu/u_npu_engine/clk_50mhz
    SLICE_X67Y50         FDCE                                         r  u_soc/u_npu/u_npu_engine/fc_logits_reg[1][0]/C
  -------------------------------------------------------------------    -------------------
    SLICE_X67Y50         FDCE (Prop_fdce_C_Q)         0.456     8.609 r  u_soc/u_npu/u_npu_engine/fc_logits_reg[1][0]/Q
                         net (fo=12, routed)          1.008     9.616    u_soc/u_npu/u_npu_engine/fc_logits_reg[1]_0[0]
    SLICE_X66Y50         LUT4 (Prop_lut4_I0_O)        0.124     9.740 r  u_soc/u_npu/u_npu_engine/exp_val[1][12]_i_171/O
                         net (fo=1, routed)           0.000     9.740    u_soc/u_npu/u_npu_engine/exp_val[1][12]_i_171_n_0
    SLICE_X66Y50         CARRY4 (Prop_carry4_S[0]_CO[3])
                                                      0.513    10.253 r  u_soc/u_npu/u_npu_engine/exp_val_reg[1][12]_i_126/CO[3]
                         net (fo=26, routed)          1.215    11.469    u_soc/u_npu/u_npu_engine/exp_val_reg[1][12]_i_126_n_0
    SLICE_X67Y48         LUT3 (Prop_lut3_I1_O)        0.152    11.621 f  u_soc/u_npu/u_npu_engine/exp_val[1][12]_i_191/O
                         net (fo=2, routed)           0.504    12.125    u_soc/u_npu/u_npu_engine/max_score[9]
    SLICE_X66Y49         LUT6 (Prop_lut6_I4_O)        0.326    12.451 r  u_soc/u_npu/u_npu_engine/exp_val[1][12]_i_183/O
                         net (fo=1, routed)           0.473    12.924    u_soc/u_npu/u_npu_engine/exp_val[1][12]_i_183_n_0
    SLICE_X67Y49         CARRY4 (Prop_carry4_DI[3]_CO[3])
                                                      0.385    13.309 r  u_soc/u_npu/u_npu_engine/exp_val_reg[1][12]_i_161/CO[3]
                         net (fo=1, routed)           0.001    13.310    u_soc/u_npu/u_npu_engine/exp_val_reg[1][12]_i_161_n_0
    SLICE_X67Y50         CARRY4 (Prop_carry4_CI_CO[0])
                                                      0.271    13.581 r  u_soc/u_npu/u_npu_engine/exp_val_reg[1][12]_i_125/CO[0]
                         net (fo=12, routed)          0.931    14.512    u_soc/u_npu/u_npu_engine/exp_val_reg[1][12]_i_125_n_3
    SLICE_X66Y49         LUT5 (Prop_lut5_I1_O)        0.397    14.909 r  u_soc/u_npu/u_npu_engine/exp_val[1][12]_i_55/O
                         net (fo=10, routed)          0.779    15.688    u_soc/u_npu/u_npu_engine/exp_val[1][12]_i_55_n_0
    SLICE_X68Y47         LUT4 (Prop_lut4_I3_O)        0.328    16.016 r  u_soc/u_npu/u_npu_engine/exp_val[1][12]_i_179/O
                         net (fo=1, routed)           0.000    16.016    u_soc/u_npu/u_npu_engine/exp_val[1][12]_i_179_n_0
    SLICE_X68Y47         CARRY4 (Prop_carry4_S[0]_CO[3])
                                                      0.532    16.548 r  u_soc/u_npu/u_npu_engine/exp_val_reg[1][12]_i_127/CO[3]
                         net (fo=1, routed)           0.000    16.548    u_soc/u_npu/u_npu_engine/exp_val_reg[1][12]_i_127_n_0
    SLICE_X68Y48         CARRY4 (Prop_carry4_CI_CO[1])
                                                      0.157    16.705 r  u_soc/u_npu/u_npu_engine/exp_val_reg[1][12]_i_53/CO[1]
                         net (fo=64, routed)          0.919    17.624    u_soc/u_npu/u_npu_engine/exp_val_reg[1][12]_i_53_n_2
    SLICE_X71Y50         LUT4 (Prop_lut4_I2_O)        0.329    17.953 r  u_soc/u_npu/u_npu_engine/exp_val[2][12]_i_19/O
                         net (fo=1, routed)           0.000    17.953    u_soc/u_npu/u_npu_engine/exp_val[2][12]_i_19_n_0
    SLICE_X71Y50         CARRY4 (Prop_carry4_S[1]_CO[3])
                                                      0.550    18.503 r  u_soc/u_npu/u_npu_engine/exp_val_reg[2][12]_i_4/CO[3]
                         net (fo=1, routed)           0.000    18.503    u_soc/u_npu/u_npu_engine/exp_val_reg[2][12]_i_4_n_0
    SLICE_X71Y51         CARRY4 (Prop_carry4_CI_O[0])
                                                      0.222    18.725 r  u_soc/u_npu/u_npu_engine/exp_val_reg[2][12]_i_21/O[0]
                         net (fo=11, routed)          1.089    19.814    u_soc/u_npu/u_npu_engine/exp_val_reg[2][12]_i_21_n_7
    SLICE_X75Y51         LUT3 (Prop_lut3_I2_O)        0.327    20.141 r  u_soc/u_npu/u_npu_engine/exp_val[2][12]_i_31/O
                         net (fo=1, routed)           0.326    20.467    u_soc/u_npu/u_npu_engine/exp_val[2][12]_i_31_n_0
    SLICE_X76Y51         CARRY4 (Prop_carry4_DI[3]_CO[3])
                                                      0.598    21.065 r  u_soc/u_npu/u_npu_engine/exp_val_reg[2][12]_i_8/CO[3]
                         net (fo=1, routed)           0.000    21.065    u_soc/u_npu/u_npu_engine/exp_val_reg[2][12]_i_8_n_0
    SLICE_X76Y52         CARRY4 (Prop_carry4_CI_CO[3])
                                                      0.117    21.182 r  u_soc/u_npu/u_npu_engine/exp_val_reg[2][12]_i_75/CO[3]
                         net (fo=1, routed)           0.000    21.182    u_soc/u_npu/u_npu_engine/exp_val_reg[2][12]_i_75_n_0
    SLICE_X76Y53         CARRY4 (Prop_carry4_CI_O[1])
                                                      0.323    21.505 f  u_soc/u_npu/u_npu_engine/exp_val_reg[2][12]_i_119/O[1]
                         net (fo=82, routed)          1.410    22.915    u_soc/u_npu/u_npu_engine/exp_val_reg[2][12]_i_119_n_6
    SLICE_X88Y52         LUT6 (Prop_lut6_I3_O)        0.306    23.221 r  u_soc/u_npu/u_npu_engine/exp_val[2][12]_i_108/O
                         net (fo=2, routed)           0.869    24.090    u_soc/u_npu/u_npu_engine/exp_val[2][12]_i_108_n_0
    SLICE_X88Y52         LUT6 (Prop_lut6_I1_O)        0.124    24.214 r  u_soc/u_npu/u_npu_engine/exp_val[2][8]_i_7/O
                         net (fo=2, routed)           0.802    25.015    u_soc/u_npu/u_npu_engine/exp_val[2][8]_i_7_n_0
    SLICE_X83Y52         LUT3 (Prop_lut3_I2_O)        0.150    25.165 r  u_soc/u_npu/u_npu_engine/exp_val[2][8]_i_4/O
                         net (fo=4, routed)           1.138    26.303    u_soc/u_npu/u_npu_engine/exp_val[2][8]_i_4_n_0
    SLICE_X81Y49         LUT6 (Prop_lut6_I3_O)        0.326    26.629 r  u_soc/u_npu/u_npu_engine/exp_val[2][4]_i_2/O
                         net (fo=2, routed)           0.725    27.354    u_soc/u_npu/u_npu_engine/exp_val[2][4]_i_2_n_0
    SLICE_X75Y49         LUT5 (Prop_lut5_I1_O)        0.124    27.478 r  u_soc/u_npu/u_npu_engine/exp_val[2][3]_i_1/O
                         net (fo=1, routed)           0.000    27.478    u_soc/u_npu/u_npu_engine/exp_val[2][3]_i_1_n_0
    SLICE_X75Y49         FDCE                                         r  u_soc/u_npu/u_npu_engine/exp_val_reg[2][3]/D
  -------------------------------------------------------------------    -------------------

                         (clock clk_50mhz rise edge)
                                                     20.000    20.000 r  
    E3                                                0.000    20.000 r  CLK100MHZ (IN)
                         net (fo=0)                   0.000    20.000    CLK100MHZ
    E3                   IBUF (Prop_ibuf_I_O)         1.411    21.411 r  CLK100MHZ_IBUF_inst/O
                         net (fo=1, routed)           1.920    23.331    CLK100MHZ_IBUF
    BUFGCTRL_X0Y16       BUFG (Prop_bufg_I_O)         0.091    23.422 r  CLK100MHZ_IBUF_BUFG_inst/O
                         net (fo=1, routed)           1.514    24.937    CLK100MHZ_IBUF_BUFG
    SLICE_X49Y98         FDRE (Prop_fdre_C_Q)         0.367    25.304 r  clk_50mhz_reg_reg/Q
                         net (fo=2, routed)           0.648    25.952    clk_50mhz_reg
    BUFGCTRL_X0Y0        BUFG (Prop_bufg_I_O)         0.091    26.043 r  bufg_clk/O
                         net (fo=5601, routed)        1.724    27.767    u_soc/u_npu/u_npu_engine/clk_50mhz
    SLICE_X75Y49         FDCE                                         r  u_soc/u_npu/u_npu_engine/exp_val_reg[2][3]/C
                         clock pessimism              0.485    28.252    
                         clock uncertainty           -0.035    28.217    
    SLICE_X75Y49         FDCE (Setup_fdce_C_D)        0.029    28.246    u_soc/u_npu/u_npu_engine/exp_val_reg[2][3]
  -------------------------------------------------------------------
                         required time                         28.246    
                         arrival time                         -27.478    
  -------------------------------------------------------------------
                         slack                                  0.768    





Min Delay Paths
--------------------------------------------------------------------------------------
Slack (MET) :             0.062ns  (arrival time - required time)
  Source:                 u_soc/u_dma/reg_xfer_len_reg[10]/C
                            (rising edge-triggered cell FDCE clocked by clk_50mhz  {rise@0.000ns fall@10.000ns period=20.000ns})
  Destination:            u_soc/u_dma/xfer_cnt_reg[10]/D
                            (rising edge-triggered cell FDCE clocked by clk_50mhz  {rise@0.000ns fall@10.000ns period=20.000ns})
  Path Group:             clk_50mhz
  Path Type:              Hold (Min at Fast Process Corner)
  Requirement:            0.000ns  (clk_50mhz rise@0.000ns - clk_50mhz rise@0.000ns)
  Data Path Delay:        0.414ns  (logic 0.186ns (44.948%)  route 0.228ns (55.052%))
  Logic Levels:           1  (LUT5=1)
  Clock Path Skew:        0.261ns (DCD - SCD - CPR)
    Destination Clock Delay (DCD):    3.358ns
    Source Clock Delay      (SCD):    2.501ns
    Clock Pessimism Removal (CPR):    0.595ns

    Location             Delay type                Incr(ns)  Path(ns)    Netlist Resource(s)
  -------------------------------------------------------------------    -------------------
                         (clock clk_50mhz rise edge)
                                                      0.000     0.000 r  
    E3                                                0.000     0.000 r  CLK100MHZ (IN)
                         net (fo=0)                   0.000     0.000    CLK100MHZ
    E3                   IBUF (Prop_ibuf_I_O)         0.250     0.250 r  CLK100MHZ_IBUF_inst/O
                         net (fo=1, routed)           0.644     0.894    CLK100MHZ_IBUF
    BUFGCTRL_X0Y16       BUFG (Prop_bufg_I_O)         0.026     0.920 r  CLK100MHZ_IBUF_BUFG_inst/O
                         net (fo=1, routed)           0.567     1.486    CLK100MHZ_IBUF_BUFG
    SLICE_X49Y98         FDRE (Prop_fdre_C_Q)         0.141     1.627 r  clk_50mhz_reg_reg/Q
                         net (fo=2, routed)           0.293     1.921    clk_50mhz_reg
    BUFGCTRL_X0Y0        BUFG (Prop_bufg_I_O)         0.026     1.947 r  bufg_clk/O
                         net (fo=5601, routed)        0.555     2.501    u_soc/u_dma/clk_50mhz
    SLICE_X47Y70         FDCE                                         r  u_soc/u_dma/reg_xfer_len_reg[10]/C
  -------------------------------------------------------------------    -------------------
    SLICE_X47Y70         FDCE (Prop_fdce_C_Q)         0.141     2.642 r  u_soc/u_dma/reg_xfer_len_reg[10]/Q
                         net (fo=3, routed)           0.228     2.870    u_soc/u_dma/reg_xfer_len_reg_n_0_[10]
    SLICE_X53Y70         LUT5 (Prop_lut5_I1_O)        0.045     2.915 r  u_soc/u_dma/xfer_cnt[10]_i_1/O
                         net (fo=1, routed)           0.000     2.915    u_soc/u_dma/xfer_cnt[10]_i_1_n_0
    SLICE_X53Y70         FDCE                                         r  u_soc/u_dma/xfer_cnt_reg[10]/D
  -------------------------------------------------------------------    -------------------

                         (clock clk_50mhz rise edge)
                                                      0.000     0.000 r  
    E3                                                0.000     0.000 r  CLK100MHZ (IN)
                         net (fo=0)                   0.000     0.000    CLK100MHZ
    E3                   IBUF (Prop_ibuf_I_O)         0.438     0.438 r  CLK100MHZ_IBUF_inst/O
                         net (fo=1, routed)           0.699     1.136    CLK100MHZ_IBUF
    BUFGCTRL_X0Y16       BUFG (Prop_bufg_I_O)         0.029     1.165 r  CLK100MHZ_IBUF_BUFG_inst/O
                         net (fo=1, routed)           0.838     2.003    CLK100MHZ_IBUF_BUFG
    SLICE_X49Y98         FDRE (Prop_fdre_C_Q)         0.175     2.178 r  clk_50mhz_reg_reg/Q
                         net (fo=2, routed)           0.330     2.508    clk_50mhz_reg
    BUFGCTRL_X0Y0        BUFG (Prop_bufg_I_O)         0.029     2.537 r  bufg_clk/O
                         net (fo=5601, routed)        0.821     3.358    u_soc/u_dma/clk_50mhz
    SLICE_X53Y70         FDCE                                         r  u_soc/u_dma/xfer_cnt_reg[10]/C
                         clock pessimism             -0.595     2.762    
    SLICE_X53Y70         FDCE (Hold_fdce_C_D)         0.091     2.853    u_soc/u_dma/xfer_cnt_reg[10]
  -------------------------------------------------------------------
                         required time                         -2.853    
                         arrival time                           2.915    
  -------------------------------------------------------------------
                         slack                                  0.062    





Pulse Width Checks
--------------------------------------------------------------------------------------
Clock Name:         clk_50mhz
Waveform(ns):       { 0.000 10.000 }
Period(ns):         20.000
Sources:            { bufg_clk/O }

Check Type        Corner  Lib Pin             Reference Pin  Required(ns)  Actual(ns)  Slack(ns)  Location      Pin
Min Period        n/a     RAMB36E1/CLKARDCLK  n/a            2.944         20.000      17.056     RAMB36_X0Y12  u_soc/u_data_ram/ram_reg_0/CLKARDCLK
Low Pulse Width   Slow    RAMD64E/CLK         n/a            1.250         10.000      8.750      SLICE_X34Y55  u_soc/u_qspi/rx_fifo_reg_0_63_0_0/DP/CLK
High Pulse Width  Slow    RAMD64E/CLK         n/a            1.250         10.000      8.750      SLICE_X34Y55  u_soc/u_qspi/rx_fifo_reg_0_63_0_0/DP/CLK



---------------------------------------------------------------------------------------------------
Path Group:  **async_default**
From Clock:  clk_50mhz
  To Clock:  clk_50mhz

Setup :            0  Failing Endpoints,  Worst Slack        3.303ns,  Total Violation        0.000ns
Hold  :            0  Failing Endpoints,  Worst Slack        0.740ns,  Total Violation        0.000ns
---------------------------------------------------------------------------------------------------


Max Delay Paths
--------------------------------------------------------------------------------------
Slack (MET) :             3.303ns  (required time - arrival time)
  Source:                 rst_n_sync_reg/C
                            (rising edge-triggered cell FDCE clocked by clk_50mhz  {rise@0.000ns fall@10.000ns period=20.000ns})
  Destination:            u_soc/u_core/id_stage_i/register_file_i/gen_rf[20].mem_reg[20][19]/CLR
                            (recovery check against rising-edge clock clk_50mhz  {rise@0.000ns fall@10.000ns period=20.000ns})
  Path Group:             **async_default**
  Path Type:              Recovery (Max at Slow Process Corner)
  Requirement:            20.000ns  (clk_50mhz rise@20.000ns - clk_50mhz rise@0.000ns)
  Data Path Delay:        15.730ns  (logic 0.608ns (3.865%)  route 15.122ns (96.135%))
  Logic Levels:           1  (LUT1=1)
  Clock Path Skew:        -0.302ns (DCD - SCD + CPR)
    Destination Clock Delay (DCD):    7.550ns = ( 27.550 - 20.000 ) 
    Source Clock Delay      (SCD):    8.338ns
    Clock Pessimism Removal (CPR):    0.485ns
  Clock Uncertainty:      0.035ns  ((TSJ^2 + TIJ^2)^1/2 + DJ) / 2 + PE
    Total System Jitter     (TSJ):    0.071ns
    Total Input Jitter      (TIJ):    0.000ns
    Discrete Jitter          (DJ):    0.000ns
    Phase Error              (PE):    0.000ns

    Location             Delay type                Incr(ns)  Path(ns)    Netlist Resource(s)
  -------------------------------------------------------------------    -------------------
                         (clock clk_50mhz rise edge)
                                                      0.000     0.000 r  
    E3                                                0.000     0.000 r  CLK100MHZ (IN)
                         net (fo=0)                   0.000     0.000    CLK100MHZ
    E3                   IBUF (Prop_ibuf_I_O)         1.482     1.482 r  CLK100MHZ_IBUF_inst/O
                         net (fo=1, routed)           2.025     3.506    CLK100MHZ_IBUF
    BUFGCTRL_X0Y16       BUFG (Prop_bufg_I_O)         0.096     3.602 r  CLK100MHZ_IBUF_BUFG_inst/O
                         net (fo=1, routed)           1.635     5.238    CLK100MHZ_IBUF_BUFG
    SLICE_X49Y98         FDRE (Prop_fdre_C_Q)         0.456     5.694 r  clk_50mhz_reg_reg/Q
                         net (fo=2, routed)           0.730     6.424    clk_50mhz_reg
    BUFGCTRL_X0Y0        BUFG (Prop_bufg_I_O)         0.096     6.520 r  bufg_clk/O
                         net (fo=5601, routed)        1.817     8.338    clk_50mhz
    SLICE_X23Y49         FDCE                                         r  rst_n_sync_reg/C
  -------------------------------------------------------------------    -------------------
    SLICE_X23Y49         FDCE (Prop_fdce_C_Q)         0.456     8.794 r  rst_n_sync_reg/Q
                         net (fo=4, routed)           1.134     9.927    u_soc/u_boot_rom/rst_n_sync
    SLICE_X12Y51         LUT1 (Prop_lut1_I0_O)        0.152    10.079 f  u_soc/u_boot_rom/rom_rdata_o[31]_i_3/O
                         net (fo=5465, routed)       13.989    24.068    u_soc/u_core/id_stage_i/register_file_i/gen_rf[1].mem_reg[1][0]_0
    SLICE_X61Y98         FDCE                                         f  u_soc/u_core/id_stage_i/register_file_i/gen_rf[20].mem_reg[20][19]/CLR
  -------------------------------------------------------------------    -------------------

                         (clock clk_50mhz rise edge)
                                                     20.000    20.000 r  
    E3                                                0.000    20.000 r  CLK100MHZ (IN)
                         net (fo=0)                   0.000    20.000    CLK100MHZ
    E3                   IBUF (Prop_ibuf_I_O)         1.411    21.411 r  CLK100MHZ_IBUF_inst/O
                         net (fo=1, routed)           1.920    23.331    CLK100MHZ_IBUF
    BUFGCTRL_X0Y16       BUFG (Prop_bufg_I_O)         0.091    23.422 r  CLK100MHZ_IBUF_BUFG_inst/O
                         net (fo=1, routed)           1.514    24.937    CLK100MHZ_IBUF_BUFG
    SLICE_X49Y98         FDRE (Prop_fdre_C_Q)         0.367    25.304 r  clk_50mhz_reg_reg/Q
                         net (fo=2, routed)           0.648    25.952    clk_50mhz_reg
    BUFGCTRL_X0Y0        BUFG (Prop_bufg_I_O)         0.091    26.043 r  bufg_clk/O
                         net (fo=5601, routed)        1.507    27.550    u_soc/u_core/id_stage_i/register_file_i/clk_50mhz
    SLICE_X61Y98         FDCE                                         r  u_soc/u_core/id_stage_i/register_file_i/gen_rf[20].mem_reg[20][19]/C
                         clock pessimism              0.485    28.036    
                         clock uncertainty           -0.035    28.000    
    SLICE_X61Y98         FDCE (Recov_fdce_C_CLR)     -0.629    27.371    u_soc/u_core/id_stage_i/register_file_i/gen_rf[20].mem_reg[20][19]
  -------------------------------------------------------------------
                         required time                         27.371    
                         arrival time                         -24.068    
  -------------------------------------------------------------------
                         slack                                  3.303    





Min Delay Paths
--------------------------------------------------------------------------------------
Slack (MET) :             0.740ns  (arrival time - required time)
  Source:                 rst_n_sync_reg/C
                            (rising edge-triggered cell FDCE clocked by clk_50mhz  {rise@0.000ns fall@10.000ns period=20.000ns})
  Destination:            u_soc/u_uart2/u_rx_fifo/rd_ptr_r_reg[0]/CLR
                            (removal check against rising-edge clock clk_50mhz  {rise@0.000ns fall@10.000ns period=20.000ns})
  Path Group:             **async_default**
  Path Type:              Removal (Min at Fast Process Corner)
  Requirement:            0.000ns  (clk_50mhz rise@0.000ns - clk_50mhz rise@0.000ns)
  Data Path Delay:        0.873ns  (logic 0.186ns (21.294%)  route 0.687ns (78.706%))
  Logic Levels:           1  (LUT2=1)
  Clock Path Skew:        0.200ns (DCD - SCD - CPR)
    Destination Clock Delay (DCD):    3.382ns
    Source Clock Delay      (SCD):    2.586ns
    Clock Pessimism Removal (CPR):    0.595ns

    Location             Delay type                Incr(ns)  Path(ns)    Netlist Resource(s)
  -------------------------------------------------------------------    -------------------
                         (clock clk_50mhz rise edge)
                                                      0.000     0.000 r  
    E3                                                0.000     0.000 r  CLK100MHZ (IN)
                         net (fo=0)                   0.000     0.000    CLK100MHZ
    E3                   IBUF (Prop_ibuf_I_O)         0.250     0.250 r  CLK100MHZ_IBUF_inst/O
                         net (fo=1, routed)           0.644     0.894    CLK100MHZ_IBUF
    BUFGCTRL_X0Y16       BUFG (Prop_bufg_I_O)         0.026     0.920 r  CLK100MHZ_IBUF_BUFG_inst/O
                         net (fo=1, routed)           0.567     1.486    CLK100MHZ_IBUF_BUFG
    SLICE_X49Y98         FDRE (Prop_fdre_C_Q)         0.141     1.627 r  clk_50mhz_reg_reg/Q
                         net (fo=2, routed)           0.293     1.921    clk_50mhz_reg
    BUFGCTRL_X0Y0        BUFG (Prop_bufg_I_O)         0.026     1.947 r  bufg_clk/O
                         net (fo=5601, routed)        0.639     2.586    clk_50mhz
    SLICE_X23Y49         FDCE                                         r  rst_n_sync_reg/C
  -------------------------------------------------------------------    -------------------
    SLICE_X23Y49         FDCE (Prop_fdce_C_Q)         0.141     2.727 r  rst_n_sync_reg/Q
                         net (fo=4, routed)           0.422     3.149    u_soc/u_uart2/u_rx_fifo/rst_n_sync
    SLICE_X12Y51         LUT2 (Prop_lut2_I1_O)        0.045     3.194 f  u_soc/u_uart2/u_rx_fifo/rd_ptr_r[8]_i_2/O
                         net (fo=9, routed)           0.266     3.459    u_soc/u_uart2/u_rx_fifo/rd_ptr_r[8]_i_2_n_0
    SLICE_X8Y51          FDCE                                         f  u_soc/u_uart2/u_rx_fifo/rd_ptr_r_reg[0]/CLR
  -------------------------------------------------------------------    -------------------

                         (clock clk_50mhz rise edge)
                                                      0.000     0.000 r  
    E3                                                0.000     0.000 r  CLK100MHZ (IN)
                         net (fo=0)                   0.000     0.000    CLK100MHZ
    E3                   IBUF (Prop_ibuf_I_O)         0.438     0.438 r  CLK100MHZ_IBUF_inst/O
                         net (fo=1, routed)           0.699     1.136    CLK100MHZ_IBUF
    BUFGCTRL_X0Y16       BUFG (Prop_bufg_I_O)         0.029     1.165 r  CLK100MHZ_IBUF_BUFG_inst/O
                         net (fo=1, routed)           0.838     2.003    CLK100MHZ_IBUF_BUFG
    SLICE_X49Y98         FDRE (Prop_fdre_C_Q)         0.175     2.178 r  clk_50mhz_reg_reg/Q
                         net (fo=2, routed)           0.330     2.508    clk_50mhz_reg
    BUFGCTRL_X0Y0        BUFG (Prop_bufg_I_O)         0.029     2.537 r  bufg_clk/O
                         net (fo=5601, routed)        0.845     3.382    u_soc/u_uart2/u_rx_fifo/clk_50mhz
    SLICE_X8Y51          FDCE                                         r  u_soc/u_uart2/u_rx_fifo/rd_ptr_r_reg[0]/C
                         clock pessimism             -0.595     2.786    
    SLICE_X8Y51          FDCE (Remov_fdce_C_CLR)     -0.067     2.719    u_soc/u_uart2/u_rx_fifo/rd_ptr_r_reg[0]
  -------------------------------------------------------------------
                         required time                         -2.719    
                         arrival time                           3.459    
  -------------------------------------------------------------------
                         slack                                  0.740    





