Copyright 1986-2022 Xilinx, Inc. All Rights Reserved. Copyright 2022-2025 Advanced Micro Devices, Inc. All Rights Reserved.
---------------------------------------------------------------------------------------------------------------------------------------------
| Tool Version : Vivado v.2025.2 (win64) Build 6299465 Fri Nov 14 19:35:11 GMT 2025
| Date         : Sun Aug 16 21:00:14 2026
| Host         : baris running 64-bit major release  (build 9200)
| Command      : report_timing_summary -file C:/Users/ybari/2026_Arkhe/evidence/fpga/timing_v4.rpt
| Design       : nexys_top
| Device       : 7a100t-csg324
| Speed File   : -1  PRODUCTION 1.23 2018-06-13
| Design State : Routed
---------------------------------------------------------------------------------------------------------------------------------------------

Timing Summary Report

------------------------------------------------------------------------------------------------
| Timer Settings
| --------------
------------------------------------------------------------------------------------------------

  Enable Multi Corner Analysis               :  Yes
  Enable Pessimism Removal                   :  Yes
  Pessimism Removal Resolution               :  Nearest Common Node
  Enable Input Delay Default Clock           :  No
  Enable Preset / Clear Arcs                 :  No
  Disable Flight Delays                      :  No
  Ignore I/O Paths                           :  No
  Timing Early Launch at Borrowing Latches   :  No
  Borrow Time for Max Delay Exceptions       :  Yes
  Merge Timing Exceptions                    :  Yes
  Inter-SLR Compensation                     :  Conservative

  Corner  Analyze    Analyze    
  Name    Max Paths  Min Paths  
  ------  ---------  ---------  
  Slow    Yes        Yes        
  Fast    Yes        Yes        


------------------------------------------------------------------------------------------------
| Report Methodology
| ------------------
------------------------------------------------------------------------------------------------

Rule      Severity  Description                                 Violations  
--------  --------  ------------------------------------------  ----------  
DPIR-1    Warning   Asynchronous driver check                   136         
LUTAR-1   Warning   LUT drives async reset alert                1           
SYNTH-6   Warning   Timing of a RAM block might be sub-optimal  14          
SYNTH-10  Warning   Wide multiplier                             7           
SYNTH-15  Warning   Byte wide write enable not inferred         8           
RTGT-1    Advisory  RAM retargeting possibility                 4           

Note: This report is based on the most recent report_methodology run and may not be up-to-date. Run report_methodology on the current design for the latest report.



check_timing report

Table of Contents
-----------------
1. checking no_clock (0)
2. checking constant_clock (0)
3. checking pulse_width_clock (0)
4. checking unconstrained_internal_endpoints (0)
5. checking no_input_delay (18)
6. checking no_output_delay (17)
7. checking multiple_clock (0)
8. checking generated_clocks (0)
9. checking loops (0)
10. checking partial_input_delay (0)
11. checking partial_output_delay (0)
12. checking latch_loops (0)

1. checking no_clock (0)
------------------------
 There are 0 register/latch pins with no clock.


2. checking constant_clock (0)
------------------------------
 There are 0 register/latch pins with constant_clock.


3. checking pulse_width_clock (0)
---------------------------------
 There are 0 register/latch pins which need pulse_width check


4. checking unconstrained_internal_endpoints (0)
------------------------------------------------
 There are 0 pins that are not constrained for maximum delay.

 There are 0 pins that are not constrained for maximum delay due to constant clock.


5. checking no_input_delay (18)
-------------------------------
 There are 18 input ports with no input delay specified. (HIGH)

 There are 0 input ports with no input delay but user has a false path constraint.


6. checking no_output_delay (17)
--------------------------------
 There are 17 ports with no output delay specified. (HIGH)

 There are 0 ports with no output delay but user has a false path constraint

 There are 0 ports with no output delay but with a timing clock defined on it or propagating through it


7. checking multiple_clock (0)
------------------------------
 There are 0 register/latch pins with multiple clocks.


8. checking generated_clocks (0)
--------------------------------
 There are 0 generated clocks that are not connected to a clock source.


9. checking loops (0)
---------------------
 There are 0 combinational loops in the design.


10. checking partial_input_delay (0)
------------------------------------
 There are 0 input ports with partial input delay specified.


11. checking partial_output_delay (0)
-------------------------------------
 There are 0 ports with partial output delay specified.


12. checking latch_loops (0)
----------------------------
 There are 0 combinational latch loops in the design through latch input



------------------------------------------------------------------------------------------------
| Design Timing Summary
| ---------------------
------------------------------------------------------------------------------------------------

    WNS(ns)      TNS(ns)  TNS Failing Endpoints  TNS Total Endpoints      WHS(ns)      THS(ns)  THS Failing Endpoints  THS Total Endpoints     WPWS(ns)     TPWS(ns)  TPWS Failing Endpoints  TPWS Total Endpoints  
    -------      -------  ---------------------  -------------------      -------      -------  ---------------------  -------------------     --------     --------  ----------------------  --------------------  
      2.530        0.000                      0                15959        0.036        0.000                      0                15959        4.500        0.000                       0                  5262  


All user specified timing constraints are met.


------------------------------------------------------------------------------------------------
| Clock Summary
| -------------
------------------------------------------------------------------------------------------------

Clock        Waveform(ns)       Period(ns)      Frequency(MHz)
-----        ------------       ----------      --------------
CLK100MHZ    {0.000 5.000}      10.000          100.000         
  clk_50mhz  {0.000 10.000}     20.000          50.000          


------------------------------------------------------------------------------------------------
| Intra Clock Table
| -----------------
------------------------------------------------------------------------------------------------

Clock             WNS(ns)      TNS(ns)  TNS Failing Endpoints  TNS Total Endpoints      WHS(ns)      THS(ns)  THS Failing Endpoints  THS Total Endpoints     WPWS(ns)     TPWS(ns)  TPWS Failing Endpoints  TPWS Total Endpoints  
-----             -------      -------  ---------------------  -------------------      -------      -------  ---------------------  -------------------     --------     --------  ----------------------  --------------------  
CLK100MHZ           8.892        0.000                      0                    1        0.280        0.000                      0                    1        4.500        0.000                       0                     2  
  clk_50mhz         2.530        0.000                      0                10858        0.036        0.000                      0                10858        8.750        0.000                       0                  5260  


------------------------------------------------------------------------------------------------
| Inter Clock Table
| -----------------
------------------------------------------------------------------------------------------------

From Clock    To Clock          WNS(ns)      TNS(ns)  TNS Failing Endpoints  TNS Total Endpoints      WHS(ns)      THS(ns)  THS Failing Endpoints  THS Total Endpoints  
----------    --------          -------      -------  ---------------------  -------------------      -------      -------  ---------------------  -------------------  


------------------------------------------------------------------------------------------------
| Other Path Groups Table
| -----------------------
------------------------------------------------------------------------------------------------

Path Group         From Clock         To Clock               WNS(ns)      TNS(ns)  TNS Failing Endpoints  TNS Total Endpoints      WHS(ns)      THS(ns)  THS Failing Endpoints  THS Total Endpoints  
----------         ----------         --------               -------      -------  ---------------------  -------------------      -------      -------  ---------------------  -------------------  
**async_default**  clk_50mhz          clk_50mhz                8.517        0.000                      0                 5100        0.666        0.000                      0                 5100  


------------------------------------------------------------------------------------------------
| Timing Details
| --------------
------------------------------------------------------------------------------------------------


---------------------------------------------------------------------------------------------------
From Clock:  CLK100MHZ
  To Clock:  CLK100MHZ

Setup :            0  Failing Endpoints,  Worst Slack        8.892ns,  Total Violation        0.000ns
Hold  :            0  Failing Endpoints,  Worst Slack        0.280ns,  Total Violation        0.000ns
PW    :            0  Failing Endpoints,  Worst Slack        4.500ns,  Total Violation        0.000ns
---------------------------------------------------------------------------------------------------


Max Delay Paths
--------------------------------------------------------------------------------------
Slack (MET) :             8.892ns  (required time - arrival time)
  Source:                 clk_50mhz_reg_reg/C
                            (rising edge-triggered cell FDRE clocked by CLK100MHZ  {rise@0.000ns fall@5.000ns period=10.000ns})
  Destination:            clk_50mhz_reg_reg/D
                            (rising edge-triggered cell FDRE clocked by CLK100MHZ  {rise@0.000ns fall@5.000ns period=10.000ns})
  Path Group:             CLK100MHZ
  Path Type:              Setup (Max at Slow Process Corner)
  Requirement:            10.000ns  (CLK100MHZ rise@10.000ns - CLK100MHZ rise@0.000ns)
  Data Path Delay:        1.102ns  (logic 0.580ns (52.641%)  route 0.522ns (47.359%))
  Logic Levels:           1  (LUT1=1)
  Clock Path Skew:        0.000ns (DCD - SCD + CPR)
    Destination Clock Delay (DCD):    4.927ns = ( 14.927 - 10.000 ) 
    Source Clock Delay      (SCD):    5.228ns
    Clock Pessimism Removal (CPR):    0.301ns
  Clock Uncertainty:      0.035ns  ((TSJ^2 + TIJ^2)^1/2 + DJ) / 2 + PE
    Total System Jitter     (TSJ):    0.071ns
    Total Input Jitter      (TIJ):    0.000ns
    Discrete Jitter          (DJ):    0.000ns
    Phase Error              (PE):    0.000ns

    Location             Delay type                Incr(ns)  Path(ns)    Netlist Resource(s)
  -------------------------------------------------------------------    -------------------
                         (clock CLK100MHZ rise edge)
                                                      0.000     0.000 r  
    E3                                                0.000     0.000 r  CLK100MHZ (IN)
                         net (fo=0)                   0.000     0.000    CLK100MHZ
    E3                   IBUF (Prop_ibuf_I_O)         1.482     1.482 r  CLK100MHZ_IBUF_inst/O
                         net (fo=1, routed)           2.025     3.506    CLK100MHZ_IBUF
    BUFGCTRL_X0Y16       BUFG (Prop_bufg_I_O)         0.096     3.602 r  CLK100MHZ_IBUF_BUFG_inst/O
                         net (fo=1, routed)           1.625     5.228    CLK100MHZ_IBUF_BUFG
    SLICE_X52Y96         FDRE                                         r  clk_50mhz_reg_reg/C
  -------------------------------------------------------------------    -------------------
    SLICE_X52Y96         FDRE (Prop_fdre_C_Q)         0.456     5.684 f  clk_50mhz_reg_reg/Q
                         net (fo=2, routed)           0.522     6.205    clk_50mhz_reg
    SLICE_X52Y96         LUT1 (Prop_lut1_I0_O)        0.124     6.329 r  clk_50mhz_reg_i_1/O
                         net (fo=1, routed)           0.000     6.329    p_0_in
    SLICE_X52Y96         FDRE                                         r  clk_50mhz_reg_reg/D
  -------------------------------------------------------------------    -------------------

                         (clock CLK100MHZ rise edge)
                                                     10.000    10.000 r  
    E3                                                0.000    10.000 r  CLK100MHZ (IN)
                         net (fo=0)                   0.000    10.000    CLK100MHZ
    E3                   IBUF (Prop_ibuf_I_O)         1.411    11.411 r  CLK100MHZ_IBUF_inst/O
                         net (fo=1, routed)           1.920    13.331    CLK100MHZ_IBUF
    BUFGCTRL_X0Y16       BUFG (Prop_bufg_I_O)         0.091    13.422 r  CLK100MHZ_IBUF_BUFG_inst/O
                         net (fo=1, routed)           1.504    14.927    CLK100MHZ_IBUF_BUFG
    SLICE_X52Y96         FDRE                                         r  clk_50mhz_reg_reg/C
                         clock pessimism              0.301    15.228    
                         clock uncertainty           -0.035    15.192    
    SLICE_X52Y96         FDRE (Setup_fdre_C_D)        0.029    15.221    clk_50mhz_reg_reg
  -------------------------------------------------------------------
                         required time                         15.221    
                         arrival time                          -6.330    
  -------------------------------------------------------------------
                         slack                                  8.892    





Min Delay Paths
--------------------------------------------------------------------------------------
Slack (MET) :             0.280ns  (arrival time - required time)
  Source:                 clk_50mhz_reg_reg/C
                            (rising edge-triggered cell FDRE clocked by CLK100MHZ  {rise@0.000ns fall@5.000ns period=10.000ns})
  Destination:            clk_50mhz_reg_reg/D
                            (rising edge-triggered cell FDRE clocked by CLK100MHZ  {rise@0.000ns fall@5.000ns period=10.000ns})
  Path Group:             CLK100MHZ
  Path Type:              Hold (Min at Fast Process Corner)
  Requirement:            0.000ns  (CLK100MHZ rise@0.000ns - CLK100MHZ rise@0.000ns)
  Data Path Delay:        0.371ns  (logic 0.186ns (50.162%)  route 0.185ns (49.838%))
  Logic Levels:           1  (LUT1=1)
  Clock Path Skew:        0.000ns (DCD - SCD - CPR)
    Destination Clock Delay (DCD):    1.999ns
    Source Clock Delay      (SCD):    1.483ns
    Clock Pessimism Removal (CPR):    0.515ns

    Location             Delay type                Incr(ns)  Path(ns)    Netlist Resource(s)
  -------------------------------------------------------------------    -------------------
                         (clock CLK100MHZ rise edge)
                                                      0.000     0.000 r  
    E3                                                0.000     0.000 r  CLK100MHZ (IN)
                         net (fo=0)                   0.000     0.000    CLK100MHZ
    E3                   IBUF (Prop_ibuf_I_O)         0.250     0.250 r  CLK100MHZ_IBUF_inst/O
                         net (fo=1, routed)           0.644     0.894    CLK100MHZ_IBUF
    BUFGCTRL_X0Y16       BUFG (Prop_bufg_I_O)         0.026     0.920 r  CLK100MHZ_IBUF_BUFG_inst/O
                         net (fo=1, routed)           0.564     1.483    CLK100MHZ_IBUF_BUFG
    SLICE_X52Y96         FDRE                                         r  clk_50mhz_reg_reg/C
  -------------------------------------------------------------------    -------------------
    SLICE_X52Y96         FDRE (Prop_fdre_C_Q)         0.141     1.624 f  clk_50mhz_reg_reg/Q
                         net (fo=2, routed)           0.185     1.809    clk_50mhz_reg
    SLICE_X52Y96         LUT1 (Prop_lut1_I0_O)        0.045     1.854 r  clk_50mhz_reg_i_1/O
                         net (fo=1, routed)           0.000     1.854    p_0_in
    SLICE_X52Y96         FDRE                                         r  clk_50mhz_reg_reg/D
  -------------------------------------------------------------------    -------------------

                         (clock CLK100MHZ rise edge)
                                                      0.000     0.000 r  
    E3                                                0.000     0.000 r  CLK100MHZ (IN)
                         net (fo=0)                   0.000     0.000    CLK100MHZ
    E3                   IBUF (Prop_ibuf_I_O)         0.438     0.438 r  CLK100MHZ_IBUF_inst/O
                         net (fo=1, routed)           0.699     1.136    CLK100MHZ_IBUF
    BUFGCTRL_X0Y16       BUFG (Prop_bufg_I_O)         0.029     1.165 r  CLK100MHZ_IBUF_BUFG_inst/O
                         net (fo=1, routed)           0.834     1.999    CLK100MHZ_IBUF_BUFG
    SLICE_X52Y96         FDRE                                         r  clk_50mhz_reg_reg/C
                         clock pessimism             -0.515     1.483    
    SLICE_X52Y96         FDRE (Hold_fdre_C_D)         0.091     1.574    clk_50mhz_reg_reg
  -------------------------------------------------------------------
                         required time                         -1.574    
                         arrival time                           1.854    
  -------------------------------------------------------------------
                         slack                                  0.280    





Pulse Width Checks
--------------------------------------------------------------------------------------
Clock Name:         CLK100MHZ
Waveform(ns):       { 0.000 5.000 }
Period(ns):         10.000
Sources:            { CLK100MHZ }

Check Type        Corner  Lib Pin  Reference Pin  Required(ns)  Actual(ns)  Slack(ns)  Location        Pin
Min Period        n/a     BUFG/I   n/a            2.155         10.000      7.845      BUFGCTRL_X0Y16  CLK100MHZ_IBUF_BUFG_inst/I
Low Pulse Width   Slow    FDRE/C   n/a            0.500         5.000       4.500      SLICE_X52Y96    clk_50mhz_reg_reg/C
High Pulse Width  Slow    FDRE/C   n/a            0.500         5.000       4.500      SLICE_X52Y96    clk_50mhz_reg_reg/C



---------------------------------------------------------------------------------------------------
From Clock:  clk_50mhz
  To Clock:  clk_50mhz

Setup :            0  Failing Endpoints,  Worst Slack        2.530ns,  Total Violation        0.000ns
Hold  :            0  Failing Endpoints,  Worst Slack        0.036ns,  Total Violation        0.000ns
PW    :            0  Failing Endpoints,  Worst Slack        8.750ns,  Total Violation        0.000ns
---------------------------------------------------------------------------------------------------


Max Delay Paths
--------------------------------------------------------------------------------------
Slack (MET) :             2.530ns  (required time - arrival time)
  Source:                 u_soc/u_npu/u_npu_engine/fc_idx_reg[4]_rep__21/C
                            (rising edge-triggered cell FDCE clocked by clk_50mhz  {rise@0.000ns fall@10.000ns period=20.000ns})
  Destination:            u_soc/u_npu/u_npu_engine/fc_acc_reg[3][31]/D
                            (rising edge-triggered cell FDCE clocked by clk_50mhz  {rise@0.000ns fall@10.000ns period=20.000ns})
  Path Group:             clk_50mhz
  Path Type:              Setup (Max at Slow Process Corner)
  Requirement:            20.000ns  (clk_50mhz rise@20.000ns - clk_50mhz rise@0.000ns)
  Data Path Delay:        17.406ns  (logic 6.880ns (39.527%)  route 10.526ns (60.473%))
  Logic Levels:           23  (CARRY4=10 LUT2=2 LUT3=1 LUT4=2 LUT5=1 LUT6=3 MUXF7=2 MUXF8=2)
  Clock Path Skew:        -0.104ns (DCD - SCD + CPR)
    Destination Clock Delay (DCD):    7.535ns = ( 27.535 - 20.000 ) 
    Source Clock Delay      (SCD):    8.123ns
    Clock Pessimism Removal (CPR):    0.484ns
  Clock Uncertainty:      0.035ns  ((TSJ^2 + TIJ^2)^1/2 + DJ) / 2 + PE
    Total System Jitter     (TSJ):    0.071ns
    Total Input Jitter      (TIJ):    0.000ns
    Discrete Jitter          (DJ):    0.000ns
    Phase Error              (PE):    0.000ns

    Location             Delay type                Incr(ns)  Path(ns)    Netlist Resource(s)
  -------------------------------------------------------------------    -------------------
                         (clock clk_50mhz rise edge)
                                                      0.000     0.000 r  
    E3                                                0.000     0.000 r  CLK100MHZ (IN)
                         net (fo=0)                   0.000     0.000    CLK100MHZ
    E3                   IBUF (Prop_ibuf_I_O)         1.482     1.482 r  CLK100MHZ_IBUF_inst/O
                         net (fo=1, routed)           2.025     3.506    CLK100MHZ_IBUF
    BUFGCTRL_X0Y16       BUFG (Prop_bufg_I_O)         0.096     3.602 r  CLK100MHZ_IBUF_BUFG_inst/O
                         net (fo=1, routed)           1.625     5.228    CLK100MHZ_IBUF_BUFG
    SLICE_X52Y96         FDRE (Prop_fdre_C_Q)         0.456     5.684 r  clk_50mhz_reg_reg/Q
                         net (fo=2, routed)           0.736     6.419    clk_50mhz_reg
    BUFGCTRL_X0Y0        BUFG (Prop_bufg_I_O)         0.096     6.515 r  bufg_clk/O
                         net (fo=5260, routed)        1.608     8.123    u_soc/u_npu/u_npu_engine/clk_50mhz
    SLICE_X52Y138        FDCE                                         r  u_soc/u_npu/u_npu_engine/fc_idx_reg[4]_rep__21/C
  -------------------------------------------------------------------    -------------------
    SLICE_X52Y138        FDCE (Prop_fdce_C_Q)         0.456     8.579 r  u_soc/u_npu/u_npu_engine/fc_idx_reg[4]_rep__21/Q
                         net (fo=124, routed)         0.977     9.556    u_soc/u_npu/u_npu_engine/fc_idx_reg[4]_rep__21_0
    SLICE_X48Y127        CARRY4 (Prop_carry4_S[0]_O[2])
                                                      0.671    10.227 r  u_soc/u_npu/u_npu_engine/g0_b0_i_1/O[2]
                         net (fo=883, routed)         1.720    11.946    u_soc/u_npu/u_npu_engine/g0_b0_i_1_n_5
    SLICE_X62Y138        MUXF7 (Prop_muxf7_S_O)       0.492    12.438 r  u_soc/u_npu/u_npu_engine/i___130_i_588/O
                         net (fo=1, routed)           0.000    12.438    u_soc/u_npu/u_npu_engine/i___130_i_588_n_0
    SLICE_X62Y138        MUXF8 (Prop_muxf8_I0_O)      0.098    12.536 r  u_soc/u_npu/u_npu_engine/i___130_i_205/O
                         net (fo=1, routed)           0.737    13.273    u_soc/u_npu/u_npu_engine/i___130_i_205_n_0
    SLICE_X61Y138        LUT6 (Prop_lut6_I1_O)        0.319    13.592 r  u_soc/u_npu/u_npu_engine/i___130_i_105/O
                         net (fo=1, routed)           0.000    13.592    u_soc/u_npu/u_npu_engine/i___130_i_105_n_0
    SLICE_X61Y138        MUXF7 (Prop_muxf7_I1_O)      0.245    13.837 r  u_soc/u_npu/u_npu_engine/i___130_i_56/O
                         net (fo=1, routed)           0.000    13.837    u_soc/u_npu/u_npu_engine/i___130_i_56_n_0
    SLICE_X61Y138        MUXF8 (Prop_muxf8_I0_O)      0.104    13.941 r  u_soc/u_npu/u_npu_engine/i___130_i_32/O
                         net (fo=1, routed)           1.015    14.957    u_soc/u_npu/u_npu_engine/i___130_i_32_n_0
    SLICE_X61Y133        LUT6 (Prop_lut6_I0_O)        0.316    15.273 r  u_soc/u_npu/u_npu_engine/i___130_i_22/O
                         net (fo=15, routed)          2.271    17.544    u_soc/u_npu/u_npu_engine/i___130_i_22_n_0
    SLICE_X46Y105        LUT2 (Prop_lut2_I1_O)        0.152    17.696 r  u_soc/u_npu/u_npu_engine/i___127_i_38/O
                         net (fo=3, routed)           0.888    18.584    u_soc/u_npu/u_npu_engine/i___127_i_38_n_0
    SLICE_X46Y105        LUT6 (Prop_lut6_I2_O)        0.348    18.932 r  u_soc/u_npu/u_npu_engine/i___127_i_19__0/O
                         net (fo=2, routed)           0.407    19.339    u_soc/u_npu/u_npu_engine/i___127_i_19__0_n_0
    SLICE_X47Y105        LUT5 (Prop_lut5_I2_O)        0.124    19.463 r  u_soc/u_npu/u_npu_engine/i___127_i_23__0/O
                         net (fo=1, routed)           0.000    19.463    u_soc/u_npu/u_npu_engine/i___127_i_23__0_n_0
    SLICE_X47Y105        CARRY4 (Prop_carry4_S[1]_O[2])
                                                      0.580    20.043 r  u_soc/u_npu/u_npu_engine/i___127_i_15__0/O[2]
                         net (fo=2, routed)           0.561    20.603    u_soc/u_npu/u_npu_engine/i___127_i_15__0_n_5
    SLICE_X47Y107        LUT4 (Prop_lut4_I3_O)        0.302    20.905 r  u_soc/u_npu/u_npu_engine/i___127_i_7__0/O
                         net (fo=2, routed)           0.680    21.586    u_soc/u_npu/u_npu_engine/i___127_i_7__0_n_0
    SLICE_X46Y107        LUT4 (Prop_lut4_I3_O)        0.124    21.710 r  u_soc/u_npu/u_npu_engine/i___127_i_11__0/O
                         net (fo=1, routed)           0.000    21.710    u_soc/u_npu/u_npu_engine/i___127_i_11__0_n_0
    SLICE_X46Y107        CARRY4 (Prop_carry4_S[3]_CO[3])
                                                      0.376    22.086 r  u_soc/u_npu/u_npu_engine/i___127_i_6__0/CO[3]
                         net (fo=1, routed)           0.000    22.086    u_soc/u_npu/u_npu_engine/i___127_i_6__0_n_0
    SLICE_X46Y108        CARRY4 (Prop_carry4_CI_CO[3])
                                                      0.117    22.203 r  u_soc/u_npu/u_npu_engine/i___232_i_4/CO[3]
                         net (fo=1, routed)           0.000    22.203    u_soc/u_npu/u_npu_engine/i___232_i_4_n_0
    SLICE_X46Y109        CARRY4 (Prop_carry4_CI_CO[3])
                                                      0.117    22.320 r  u_soc/u_npu/u_npu_engine/i___232_i_2/CO[3]
                         net (fo=1, routed)           0.000    22.320    u_soc/u_npu/u_npu_engine/i___232_i_2_n_0
    SLICE_X46Y110        CARRY4 (Prop_carry4_CI_O[0])
                                                      0.219    22.539 r  u_soc/u_npu/u_npu_engine/i___232_i_1/O[0]
                         net (fo=3, routed)           0.608    23.147    u_soc/u_npu/u_npu_engine_n_97
    SLICE_X45Y110        LUT2 (Prop_lut2_I0_O)        0.295    23.442 r  u_soc/u_npu/i___232/O
                         net (fo=1, routed)           0.000    23.442    u_soc/u_npu/u_npu_engine/fc_acc_reg[3][19]_0[0]
    SLICE_X45Y110        CARRY4 (Prop_carry4_S[1]_CO[3])
                                                      0.550    23.992 r  u_soc/u_npu/u_npu_engine/fc_acc_reg[3][19]_i_2/CO[3]
                         net (fo=1, routed)           0.000    23.992    u_soc/u_npu/u_npu_engine/fc_acc_reg[3][19]_i_2_n_0
    SLICE_X45Y111        CARRY4 (Prop_carry4_CI_CO[3])
                                                      0.114    24.106 r  u_soc/u_npu/u_npu_engine/fc_acc_reg[3][23]_i_2/CO[3]
                         net (fo=1, routed)           0.000    24.106    u_soc/u_npu/u_npu_engine/fc_acc_reg[3][23]_i_2_n_0
    SLICE_X45Y112        CARRY4 (Prop_carry4_CI_CO[3])
                                                      0.114    24.220 r  u_soc/u_npu/u_npu_engine/fc_acc_reg[3][27]_i_2/CO[3]
                         net (fo=1, routed)           0.000    24.220    u_soc/u_npu/u_npu_engine/fc_acc_reg[3][27]_i_2_n_0
    SLICE_X45Y113        CARRY4 (Prop_carry4_CI_O[3])
                                                      0.313    24.533 r  u_soc/u_npu/u_npu_engine/fc_acc_reg[3][31]_i_3/O[3]
                         net (fo=1, routed)           0.662    25.195    u_soc/u_npu/u_npu_engine/p_1_out[31]
    SLICE_X44Y113        LUT3 (Prop_lut3_I0_O)        0.334    25.529 r  u_soc/u_npu/u_npu_engine/fc_acc[3][31]_i_2/O
                         net (fo=1, routed)           0.000    25.529    u_soc/u_npu/u_npu_engine/fc_acc[3][31]_i_2_n_0
    SLICE_X44Y113        FDCE                                         r  u_soc/u_npu/u_npu_engine/fc_acc_reg[3][31]/D
  -------------------------------------------------------------------    -------------------

                         (clock clk_50mhz rise edge)
                                                     20.000    20.000 r  
    E3                                                0.000    20.000 r  CLK100MHZ (IN)
                         net (fo=0)                   0.000    20.000    CLK100MHZ
    E3                   IBUF (Prop_ibuf_I_O)         1.411    21.411 r  CLK100MHZ_IBUF_inst/O
                         net (fo=1, routed)           1.920    23.331    CLK100MHZ_IBUF
    BUFGCTRL_X0Y16       BUFG (Prop_bufg_I_O)         0.091    23.422 r  CLK100MHZ_IBUF_BUFG_inst/O
                         net (fo=1, routed)           1.504    24.927    CLK100MHZ_IBUF_BUFG
    SLICE_X52Y96         FDRE (Prop_fdre_C_Q)         0.367    25.294 r  clk_50mhz_reg_reg/Q
                         net (fo=2, routed)           0.654    25.947    clk_50mhz_reg
    BUFGCTRL_X0Y0        BUFG (Prop_bufg_I_O)         0.091    26.038 r  bufg_clk/O
                         net (fo=5260, routed)        1.497    27.535    u_soc/u_npu/u_npu_engine/clk_50mhz
    SLICE_X44Y113        FDCE                                         r  u_soc/u_npu/u_npu_engine/fc_acc_reg[3][31]/C
                         clock pessimism              0.484    28.019    
                         clock uncertainty           -0.035    27.984    
    SLICE_X44Y113        FDCE (Setup_fdce_C_D)        0.075    28.059    u_soc/u_npu/u_npu_engine/fc_acc_reg[3][31]
  -------------------------------------------------------------------
                         required time                         28.059    
                         arrival time                         -25.529    
  -------------------------------------------------------------------
                         slack                                  2.530    





Min Delay Paths
--------------------------------------------------------------------------------------
Slack (MET) :             0.036ns  (arrival time - required time)
  Source:                 u_soc/u_dma/reg_xfer_len_reg[9]/C
                            (rising edge-triggered cell FDCE clocked by clk_50mhz  {rise@0.000ns fall@10.000ns period=20.000ns})
  Destination:            u_soc/u_dma/s_axi_rdata_reg[9]/D
                            (rising edge-triggered cell FDCE clocked by clk_50mhz  {rise@0.000ns fall@10.000ns period=20.000ns})
  Path Group:             clk_50mhz
  Path Type:              Hold (Min at Fast Process Corner)
  Requirement:            0.000ns  (clk_50mhz rise@0.000ns - clk_50mhz rise@0.000ns)
  Data Path Delay:        0.392ns  (logic 0.226ns (57.677%)  route 0.166ns (42.323%))
  Logic Levels:           1  (LUT6=1)
  Clock Path Skew:        0.264ns (DCD - SCD - CPR)
    Destination Clock Delay (DCD):    3.338ns
    Source Clock Delay      (SCD):    2.484ns
    Clock Pessimism Removal (CPR):    0.590ns

    Location             Delay type                Incr(ns)  Path(ns)    Netlist Resource(s)
  -------------------------------------------------------------------    -------------------
                         (clock clk_50mhz rise edge)
                                                      0.000     0.000 r  
    E3                                                0.000     0.000 r  CLK100MHZ (IN)
                         net (fo=0)                   0.000     0.000    CLK100MHZ
    E3                   IBUF (Prop_ibuf_I_O)         0.250     0.250 r  CLK100MHZ_IBUF_inst/O
                         net (fo=1, routed)           0.644     0.894    CLK100MHZ_IBUF
    BUFGCTRL_X0Y16       BUFG (Prop_bufg_I_O)         0.026     0.920 r  CLK100MHZ_IBUF_BUFG_inst/O
                         net (fo=1, routed)           0.564     1.483    CLK100MHZ_IBUF_BUFG
    SLICE_X52Y96         FDRE (Prop_fdre_C_Q)         0.141     1.624 r  clk_50mhz_reg_reg/Q
                         net (fo=2, routed)           0.282     1.906    clk_50mhz_reg
    BUFGCTRL_X0Y0        BUFG (Prop_bufg_I_O)         0.026     1.932 r  bufg_clk/O
                         net (fo=5260, routed)        0.552     2.484    u_soc/u_dma/clk_50mhz
    SLICE_X53Y77         FDCE                                         r  u_soc/u_dma/reg_xfer_len_reg[9]/C
  -------------------------------------------------------------------    -------------------
    SLICE_X53Y77         FDCE (Prop_fdce_C_Q)         0.128     2.612 r  u_soc/u_dma/reg_xfer_len_reg[9]/Q
                         net (fo=2, routed)           0.166     2.777    u_soc/u_dma/reg_xfer_len_reg_n_0_[9]
    SLICE_X51Y78         LUT6 (Prop_lut6_I4_O)        0.098     2.875 r  u_soc/u_dma/s_axi_rdata[9]_i_1__2/O
                         net (fo=1, routed)           0.000     2.875    u_soc/u_dma/s_axi_rdata[9]_i_1__2_n_0
    SLICE_X51Y78         FDCE                                         r  u_soc/u_dma/s_axi_rdata_reg[9]/D
  -------------------------------------------------------------------    -------------------

                         (clock clk_50mhz rise edge)
                                                      0.000     0.000 r  
    E3                                                0.000     0.000 r  CLK100MHZ (IN)
                         net (fo=0)                   0.000     0.000    CLK100MHZ
    E3                   IBUF (Prop_ibuf_I_O)         0.438     0.438 r  CLK100MHZ_IBUF_inst/O
                         net (fo=1, routed)           0.699     1.136    CLK100MHZ_IBUF
    BUFGCTRL_X0Y16       BUFG (Prop_bufg_I_O)         0.029     1.165 r  CLK100MHZ_IBUF_BUFG_inst/O
                         net (fo=1, routed)           0.834     1.999    CLK100MHZ_IBUF_BUFG
    SLICE_X52Y96         FDRE (Prop_fdre_C_Q)         0.175     2.174 r  clk_50mhz_reg_reg/Q
                         net (fo=2, routed)           0.315     2.488    clk_50mhz_reg
    BUFGCTRL_X0Y0        BUFG (Prop_bufg_I_O)         0.029     2.517 r  bufg_clk/O
                         net (fo=5260, routed)        0.821     3.338    u_soc/u_dma/clk_50mhz
    SLICE_X51Y78         FDCE                                         r  u_soc/u_dma/s_axi_rdata_reg[9]/C
                         clock pessimism             -0.590     2.748    
    SLICE_X51Y78         FDCE (Hold_fdce_C_D)         0.092     2.840    u_soc/u_dma/s_axi_rdata_reg[9]
  -------------------------------------------------------------------
                         required time                         -2.840    
                         arrival time                           2.875    
  -------------------------------------------------------------------
                         slack                                  0.036    





Pulse Width Checks
--------------------------------------------------------------------------------------
Clock Name:         clk_50mhz
Waveform(ns):       { 0.000 10.000 }
Period(ns):         20.000
Sources:            { bufg_clk/O }

Check Type        Corner  Lib Pin             Reference Pin  Required(ns)  Actual(ns)  Slack(ns)  Location      Pin
Min Period        n/a     RAMB36E1/CLKARDCLK  n/a            2.944         20.000      17.056     RAMB36_X0Y15  u_soc/u_data_ram/ram_reg_0/CLKARDCLK
Low Pulse Width   Slow    RAMD64E/CLK         n/a            1.250         10.000      8.750      SLICE_X2Y87   u_soc/u_qspi/rx_fifo_reg_0_63_0_0/DP/CLK
High Pulse Width  Slow    RAMD64E/CLK         n/a            1.250         10.000      8.750      SLICE_X2Y87   u_soc/u_qspi/rx_fifo_reg_0_63_0_0/DP/CLK



---------------------------------------------------------------------------------------------------
Path Group:  **async_default**
From Clock:  clk_50mhz
  To Clock:  clk_50mhz

Setup :            0  Failing Endpoints,  Worst Slack        8.517ns,  Total Violation        0.000ns
Hold  :            0  Failing Endpoints,  Worst Slack        0.666ns,  Total Violation        0.000ns
---------------------------------------------------------------------------------------------------


Max Delay Paths
--------------------------------------------------------------------------------------
Slack (MET) :             8.517ns  (required time - arrival time)
  Source:                 rst_n_sync_reg/C
                            (rising edge-triggered cell FDCE clocked by clk_50mhz  {rise@0.000ns fall@10.000ns period=20.000ns})
  Destination:            u_soc/u_npu/u_npu_engine/conv_acc_reg[0]/CLR
                            (recovery check against rising-edge clock clk_50mhz  {rise@0.000ns fall@10.000ns period=20.000ns})
  Path Group:             **async_default**
  Path Type:              Recovery (Max at Slow Process Corner)
  Requirement:            20.000ns  (clk_50mhz rise@20.000ns - clk_50mhz rise@0.000ns)
  Data Path Delay:        10.709ns  (logic 0.608ns (5.677%)  route 10.101ns (94.323%))
  Logic Levels:           1  (LUT1=1)
  Clock Path Skew:        -0.131ns (DCD - SCD + CPR)
    Destination Clock Delay (DCD):    7.550ns = ( 27.550 - 20.000 ) 
    Source Clock Delay      (SCD):    8.238ns
    Clock Pessimism Removal (CPR):    0.557ns
  Clock Uncertainty:      0.035ns  ((TSJ^2 + TIJ^2)^1/2 + DJ) / 2 + PE
    Total System Jitter     (TSJ):    0.071ns
    Total Input Jitter      (TIJ):    0.000ns
    Discrete Jitter          (DJ):    0.000ns
    Phase Error              (PE):    0.000ns

    Location             Delay type                Incr(ns)  Path(ns)    Netlist Resource(s)
  -------------------------------------------------------------------    -------------------
                         (clock clk_50mhz rise edge)
                                                      0.000     0.000 r  
    E3                                                0.000     0.000 r  CLK100MHZ (IN)
                         net (fo=0)                   0.000     0.000    CLK100MHZ
    E3                   IBUF (Prop_ibuf_I_O)         1.482     1.482 r  CLK100MHZ_IBUF_inst/O
                         net (fo=1, routed)           2.025     3.506    CLK100MHZ_IBUF
    BUFGCTRL_X0Y16       BUFG (Prop_bufg_I_O)         0.096     3.602 r  CLK100MHZ_IBUF_BUFG_inst/O
                         net (fo=1, routed)           1.625     5.228    CLK100MHZ_IBUF_BUFG
    SLICE_X52Y96         FDRE (Prop_fdre_C_Q)         0.456     5.684 r  clk_50mhz_reg_reg/Q
                         net (fo=2, routed)           0.736     6.419    clk_50mhz_reg
    BUFGCTRL_X0Y0        BUFG (Prop_bufg_I_O)         0.096     6.515 r  bufg_clk/O
                         net (fo=5260, routed)        1.722     8.238    clk_50mhz
    SLICE_X1Y91          FDCE                                         r  rst_n_sync_reg/C
  -------------------------------------------------------------------    -------------------
    SLICE_X1Y91          FDCE (Prop_fdce_C_Q)         0.456     8.694 r  rst_n_sync_reg/Q
                         net (fo=4, routed)           1.111     9.805    u_soc/u_core/id_stage_i/register_file_i/rst_n_sync
    SLICE_X4Y92          LUT1 (Prop_lut1_I0_O)        0.152     9.957 f  u_soc/u_core/id_stage_i/register_file_i/cnt_q[1]_i_2/O
                         net (fo=5091, routed)        8.990    18.947    u_soc/u_npu/u_npu_engine/fc_idx_reg_rep[6]_rep__6_0
    SLICE_X49Y99         FDCE                                         f  u_soc/u_npu/u_npu_engine/conv_acc_reg[0]/CLR
  -------------------------------------------------------------------    -------------------

                         (clock clk_50mhz rise edge)
                                                     20.000    20.000 r  
    E3                                                0.000    20.000 r  CLK100MHZ (IN)
                         net (fo=0)                   0.000    20.000    CLK100MHZ
    E3                   IBUF (Prop_ibuf_I_O)         1.411    21.411 r  CLK100MHZ_IBUF_inst/O
                         net (fo=1, routed)           1.920    23.331    CLK100MHZ_IBUF
    BUFGCTRL_X0Y16       BUFG (Prop_bufg_I_O)         0.091    23.422 r  CLK100MHZ_IBUF_BUFG_inst/O
                         net (fo=1, routed)           1.504    24.927    CLK100MHZ_IBUF_BUFG
    SLICE_X52Y96         FDRE (Prop_fdre_C_Q)         0.367    25.294 r  clk_50mhz_reg_reg/Q
                         net (fo=2, routed)           0.654    25.947    clk_50mhz_reg
    BUFGCTRL_X0Y0        BUFG (Prop_bufg_I_O)         0.091    26.038 r  bufg_clk/O
                         net (fo=5260, routed)        1.511    27.550    u_soc/u_npu/u_npu_engine/clk_50mhz
    SLICE_X49Y99         FDCE                                         r  u_soc/u_npu/u_npu_engine/conv_acc_reg[0]/C
                         clock pessimism              0.557    28.107    
                         clock uncertainty           -0.035    28.071    
    SLICE_X49Y99         FDCE (Recov_fdce_C_CLR)     -0.607    27.464    u_soc/u_npu/u_npu_engine/conv_acc_reg[0]
  -------------------------------------------------------------------
                         required time                         27.464    
                         arrival time                         -18.947    
  -------------------------------------------------------------------
                         slack                                  8.517    





Min Delay Paths
--------------------------------------------------------------------------------------
Slack (MET) :             0.666ns  (arrival time - required time)
  Source:                 u_soc/u_uart2/fifo_clr_r_reg/C
                            (rising edge-triggered cell FDCE clocked by clk_50mhz  {rise@0.000ns fall@10.000ns period=20.000ns})
  Destination:            u_soc/u_uart2/u_rx_fifo/rd_ptr_r_reg[1]/CLR
                            (removal check against rising-edge clock clk_50mhz  {rise@0.000ns fall@10.000ns period=20.000ns})
  Path Group:             **async_default**
  Path Type:              Removal (Min at Fast Process Corner)
  Requirement:            0.000ns  (clk_50mhz rise@0.000ns - clk_50mhz rise@0.000ns)
  Data Path Delay:        0.593ns  (logic 0.209ns (35.260%)  route 0.384ns (64.740%))
  Logic Levels:           1  (LUT2=1)
  Clock Path Skew:        0.019ns (DCD - SCD - CPR)
    Destination Clock Delay (DCD):    3.354ns
    Source Clock Delay      (SCD):    2.495ns
    Clock Pessimism Removal (CPR):    0.840ns

    Location             Delay type                Incr(ns)  Path(ns)    Netlist Resource(s)
  -------------------------------------------------------------------    -------------------
                         (clock clk_50mhz rise edge)
                                                      0.000     0.000 r  
    E3                                                0.000     0.000 r  CLK100MHZ (IN)
                         net (fo=0)                   0.000     0.000    CLK100MHZ
    E3                   IBUF (Prop_ibuf_I_O)         0.250     0.250 r  CLK100MHZ_IBUF_inst/O
                         net (fo=1, routed)           0.644     0.894    CLK100MHZ_IBUF
    BUFGCTRL_X0Y16       BUFG (Prop_bufg_I_O)         0.026     0.920 r  CLK100MHZ_IBUF_BUFG_inst/O
                         net (fo=1, routed)           0.564     1.483    CLK100MHZ_IBUF_BUFG
    SLICE_X52Y96         FDRE (Prop_fdre_C_Q)         0.141     1.624 r  clk_50mhz_reg_reg/Q
                         net (fo=2, routed)           0.282     1.906    clk_50mhz_reg
    BUFGCTRL_X0Y0        BUFG (Prop_bufg_I_O)         0.026     1.932 r  bufg_clk/O
                         net (fo=5260, routed)        0.563     2.495    u_soc/u_uart2/clk_50mhz
    SLICE_X8Y78          FDCE                                         r  u_soc/u_uart2/fifo_clr_r_reg/C
  -------------------------------------------------------------------    -------------------
    SLICE_X8Y78          FDCE (Prop_fdce_C_Q)         0.164     2.659 f  u_soc/u_uart2/fifo_clr_r_reg/Q
                         net (fo=1, routed)           0.259     2.917    u_soc/u_uart2/u_rx_fifo/fifo_clr_r
    SLICE_X8Y82          LUT2 (Prop_lut2_I0_O)        0.045     2.962 f  u_soc/u_uart2/u_rx_fifo/rd_ptr_r[8]_i_2/O
                         net (fo=9, routed)           0.125     3.087    u_soc/u_uart2/u_rx_fifo/rd_ptr_r[8]_i_2_n_0
    SLICE_X9Y83          FDCE                                         f  u_soc/u_uart2/u_rx_fifo/rd_ptr_r_reg[1]/CLR
  -------------------------------------------------------------------    -------------------

                         (clock clk_50mhz rise edge)
                                                      0.000     0.000 r  
    E3                                                0.000     0.000 r  CLK100MHZ (IN)
                         net (fo=0)                   0.000     0.000    CLK100MHZ
    E3                   IBUF (Prop_ibuf_I_O)         0.438     0.438 r  CLK100MHZ_IBUF_inst/O
                         net (fo=1, routed)           0.699     1.136    CLK100MHZ_IBUF
    BUFGCTRL_X0Y16       BUFG (Prop_bufg_I_O)         0.029     1.165 r  CLK100MHZ_IBUF_BUFG_inst/O
                         net (fo=1, routed)           0.834     1.999    CLK100MHZ_IBUF_BUFG
    SLICE_X52Y96         FDRE (Prop_fdre_C_Q)         0.175     2.174 r  clk_50mhz_reg_reg/Q
                         net (fo=2, routed)           0.315     2.488    clk_50mhz_reg
    BUFGCTRL_X0Y0        BUFG (Prop_bufg_I_O)         0.029     2.517 r  bufg_clk/O
                         net (fo=5260, routed)        0.837     3.354    u_soc/u_uart2/u_rx_fifo/clk_50mhz
    SLICE_X9Y83          FDCE                                         r  u_soc/u_uart2/u_rx_fifo/rd_ptr_r_reg[1]/C
                         clock pessimism             -0.840     2.514    
    SLICE_X9Y83          FDCE (Remov_fdce_C_CLR)     -0.092     2.422    u_soc/u_uart2/u_rx_fifo/rd_ptr_r_reg[1]
  -------------------------------------------------------------------
                         required time                         -2.422    
                         arrival time                           3.087    
  -------------------------------------------------------------------
                         slack                                  0.666    





