Copyright 1986-2022 Xilinx, Inc. All Rights Reserved. Copyright 2022-2025 Advanced Micro Devices, Inc. All Rights Reserved.
---------------------------------------------------------------------------------------------------------------------------------------------
| Tool Version : Vivado v.2025.2 (win64) Build 6299465 Fri Nov 14 19:35:11 GMT 2025
| Date         : Sun Aug 16 13:10:31 2026
| Host         : baris running 64-bit major release  (build 9200)
| Command      : report_timing_summary -file C:/Users/ybari/2026_Arkhe/evidence/fpga/timing_v3.rpt
| Design       : nexys_top
| Device       : 7a100t-csg324
| Speed File   : -1  PRODUCTION 1.23 2018-06-13
| Design State : Routed
---------------------------------------------------------------------------------------------------------------------------------------------

Timing Summary Report

------------------------------------------------------------------------------------------------
| Timer Settings
| --------------
------------------------------------------------------------------------------------------------

  Enable Multi Corner Analysis               :  Yes
  Enable Pessimism Removal                   :  Yes
  Pessimism Removal Resolution               :  Nearest Common Node
  Enable Input Delay Default Clock           :  No
  Enable Preset / Clear Arcs                 :  No
  Disable Flight Delays                      :  No
  Ignore I/O Paths                           :  No
  Timing Early Launch at Borrowing Latches   :  No
  Borrow Time for Max Delay Exceptions       :  Yes
  Merge Timing Exceptions                    :  Yes
  Inter-SLR Compensation                     :  Conservative

  Corner  Analyze    Analyze    
  Name    Max Paths  Min Paths  
  ------  ---------  ---------  
  Slow    Yes        Yes        
  Fast    Yes        Yes        


------------------------------------------------------------------------------------------------
| Report Methodology
| ------------------
------------------------------------------------------------------------------------------------

Rule      Severity  Description                                 Violations  
--------  --------  ------------------------------------------  ----------  
DPIR-1    Warning   Asynchronous driver check                   136         
LUTAR-1   Warning   LUT drives async reset alert                1           
SYNTH-6   Warning   Timing of a RAM block might be sub-optimal  15          
SYNTH-10  Warning   Wide multiplier                             7           
SYNTH-15  Warning   Byte wide write enable not inferred         8           
RTGT-1    Advisory  RAM retargeting possibility                 4           

Note: This report is based on the most recent report_methodology run and may not be up-to-date. Run report_methodology on the current design for the latest report.



check_timing report

Table of Contents
-----------------
1. checking no_clock (0)
2. checking constant_clock (0)
3. checking pulse_width_clock (0)
4. checking unconstrained_internal_endpoints (0)
5. checking no_input_delay (18)
6. checking no_output_delay (17)
7. checking multiple_clock (0)
8. checking generated_clocks (0)
9. checking loops (0)
10. checking partial_input_delay (0)
11. checking partial_output_delay (0)
12. checking latch_loops (0)

1. checking no_clock (0)
------------------------
 There are 0 register/latch pins with no clock.


2. checking constant_clock (0)
------------------------------
 There are 0 register/latch pins with constant_clock.


3. checking pulse_width_clock (0)
---------------------------------
 There are 0 register/latch pins which need pulse_width check


4. checking unconstrained_internal_endpoints (0)
------------------------------------------------
 There are 0 pins that are not constrained for maximum delay.

 There are 0 pins that are not constrained for maximum delay due to constant clock.


5. checking no_input_delay (18)
-------------------------------
 There are 18 input ports with no input delay specified. (HIGH)

 There are 0 input ports with no input delay but user has a false path constraint.


6. checking no_output_delay (17)
--------------------------------
 There are 17 ports with no output delay specified. (HIGH)

 There are 0 ports with no output delay but user has a false path constraint

 There are 0 ports with no output delay but with a timing clock defined on it or propagating through it


7. checking multiple_clock (0)
------------------------------
 There are 0 register/latch pins with multiple clocks.


8. checking generated_clocks (0)
--------------------------------
 There are 0 generated clocks that are not connected to a clock source.


9. checking loops (0)
---------------------
 There are 0 combinational loops in the design.


10. checking partial_input_delay (0)
------------------------------------
 There are 0 input ports with partial input delay specified.


11. checking partial_output_delay (0)
-------------------------------------
 There are 0 ports with partial output delay specified.


12. checking latch_loops (0)
----------------------------
 There are 0 combinational latch loops in the design through latch input



------------------------------------------------------------------------------------------------
| Design Timing Summary
| ---------------------
------------------------------------------------------------------------------------------------

    WNS(ns)      TNS(ns)  TNS Failing Endpoints  TNS Total Endpoints      WHS(ns)      THS(ns)  THS Failing Endpoints  THS Total Endpoints     WPWS(ns)     TPWS(ns)  TPWS Failing Endpoints  TPWS Total Endpoints  
    -------      -------  ---------------------  -------------------      -------      -------  ---------------------  -------------------     --------     --------  ----------------------  --------------------  
      1.649        0.000                      0                15877        0.034        0.000                      0                15877        4.500        0.000                       0                  5231  


All user specified timing constraints are met.


------------------------------------------------------------------------------------------------
| Clock Summary
| -------------
------------------------------------------------------------------------------------------------

Clock        Waveform(ns)       Period(ns)      Frequency(MHz)
-----        ------------       ----------      --------------
CLK100MHZ    {0.000 5.000}      10.000          100.000         
  clk_50mhz  {0.000 10.000}     20.000          50.000          


------------------------------------------------------------------------------------------------
| Intra Clock Table
| -----------------
------------------------------------------------------------------------------------------------

Clock             WNS(ns)      TNS(ns)  TNS Failing Endpoints  TNS Total Endpoints      WHS(ns)      THS(ns)  THS Failing Endpoints  THS Total Endpoints     WPWS(ns)     TPWS(ns)  TPWS Failing Endpoints  TPWS Total Endpoints  
-----             -------      -------  ---------------------  -------------------      -------      -------  ---------------------  -------------------     --------     --------  ----------------------  --------------------  
CLK100MHZ           8.892        0.000                      0                    1        0.280        0.000                      0                    1        4.500        0.000                       0                     2  
  clk_50mhz         1.649        0.000                      0                10809        0.034        0.000                      0                10809        8.750        0.000                       0                  5229  


------------------------------------------------------------------------------------------------
| Inter Clock Table
| -----------------
------------------------------------------------------------------------------------------------

From Clock    To Clock          WNS(ns)      TNS(ns)  TNS Failing Endpoints  TNS Total Endpoints      WHS(ns)      THS(ns)  THS Failing Endpoints  THS Total Endpoints  
----------    --------          -------      -------  ---------------------  -------------------      -------      -------  ---------------------  -------------------  


------------------------------------------------------------------------------------------------
| Other Path Groups Table
| -----------------------
------------------------------------------------------------------------------------------------

Path Group         From Clock         To Clock               WNS(ns)      TNS(ns)  TNS Failing Endpoints  TNS Total Endpoints      WHS(ns)      THS(ns)  THS Failing Endpoints  THS Total Endpoints  
----------         ----------         --------               -------      -------  ---------------------  -------------------      -------      -------  ---------------------  -------------------  
**async_default**  clk_50mhz          clk_50mhz                3.677        0.000                      0                 5067        0.639        0.000                      0                 5067  


------------------------------------------------------------------------------------------------
| Timing Details
| --------------
------------------------------------------------------------------------------------------------


---------------------------------------------------------------------------------------------------
From Clock:  CLK100MHZ
  To Clock:  CLK100MHZ

Setup :            0  Failing Endpoints,  Worst Slack        8.892ns,  Total Violation        0.000ns
Hold  :            0  Failing Endpoints,  Worst Slack        0.280ns,  Total Violation        0.000ns
PW    :            0  Failing Endpoints,  Worst Slack        4.500ns,  Total Violation        0.000ns
---------------------------------------------------------------------------------------------------


Max Delay Paths
--------------------------------------------------------------------------------------
Slack (MET) :             8.892ns  (required time - arrival time)
  Source:                 clk_50mhz_reg_reg/C
                            (rising edge-triggered cell FDRE clocked by CLK100MHZ  {rise@0.000ns fall@5.000ns period=10.000ns})
  Destination:            clk_50mhz_reg_reg/D
                            (rising edge-triggered cell FDRE clocked by CLK100MHZ  {rise@0.000ns fall@5.000ns period=10.000ns})
  Path Group:             CLK100MHZ
  Path Type:              Setup (Max at Slow Process Corner)
  Requirement:            10.000ns  (CLK100MHZ rise@10.000ns - CLK100MHZ rise@0.000ns)
  Data Path Delay:        1.102ns  (logic 0.580ns (52.641%)  route 0.522ns (47.359%))
  Logic Levels:           1  (LUT1=1)
  Clock Path Skew:        0.000ns (DCD - SCD + CPR)
    Destination Clock Delay (DCD):    4.927ns = ( 14.927 - 10.000 ) 
    Source Clock Delay      (SCD):    5.228ns
    Clock Pessimism Removal (CPR):    0.301ns
  Clock Uncertainty:      0.035ns  ((TSJ^2 + TIJ^2)^1/2 + DJ) / 2 + PE
    Total System Jitter     (TSJ):    0.071ns
    Total Input Jitter      (TIJ):    0.000ns
    Discrete Jitter          (DJ):    0.000ns
    Phase Error              (PE):    0.000ns

    Location             Delay type                Incr(ns)  Path(ns)    Netlist Resource(s)
  -------------------------------------------------------------------    -------------------
                         (clock CLK100MHZ rise edge)
                                                      0.000     0.000 r  
    E3                                                0.000     0.000 r  CLK100MHZ (IN)
                         net (fo=0)                   0.000     0.000    CLK100MHZ
    E3                   IBUF (Prop_ibuf_I_O)         1.482     1.482 r  CLK100MHZ_IBUF_inst/O
                         net (fo=1, routed)           2.025     3.506    CLK100MHZ_IBUF
    BUFGCTRL_X0Y16       BUFG (Prop_bufg_I_O)         0.096     3.602 r  CLK100MHZ_IBUF_BUFG_inst/O
                         net (fo=1, routed)           1.625     5.228    CLK100MHZ_IBUF_BUFG
    SLICE_X52Y96         FDRE                                         r  clk_50mhz_reg_reg/C
  -------------------------------------------------------------------    -------------------
    SLICE_X52Y96         FDRE (Prop_fdre_C_Q)         0.456     5.684 f  clk_50mhz_reg_reg/Q
                         net (fo=2, routed)           0.522     6.205    clk_50mhz_reg
    SLICE_X52Y96         LUT1 (Prop_lut1_I0_O)        0.124     6.329 r  clk_50mhz_reg_i_1/O
                         net (fo=1, routed)           0.000     6.329    p_0_in
    SLICE_X52Y96         FDRE                                         r  clk_50mhz_reg_reg/D
  -------------------------------------------------------------------    -------------------

                         (clock CLK100MHZ rise edge)
                                                     10.000    10.000 r  
    E3                                                0.000    10.000 r  CLK100MHZ (IN)
                         net (fo=0)                   0.000    10.000    CLK100MHZ
    E3                   IBUF (Prop_ibuf_I_O)         1.411    11.411 r  CLK100MHZ_IBUF_inst/O
                         net (fo=1, routed)           1.920    13.331    CLK100MHZ_IBUF
    BUFGCTRL_X0Y16       BUFG (Prop_bufg_I_O)         0.091    13.422 r  CLK100MHZ_IBUF_BUFG_inst/O
                         net (fo=1, routed)           1.504    14.927    CLK100MHZ_IBUF_BUFG
    SLICE_X52Y96         FDRE                                         r  clk_50mhz_reg_reg/C
                         clock pessimism              0.301    15.228    
                         clock uncertainty           -0.035    15.192    
    SLICE_X52Y96         FDRE (Setup_fdre_C_D)        0.029    15.221    clk_50mhz_reg_reg
  -------------------------------------------------------------------
                         required time                         15.221    
                         arrival time                          -6.330    
  -------------------------------------------------------------------
                         slack                                  8.892    





Min Delay Paths
--------------------------------------------------------------------------------------
Slack (MET) :             0.280ns  (arrival time - required time)
  Source:                 clk_50mhz_reg_reg/C
                            (rising edge-triggered cell FDRE clocked by CLK100MHZ  {rise@0.000ns fall@5.000ns period=10.000ns})
  Destination:            clk_50mhz_reg_reg/D
                            (rising edge-triggered cell FDRE clocked by CLK100MHZ  {rise@0.000ns fall@5.000ns period=10.000ns})
  Path Group:             CLK100MHZ
  Path Type:              Hold (Min at Fast Process Corner)
  Requirement:            0.000ns  (CLK100MHZ rise@0.000ns - CLK100MHZ rise@0.000ns)
  Data Path Delay:        0.371ns  (logic 0.186ns (50.162%)  route 0.185ns (49.838%))
  Logic Levels:           1  (LUT1=1)
  Clock Path Skew:        0.000ns (DCD - SCD - CPR)
    Destination Clock Delay (DCD):    1.999ns
    Source Clock Delay      (SCD):    1.483ns
    Clock Pessimism Removal (CPR):    0.515ns

    Location             Delay type                Incr(ns)  Path(ns)    Netlist Resource(s)
  -------------------------------------------------------------------    -------------------
                         (clock CLK100MHZ rise edge)
                                                      0.000     0.000 r  
    E3                                                0.000     0.000 r  CLK100MHZ (IN)
                         net (fo=0)                   0.000     0.000    CLK100MHZ
    E3                   IBUF (Prop_ibuf_I_O)         0.250     0.250 r  CLK100MHZ_IBUF_inst/O
                         net (fo=1, routed)           0.644     0.894    CLK100MHZ_IBUF
    BUFGCTRL_X0Y16       BUFG (Prop_bufg_I_O)         0.026     0.920 r  CLK100MHZ_IBUF_BUFG_inst/O
                         net (fo=1, routed)           0.564     1.483    CLK100MHZ_IBUF_BUFG
    SLICE_X52Y96         FDRE                                         r  clk_50mhz_reg_reg/C
  -------------------------------------------------------------------    -------------------
    SLICE_X52Y96         FDRE (Prop_fdre_C_Q)         0.141     1.624 f  clk_50mhz_reg_reg/Q
                         net (fo=2, routed)           0.185     1.809    clk_50mhz_reg
    SLICE_X52Y96         LUT1 (Prop_lut1_I0_O)        0.045     1.854 r  clk_50mhz_reg_i_1/O
                         net (fo=1, routed)           0.000     1.854    p_0_in
    SLICE_X52Y96         FDRE                                         r  clk_50mhz_reg_reg/D
  -------------------------------------------------------------------    -------------------

                         (clock CLK100MHZ rise edge)
                                                      0.000     0.000 r  
    E3                                                0.000     0.000 r  CLK100MHZ (IN)
                         net (fo=0)                   0.000     0.000    CLK100MHZ
    E3                   IBUF (Prop_ibuf_I_O)         0.438     0.438 r  CLK100MHZ_IBUF_inst/O
                         net (fo=1, routed)           0.699     1.136    CLK100MHZ_IBUF
    BUFGCTRL_X0Y16       BUFG (Prop_bufg_I_O)         0.029     1.165 r  CLK100MHZ_IBUF_BUFG_inst/O
                         net (fo=1, routed)           0.834     1.999    CLK100MHZ_IBUF_BUFG
    SLICE_X52Y96         FDRE                                         r  clk_50mhz_reg_reg/C
                         clock pessimism             -0.515     1.483    
    SLICE_X52Y96         FDRE (Hold_fdre_C_D)         0.091     1.574    clk_50mhz_reg_reg
  -------------------------------------------------------------------
                         required time                         -1.574    
                         arrival time                           1.854    
  -------------------------------------------------------------------
                         slack                                  0.280    





Pulse Width Checks
--------------------------------------------------------------------------------------
Clock Name:         CLK100MHZ
Waveform(ns):       { 0.000 5.000 }
Period(ns):         10.000
Sources:            { CLK100MHZ }

Check Type        Corner  Lib Pin  Reference Pin  Required(ns)  Actual(ns)  Slack(ns)  Location        Pin
Min Period        n/a     BUFG/I   n/a            2.155         10.000      7.845      BUFGCTRL_X0Y16  CLK100MHZ_IBUF_BUFG_inst/I
Low Pulse Width   Slow    FDRE/C   n/a            0.500         5.000       4.500      SLICE_X52Y96    clk_50mhz_reg_reg/C
High Pulse Width  Slow    FDRE/C   n/a            0.500         5.000       4.500      SLICE_X52Y96    clk_50mhz_reg_reg/C



---------------------------------------------------------------------------------------------------
From Clock:  clk_50mhz
  To Clock:  clk_50mhz

Setup :            0  Failing Endpoints,  Worst Slack        1.649ns,  Total Violation        0.000ns
Hold  :            0  Failing Endpoints,  Worst Slack        0.034ns,  Total Violation        0.000ns
PW    :            0  Failing Endpoints,  Worst Slack        8.750ns,  Total Violation        0.000ns
---------------------------------------------------------------------------------------------------


Max Delay Paths
--------------------------------------------------------------------------------------
Slack (MET) :             1.649ns  (required time - arrival time)
  Source:                 u_soc/u_npu/u_npu_engine/f_out_reg[0]/C
                            (rising edge-triggered cell FDCE clocked by clk_50mhz  {rise@0.000ns fall@10.000ns period=20.000ns})
  Destination:            u_soc/u_npu/u_npu_engine/conv_acc_reg[29]/D
                            (rising edge-triggered cell FDCE clocked by clk_50mhz  {rise@0.000ns fall@10.000ns period=20.000ns})
  Path Group:             clk_50mhz
  Path Type:              Setup (Max at Slow Process Corner)
  Requirement:            20.000ns  (clk_50mhz rise@20.000ns - clk_50mhz rise@0.000ns)
  Data Path Delay:        18.198ns  (logic 7.651ns (42.044%)  route 10.547ns (57.956%))
  Logic Levels:           26  (CARRY4=15 LUT2=3 LUT3=1 LUT4=1 LUT5=3 LUT6=3)
  Clock Path Skew:        -0.094ns (DCD - SCD + CPR)
    Destination Clock Delay (DCD):    7.715ns = ( 27.715 - 20.000 ) 
    Source Clock Delay      (SCD):    8.303ns
    Clock Pessimism Removal (CPR):    0.493ns
  Clock Uncertainty:      0.035ns  ((TSJ^2 + TIJ^2)^1/2 + DJ) / 2 + PE
    Total System Jitter     (TSJ):    0.071ns
    Total Input Jitter      (TIJ):    0.000ns
    Discrete Jitter          (DJ):    0.000ns
    Phase Error              (PE):    0.000ns

    Location             Delay type                Incr(ns)  Path(ns)    Netlist Resource(s)
  -------------------------------------------------------------------    -------------------
                         (clock clk_50mhz rise edge)
                                                      0.000     0.000 r  
    E3                                                0.000     0.000 r  CLK100MHZ (IN)
                         net (fo=0)                   0.000     0.000    CLK100MHZ
    E3                   IBUF (Prop_ibuf_I_O)         1.482     1.482 r  CLK100MHZ_IBUF_inst/O
                         net (fo=1, routed)           2.025     3.506    CLK100MHZ_IBUF
    BUFGCTRL_X0Y16       BUFG (Prop_bufg_I_O)         0.096     3.602 r  CLK100MHZ_IBUF_BUFG_inst/O
                         net (fo=1, routed)           1.625     5.228    CLK100MHZ_IBUF_BUFG
    SLICE_X52Y96         FDRE (Prop_fdre_C_Q)         0.456     5.684 r  clk_50mhz_reg_reg/Q
                         net (fo=2, routed)           0.736     6.419    clk_50mhz_reg
    BUFGCTRL_X0Y0        BUFG (Prop_bufg_I_O)         0.096     6.515 r  bufg_clk/O
                         net (fo=5229, routed)        1.787     8.303    u_soc/u_npu/u_npu_engine/clk_50mhz
    SLICE_X52Y32         FDCE                                         r  u_soc/u_npu/u_npu_engine/f_out_reg[0]/C
  -------------------------------------------------------------------    -------------------
    SLICE_X52Y32         FDCE (Prop_fdce_C_Q)         0.419     8.722 r  u_soc/u_npu/u_npu_engine/f_out_reg[0]/Q
                         net (fo=10, routed)          1.055     9.776    u_soc/u_npu/u_npu_engine/f_out_reg[4]_0[0]
    SLICE_X50Y28         LUT2 (Prop_lut2_I0_O)        0.299    10.075 r  u_soc/u_npu/u_npu_engine/i___42_i_15/O
                         net (fo=1, routed)           0.000    10.075    u_soc/u_npu/u_npu_engine/i___42_i_15_n_0
    SLICE_X50Y28         CARRY4 (Prop_carry4_S[0]_CO[3])
                                                      0.513    10.588 r  u_soc/u_npu/u_npu_engine/i___42_i_5/CO[3]
                         net (fo=1, routed)           0.000    10.588    u_soc/u_npu/u_npu_engine/i___42_i_5_n_0
    SLICE_X50Y29         CARRY4 (Prop_carry4_CI_O[0])
                                                      0.219    10.807 r  u_soc/u_npu/u_npu_engine/i___42_i_2/O[0]
                         net (fo=3, routed)           0.710    11.517    u_soc/u_npu/u_npu_engine/i___42_i_2_n_7
    SLICE_X52Y28         LUT2 (Prop_lut2_I0_O)        0.295    11.812 r  u_soc/u_npu/u_npu_engine/i___42_i_26/O
                         net (fo=1, routed)           0.000    11.812    u_soc/u_npu/u_npu_engine/i___42_i_26_n_0
    SLICE_X52Y28         CARRY4 (Prop_carry4_S[1]_CO[3])
                                                      0.550    12.362 r  u_soc/u_npu/u_npu_engine/i___42_i_21/CO[3]
                         net (fo=1, routed)           0.000    12.362    u_soc/u_npu/u_npu_engine/i___42_i_21_n_0
    SLICE_X52Y29         CARRY4 (Prop_carry4_CI_CO[3])
                                                      0.114    12.476 r  u_soc/u_npu/u_npu_engine/i___42_i_19/CO[3]
                         net (fo=1, routed)           0.000    12.476    u_soc/u_npu/u_npu_engine/i___42_i_19_n_0
    SLICE_X52Y30         CARRY4 (Prop_carry4_CI_CO[3])
                                                      0.114    12.590 r  u_soc/u_npu/u_npu_engine/i___42_i_10/CO[3]
                         net (fo=1, routed)           0.000    12.590    u_soc/u_npu/u_npu_engine/i___42_i_10_n_0
    SLICE_X52Y31         CARRY4 (Prop_carry4_CI_CO[2])
                                                      0.228    12.818 f  u_soc/u_npu/u_npu_engine/i___42_i_3/CO[2]
                         net (fo=14, routed)          1.383    14.201    u_soc/u_npu/u_npu_engine/f_out_reg[4]_1[0]
    SLICE_X72Y25         LUT4 (Prop_lut4_I2_O)        0.313    14.514 r  u_soc/u_npu/u_npu_engine/i___30_i_8__0/O
                         net (fo=33, routed)          0.532    15.045    u_soc/u_npu/u_npu_engine/i___30_i_8__0_n_0
    SLICE_X72Y24         LUT6 (Prop_lut6_I3_O)        0.124    15.169 r  u_soc/u_npu/u_npu_engine/i___113_i_37/O
                         net (fo=1, routed)           0.491    15.660    u_soc/u_npu/u_npu_engine/i___113_i_37_n_0
    SLICE_X72Y24         LUT5 (Prop_lut5_I4_O)        0.124    15.784 r  u_soc/u_npu/u_npu_engine/i___113_i_27/O
                         net (fo=1, routed)           0.804    16.589    u_soc/u_npu/u_npu_engine/i___113_i_27_n_0
    SLICE_X70Y20         LUT6 (Prop_lut6_I0_O)        0.124    16.713 f  u_soc/u_npu/u_npu_engine/i___113_i_23/O
                         net (fo=17, routed)          2.091    18.803    u_soc/u_npu/u_npu_engine/i___113_i_23_n_0
    SLICE_X34Y30         LUT5 (Prop_lut5_I1_O)        0.153    18.956 r  u_soc/u_npu/u_npu_engine/i___91_i_23__0/O
                         net (fo=2, routed)           0.647    19.604    u_soc/u_npu/u_npu_engine/i___91_i_23__0_n_0
    SLICE_X35Y31         LUT6 (Prop_lut6_I4_O)        0.331    19.935 r  u_soc/u_npu/u_npu_engine/i___91_i_27__0/O
                         net (fo=1, routed)           0.000    19.935    u_soc/u_npu/u_npu_engine/i___91_i_27__0_n_0
    SLICE_X35Y31         CARRY4 (Prop_carry4_S[0]_CO[3])
                                                      0.532    20.467 r  u_soc/u_npu/u_npu_engine/i___91_i_17__0/CO[3]
                         net (fo=1, routed)           0.000    20.467    u_soc/u_npu/u_npu_engine/i___91_i_17__0_n_0
    SLICE_X35Y32         CARRY4 (Prop_carry4_CI_O[0])
                                                      0.222    20.689 r  u_soc/u_npu/u_npu_engine/i___215_i_14/O[0]
                         net (fo=2, routed)           0.426    21.115    u_soc/u_npu/u_npu_engine/i___215_i_14_n_7
    SLICE_X36Y32         LUT3 (Prop_lut3_I1_O)        0.299    21.414 r  u_soc/u_npu/u_npu_engine/i___92_i_9__0/O
                         net (fo=2, routed)           0.711    22.126    u_soc/u_npu/u_npu_engine/i___92_i_9__0_n_0
    SLICE_X34Y32         CARRY4 (Prop_carry4_DI[1]_CO[3])
                                                      0.520    22.646 r  u_soc/u_npu/u_npu_engine/i___92_i_6__0/CO[3]
                         net (fo=1, routed)           0.000    22.646    u_soc/u_npu/u_npu_engine/i___92_i_6__0_n_0
    SLICE_X34Y33         CARRY4 (Prop_carry4_CI_O[1])
                                                      0.323    22.969 r  u_soc/u_npu/u_npu_engine/i___215_i_2/O[1]
                         net (fo=1, routed)           0.563    23.532    u_soc/u_npu/u_npu_engine/conv_acc1[13]
    SLICE_X31Y33         LUT2 (Prop_lut2_I1_O)        0.306    23.838 r  u_soc/u_npu/u_npu_engine/conv_acc[15]_i_5/O
                         net (fo=1, routed)           0.000    23.838    u_soc/u_npu/u_npu_engine/conv_acc[15]_i_5_n_0
    SLICE_X31Y33         CARRY4 (Prop_carry4_S[1]_CO[3])
                                                      0.550    24.388 r  u_soc/u_npu/u_npu_engine/conv_acc_reg[15]_i_2/CO[3]
                         net (fo=1, routed)           0.000    24.388    u_soc/u_npu/u_npu_engine/conv_acc_reg[15]_i_2_n_0
    SLICE_X31Y34         CARRY4 (Prop_carry4_CI_CO[3])
                                                      0.114    24.502 r  u_soc/u_npu/u_npu_engine/conv_acc_reg[19]_i_2/CO[3]
                         net (fo=1, routed)           0.000    24.502    u_soc/u_npu/u_npu_engine/conv_acc_reg[19]_i_2_n_0
    SLICE_X31Y35         CARRY4 (Prop_carry4_CI_CO[3])
                                                      0.114    24.616 r  u_soc/u_npu/u_npu_engine/conv_acc_reg[23]_i_2/CO[3]
                         net (fo=1, routed)           0.000    24.616    u_soc/u_npu/u_npu_engine/conv_acc_reg[23]_i_2_n_0
    SLICE_X31Y36         CARRY4 (Prop_carry4_CI_CO[3])
                                                      0.114    24.730 r  u_soc/u_npu/u_npu_engine/conv_acc_reg[27]_i_2/CO[3]
                         net (fo=1, routed)           0.000    24.730    u_soc/u_npu/u_npu_engine/conv_acc_reg[27]_i_2_n_0
    SLICE_X31Y37         CARRY4 (Prop_carry4_CI_O[1])
                                                      0.334    25.064 r  u_soc/u_npu/u_npu_engine/conv_acc_reg[31]_i_3/O[1]
                         net (fo=1, routed)           0.716    25.780    u_soc/u_npu/u_npu_engine/conv_acc_reg[31]_i_3_n_6
    SLICE_X34Y35         LUT5 (Prop_lut5_I1_O)        0.303    26.083 r  u_soc/u_npu/u_npu_engine/conv_acc[29]_i_1/O
                         net (fo=1, routed)           0.417    26.500    u_soc/u_npu/u_npu_engine/conv_acc[29]_i_1_n_0
    SLICE_X34Y36         FDCE                                         r  u_soc/u_npu/u_npu_engine/conv_acc_reg[29]/D
  -------------------------------------------------------------------    -------------------

                         (clock clk_50mhz rise edge)
                                                     20.000    20.000 r  
    E3                                                0.000    20.000 r  CLK100MHZ (IN)
                         net (fo=0)                   0.000    20.000    CLK100MHZ
    E3                   IBUF (Prop_ibuf_I_O)         1.411    21.411 r  CLK100MHZ_IBUF_inst/O
                         net (fo=1, routed)           1.920    23.331    CLK100MHZ_IBUF
    BUFGCTRL_X0Y16       BUFG (Prop_bufg_I_O)         0.091    23.422 r  CLK100MHZ_IBUF_BUFG_inst/O
                         net (fo=1, routed)           1.504    24.927    CLK100MHZ_IBUF_BUFG
    SLICE_X52Y96         FDRE (Prop_fdre_C_Q)         0.367    25.294 r  clk_50mhz_reg_reg/Q
                         net (fo=2, routed)           0.654    25.947    clk_50mhz_reg
    BUFGCTRL_X0Y0        BUFG (Prop_bufg_I_O)         0.091    26.038 r  bufg_clk/O
                         net (fo=5229, routed)        1.677    27.715    u_soc/u_npu/u_npu_engine/clk_50mhz
    SLICE_X34Y36         FDCE                                         r  u_soc/u_npu/u_npu_engine/conv_acc_reg[29]/C
                         clock pessimism              0.493    28.209    
                         clock uncertainty           -0.035    28.173    
    SLICE_X34Y36         FDCE (Setup_fdce_C_D)       -0.024    28.149    u_soc/u_npu/u_npu_engine/conv_acc_reg[29]
  -------------------------------------------------------------------
                         required time                         28.149    
                         arrival time                         -26.500    
  -------------------------------------------------------------------
                         slack                                  1.649    





Min Delay Paths
--------------------------------------------------------------------------------------
Slack (MET) :             0.034ns  (arrival time - required time)
  Source:                 u_soc/u_npu/u_npu_axi_ctrl/mem_w_data_lat_reg[23]/C
                            (rising edge-triggered cell FDCE clocked by clk_50mhz  {rise@0.000ns fall@10.000ns period=20.000ns})
  Destination:            u_soc/u_npu/u_npu_sram/ram_reg_2_1/DIBDI[3]
                            (rising edge-triggered cell RAMB36E1 clocked by clk_50mhz  {rise@0.000ns fall@10.000ns period=20.000ns})
  Path Group:             clk_50mhz
  Path Type:              Hold (Min at Fast Process Corner)
  Requirement:            0.000ns  (clk_50mhz rise@0.000ns - clk_50mhz rise@0.000ns)
  Data Path Delay:        0.249ns  (logic 0.141ns (56.669%)  route 0.108ns (43.331%))
  Logic Levels:           0  
  Clock Path Skew:        0.059ns (DCD - SCD - CPR)
    Destination Clock Delay (DCD):    3.485ns
    Source Clock Delay      (SCD):    2.581ns
    Clock Pessimism Removal (CPR):    0.845ns

    Location             Delay type                Incr(ns)  Path(ns)    Netlist Resource(s)
  -------------------------------------------------------------------    -------------------
                         (clock clk_50mhz rise edge)
                                                      0.000     0.000 r  
    E3                                                0.000     0.000 r  CLK100MHZ (IN)
                         net (fo=0)                   0.000     0.000    CLK100MHZ
    E3                   IBUF (Prop_ibuf_I_O)         0.250     0.250 r  CLK100MHZ_IBUF_inst/O
                         net (fo=1, routed)           0.644     0.894    CLK100MHZ_IBUF
    BUFGCTRL_X0Y16       BUFG (Prop_bufg_I_O)         0.026     0.920 r  CLK100MHZ_IBUF_BUFG_inst/O
                         net (fo=1, routed)           0.564     1.483    CLK100MHZ_IBUF_BUFG
    SLICE_X52Y96         FDRE (Prop_fdre_C_Q)         0.141     1.624 r  clk_50mhz_reg_reg/Q
                         net (fo=2, routed)           0.282     1.906    clk_50mhz_reg
    BUFGCTRL_X0Y0        BUFG (Prop_bufg_I_O)         0.026     1.932 r  bufg_clk/O
                         net (fo=5229, routed)        0.649     2.581    u_soc/u_npu/u_npu_axi_ctrl/clk_50mhz
    SLICE_X73Y12         FDCE                                         r  u_soc/u_npu/u_npu_axi_ctrl/mem_w_data_lat_reg[23]/C
  -------------------------------------------------------------------    -------------------
    SLICE_X73Y12         FDCE (Prop_fdce_C_Q)         0.141     2.722 r  u_soc/u_npu/u_npu_axi_ctrl/mem_w_data_lat_reg[23]/Q
                         net (fo=1, routed)           0.108     2.830    u_soc/u_npu/u_npu_sram/ram_reg_3_1_2[23]
    RAMB36_X2Y2          RAMB36E1                                     r  u_soc/u_npu/u_npu_sram/ram_reg_2_1/DIBDI[3]
  -------------------------------------------------------------------    -------------------

                         (clock clk_50mhz rise edge)
                                                      0.000     0.000 r  
    E3                                                0.000     0.000 r  CLK100MHZ (IN)
                         net (fo=0)                   0.000     0.000    CLK100MHZ
    E3                   IBUF (Prop_ibuf_I_O)         0.438     0.438 r  CLK100MHZ_IBUF_inst/O
                         net (fo=1, routed)           0.699     1.136    CLK100MHZ_IBUF
    BUFGCTRL_X0Y16       BUFG (Prop_bufg_I_O)         0.029     1.165 r  CLK100MHZ_IBUF_BUFG_inst/O
                         net (fo=1, routed)           0.834     1.999    CLK100MHZ_IBUF_BUFG
    SLICE_X52Y96         FDRE (Prop_fdre_C_Q)         0.175     2.174 r  clk_50mhz_reg_reg/Q
                         net (fo=2, routed)           0.315     2.488    clk_50mhz_reg
    BUFGCTRL_X0Y0        BUFG (Prop_bufg_I_O)         0.029     2.517 r  bufg_clk/O
                         net (fo=5229, routed)        0.968     3.485    u_soc/u_npu/u_npu_sram/clk_50mhz
    RAMB36_X2Y2          RAMB36E1                                     r  u_soc/u_npu/u_npu_sram/ram_reg_2_1/CLKBWRCLK
                         clock pessimism             -0.845     2.641    
    RAMB36_X2Y2          RAMB36E1 (Hold_ramb36e1_CLKBWRCLK_DIBDI[3])
                                                      0.155     2.796    u_soc/u_npu/u_npu_sram/ram_reg_2_1
  -------------------------------------------------------------------
                         required time                         -2.796    
                         arrival time                           2.830    
  -------------------------------------------------------------------
                         slack                                  0.034    





Pulse Width Checks
--------------------------------------------------------------------------------------
Clock Name:         clk_50mhz
Waveform(ns):       { 0.000 10.000 }
Period(ns):         20.000
Sources:            { bufg_clk/O }

Check Type        Corner  Lib Pin             Reference Pin  Required(ns)  Actual(ns)  Slack(ns)  Location     Pin
Min Period        n/a     RAMB36E1/CLKARDCLK  n/a            2.944         20.000      17.056     RAMB36_X0Y4  u_soc/u_data_ram/ram_reg_0/CLKARDCLK
Low Pulse Width   Slow    RAMD64E/CLK         n/a            1.250         10.000      8.750      SLICE_X2Y21  u_soc/u_qspi/rx_fifo_reg_0_63_0_0/DP/CLK
High Pulse Width  Slow    RAMD64E/CLK         n/a            1.250         10.000      8.750      SLICE_X2Y21  u_soc/u_qspi/rx_fifo_reg_0_63_0_0/DP/CLK



---------------------------------------------------------------------------------------------------
Path Group:  **async_default**
From Clock:  clk_50mhz
  To Clock:  clk_50mhz

Setup :            0  Failing Endpoints,  Worst Slack        3.677ns,  Total Violation        0.000ns
Hold  :            0  Failing Endpoints,  Worst Slack        0.639ns,  Total Violation        0.000ns
---------------------------------------------------------------------------------------------------


Max Delay Paths
--------------------------------------------------------------------------------------
Slack (MET) :             3.677ns  (required time - arrival time)
  Source:                 rst_n_sync_reg/C
                            (rising edge-triggered cell FDCE clocked by clk_50mhz  {rise@0.000ns fall@10.000ns period=20.000ns})
  Destination:            u_soc/u_core/id_stage_i/register_file_i/gen_rf[28].mem_reg[28][0]/CLR
                            (recovery check against rising-edge clock clk_50mhz  {rise@0.000ns fall@10.000ns period=20.000ns})
  Path Group:             **async_default**
  Path Type:              Recovery (Max at Slow Process Corner)
  Requirement:            20.000ns  (clk_50mhz rise@20.000ns - clk_50mhz rise@0.000ns)
  Data Path Delay:        15.487ns  (logic 0.608ns (3.926%)  route 14.879ns (96.074%))
  Logic Levels:           1  (LUT1=1)
  Clock Path Skew:        -0.193ns (DCD - SCD + CPR)
    Destination Clock Delay (DCD):    7.706ns = ( 27.706 - 20.000 ) 
    Source Clock Delay      (SCD):    8.393ns
    Clock Pessimism Removal (CPR):    0.493ns
  Clock Uncertainty:      0.035ns  ((TSJ^2 + TIJ^2)^1/2 + DJ) / 2 + PE
    Total System Jitter     (TSJ):    0.071ns
    Total Input Jitter      (TIJ):    0.000ns
    Discrete Jitter          (DJ):    0.000ns
    Phase Error              (PE):    0.000ns

    Location             Delay type                Incr(ns)  Path(ns)    Netlist Resource(s)
  -------------------------------------------------------------------    -------------------
                         (clock clk_50mhz rise edge)
                                                      0.000     0.000 r  
    E3                                                0.000     0.000 r  CLK100MHZ (IN)
                         net (fo=0)                   0.000     0.000    CLK100MHZ
    E3                   IBUF (Prop_ibuf_I_O)         1.482     1.482 r  CLK100MHZ_IBUF_inst/O
                         net (fo=1, routed)           2.025     3.506    CLK100MHZ_IBUF
    BUFGCTRL_X0Y16       BUFG (Prop_bufg_I_O)         0.096     3.602 r  CLK100MHZ_IBUF_BUFG_inst/O
                         net (fo=1, routed)           1.625     5.228    CLK100MHZ_IBUF_BUFG
    SLICE_X52Y96         FDRE (Prop_fdre_C_Q)         0.456     5.684 r  clk_50mhz_reg_reg/Q
                         net (fo=2, routed)           0.736     6.419    clk_50mhz_reg
    BUFGCTRL_X0Y0        BUFG (Prop_bufg_I_O)         0.096     6.515 r  bufg_clk/O
                         net (fo=5229, routed)        1.877     8.393    clk_50mhz
    SLICE_X3Y25          FDCE                                         r  rst_n_sync_reg/C
  -------------------------------------------------------------------    -------------------
    SLICE_X3Y25          FDCE (Prop_fdce_C_Q)         0.456     8.849 r  rst_n_sync_reg/Q
                         net (fo=4, routed)           1.114     9.963    u_soc/u_core/id_stage_i/register_file_i/rst_n_sync
    SLICE_X7Y27          LUT1 (Prop_lut1_I0_O)        0.152    10.115 f  u_soc/u_core/id_stage_i/register_file_i/cnt_q[1]_i_2/O
                         net (fo=5058, routed)       13.765    23.880    u_soc/u_core/id_stage_i/register_file_i/rst_n_sync_reg
    SLICE_X57Y0          FDCE                                         f  u_soc/u_core/id_stage_i/register_file_i/gen_rf[28].mem_reg[28][0]/CLR
  -------------------------------------------------------------------    -------------------

                         (clock clk_50mhz rise edge)
                                                     20.000    20.000 r  
    E3                                                0.000    20.000 r  CLK100MHZ (IN)
                         net (fo=0)                   0.000    20.000    CLK100MHZ
    E3                   IBUF (Prop_ibuf_I_O)         1.411    21.411 r  CLK100MHZ_IBUF_inst/O
                         net (fo=1, routed)           1.920    23.331    CLK100MHZ_IBUF
    BUFGCTRL_X0Y16       BUFG (Prop_bufg_I_O)         0.091    23.422 r  CLK100MHZ_IBUF_BUFG_inst/O
                         net (fo=1, routed)           1.504    24.927    CLK100MHZ_IBUF_BUFG
    SLICE_X52Y96         FDRE (Prop_fdre_C_Q)         0.367    25.294 r  clk_50mhz_reg_reg/Q
                         net (fo=2, routed)           0.654    25.947    clk_50mhz_reg
    BUFGCTRL_X0Y0        BUFG (Prop_bufg_I_O)         0.091    26.038 r  bufg_clk/O
                         net (fo=5229, routed)        1.668    27.706    u_soc/u_core/id_stage_i/register_file_i/clk_50mhz
    SLICE_X57Y0          FDCE                                         r  u_soc/u_core/id_stage_i/register_file_i/gen_rf[28].mem_reg[28][0]/C
                         clock pessimism              0.493    28.200    
                         clock uncertainty           -0.035    28.164    
    SLICE_X57Y0          FDCE (Recov_fdce_C_CLR)     -0.607    27.557    u_soc/u_core/id_stage_i/register_file_i/gen_rf[28].mem_reg[28][0]
  -------------------------------------------------------------------
                         required time                         27.557    
                         arrival time                         -23.880    
  -------------------------------------------------------------------
                         slack                                  3.677    





Min Delay Paths
--------------------------------------------------------------------------------------
Slack (MET) :             0.639ns  (arrival time - required time)
  Source:                 u_soc/u_uart2/fifo_clr_r_reg/C
                            (rising edge-triggered cell FDCE clocked by clk_50mhz  {rise@0.000ns fall@10.000ns period=20.000ns})
  Destination:            u_soc/u_uart2/u_rx_fifo/rd_ptr_r_reg[0]/CLR
                            (removal check against rising-edge clock clk_50mhz  {rise@0.000ns fall@10.000ns period=20.000ns})
  Path Group:             **async_default**
  Path Type:              Removal (Min at Fast Process Corner)
  Requirement:            0.000ns  (clk_50mhz rise@0.000ns - clk_50mhz rise@0.000ns)
  Data Path Delay:        0.590ns  (logic 0.227ns (38.489%)  route 0.363ns (61.511%))
  Logic Levels:           1  (LUT2=1)
  Clock Path Skew:        0.018ns (DCD - SCD - CPR)
    Destination Clock Delay (DCD):    3.453ns
    Source Clock Delay      (SCD):    2.589ns
    Clock Pessimism Removal (CPR):    0.846ns

    Location             Delay type                Incr(ns)  Path(ns)    Netlist Resource(s)
  -------------------------------------------------------------------    -------------------
                         (clock clk_50mhz rise edge)
                                                      0.000     0.000 r  
    E3                                                0.000     0.000 r  CLK100MHZ (IN)
                         net (fo=0)                   0.000     0.000    CLK100MHZ
    E3                   IBUF (Prop_ibuf_I_O)         0.250     0.250 r  CLK100MHZ_IBUF_inst/O
                         net (fo=1, routed)           0.644     0.894    CLK100MHZ_IBUF
    BUFGCTRL_X0Y16       BUFG (Prop_bufg_I_O)         0.026     0.920 r  CLK100MHZ_IBUF_BUFG_inst/O
                         net (fo=1, routed)           0.564     1.483    CLK100MHZ_IBUF_BUFG
    SLICE_X52Y96         FDRE (Prop_fdre_C_Q)         0.141     1.624 r  clk_50mhz_reg_reg/Q
                         net (fo=2, routed)           0.282     1.906    clk_50mhz_reg
    BUFGCTRL_X0Y0        BUFG (Prop_bufg_I_O)         0.026     1.932 r  bufg_clk/O
                         net (fo=5229, routed)        0.657     2.589    u_soc/u_uart2/clk_50mhz
    SLICE_X7Y22          FDCE                                         r  u_soc/u_uart2/fifo_clr_r_reg/C
  -------------------------------------------------------------------    -------------------
    SLICE_X7Y22          FDCE (Prop_fdce_C_Q)         0.128     2.717 f  u_soc/u_uart2/fifo_clr_r_reg/Q
                         net (fo=1, routed)           0.139     2.857    u_soc/u_uart2/u_rx_fifo/fifo_clr_r
    SLICE_X7Y22          LUT2 (Prop_lut2_I0_O)        0.099     2.956 f  u_soc/u_uart2/u_rx_fifo/rd_ptr_r[8]_i_2/O
                         net (fo=9, routed)           0.223     3.179    u_soc/u_uart2/u_rx_fifo/rd_ptr_r[8]_i_2_n_0
    SLICE_X6Y17          FDCE                                         f  u_soc/u_uart2/u_rx_fifo/rd_ptr_r_reg[0]/CLR
  -------------------------------------------------------------------    -------------------

                         (clock clk_50mhz rise edge)
                                                      0.000     0.000 r  
    E3                                                0.000     0.000 r  CLK100MHZ (IN)
                         net (fo=0)                   0.000     0.000    CLK100MHZ
    E3                   IBUF (Prop_ibuf_I_O)         0.438     0.438 r  CLK100MHZ_IBUF_inst/O
                         net (fo=1, routed)           0.699     1.136    CLK100MHZ_IBUF
    BUFGCTRL_X0Y16       BUFG (Prop_bufg_I_O)         0.029     1.165 r  CLK100MHZ_IBUF_BUFG_inst/O
                         net (fo=1, routed)           0.834     1.999    CLK100MHZ_IBUF_BUFG
    SLICE_X52Y96         FDRE (Prop_fdre_C_Q)         0.175     2.174 r  clk_50mhz_reg_reg/Q
                         net (fo=2, routed)           0.315     2.488    clk_50mhz_reg
    BUFGCTRL_X0Y0        BUFG (Prop_bufg_I_O)         0.029     2.517 r  bufg_clk/O
                         net (fo=5229, routed)        0.936     3.453    u_soc/u_uart2/u_rx_fifo/clk_50mhz
    SLICE_X6Y17          FDCE                                         r  u_soc/u_uart2/u_rx_fifo/rd_ptr_r_reg[0]/C
                         clock pessimism             -0.846     2.607    
    SLICE_X6Y17          FDCE (Remov_fdce_C_CLR)     -0.067     2.540    u_soc/u_uart2/u_rx_fifo/rd_ptr_r_reg[0]
  -------------------------------------------------------------------
                         required time                         -2.540    
                         arrival time                           3.179    
  -------------------------------------------------------------------
                         slack                                  0.639    





