#-----------------------------------------------------------
# Vivado v2025.2 (64-bit)
# SW Build 6299465 on Fri Nov 14 19:35:11 GMT 2025
# IP Build 6300035 on Fri Nov 14 10:48:45 MST 2025
# SharedData Build 6298862 on Thu Nov 13 04:50:51 MST 2025
# Start of session at: Sun Aug 23 22:21:37 2026
# Process ID         : 13200
# Current directory  : C:/Users/ybari/2026_Arkhe
# Command line       : vivado.exe -mode batch -source scripts/fpga_bitstream_olc.tcl -nojournal -log evidence/fpga/vivado_bitstream.log
# Log file           : C:/Users/ybari/2026_Arkhe/evidence/fpga/vivado_bitstream.log
# Journal file       : 
# Running On         : baris
# Platform           : Windows Server 2016 or Windows 10
# Operating System   : 26200
# Processor Detail   : AMD Ryzen 5 6600H with Radeon Graphics         
# CPU Frequency      : 3294 MHz
# CPU Physical cores : 6
# CPU Logical cores  : 12
# Host memory        : 16310 MB
# Swap memory        : 17179 MB
# Total Virtual      : 33490 MB
# Available Virtual  : 3342 MB
#-----------------------------------------------------------
source scripts/fpga_bitstream_olc.tcl
# set proje  "vivado/vivado_nexys_project/Arkhe_SoC_Nexys.xpr"
# set rapor  "evidence/fpga/bitstream_olcum.txt"
# set is_sayisi 4
# proc sure_yaz {fh etiket saniye} {
#     set dk [expr {int($saniye) / 60}]
#     set sn [expr {int($saniye) % 60}]
#     puts $fh [format "  %-34s %3d dk %02d sn   (%.1f s)" $etiket $dk $sn $saniye]
#     puts     [format "  %-34s %3d dk %02d sn" $etiket $dk $sn]
# }
# file mkdir [file dirname $rapor]
# set fh [open $rapor w]
# puts $fh "======================================================================="
# puts $fh " FPGA BITSTREAM OLCUMU - Nexys A7-100T (xc7a100tcsg324-1)"
# puts $fh " Tarih: [clock format [clock seconds] -format {%Y-%m-%d %H:%M:%S}]"
# puts $fh "======================================================================="
# puts $fh ""
# open_project $proje
INFO: [filemgmt 56-3] Default IP Output Path : Could not find the directory 'C:/Users/ybari/2026_Arkhe/vivado/vivado_nexys_project/Arkhe_SoC_Nexys.gen/sources_1'.
Scanning sources...
Finished scanning sources
WARNING: [Board 49-26] cannot add Board Part xilinx.com:emb-plus-vpr-4616:part0:1.0 available at C:/AMDDesignTools/2025.2/data/xhub/boards\XilinxBoardStore\boards\Xilinx\emb-plus-vpr-4616\1.0\board.xml as part xcve2302-sfva784-2mp-e-s specified in board_part file is either invalid or not available
WARNING: [Board 49-26] cannot add Board Part xilinx.com:emb-plus-vpr-4616:part0:1.1 available at C:/AMDDesignTools/2025.2/data/xhub/boards\XilinxBoardStore\boards\Xilinx\emb-plus-vpr-4616\1.1\board.xml as part xcve2302-sfva784-2mp-e-s specified in board_part file is either invalid or not available
WARNING: [Board 49-26] cannot add Board Part xilinx.com:k24c:part0:1.0 available at C:/AMDDesignTools/2025.2/data/xhub/boards\XilinxBoardStore\boards\Xilinx\k24c\1.0\board.xml as part xck24-ubva530-2lv-c specified in board_part file is either invalid or not available
WARNING: [Board 49-26] cannot add Board Part xilinx.com:k24c:part0:1.1 available at C:/AMDDesignTools/2025.2/data/xhub/boards\XilinxBoardStore\boards\Xilinx\k24c\1.1\board.xml as part xck24-ubva530-2lv-c specified in board_part file is either invalid or not available
WARNING: [Board 49-26] cannot add Board Part xilinx.com:k24i:part0:1.0 available at C:/AMDDesignTools/2025.2/data/xhub/boards\XilinxBoardStore\boards\Xilinx\k24i\1.0\board.xml as part xck24-ubva530-2lvi-i specified in board_part file is either invalid or not available
WARNING: [Board 49-26] cannot add Board Part xilinx.com:k26c:part0:1.2 available at C:/AMDDesignTools/2025.2/data/xhub/boards\XilinxBoardStore\boards\Xilinx\k26c\1.2\board.xml as part xck26-sfvc784-2lv-c specified in board_part file is either invalid or not available
WARNING: [Board 49-26] cannot add Board Part xilinx.com:k26c:part0:1.3 available at C:/AMDDesignTools/2025.2/data/xhub/boards\XilinxBoardStore\boards\Xilinx\k26c\1.3\board.xml as part xck26-sfvc784-2lv-c specified in board_part file is either invalid or not available
WARNING: [Board 49-26] cannot add Board Part xilinx.com:k26c:part0:1.4 available at C:/AMDDesignTools/2025.2/data/xhub/boards\XilinxBoardStore\boards\Xilinx\k26c\1.4\board.xml as part xck26-sfvc784-2lv-c specified in board_part file is either invalid or not available
WARNING: [Board 49-26] cannot add Board Part xilinx.com:k26i:part0:1.2 available at C:/AMDDesignTools/2025.2/data/xhub/boards\XilinxBoardStore\boards\Xilinx\k26i\1.2\board.xml as part xck26-sfvc784-2lvi-i specified in board_part file is either invalid or not available
WARNING: [Board 49-26] cannot add Board Part xilinx.com:k26i:part0:1.3 available at C:/AMDDesignTools/2025.2/data/xhub/boards\XilinxBoardStore\boards\Xilinx\k26i\1.3\board.xml as part xck26-sfvc784-2lvi-i specified in board_part file is either invalid or not available
WARNING: [Board 49-26] cannot add Board Part xilinx.com:k26i:part0:1.4 available at C:/AMDDesignTools/2025.2/data/xhub/boards\XilinxBoardStore\boards\Xilinx\k26i\1.4\board.xml as part xck26-sfvc784-2lvi-i specified in board_part file is either invalid or not available
WARNING: [Board 49-26] cannot add Board Part xilinx.com:kcu105:part0:1.6 available at C:/AMDDesignTools/2025.2/data/xhub/boards\XilinxBoardStore\boards\Xilinx\kcu105\1.6\board.xml as part xcku040-ffva1156-2-e specified in board_part file is either invalid or not available
WARNING: [Board 49-26] cannot add Board Part xilinx.com:kcu105:part0:1.7 available at C:/AMDDesignTools/2025.2/data/xhub/boards\XilinxBoardStore\boards\Xilinx\kcu105\1.7\board.xml as part xcku040-ffva1156-2-e specified in board_part file is either invalid or not available
WARNING: [Board 49-26] cannot add Board Part xilinx.com:kcu116:part0:1.4 available at C:/AMDDesignTools/2025.2/data/xhub/boards\XilinxBoardStore\boards\Xilinx\kcu116\1.4\board.xml as part xcku5p-ffvb676-2-e specified in board_part file is either invalid or not available
WARNING: [Board 49-26] cannot add Board Part xilinx.com:kcu116:part0:1.5 available at C:/AMDDesignTools/2025.2/data/xhub/boards\XilinxBoardStore\boards\Xilinx\kcu116\1.5\board.xml as part xcku5p-ffvb676-2-e specified in board_part file is either invalid or not available
WARNING: [Board 49-26] cannot add Board Part xilinx.com:kcu1500:part0:1.2 available at C:/AMDDesignTools/2025.2/data/xhub/boards\XilinxBoardStore\boards\Xilinx\kcu1500\1.2\board.xml as part xcku115-flvb2104-2-e specified in board_part file is either invalid or not available
WARNING: [Board 49-26] cannot add Board Part xilinx.com:kd240_som:part0:1.0 available at C:/AMDDesignTools/2025.2/data/xhub/boards\XilinxBoardStore\boards\Xilinx\kd240_som\1.0\board.xml as part xck24-ubva530-2lv-c specified in board_part file is either invalid or not available
WARNING: [Board 49-26] cannot add Board Part xilinx.com:kd240_som:part0:1.1 available at C:/AMDDesignTools/2025.2/data/xhub/boards\XilinxBoardStore\boards\Xilinx\kd240_som\1.1\board.xml as part xck24-ubva530-2lv-c specified in board_part file is either invalid or not available
WARNING: [Board 49-26] cannot add Board Part xilinx.com:kr260_som:part0:1.0 available at C:/AMDDesignTools/2025.2/data/xhub/boards\XilinxBoardStore\boards\Xilinx\kr260_som\1.0\board.xml as part xck26-sfvc784-2lv-c specified in board_part file is either invalid or not available
WARNING: [Board 49-26] cannot add Board Part xilinx.com:kr260_som:part0:1.1 available at C:/AMDDesignTools/2025.2/data/xhub/boards\XilinxBoardStore\boards\Xilinx\kr260_som\1.1\board.xml as part xck26-sfvc784-2lv-c specified in board_part file is either invalid or not available
WARNING: [Board 49-26] cannot add Board Part xilinx.com:kv260_som:part0:1.2 available at C:/AMDDesignTools/2025.2/data/xhub/boards\XilinxBoardStore\boards\Xilinx\kv260_som\1.2\board.xml as part xck26-sfvc784-2lv-c specified in board_part file is either invalid or not available
WARNING: [Board 49-26] cannot add Board Part xilinx.com:kv260_som:part0:1.3 available at C:/AMDDesignTools/2025.2/data/xhub/boards\XilinxBoardStore\boards\Xilinx\kv260_som\1.3\board.xml as part xck26-sfvc784-2lv-c specified in board_part file is either invalid or not available
WARNING: [Board 49-26] cannot add Board Part xilinx.com:kv260_som:part0:1.4 available at C:/AMDDesignTools/2025.2/data/xhub/boards\XilinxBoardStore\boards\Xilinx\kv260_som\1.4\board.xml as part xck26-sfvc784-2lv-c specified in board_part file is either invalid or not available
WARNING: [Board 49-26] cannot add Board Part xilinx.com:scu35:part0:1.0 available at C:/AMDDesignTools/2025.2/data/xhub/boards\XilinxBoardStore\boards\Xilinx\scu35\1.0\board.xml as part xcsu35p-sbvb625-2-e specified in board_part file is either invalid or not available
WARNING: [Board 49-26] cannot add Board Part xilinx.com:v80:part0:1.0 available at C:/AMDDesignTools/2025.2/data/xhub/boards\XilinxBoardStore\boards\Xilinx\v80\1.0\board.xml as part xcv80-lsva4737-2mhp-e-s specified in board_part file is either invalid or not available
WARNING: [Board 49-26] cannot add Board Part xilinx.com:vck190:part0:2.2 available at C:/AMDDesignTools/2025.2/data/xhub/boards\XilinxBoardStore\boards\Xilinx\vck190\production\2.2\board.xml as part xcvc1902-vsva2197-2mp-e-s specified in board_part file is either invalid or not available
WARNING: [Board 49-26] cannot add Board Part xilinx.com:vck190:part0:3.0 available at C:/AMDDesignTools/2025.2/data/xhub/boards\XilinxBoardStore\boards\Xilinx\vck190\production\3.0\board.xml as part xcvc1902-vsva2197-2mp-e-s specified in board_part file is either invalid or not available
WARNING: [Board 49-26] cannot add Board Part xilinx.com:vck190:part0:3.1 available at C:/AMDDesignTools/2025.2/data/xhub/boards\XilinxBoardStore\boards\Xilinx\vck190\production\3.1\board.xml as part xcvc1902-vsva2197-2mp-e-s specified in board_part file is either invalid or not available
WARNING: [Board 49-26] cannot add Board Part xilinx.com:vck190:part0:3.2 available at C:/AMDDesignTools/2025.2/data/xhub/boards\XilinxBoardStore\boards\Xilinx\vck190\production\3.2\board.xml as part xcvc1902-vsva2197-2mp-e-s specified in board_part file is either invalid or not available
WARNING: [Board 49-26] cannot add Board Part xilinx.com:vck190:part0:3.3 available at C:/AMDDesignTools/2025.2/data/xhub/boards\XilinxBoardStore\boards\Xilinx\vck190\production\3.3\board.xml as part xcvc1902-vsva2197-2mp-e-s specified in board_part file is either invalid or not available
WARNING: [Board 49-26] cannot add Board Part xilinx.com:vck190:part0:3.4 available at C:/AMDDesignTools/2025.2/data/xhub/boards\XilinxBoardStore\boards\Xilinx\vck190\production\3.4\board.xml as part xcvc1902-vsva2197-2mp-e-s specified in board_part file is either invalid or not available
WARNING: [Board 49-26] cannot add Board Part xilinx.com:vck190_newl:part0:1.0 available at C:/AMDDesignTools/2025.2/data/xhub/boards\XilinxBoardStore\boards\Xilinx\vck190_newl\production\1.0\board.xml as part xcvc1902-vsva2197-2mp-e-s specified in board_part file is either invalid or not available
WARNING: [Board 49-26] cannot add Board Part xilinx.com:vck190_newl:part0:1.1 available at C:/AMDDesignTools/2025.2/data/xhub/boards\XilinxBoardStore\boards\Xilinx\vck190_newl\production\1.1\board.xml as part xcvc1902-vsva2197-2mp-e-s specified in board_part file is either invalid or not available
WARNING: [Board 49-26] cannot add Board Part xilinx.com:vck190_newl:part0:1.2 available at C:/AMDDesignTools/2025.2/data/xhub/boards\XilinxBoardStore\boards\Xilinx\vck190_newl\production\1.2\board.xml as part xcvc1902-vsva2197-2mp-e-s specified in board_part file is either invalid or not available
WARNING: [Board 49-26] cannot add Board Part xilinx.com:vck190_newl:part0:1.3 available at C:/AMDDesignTools/2025.2/data/xhub/boards\XilinxBoardStore\boards\Xilinx\vck190_newl\production\1.3\board.xml as part xcvc1902-vsva2197-2mp-e-s specified in board_part file is either invalid or not available
WARNING: [Board 49-26] cannot add Board Part xilinx.com:vcu108:part0:1.6 available at C:/AMDDesignTools/2025.2/data/xhub/boards\XilinxBoardStore\boards\Xilinx\vcu108\1.6\board.xml as part xcvu095-ffva2104-2-e specified in board_part file is either invalid or not available
WARNING: [Board 49-26] cannot add Board Part xilinx.com:vcu108:part0:1.7 available at C:/AMDDesignTools/2025.2/data/xhub/boards\XilinxBoardStore\boards\Xilinx\vcu108\1.7\board.xml as part xcvu095-ffva2104-2-e specified in board_part file is either invalid or not available
WARNING: [Board 49-26] cannot add Board Part xilinx.com:vcu110:part0:1.4 available at C:/AMDDesignTools/2025.2/data/xhub/boards\XilinxBoardStore\boards\Xilinx\vcu110\1.4\board.xml as part xcvu190-flgc2104-2-e specified in board_part file is either invalid or not available
WARNING: [Board 49-26] cannot add Board Part xilinx.com:vcu118:part0:2.0 available at C:/AMDDesignTools/2025.2/data/xhub/boards\XilinxBoardStore\boards\Xilinx\vcu118\2.0\board.xml as part xcvu9p-flga2104-2l-e specified in board_part file is either invalid or not available
WARNING: [Board 49-26] cannot add Board Part xilinx.com:vcu118:part0:2.3 available at C:/AMDDesignTools/2025.2/data/xhub/boards\XilinxBoardStore\boards\Xilinx\vcu118\2.3\board.xml as part xcvu9p-flga2104-2l-e specified in board_part file is either invalid or not available
WARNING: [Board 49-26] cannot add Board Part xilinx.com:vcu118:part0:2.4 available at C:/AMDDesignTools/2025.2/data/xhub/boards\XilinxBoardStore\boards\Xilinx\vcu118\2.4\board.xml as part xcvu9p-flga2104-2l-e specified in board_part file is either invalid or not available
WARNING: [Board 49-26] cannot add Board Part xilinx.com:vcu128:part0:1.0 available at C:/AMDDesignTools/2025.2/data/xhub/boards\XilinxBoardStore\boards\Xilinx\vcu128\production\1.0\board.xml as part xcvu37p-fsvh2892-2l-e specified in board_part file is either invalid or not available
WARNING: [Board 49-26] cannot add Board Part xilinx.com:vcu129:part0:1.0 available at C:/AMDDesignTools/2025.2/data/xhub/boards\XilinxBoardStore\boards\Xilinx\vcu129\production\1.0\board.xml as part xcvu29p-fsga2577-2l-e specified in board_part file is either invalid or not available
WARNING: [Board 49-26] cannot add Board Part xilinx.com:vcu1525:part0:1.3 available at C:/AMDDesignTools/2025.2/data/xhub/boards\XilinxBoardStore\boards\Xilinx\vcu1525\1.3\board.xml as part xcvu9p-fsgd2104-2l-e specified in board_part file is either invalid or not available
WARNING: [Board 49-26] cannot add Board Part xilinx.com:vek280:part0:1.0 available at C:/AMDDesignTools/2025.2/data/xhub/boards\XilinxBoardStore\boards\Xilinx\vek280\production\1.0\board.xml as part xcve2802-vsvh1760-2mp-e-s specified in board_part file is either invalid or not available
WARNING: [Board 49-26] cannot add Board Part xilinx.com:vek280:part0:1.1 available at C:/AMDDesignTools/2025.2/data/xhub/boards\XilinxBoardStore\boards\Xilinx\vek280\production\1.1\board.xml as part xcve2802-vsvh1760-2mp-e-s specified in board_part file is either invalid or not available
WARNING: [Board 49-26] cannot add Board Part xilinx.com:vek280:part0:1.2 available at C:/AMDDesignTools/2025.2/data/xhub/boards\XilinxBoardStore\boards\Xilinx\vek280\production\1.2\board.xml as part xcve2802-vsvh1760-2mp-e-s specified in board_part file is either invalid or not available
WARNING: [Board 49-26] cannot add Board Part xilinx.com:vek385:part0:1.0 available at C:/AMDDesignTools/2025.2/data/xhub/boards\XilinxBoardStore\boards\Xilinx\vek385\1.0\board.xml as part xc2ve3858-ssva2112-2mp-e-s specified in board_part file is either invalid or not available
WARNING: [Board 49-26] cannot add Board Part xilinx.com:vek385:part0:1.1 available at C:/AMDDesignTools/2025.2/data/xhub/boards\XilinxBoardStore\boards\Xilinx\vek385\1.1\board.xml as part xc2ve3858-ssva2112-2mp-e-s specified in board_part file is either invalid or not available
WARNING: [Board 49-26] cannot add Board Part xilinx.com:vek385_1:part0:1.0 available at C:/AMDDesignTools/2025.2/data/xhub/boards\XilinxBoardStore\boards\Xilinx\vek385_2\1.0\board.xml as part xc2ve3858-ssva2112-2mp-e-s specified in board_part file is either invalid or not available
WARNING: [Board 49-26] cannot add Board Part xilinx.com:vermeo_t1_mpsoc:part0:1.0 available at C:/AMDDesignTools/2025.2/data/xhub/boards\XilinxBoardStore\boards\Xilinx\vermeo_t1_mpsoc\1.0\board.xml as part xczu19eg-ffvd1760-2l-e specified in board_part file is either invalid or not available
WARNING: [Board 49-26] cannot add Board Part xilinx.com:vermeo_t1_rfsoc:part0:1.0 available at C:/AMDDesignTools/2025.2/data/xhub/boards\XilinxBoardStore\boards\Xilinx\vermeo_t1_rfsoc\1.0\board.xml as part xczu21dr-ffvd1156-2l-e specified in board_part file is either invalid or not available
WARNING: [Board 49-26] cannot add Board Part xilinx.com:vhk158:part0:1.0 available at C:/AMDDesignTools/2025.2/data/xhub/boards\XilinxBoardStore\boards\Xilinx\vhk158\production\1.0\board.xml as part xcvh1582-vsva3697-2mp-e-s specified in board_part file is either invalid or not available
WARNING: [Board 49-26] cannot add Board Part xilinx.com:vhk158:part0:1.1 available at C:/AMDDesignTools/2025.2/data/xhub/boards\XilinxBoardStore\boards\Xilinx\vhk158\production\1.1\board.xml as part xcvh1582-vsva3697-2mp-e-s specified in board_part file is either invalid or not available
WARNING: [Board 49-26] cannot add Board Part xilinx.com:vhk158:part0:1.2 available at C:/AMDDesignTools/2025.2/data/xhub/boards\XilinxBoardStore\boards\Xilinx\vhk158\production\1.2\board.xml as part xcvh1582-vsva3697-2mp-e-s specified in board_part file is either invalid or not available
WARNING: [Board 49-26] cannot add Board Part xilinx.com:vmk180:part0:2.2 available at C:/AMDDesignTools/2025.2/data/xhub/boards\XilinxBoardStore\boards\Xilinx\vmk180\production\2.2\board.xml as part xcvm1802-vsva2197-2mp-e-s specified in board_part file is either invalid or not available
WARNING: [Board 49-26] cannot add Board Part xilinx.com:vmk180:part0:3.0 available at C:/AMDDesignTools/2025.2/data/xhub/boards\XilinxBoardStore\boards\Xilinx\vmk180\production\3.0\board.xml as part xcvm1802-vsva2197-2mp-e-s specified in board_part file is either invalid or not available
WARNING: [Board 49-26] cannot add Board Part xilinx.com:vmk180:part0:3.1 available at C:/AMDDesignTools/2025.2/data/xhub/boards\XilinxBoardStore\boards\Xilinx\vmk180\production\3.1\board.xml as part xcvm1802-vsva2197-2mp-e-s specified in board_part file is either invalid or not available
WARNING: [Board 49-26] cannot add Board Part xilinx.com:vmk180:part0:3.2 available at C:/AMDDesignTools/2025.2/data/xhub/boards\XilinxBoardStore\boards\Xilinx\vmk180\production\3.2\board.xml as part xcvm1802-vsva2197-2mp-e-s specified in board_part file is either invalid or not available
WARNING: [Board 49-26] cannot add Board Part xilinx.com:vmk180:part0:3.3 available at C:/AMDDesignTools/2025.2/data/xhub/boards\XilinxBoardStore\boards\Xilinx\vmk180\production\3.3\board.xml as part xcvm1802-vsva2197-2mp-e-s specified in board_part file is either invalid or not available
WARNING: [Board 49-26] cannot add Board Part xilinx.com:vmk180_newl:part0:1.0 available at C:/AMDDesignTools/2025.2/data/xhub/boards\XilinxBoardStore\boards\Xilinx\vmk180_newl\production\1.0\board.xml as part xcvm1802-vsva2197-2mp-e-s specified in board_part file is either invalid or not available
WARNING: [Board 49-26] cannot add Board Part xilinx.com:vmk180_newl:part0:1.1 available at C:/AMDDesignTools/2025.2/data/xhub/boards\XilinxBoardStore\boards\Xilinx\vmk180_newl\production\1.1\board.xml as part xcvm1802-vsva2197-2mp-e-s specified in board_part file is either invalid or not available
WARNING: [Board 49-26] cannot add Board Part xilinx.com:vpk120:part0:1.0 available at C:/AMDDesignTools/2025.2/data/xhub/boards\XilinxBoardStore\boards\Xilinx\vpk120\production\1.0\board.xml as part xcvp1202-vsva2785-2mp-e-s specified in board_part file is either invalid or not available
WARNING: [Board 49-26] cannot add Board Part xilinx.com:vpk120:part0:1.1 available at C:/AMDDesignTools/2025.2/data/xhub/boards\XilinxBoardStore\boards\Xilinx\vpk120\production\1.1\board.xml as part xcvp1202-vsva2785-2mp-e-s specified in board_part file is either invalid or not available
WARNING: [Board 49-26] cannot add Board Part xilinx.com:vpk120:part0:1.2 available at C:/AMDDesignTools/2025.2/data/xhub/boards\XilinxBoardStore\boards\Xilinx\vpk120\production\1.2\board.xml as part xcvp1202-vsva2785-2mp-e-s specified in board_part file is either invalid or not available
WARNING: [Board 49-26] cannot add Board Part xilinx.com:vpk180:part0:1.0 available at C:/AMDDesignTools/2025.2/data/xhub/boards\XilinxBoardStore\boards\Xilinx\vpk180\production\1.0\board.xml as part xcvp1802-lsvc4072-2mp-e-s specified in board_part file is either invalid or not available
WARNING: [Board 49-26] cannot add Board Part xilinx.com:vpk180:part0:1.1 available at C:/AMDDesignTools/2025.2/data/xhub/boards\XilinxBoardStore\boards\Xilinx\vpk180\production\1.1\board.xml as part xcvp1802-lsvc4072-2mp-e-s specified in board_part file is either invalid or not available
WARNING: [Board 49-26] cannot add Board Part xilinx.com:vpk180:part0:1.2 available at C:/AMDDesignTools/2025.2/data/xhub/boards\XilinxBoardStore\boards\Xilinx\vpk180\production\1.2\board.xml as part xcvp1802-lsvc4072-2mp-e-s specified in board_part file is either invalid or not available
WARNING: [Board 49-26] cannot add Board Part xilinx.com:vrk160:part0:1.0 available at C:/AMDDesignTools/2025.2/data/xhub/boards\XilinxBoardStore\boards\Xilinx\vrk160\1.0\board.xml as part xcvr1602-vsva2488-2mp-e-s-es1 specified in board_part file is either invalid or not available
WARNING: [Board 49-26] cannot add Board Part xilinx.com:vrk160:part0:1.1 available at C:/AMDDesignTools/2025.2/data/xhub/boards\XilinxBoardStore\boards\Xilinx\vrk160\1.1\board.xml as part xcvr1602-vsva2488-2mp-e-s-es1 specified in board_part file is either invalid or not available
WARNING: [Board 49-26] cannot add Board Part xilinx.com:zc702:part0:1.4 available at C:/AMDDesignTools/2025.2/data/xhub/boards\XilinxBoardStore\boards\Xilinx\zc702\1.4\board.xml as part xc7z020clg484-1 specified in board_part file is either invalid or not available
WARNING: [Board 49-26] cannot add Board Part xilinx.com:zc706:part0:1.4 available at C:/AMDDesignTools/2025.2/data/xhub/boards\XilinxBoardStore\boards\Xilinx\zc706\1.4\board.xml as part xc7z045ffg900-2 specified in board_part file is either invalid or not available
WARNING: [Board 49-26] cannot add Board Part xilinx.com:zc706:part0:1.5 available at C:/AMDDesignTools/2025.2/data/xhub/boards\XilinxBoardStore\boards\Xilinx\zc706\1.5\board.xml as part xc7z045ffg900-2 specified in board_part file is either invalid or not available
WARNING: [Board 49-26] cannot add Board Part xilinx.com:zcu102:part0:3.3 available at C:/AMDDesignTools/2025.2/data/xhub/boards\XilinxBoardStore\boards\Xilinx\zcu102\3.3\board.xml as part xczu9eg-ffvb1156-2-e specified in board_part file is either invalid or not available
WARNING: [Board 49-26] cannot add Board Part xilinx.com:zcu102:part0:3.4 available at C:/AMDDesignTools/2025.2/data/xhub/boards\XilinxBoardStore\boards\Xilinx\zcu102\3.4\board.xml as part xczu9eg-ffvb1156-2-e specified in board_part file is either invalid or not available
WARNING: [Board 49-26] cannot add Board Part xilinx.com:zcu104:part0:1.1 available at C:/AMDDesignTools/2025.2/data/xhub/boards\XilinxBoardStore\boards\Xilinx\zcu104\1.1\board.xml as part xczu7ev-ffvc1156-2-e specified in board_part file is either invalid or not available
WARNING: [Board 49-26] cannot add Board Part xilinx.com:zcu106:part0:2.4 available at C:/AMDDesignTools/2025.2/data/xhub/boards\XilinxBoardStore\boards\Xilinx\zcu106\2.4\board.xml as part xczu7ev-ffvc1156-2-e specified in board_part file is either invalid or not available
WARNING: [Board 49-26] cannot add Board Part xilinx.com:zcu106:part0:2.5 available at C:/AMDDesignTools/2025.2/data/xhub/boards\XilinxBoardStore\boards\Xilinx\zcu106\2.5\board.xml as part xczu7ev-ffvc1156-2-e specified in board_part file is either invalid or not available
WARNING: [Board 49-26] cannot add Board Part xilinx.com:zcu106:part0:2.6 available at C:/AMDDesignTools/2025.2/data/xhub/boards\XilinxBoardStore\boards\Xilinx\zcu106\2.6\board.xml as part xczu7ev-ffvc1156-2-e specified in board_part file is either invalid or not available
WARNING: [Board 49-26] cannot add Board Part xilinx.com:zcu111:part0:1.2 available at C:/AMDDesignTools/2025.2/data/xhub/boards\XilinxBoardStore\boards\Xilinx\zcu111\1.2\board.xml as part xczu28dr-ffvg1517-2-e specified in board_part file is either invalid or not available
WARNING: [Board 49-26] cannot add Board Part xilinx.com:zcu111:part0:1.3 available at C:/AMDDesignTools/2025.2/data/xhub/boards\XilinxBoardStore\boards\Xilinx\zcu111\1.3\board.xml as part xczu28dr-ffvg1517-2-e specified in board_part file is either invalid or not available
WARNING: [Board 49-26] cannot add Board Part xilinx.com:zcu111:part0:1.4 available at C:/AMDDesignTools/2025.2/data/xhub/boards\XilinxBoardStore\boards\Xilinx\zcu111\1.4\board.xml as part xczu28dr-ffvg1517-2-e specified in board_part file is either invalid or not available
WARNING: [Board 49-26] cannot add Board Part xilinx.com:zcu1275:part0:1.0 available at C:/AMDDesignTools/2025.2/data/xhub/boards\XilinxBoardStore\boards\Xilinx\zcu1275\1.0\board.xml as part xczu29dr-ffvf1760-2-e specified in board_part file is either invalid or not available
WARNING: [Board 49-26] cannot add Board Part xilinx.com:zcu1285:part0:1.0 available at C:/AMDDesignTools/2025.2/data/xhub/boards\XilinxBoardStore\boards\Xilinx\zcu1285\1.0\board.xml as part xczu39dr-ffvf1760-2-i specified in board_part file is either invalid or not available
WARNING: [Board 49-26] cannot add Board Part xilinx.com:zcu208:part0:2.0 available at C:/AMDDesignTools/2025.2/data/xhub/boards\XilinxBoardStore\boards\Xilinx\zcu208\production\2.0\board.xml as part xczu48dr-fsvg1517-2-e specified in board_part file is either invalid or not available
WARNING: [Board 49-26] cannot add Board Part xilinx.com:zcu208ld:part0:2.0 available at C:/AMDDesignTools/2025.2/data/xhub/boards\XilinxBoardStore\boards\Xilinx\zcu208ld\production\2.0\board.xml as part xczu58dr-fsvg1517-2-i specified in board_part file is either invalid or not available
WARNING: [Board 49-26] cannot add Board Part xilinx.com:zcu216:part0:2.0 available at C:/AMDDesignTools/2025.2/data/xhub/boards\XilinxBoardStore\boards\Xilinx\zcu216\production\2.0\board.xml as part xczu49dr-ffvf1760-2-e specified in board_part file is either invalid or not available
WARNING: [Board 49-26] cannot add Board Part xilinx.com:zcu216ld:part0:2.0 available at C:/AMDDesignTools/2025.2/data/xhub/boards\XilinxBoardStore\boards\Xilinx\zcu216ld\production\2.0\board.xml as part xczu59dr-ffvf1760-2-i specified in board_part file is either invalid or not available
WARNING: [Board 49-26] cannot add Board Part xilinx.com:zcu670:part0:2.0 available at C:/AMDDesignTools/2025.2/data/xhub/boards\XilinxBoardStore\boards\Xilinx\zcu670\2.0\board.xml as part xczu67dr-fsve1156-2-i specified in board_part file is either invalid or not available
WARNING: [Board 49-26] cannot add Board Part xilinx.com:zcu670ld:part0:1.0 available at C:/AMDDesignTools/2025.2/data/xhub/boards\XilinxBoardStore\boards\Xilinx\zcu670ld\1.0\board.xml as part xczu57dr-fsve1156-2-i specified in board_part file is either invalid or not available
WARNING: [Project 1-5713] Board part '' set for the project  is not found. BoardPart property will be unset. Please select board from latest repo build 
open_project: Time (s): cpu = 00:00:17 ; elapsed = 00:00:12 . Memory (MB): peak = 534.051 ; gain = 223.922
# puts $fh "Proje : $proje"
# puts $fh "Ust modul : [get_property top [current_fileset]]"
# puts $fh ""
# set paketler {
#     rtl/boot/boot_rom_pkg.sv
#     rtl/npu/npu_weights_pkg.sv
# }
# foreach p $paketler {
#     set tam [file normalize $p]
#     if {![file exists $tam]} { continue }
#     if {[llength [get_files -quiet [file tail $p]]] == 0} {
#         add_files -norecurse -fileset sources_1 $tam
#         puts "  projeye eklendi: $p"
#     }
#     set f [get_files -quiet [file tail $p]]
#     if {[llength $f] > 0} {
#         set_property file_type SystemVerilog $f
#         set_property is_global_include false $f
#     }
# }
# update_compile_order -fileset sources_1
# reset_run synth_1
INFO: [Project 1-1161] Replacing file C:/Users/ybari/2026_Arkhe/vivado/vivado_nexys_project/Arkhe_SoC_Nexys.srcs/utils_1/imports/synth_1/nexys_top.dcp with file C:/Users/ybari/2026_Arkhe/vivado/vivado_nexys_project/Arkhe_SoC_Nexys.runs/synth_1/nexys_top.dcp
# puts $fh "ASAMA SURELERI"
# puts $fh ""
# set t0 [clock milliseconds]
# launch_runs synth_1 -jobs $is_sayisi
[Sun Aug 23 22:22:02 2026] Launched synth_1...
Run output will be captured here: C:/Users/ybari/2026_Arkhe/vivado/vivado_nexys_project/Arkhe_SoC_Nexys.runs/synth_1/runme.log
# wait_on_run synth_1
[Sun Aug 23 22:22:03 2026] Waiting for synth_1 to finish...

*** Running vivado
    with args -log nexys_top.vds -m64 -product Vivado -mode batch -messageDb vivado.pb -notrace -source nexys_top.tcl



****** Vivado v2025.2 (64-bit)
  **** SW Build 6299465 on Fri Nov 14 19:35:11 GMT 2025
  **** IP Build 6300035 on Fri Nov 14 10:48:45 MST 2025
  **** SharedData Build 6298862 on Thu Nov 13 04:50:51 MST 2025
  **** Start of session at: Sun Aug 23 22:22:07 2026
    ** Copyright 1986-2022 Xilinx, Inc. All Rights Reserved.
    ** Copyright 2022-2025 Advanced Micro Devices, Inc. All Rights Reserved.

source nexys_top.tcl -notrace
create_project: Time (s): cpu = 00:00:16 ; elapsed = 00:00:12 . Memory (MB): peak = 532.066 ; gain = 218.180
Command: read_checkpoint -auto_incremental -incremental C:/Users/ybari/2026_Arkhe/vivado/vivado_nexys_project/Arkhe_SoC_Nexys.srcs/utils_1/imports/synth_1/nexys_top.dcp
INFO: [Vivado 12-5825] Read reference checkpoint from C:/Users/ybari/2026_Arkhe/vivado/vivado_nexys_project/Arkhe_SoC_Nexys.srcs/utils_1/imports/synth_1/nexys_top.dcp for incremental synthesis
INFO: [Vivado 12-7989] Please ensure there are no constraint changes
Command: synth_design -top nexys_top -part xc7a100tcsg324-1
Starting synth_design
Attempting to get a license for feature 'Synthesis' and/or device 'xc7a100t'
INFO: [Common 17-349] Got license for feature 'Synthesis' and/or device 'xc7a100t'
INFO: [Device 21-403] Loading part xc7a100tcsg324-1
INFO: [Synth 8-7079] Multithreading enabled for synth_design using a maximum of 2 processes.
INFO: [Synth 8-7078] Launching helper process for spawning children vivado processes
INFO: [Synth 8-7075] Helper process launched with PID 8124
---------------------------------------------------------------------------------
Starting RTL Elaboration : Time (s): cpu = 00:00:11 ; elapsed = 00:00:12 . Memory (MB): peak = 1282.594 ; gain = 540.859
---------------------------------------------------------------------------------
WARNING: [Synth 8-11067] parameter 'OPCODE_SYSTEM' declared inside package 'cv32e40p_pkg' shall be treated as localparam [C:/Users/ybari/2026_Arkhe/rtl/cv32e40p-master/rtl/include/cv32e40p_pkg.sv:37]
WARNING: [Synth 8-11067] parameter 'OPCODE_FENCE' declared inside package 'cv32e40p_pkg' shall be treated as localparam [C:/Users/ybari/2026_Arkhe/rtl/cv32e40p-master/rtl/include/cv32e40p_pkg.sv:38]
WARNING: [Synth 8-11067] parameter 'OPCODE_OP' declared inside package 'cv32e40p_pkg' shall be treated as localparam [C:/Users/ybari/2026_Arkhe/rtl/cv32e40p-master/rtl/include/cv32e40p_pkg.sv:39]
WARNING: [Synth 8-11067] parameter 'OPCODE_OPIMM' declared inside package 'cv32e40p_pkg' shall be treated as localparam [C:/Users/ybari/2026_Arkhe/rtl/cv32e40p-master/rtl/include/cv32e40p_pkg.sv:40]
WARNING: [Synth 8-11067] parameter 'OPCODE_STORE' declared inside package 'cv32e40p_pkg' shall be treated as localparam [C:/Users/ybari/2026_Arkhe/rtl/cv32e40p-master/rtl/include/cv32e40p_pkg.sv:41]
WARNING: [Synth 8-11067] parameter 'OPCODE_LOAD' declared inside package 'cv32e40p_pkg' shall be treated as localparam [C:/Users/ybari/2026_Arkhe/rtl/cv32e40p-master/rtl/include/cv32e40p_pkg.sv:42]
WARNING: [Synth 8-11067] parameter 'OPCODE_BRANCH' declared inside package 'cv32e40p_pkg' shall be treated as localparam [C:/Users/ybari/2026_Arkhe/rtl/cv32e40p-master/rtl/include/cv32e40p_pkg.sv:43]
WARNING: [Synth 8-11067] parameter 'OPCODE_JALR' declared inside package 'cv32e40p_pkg' shall be treated as localparam [C:/Users/ybari/2026_Arkhe/rtl/cv32e40p-master/rtl/include/cv32e40p_pkg.sv:44]
WARNING: [Synth 8-11067] parameter 'OPCODE_JAL' declared inside package 'cv32e40p_pkg' shall be treated as localparam [C:/Users/ybari/2026_Arkhe/rtl/cv32e40p-master/rtl/include/cv32e40p_pkg.sv:45]
WARNING: [Synth 8-11067] parameter 'OPCODE_AUIPC' declared inside package 'cv32e40p_pkg' shall be treated as localparam [C:/Users/ybari/2026_Arkhe/rtl/cv32e40p-master/rtl/include/cv32e40p_pkg.sv:46]
WARNING: [Synth 8-11067] parameter 'OPCODE_LUI' declared inside package 'cv32e40p_pkg' shall be treated as localparam [C:/Users/ybari/2026_Arkhe/rtl/cv32e40p-master/rtl/include/cv32e40p_pkg.sv:47]
WARNING: [Synth 8-11067] parameter 'OPCODE_OP_FP' declared inside package 'cv32e40p_pkg' shall be treated as localparam [C:/Users/ybari/2026_Arkhe/rtl/cv32e40p-master/rtl/include/cv32e40p_pkg.sv:48]
WARNING: [Synth 8-11067] parameter 'OPCODE_OP_FMADD' declared inside package 'cv32e40p_pkg' shall be treated as localparam [C:/Users/ybari/2026_Arkhe/rtl/cv32e40p-master/rtl/include/cv32e40p_pkg.sv:49]
WARNING: [Synth 8-11067] parameter 'OPCODE_OP_FNMADD' declared inside package 'cv32e40p_pkg' shall be treated as localparam [C:/Users/ybari/2026_Arkhe/rtl/cv32e40p-master/rtl/include/cv32e40p_pkg.sv:50]
WARNING: [Synth 8-11067] parameter 'OPCODE_OP_FMSUB' declared inside package 'cv32e40p_pkg' shall be treated as localparam [C:/Users/ybari/2026_Arkhe/rtl/cv32e40p-master/rtl/include/cv32e40p_pkg.sv:51]
WARNING: [Synth 8-11067] parameter 'OPCODE_OP_FNMSUB' declared inside package 'cv32e40p_pkg' shall be treated as localparam [C:/Users/ybari/2026_Arkhe/rtl/cv32e40p-master/rtl/include/cv32e40p_pkg.sv:52]
WARNING: [Synth 8-11067] parameter 'OPCODE_STORE_FP' declared inside package 'cv32e40p_pkg' shall be treated as localparam [C:/Users/ybari/2026_Arkhe/rtl/cv32e40p-master/rtl/include/cv32e40p_pkg.sv:53]
WARNING: [Synth 8-11067] parameter 'OPCODE_LOAD_FP' declared inside package 'cv32e40p_pkg' shall be treated as localparam [C:/Users/ybari/2026_Arkhe/rtl/cv32e40p-master/rtl/include/cv32e40p_pkg.sv:54]
WARNING: [Synth 8-11067] parameter 'OPCODE_AMO' declared inside package 'cv32e40p_pkg' shall be treated as localparam [C:/Users/ybari/2026_Arkhe/rtl/cv32e40p-master/rtl/include/cv32e40p_pkg.sv:55]
WARNING: [Synth 8-11067] parameter 'OPCODE_CUSTOM_0' declared inside package 'cv32e40p_pkg' shall be treated as localparam [C:/Users/ybari/2026_Arkhe/rtl/cv32e40p-master/rtl/include/cv32e40p_pkg.sv:58]
WARNING: [Synth 8-11067] parameter 'OPCODE_CUSTOM_1' declared inside package 'cv32e40p_pkg' shall be treated as localparam [C:/Users/ybari/2026_Arkhe/rtl/cv32e40p-master/rtl/include/cv32e40p_pkg.sv:59]
WARNING: [Synth 8-11067] parameter 'OPCODE_CUSTOM_2' declared inside package 'cv32e40p_pkg' shall be treated as localparam [C:/Users/ybari/2026_Arkhe/rtl/cv32e40p-master/rtl/include/cv32e40p_pkg.sv:60]
WARNING: [Synth 8-11067] parameter 'OPCODE_CUSTOM_3' declared inside package 'cv32e40p_pkg' shall be treated as localparam [C:/Users/ybari/2026_Arkhe/rtl/cv32e40p-master/rtl/include/cv32e40p_pkg.sv:61]
WARNING: [Synth 8-11067] parameter 'REGC_S1' declared inside package 'cv32e40p_pkg' shall be treated as localparam [C:/Users/ybari/2026_Arkhe/rtl/cv32e40p-master/rtl/include/cv32e40p_pkg.sv:63]
WARNING: [Synth 8-11067] parameter 'REGC_S4' declared inside package 'cv32e40p_pkg' shall be treated as localparam [C:/Users/ybari/2026_Arkhe/rtl/cv32e40p-master/rtl/include/cv32e40p_pkg.sv:64]
WARNING: [Synth 8-11067] parameter 'REGC_RD' declared inside package 'cv32e40p_pkg' shall be treated as localparam [C:/Users/ybari/2026_Arkhe/rtl/cv32e40p-master/rtl/include/cv32e40p_pkg.sv:65]
WARNING: [Synth 8-11067] parameter 'REGC_ZERO' declared inside package 'cv32e40p_pkg' shall be treated as localparam [C:/Users/ybari/2026_Arkhe/rtl/cv32e40p-master/rtl/include/cv32e40p_pkg.sv:66]
WARNING: [Synth 8-11067] parameter 'ALU_OP_WIDTH' declared inside package 'cv32e40p_pkg' shall be treated as localparam [C:/Users/ybari/2026_Arkhe/rtl/cv32e40p-master/rtl/include/cv32e40p_pkg.sv:77]
WARNING: [Synth 8-11067] parameter 'MUL_OP_WIDTH' declared inside package 'cv32e40p_pkg' shall be treated as localparam [C:/Users/ybari/2026_Arkhe/rtl/cv32e40p-master/rtl/include/cv32e40p_pkg.sv:163]
WARNING: [Synth 8-11067] parameter 'VEC_MODE32' declared inside package 'cv32e40p_pkg' shall be treated as localparam [C:/Users/ybari/2026_Arkhe/rtl/cv32e40p-master/rtl/include/cv32e40p_pkg.sv:178]
WARNING: [Synth 8-11067] parameter 'VEC_MODE16' declared inside package 'cv32e40p_pkg' shall be treated as localparam [C:/Users/ybari/2026_Arkhe/rtl/cv32e40p-master/rtl/include/cv32e40p_pkg.sv:179]
WARNING: [Synth 8-11067] parameter 'VEC_MODE8' declared inside package 'cv32e40p_pkg' shall be treated as localparam [C:/Users/ybari/2026_Arkhe/rtl/cv32e40p-master/rtl/include/cv32e40p_pkg.sv:180]
WARNING: [Synth 8-11067] parameter 'HAVERESET_INDEX' declared inside package 'cv32e40p_pkg' shall be treated as localparam [C:/Users/ybari/2026_Arkhe/rtl/cv32e40p-master/rtl/include/cv32e40p_pkg.sv:207]
WARNING: [Synth 8-11067] parameter 'RUNNING_INDEX' declared inside package 'cv32e40p_pkg' shall be treated as localparam [C:/Users/ybari/2026_Arkhe/rtl/cv32e40p-master/rtl/include/cv32e40p_pkg.sv:208]
WARNING: [Synth 8-11067] parameter 'HALTED_INDEX' declared inside package 'cv32e40p_pkg' shall be treated as localparam [C:/Users/ybari/2026_Arkhe/rtl/cv32e40p-master/rtl/include/cv32e40p_pkg.sv:209]
WARNING: [Synth 8-11067] parameter 'CSR_OP_WIDTH' declared inside package 'cv32e40p_pkg' shall be treated as localparam [C:/Users/ybari/2026_Arkhe/rtl/cv32e40p-master/rtl/include/cv32e40p_pkg.sv:510]
WARNING: [Synth 8-11067] parameter 'CSR_MSIX_BIT' declared inside package 'cv32e40p_pkg' shall be treated as localparam [C:/Users/ybari/2026_Arkhe/rtl/cv32e40p-master/rtl/include/cv32e40p_pkg.sv:520]
WARNING: [Synth 8-11067] parameter 'CSR_MTIX_BIT' declared inside package 'cv32e40p_pkg' shall be treated as localparam [C:/Users/ybari/2026_Arkhe/rtl/cv32e40p-master/rtl/include/cv32e40p_pkg.sv:521]
WARNING: [Synth 8-11067] parameter 'CSR_MEIX_BIT' declared inside package 'cv32e40p_pkg' shall be treated as localparam [C:/Users/ybari/2026_Arkhe/rtl/cv32e40p-master/rtl/include/cv32e40p_pkg.sv:522]
WARNING: [Synth 8-11067] parameter 'CSR_MFIX_BIT_LOW' declared inside package 'cv32e40p_pkg' shall be treated as localparam [C:/Users/ybari/2026_Arkhe/rtl/cv32e40p-master/rtl/include/cv32e40p_pkg.sv:523]
WARNING: [Synth 8-11067] parameter 'CSR_MFIX_BIT_HIGH' declared inside package 'cv32e40p_pkg' shall be treated as localparam [C:/Users/ybari/2026_Arkhe/rtl/cv32e40p-master/rtl/include/cv32e40p_pkg.sv:524]
WARNING: [Synth 8-11067] parameter 'SP_DVR0' declared inside package 'cv32e40p_pkg' shall be treated as localparam [C:/Users/ybari/2026_Arkhe/rtl/cv32e40p-master/rtl/include/cv32e40p_pkg.sv:527]
WARNING: [Synth 8-11067] parameter 'SP_DCR0' declared inside package 'cv32e40p_pkg' shall be treated as localparam [C:/Users/ybari/2026_Arkhe/rtl/cv32e40p-master/rtl/include/cv32e40p_pkg.sv:528]
WARNING: [Synth 8-11067] parameter 'SP_DMR1' declared inside package 'cv32e40p_pkg' shall be treated as localparam [C:/Users/ybari/2026_Arkhe/rtl/cv32e40p-master/rtl/include/cv32e40p_pkg.sv:529]
WARNING: [Synth 8-11067] parameter 'SP_DMR2' declared inside package 'cv32e40p_pkg' shall be treated as localparam [C:/Users/ybari/2026_Arkhe/rtl/cv32e40p-master/rtl/include/cv32e40p_pkg.sv:530]
WARNING: [Synth 8-11067] parameter 'SP_DVR_MSB' declared inside package 'cv32e40p_pkg' shall be treated as localparam [C:/Users/ybari/2026_Arkhe/rtl/cv32e40p-master/rtl/include/cv32e40p_pkg.sv:532]
WARNING: [Synth 8-11067] parameter 'SP_DCR_MSB' declared inside package 'cv32e40p_pkg' shall be treated as localparam [C:/Users/ybari/2026_Arkhe/rtl/cv32e40p-master/rtl/include/cv32e40p_pkg.sv:533]
WARNING: [Synth 8-11067] parameter 'SP_DMR_MSB' declared inside package 'cv32e40p_pkg' shall be treated as localparam [C:/Users/ybari/2026_Arkhe/rtl/cv32e40p-master/rtl/include/cv32e40p_pkg.sv:534]
WARNING: [Synth 8-11067] parameter 'SP_DSR_MSB' declared inside package 'cv32e40p_pkg' shall be treated as localparam [C:/Users/ybari/2026_Arkhe/rtl/cv32e40p-master/rtl/include/cv32e40p_pkg.sv:535]
WARNING: [Synth 8-11067] parameter 'MVENDORID_OFFSET' declared inside package 'cv32e40p_pkg' shall be treated as localparam [C:/Users/ybari/2026_Arkhe/rtl/cv32e40p-master/rtl/include/cv32e40p_pkg.sv:587]
WARNING: [Synth 8-11067] parameter 'MVENDORID_BANK' declared inside package 'cv32e40p_pkg' shall be treated as localparam [C:/Users/ybari/2026_Arkhe/rtl/cv32e40p-master/rtl/include/cv32e40p_pkg.sv:588]
WARNING: [Synth 8-11067] parameter 'MARCHID' declared inside package 'cv32e40p_pkg' shall be treated as localparam [C:/Users/ybari/2026_Arkhe/rtl/cv32e40p-master/rtl/include/cv32e40p_pkg.sv:591]
WARNING: [Synth 8-11067] parameter 'MHPMCOUNTER_WIDTH' declared inside package 'cv32e40p_pkg' shall be treated as localparam [C:/Users/ybari/2026_Arkhe/rtl/cv32e40p-master/rtl/include/cv32e40p_pkg.sv:593]
WARNING: [Synth 8-11067] parameter 'SEL_REGFILE' declared inside package 'cv32e40p_pkg' shall be treated as localparam [C:/Users/ybari/2026_Arkhe/rtl/cv32e40p-master/rtl/include/cv32e40p_pkg.sv:605]
WARNING: [Synth 8-11067] parameter 'SEL_FW_EX' declared inside package 'cv32e40p_pkg' shall be treated as localparam [C:/Users/ybari/2026_Arkhe/rtl/cv32e40p-master/rtl/include/cv32e40p_pkg.sv:606]
WARNING: [Synth 8-11067] parameter 'SEL_FW_WB' declared inside package 'cv32e40p_pkg' shall be treated as localparam [C:/Users/ybari/2026_Arkhe/rtl/cv32e40p-master/rtl/include/cv32e40p_pkg.sv:607]
WARNING: [Synth 8-11067] parameter 'OP_A_REGA_OR_FWD' declared inside package 'cv32e40p_pkg' shall be treated as localparam [C:/Users/ybari/2026_Arkhe/rtl/cv32e40p-master/rtl/include/cv32e40p_pkg.sv:610]
WARNING: [Synth 8-11067] parameter 'OP_A_CURRPC' declared inside package 'cv32e40p_pkg' shall be treated as localparam [C:/Users/ybari/2026_Arkhe/rtl/cv32e40p-master/rtl/include/cv32e40p_pkg.sv:611]
WARNING: [Synth 8-11067] parameter 'OP_A_IMM' declared inside package 'cv32e40p_pkg' shall be treated as localparam [C:/Users/ybari/2026_Arkhe/rtl/cv32e40p-master/rtl/include/cv32e40p_pkg.sv:612]
WARNING: [Synth 8-11067] parameter 'OP_A_REGB_OR_FWD' declared inside package 'cv32e40p_pkg' shall be treated as localparam [C:/Users/ybari/2026_Arkhe/rtl/cv32e40p-master/rtl/include/cv32e40p_pkg.sv:613]
WARNING: [Synth 8-11067] parameter 'OP_A_REGC_OR_FWD' declared inside package 'cv32e40p_pkg' shall be treated as localparam [C:/Users/ybari/2026_Arkhe/rtl/cv32e40p-master/rtl/include/cv32e40p_pkg.sv:614]
WARNING: [Synth 8-11067] parameter 'IMMA_Z' declared inside package 'cv32e40p_pkg' shall be treated as localparam [C:/Users/ybari/2026_Arkhe/rtl/cv32e40p-master/rtl/include/cv32e40p_pkg.sv:617]
WARNING: [Synth 8-11067] parameter 'IMMA_ZERO' declared inside package 'cv32e40p_pkg' shall be treated as localparam [C:/Users/ybari/2026_Arkhe/rtl/cv32e40p-master/rtl/include/cv32e40p_pkg.sv:618]
WARNING: [Synth 8-11067] parameter 'OP_B_REGB_OR_FWD' declared inside package 'cv32e40p_pkg' shall be treated as localparam [C:/Users/ybari/2026_Arkhe/rtl/cv32e40p-master/rtl/include/cv32e40p_pkg.sv:621]
WARNING: [Synth 8-11067] parameter 'OP_B_REGC_OR_FWD' declared inside package 'cv32e40p_pkg' shall be treated as localparam [C:/Users/ybari/2026_Arkhe/rtl/cv32e40p-master/rtl/include/cv32e40p_pkg.sv:622]
WARNING: [Synth 8-11067] parameter 'OP_B_IMM' declared inside package 'cv32e40p_pkg' shall be treated as localparam [C:/Users/ybari/2026_Arkhe/rtl/cv32e40p-master/rtl/include/cv32e40p_pkg.sv:623]
WARNING: [Synth 8-11067] parameter 'OP_B_REGA_OR_FWD' declared inside package 'cv32e40p_pkg' shall be treated as localparam [C:/Users/ybari/2026_Arkhe/rtl/cv32e40p-master/rtl/include/cv32e40p_pkg.sv:624]
WARNING: [Synth 8-11067] parameter 'OP_B_BMASK' declared inside package 'cv32e40p_pkg' shall be treated as localparam [C:/Users/ybari/2026_Arkhe/rtl/cv32e40p-master/rtl/include/cv32e40p_pkg.sv:625]
WARNING: [Synth 8-11067] parameter 'IMMB_I' declared inside package 'cv32e40p_pkg' shall be treated as localparam [C:/Users/ybari/2026_Arkhe/rtl/cv32e40p-master/rtl/include/cv32e40p_pkg.sv:628]
WARNING: [Synth 8-11067] parameter 'IMMB_S' declared inside package 'cv32e40p_pkg' shall be treated as localparam [C:/Users/ybari/2026_Arkhe/rtl/cv32e40p-master/rtl/include/cv32e40p_pkg.sv:629]
WARNING: [Synth 8-11067] parameter 'IMMB_U' declared inside package 'cv32e40p_pkg' shall be treated as localparam [C:/Users/ybari/2026_Arkhe/rtl/cv32e40p-master/rtl/include/cv32e40p_pkg.sv:630]
WARNING: [Synth 8-11067] parameter 'IMMB_PCINCR' declared inside package 'cv32e40p_pkg' shall be treated as localparam [C:/Users/ybari/2026_Arkhe/rtl/cv32e40p-master/rtl/include/cv32e40p_pkg.sv:631]
WARNING: [Synth 8-11067] parameter 'IMMB_S2' declared inside package 'cv32e40p_pkg' shall be treated as localparam [C:/Users/ybari/2026_Arkhe/rtl/cv32e40p-master/rtl/include/cv32e40p_pkg.sv:632]
WARNING: [Synth 8-11067] parameter 'IMMB_S3' declared inside package 'cv32e40p_pkg' shall be treated as localparam [C:/Users/ybari/2026_Arkhe/rtl/cv32e40p-master/rtl/include/cv32e40p_pkg.sv:633]
WARNING: [Synth 8-11067] parameter 'IMMB_VS' declared inside package 'cv32e40p_pkg' shall be treated as localparam [C:/Users/ybari/2026_Arkhe/rtl/cv32e40p-master/rtl/include/cv32e40p_pkg.sv:634]
WARNING: [Synth 8-11067] parameter 'IMMB_VU' declared inside package 'cv32e40p_pkg' shall be treated as localparam [C:/Users/ybari/2026_Arkhe/rtl/cv32e40p-master/rtl/include/cv32e40p_pkg.sv:635]
WARNING: [Synth 8-11067] parameter 'IMMB_SHUF' declared inside package 'cv32e40p_pkg' shall be treated as localparam [C:/Users/ybari/2026_Arkhe/rtl/cv32e40p-master/rtl/include/cv32e40p_pkg.sv:636]
WARNING: [Synth 8-11067] parameter 'IMMB_CLIP' declared inside package 'cv32e40p_pkg' shall be treated as localparam [C:/Users/ybari/2026_Arkhe/rtl/cv32e40p-master/rtl/include/cv32e40p_pkg.sv:637]
WARNING: [Synth 8-11067] parameter 'IMMB_BI' declared inside package 'cv32e40p_pkg' shall be treated as localparam [C:/Users/ybari/2026_Arkhe/rtl/cv32e40p-master/rtl/include/cv32e40p_pkg.sv:638]
WARNING: [Synth 8-11067] parameter 'BMASK_A_ZERO' declared inside package 'cv32e40p_pkg' shall be treated as localparam [C:/Users/ybari/2026_Arkhe/rtl/cv32e40p-master/rtl/include/cv32e40p_pkg.sv:641]
WARNING: [Synth 8-11067] parameter 'BMASK_A_S3' declared inside package 'cv32e40p_pkg' shall be treated as localparam [C:/Users/ybari/2026_Arkhe/rtl/cv32e40p-master/rtl/include/cv32e40p_pkg.sv:642]
WARNING: [Synth 8-11067] parameter 'BMASK_B_S2' declared inside package 'cv32e40p_pkg' shall be treated as localparam [C:/Users/ybari/2026_Arkhe/rtl/cv32e40p-master/rtl/include/cv32e40p_pkg.sv:644]
WARNING: [Synth 8-11067] parameter 'BMASK_B_S3' declared inside package 'cv32e40p_pkg' shall be treated as localparam [C:/Users/ybari/2026_Arkhe/rtl/cv32e40p-master/rtl/include/cv32e40p_pkg.sv:645]
WARNING: [Synth 8-11067] parameter 'BMASK_B_ZERO' declared inside package 'cv32e40p_pkg' shall be treated as localparam [C:/Users/ybari/2026_Arkhe/rtl/cv32e40p-master/rtl/include/cv32e40p_pkg.sv:646]
WARNING: [Synth 8-11067] parameter 'BMASK_B_ONE' declared inside package 'cv32e40p_pkg' shall be treated as localparam [C:/Users/ybari/2026_Arkhe/rtl/cv32e40p-master/rtl/include/cv32e40p_pkg.sv:647]
WARNING: [Synth 8-11067] parameter 'BMASK_A_REG' declared inside package 'cv32e40p_pkg' shall be treated as localparam [C:/Users/ybari/2026_Arkhe/rtl/cv32e40p-master/rtl/include/cv32e40p_pkg.sv:649]
WARNING: [Synth 8-11067] parameter 'BMASK_A_IMM' declared inside package 'cv32e40p_pkg' shall be treated as localparam [C:/Users/ybari/2026_Arkhe/rtl/cv32e40p-master/rtl/include/cv32e40p_pkg.sv:650]
WARNING: [Synth 8-11067] parameter 'BMASK_B_REG' declared inside package 'cv32e40p_pkg' shall be treated as localparam [C:/Users/ybari/2026_Arkhe/rtl/cv32e40p-master/rtl/include/cv32e40p_pkg.sv:651]
WARNING: [Synth 8-11067] parameter 'BMASK_B_IMM' declared inside package 'cv32e40p_pkg' shall be treated as localparam [C:/Users/ybari/2026_Arkhe/rtl/cv32e40p-master/rtl/include/cv32e40p_pkg.sv:652]
WARNING: [Synth 8-11067] parameter 'MIMM_ZERO' declared inside package 'cv32e40p_pkg' shall be treated as localparam [C:/Users/ybari/2026_Arkhe/rtl/cv32e40p-master/rtl/include/cv32e40p_pkg.sv:656]
WARNING: [Synth 8-11067] parameter 'MIMM_S3' declared inside package 'cv32e40p_pkg' shall be treated as localparam [C:/Users/ybari/2026_Arkhe/rtl/cv32e40p-master/rtl/include/cv32e40p_pkg.sv:657]
WARNING: [Synth 8-11067] parameter 'OP_C_REGC_OR_FWD' declared inside package 'cv32e40p_pkg' shall be treated as localparam [C:/Users/ybari/2026_Arkhe/rtl/cv32e40p-master/rtl/include/cv32e40p_pkg.sv:660]
WARNING: [Synth 8-11067] parameter 'OP_C_REGB_OR_FWD' declared inside package 'cv32e40p_pkg' shall be treated as localparam [C:/Users/ybari/2026_Arkhe/rtl/cv32e40p-master/rtl/include/cv32e40p_pkg.sv:661]
WARNING: [Synth 8-11067] parameter 'OP_C_JT' declared inside package 'cv32e40p_pkg' shall be treated as localparam [C:/Users/ybari/2026_Arkhe/rtl/cv32e40p-master/rtl/include/cv32e40p_pkg.sv:662]
WARNING: [Synth 8-11067] parameter 'BRANCH_NONE' declared inside package 'cv32e40p_pkg' shall be treated as localparam [C:/Users/ybari/2026_Arkhe/rtl/cv32e40p-master/rtl/include/cv32e40p_pkg.sv:665]
WARNING: [Synth 8-11067] parameter 'BRANCH_JAL' declared inside package 'cv32e40p_pkg' shall be treated as localparam [C:/Users/ybari/2026_Arkhe/rtl/cv32e40p-master/rtl/include/cv32e40p_pkg.sv:666]
WARNING: [Synth 8-11067] parameter 'BRANCH_JALR' declared inside package 'cv32e40p_pkg' shall be treated as localparam [C:/Users/ybari/2026_Arkhe/rtl/cv32e40p-master/rtl/include/cv32e40p_pkg.sv:667]
WARNING: [Synth 8-11067] parameter 'BRANCH_COND' declared inside package 'cv32e40p_pkg' shall be treated as localparam [C:/Users/ybari/2026_Arkhe/rtl/cv32e40p-master/rtl/include/cv32e40p_pkg.sv:668]
WARNING: [Synth 8-11067] parameter 'JT_JAL' declared inside package 'cv32e40p_pkg' shall be treated as localparam [C:/Users/ybari/2026_Arkhe/rtl/cv32e40p-master/rtl/include/cv32e40p_pkg.sv:671]
WARNING: [Synth 8-11067] parameter 'JT_JALR' declared inside package 'cv32e40p_pkg' shall be treated as localparam [C:/Users/ybari/2026_Arkhe/rtl/cv32e40p-master/rtl/include/cv32e40p_pkg.sv:672]
INFO: [Common 17-14] Message 'Synth 8-11067' appears 100 times and further instances of the messages will be disabled. Use the Tcl command set_msg_config to change the current settings.
INFO: [Synth 8-6157] synthesizing module 'nexys_top' [C:/Users/ybari/2026_Arkhe/rtl/Memory/nexys_top.sv:7]
INFO: [Synth 8-6157] synthesizing module 'BUFG' [C:/AMDDesignTools/2025.2/Vivado/scripts/rt/data/unisim_comp.v:2678]
INFO: [Synth 8-6155] done synthesizing module 'BUFG' (0#1) [C:/AMDDesignTools/2025.2/Vivado/scripts/rt/data/unisim_comp.v:2678]
WARNING: [Synth 8-4446] all outputs are unconnected for this instance and logic may be removed [C:/Users/ybari/2026_Arkhe/rtl/Memory/nexys_top.sv:128]
INFO: [Synth 8-6157] synthesizing module 'STARTUPE2' [C:/AMDDesignTools/2025.2/Vivado/scripts/rt/data/unisim_comp.v:165504]
	Parameter PROG_USR bound to: FALSE - type: string 
	Parameter SIM_CCLK_FREQ bound to: 0.000000e+00 - type: double 
INFO: [Synth 8-6155] done synthesizing module 'STARTUPE2' (0#1) [C:/AMDDesignTools/2025.2/Vivado/scripts/rt/data/unisim_comp.v:165504]
INFO: [Synth 8-6157] synthesizing module 'soc_top' [C:/Users/ybari/2026_Arkhe/rtl/Memory/soc_top.sv:9]
INFO: [Synth 8-6157] synthesizing module 'cv32e40p_core' [C:/Users/ybari/2026_Arkhe/rtl/cv32e40p-master/rtl/cv32e40p_core.sv:31]
	Parameter COREV_PULP bound to: 0 - type: integer 
	Parameter COREV_CLUSTER bound to: 0 - type: integer 
	Parameter FPU bound to: 0 - type: integer 
	Parameter NUM_MHPMCOUNTERS bound to: 1 - type: integer 
INFO: [Synth 8-6157] synthesizing module 'cv32e40p_sleep_unit' [C:/Users/ybari/2026_Arkhe/rtl/cv32e40p-master/rtl/cv32e40p_sleep_unit.sv:56]
	Parameter COREV_CLUSTER bound to: 0 - type: integer 
INFO: [Synth 8-6157] synthesizing module 'cv32e40p_clock_gate' [C:/Users/ybari/2026_Arkhe/rtl/cv32e40p-master/bhv/cv32e40p_sim_clock_gate.sv:15]
INFO: [Synth 8-6155] done synthesizing module 'cv32e40p_clock_gate' (0#1) [C:/Users/ybari/2026_Arkhe/rtl/cv32e40p-master/bhv/cv32e40p_sim_clock_gate.sv:15]
INFO: [Synth 8-6155] done synthesizing module 'cv32e40p_sleep_unit' (0#1) [C:/Users/ybari/2026_Arkhe/rtl/cv32e40p-master/rtl/cv32e40p_sleep_unit.sv:56]
INFO: [Synth 8-6157] synthesizing module 'cv32e40p_if_stage' [C:/Users/ybari/2026_Arkhe/rtl/cv32e40p-master/rtl/cv32e40p_if_stage.sv:28]
	Parameter COREV_PULP bound to: 0 - type: integer 
	Parameter PULP_OBI bound to: 0 - type: integer 
	Parameter PULP_SECURE bound to: 0 - type: integer 
	Parameter FPU bound to: 0 - type: integer 
	Parameter ZFINX bound to: 0 - type: integer 
INFO: [Synth 8-294] found qualifier unique on case statement: implementing as parallel_case [C:/Users/ybari/2026_Arkhe/rtl/cv32e40p-master/rtl/cv32e40p_if_stage.sv:132]
INFO: [Synth 8-294] found qualifier unique on case statement: implementing as parallel_case [C:/Users/ybari/2026_Arkhe/rtl/cv32e40p-master/rtl/cv32e40p_if_stage.sv:138]
INFO: [Synth 8-294] found qualifier unique on case statement: implementing as parallel_case [C:/Users/ybari/2026_Arkhe/rtl/cv32e40p-master/rtl/cv32e40p_if_stage.sv:144]
INFO: [Synth 8-294] found qualifier unique on case statement: implementing as parallel_case [C:/Users/ybari/2026_Arkhe/rtl/cv32e40p-master/rtl/cv32e40p_if_stage.sv:159]
INFO: [Synth 8-6157] synthesizing module 'cv32e40p_prefetch_buffer' [C:/Users/ybari/2026_Arkhe/rtl/cv32e40p-master/rtl/cv32e40p_prefetch_buffer.sv:27]
	Parameter PULP_OBI bound to: 0 - type: integer 
	Parameter COREV_PULP bound to: 0 - type: integer 
INFO: [Synth 8-6157] synthesizing module 'cv32e40p_prefetch_controller' [C:/Users/ybari/2026_Arkhe/rtl/cv32e40p-master/rtl/cv32e40p_prefetch_controller.sv:40]
	Parameter PULP_OBI bound to: 0 - type: integer 
	Parameter COREV_PULP bound to: 0 - type: integer 
	Parameter DEPTH bound to: 2 - type: integer 
INFO: [Synth 8-6155] done synthesizing module 'cv32e40p_prefetch_controller' (0#1) [C:/Users/ybari/2026_Arkhe/rtl/cv32e40p-master/rtl/cv32e40p_prefetch_controller.sv:40]
INFO: [Synth 8-6157] synthesizing module 'cv32e40p_fifo' [C:/Users/ybari/2026_Arkhe/rtl/cv32e40p-master/rtl/cv32e40p_fifo.sv:15]
	Parameter FALL_THROUGH bound to: 1'b0 
	Parameter DATA_WIDTH bound to: 32'b00000000000000000000000000100000 
	Parameter DEPTH bound to: 2 - type: integer 
INFO: [Synth 8-294] found qualifier unique on case statement: implementing as parallel_case [C:/Users/ybari/2026_Arkhe/rtl/cv32e40p-master/rtl/cv32e40p_fifo.sv:117]
INFO: [Synth 8-6155] done synthesizing module 'cv32e40p_fifo' (0#1) [C:/Users/ybari/2026_Arkhe/rtl/cv32e40p-master/rtl/cv32e40p_fifo.sv:15]
INFO: [Synth 8-6157] synthesizing module 'cv32e40p_obi_interface' [C:/Users/ybari/2026_Arkhe/rtl/cv32e40p-master/rtl/cv32e40p_obi_interface.sv:38]
	Parameter TRANS_STABLE bound to: 0 - type: integer 
INFO: [Synth 8-6155] done synthesizing module 'cv32e40p_obi_interface' (0#1) [C:/Users/ybari/2026_Arkhe/rtl/cv32e40p-master/rtl/cv32e40p_obi_interface.sv:38]
INFO: [Synth 8-6155] done synthesizing module 'cv32e40p_prefetch_buffer' (0#1) [C:/Users/ybari/2026_Arkhe/rtl/cv32e40p-master/rtl/cv32e40p_prefetch_buffer.sv:27]
INFO: [Synth 8-6157] synthesizing module 'cv32e40p_aligner' [C:/Users/ybari/2026_Arkhe/rtl/cv32e40p-master/rtl/cv32e40p_aligner.sv:23]
INFO: [Synth 8-155] case statement is not full and has no default [C:/Users/ybari/2026_Arkhe/rtl/cv32e40p-master/rtl/cv32e40p_aligner.sv:102]
INFO: [Synth 8-6155] done synthesizing module 'cv32e40p_aligner' (0#1) [C:/Users/ybari/2026_Arkhe/rtl/cv32e40p-master/rtl/cv32e40p_aligner.sv:23]
INFO: [Synth 8-6157] synthesizing module 'cv32e40p_compressed_decoder' [C:/Users/ybari/2026_Arkhe/rtl/cv32e40p-master/rtl/cv32e40p_compressed_decoder.sv:27]
	Parameter FPU bound to: 0 - type: integer 
	Parameter ZFINX bound to: 0 - type: integer 
INFO: [Synth 8-294] found qualifier unique on case statement: implementing as parallel_case [C:/Users/ybari/2026_Arkhe/rtl/cv32e40p-master/rtl/cv32e40p_compressed_decoder.sv:52]
INFO: [Synth 8-294] found qualifier unique on case statement: implementing as parallel_case [C:/Users/ybari/2026_Arkhe/rtl/cv32e40p-master/rtl/cv32e40p_compressed_decoder.sv:55]
INFO: [Synth 8-294] found qualifier unique on case statement: implementing as parallel_case [C:/Users/ybari/2026_Arkhe/rtl/cv32e40p-master/rtl/cv32e40p_compressed_decoder.sv:195]
INFO: [Synth 8-294] found qualifier unique on case statement: implementing as parallel_case [C:/Users/ybari/2026_Arkhe/rtl/cv32e40p-master/rtl/cv32e40p_compressed_decoder.sv:272]
INFO: [Synth 8-294] found qualifier unique on case statement: implementing as parallel_case [C:/Users/ybari/2026_Arkhe/rtl/cv32e40p-master/rtl/cv32e40p_compressed_decoder.sv:339]
INFO: [Synth 8-294] found qualifier unique on case statement: implementing as parallel_case [C:/Users/ybari/2026_Arkhe/rtl/cv32e40p-master/rtl/cv32e40p_compressed_decoder.sv:436]
INFO: [Synth 8-6155] done synthesizing module 'cv32e40p_compressed_decoder' (0#1) [C:/Users/ybari/2026_Arkhe/rtl/cv32e40p-master/rtl/cv32e40p_compressed_decoder.sv:27]
INFO: [Synth 8-6155] done synthesizing module 'cv32e40p_if_stage' (0#1) [C:/Users/ybari/2026_Arkhe/rtl/cv32e40p-master/rtl/cv32e40p_if_stage.sv:28]
INFO: [Synth 8-6157] synthesizing module 'cv32e40p_id_stage' [C:/Users/ybari/2026_Arkhe/rtl/cv32e40p-master/rtl/cv32e40p_id_stage.sv:30]
	Parameter COREV_PULP bound to: 0 - type: integer 
	Parameter COREV_CLUSTER bound to: 0 - type: integer 
	Parameter N_HWLP bound to: 2 - type: integer 
	Parameter PULP_SECURE bound to: 0 - type: integer 
	Parameter USE_PMP bound to: 0 - type: integer 
	Parameter A_EXTENSION bound to: 0 - type: integer 
	Parameter APU bound to: 0 - type: integer 
	Parameter FPU bound to: 0 - type: integer 
	Parameter FPU_ADDMUL_LAT bound to: 0 - type: integer 
	Parameter FPU_OTHERS_LAT bound to: 0 - type: integer 
	Parameter ZFINX bound to: 0 - type: integer 
	Parameter APU_NARGS_CPU bound to: 3 - type: integer 
	Parameter APU_WOP_CPU bound to: 6 - type: integer 
	Parameter APU_NDSFLAGS_CPU bound to: 15 - type: integer 
	Parameter APU_NUSFLAGS_CPU bound to: 5 - type: integer 
	Parameter DEBUG_TRIGGER_EN bound to: 1 - type: integer 
INFO: [Synth 8-294] found qualifier unique on case statement: implementing as parallel_case [C:/Users/ybari/2026_Arkhe/rtl/cv32e40p-master/rtl/cv32e40p_id_stage.sv:525]
INFO: [Synth 8-294] found qualifier unique on case statement: implementing as parallel_case [C:/Users/ybari/2026_Arkhe/rtl/cv32e40p-master/rtl/cv32e40p_id_stage.sv:574]
INFO: [Synth 8-294] found qualifier unique on case statement: implementing as parallel_case [C:/Users/ybari/2026_Arkhe/rtl/cv32e40p-master/rtl/cv32e40p_id_stage.sv:610]
INFO: [Synth 8-294] found qualifier unique on case statement: implementing as parallel_case [C:/Users/ybari/2026_Arkhe/rtl/cv32e40p-master/rtl/cv32e40p_id_stage.sv:638]
INFO: [Synth 8-294] found qualifier unique on case statement: implementing as parallel_case [C:/Users/ybari/2026_Arkhe/rtl/cv32e40p-master/rtl/cv32e40p_id_stage.sv:749]
INFO: [Synth 8-294] found qualifier unique on case statement: implementing as parallel_case [C:/Users/ybari/2026_Arkhe/rtl/cv32e40p-master/rtl/cv32e40p_id_stage.sv:755]
INFO: [Synth 8-294] found qualifier unique on case statement: implementing as parallel_case [C:/Users/ybari/2026_Arkhe/rtl/cv32e40p-master/rtl/cv32e40p_id_stage.sv:764]
INFO: [Synth 8-294] found qualifier unique on case statement: implementing as parallel_case [C:/Users/ybari/2026_Arkhe/rtl/cv32e40p-master/rtl/cv32e40p_id_stage.sv:770]
INFO: [Synth 8-294] found qualifier unique on case statement: implementing as parallel_case [C:/Users/ybari/2026_Arkhe/rtl/cv32e40p-master/rtl/cv32e40p_id_stage.sv:785]
INFO: [Synth 8-6157] synthesizing module 'cv32e40p_register_file' [C:/Users/ybari/2026_Arkhe/rtl/cv32e40p-master/rtl/cv32e40p_register_file_ff.sv:30]
	Parameter ADDR_WIDTH bound to: 6 - type: integer 
	Parameter DATA_WIDTH bound to: 32 - type: integer 
	Parameter FPU bound to: 0 - type: integer 
	Parameter ZFINX bound to: 0 - type: integer 
INFO: [Synth 8-6155] done synthesizing module 'cv32e40p_register_file' (0#1) [C:/Users/ybari/2026_Arkhe/rtl/cv32e40p-master/rtl/cv32e40p_register_file_ff.sv:30]
INFO: [Synth 8-6157] synthesizing module 'cv32e40p_decoder' [C:/Users/ybari/2026_Arkhe/rtl/cv32e40p-master/rtl/cv32e40p_decoder.sv:28]
	Parameter COREV_PULP bound to: 0 - type: integer 
	Parameter COREV_CLUSTER bound to: 0 - type: integer 
	Parameter A_EXTENSION bound to: 0 - type: integer 
	Parameter FPU bound to: 0 - type: integer 
	Parameter FPU_ADDMUL_LAT bound to: 0 - type: integer 
	Parameter FPU_OTHERS_LAT bound to: 0 - type: integer 
	Parameter ZFINX bound to: 0 - type: integer 
	Parameter PULP_SECURE bound to: 0 - type: integer 
	Parameter USE_PMP bound to: 0 - type: integer 
	Parameter APU_WOP_CPU bound to: 6 - type: integer 
	Parameter DEBUG_TRIGGER_EN bound to: 1 - type: integer 
INFO: [Synth 8-294] found qualifier unique on case statement: implementing as parallel_case [C:/Users/ybari/2026_Arkhe/rtl/cv32e40p-master/rtl/cv32e40p_decoder.sv:293]
INFO: [Synth 8-294] found qualifier unique on case statement: implementing as parallel_case [C:/Users/ybari/2026_Arkhe/rtl/cv32e40p-master/rtl/cv32e40p_decoder.sv:342]
INFO: [Synth 8-294] found qualifier unique on case statement: implementing as parallel_case [C:/Users/ybari/2026_Arkhe/rtl/cv32e40p-master/rtl/cv32e40p_decoder.sv:376]
INFO: [Synth 8-294] found qualifier unique on case statement: implementing as parallel_case [C:/Users/ybari/2026_Arkhe/rtl/cv32e40p-master/rtl/cv32e40p_decoder.sv:401]
INFO: [Synth 8-294] found qualifier unique on case statement: implementing as parallel_case [C:/Users/ybari/2026_Arkhe/rtl/cv32e40p-master/rtl/cv32e40p_decoder.sv:487]
INFO: [Synth 8-294] found qualifier unique on case statement: implementing as parallel_case [C:/Users/ybari/2026_Arkhe/rtl/cv32e40p-master/rtl/cv32e40p_decoder.sv:925]
INFO: [Synth 8-294] found qualifier unique on case statement: implementing as parallel_case [C:/Users/ybari/2026_Arkhe/rtl/cv32e40p-master/rtl/cv32e40p_decoder.sv:2683]
INFO: [Synth 8-294] found qualifier unique on case statement: implementing as parallel_case [C:/Users/ybari/2026_Arkhe/rtl/cv32e40p-master/rtl/cv32e40p_decoder.sv:2704]
INFO: [Synth 8-294] found qualifier unique on case statement: implementing as parallel_case [C:/Users/ybari/2026_Arkhe/rtl/cv32e40p-master/rtl/cv32e40p_decoder.sv:2775]
INFO: [Synth 8-6155] done synthesizing module 'cv32e40p_decoder' (0#1) [C:/Users/ybari/2026_Arkhe/rtl/cv32e40p-master/rtl/cv32e40p_decoder.sv:28]
INFO: [Synth 8-6157] synthesizing module 'cv32e40p_controller' [C:/Users/ybari/2026_Arkhe/rtl/cv32e40p-master/rtl/cv32e40p_controller.sv:31]
	Parameter COREV_CLUSTER bound to: 0 - type: integer 
	Parameter COREV_PULP bound to: 0 - type: integer 
	Parameter FPU bound to: 0 - type: integer 
INFO: [Synth 8-294] found qualifier unique on case statement: implementing as parallel_case [C:/Users/ybari/2026_Arkhe/rtl/cv32e40p-master/rtl/cv32e40p_controller.sv:330]
INFO: [Synth 8-294] found qualifier unique on case statement: implementing as parallel_case [C:/Users/ybari/2026_Arkhe/rtl/cv32e40p-master/rtl/cv32e40p_controller.sv:541]
INFO: [Synth 8-294] found qualifier unique on case statement: implementing as parallel_case [C:/Users/ybari/2026_Arkhe/rtl/cv32e40p-master/rtl/cv32e40p_controller.sv:677]
INFO: [Synth 8-294] found qualifier unique on case statement: implementing as parallel_case [C:/Users/ybari/2026_Arkhe/rtl/cv32e40p-master/rtl/cv32e40p_controller.sv:932]
INFO: [Synth 8-294] found qualifier unique on case statement: implementing as parallel_case [C:/Users/ybari/2026_Arkhe/rtl/cv32e40p-master/rtl/cv32e40p_controller.sv:1054]
INFO: [Synth 8-294] found qualifier unique on case statement: implementing as parallel_case [C:/Users/ybari/2026_Arkhe/rtl/cv32e40p-master/rtl/cv32e40p_controller.sv:1122]
INFO: [Synth 8-6155] done synthesizing module 'cv32e40p_controller' (0#1) [C:/Users/ybari/2026_Arkhe/rtl/cv32e40p-master/rtl/cv32e40p_controller.sv:31]
INFO: [Synth 8-6157] synthesizing module 'cv32e40p_int_controller' [C:/Users/ybari/2026_Arkhe/rtl/cv32e40p-master/rtl/cv32e40p_int_controller.sv:24]
	Parameter PULP_SECURE bound to: 0 - type: integer 
INFO: [Synth 8-6155] done synthesizing module 'cv32e40p_int_controller' (0#1) [C:/Users/ybari/2026_Arkhe/rtl/cv32e40p-master/rtl/cv32e40p_int_controller.sv:24]
INFO: [Synth 8-6155] done synthesizing module 'cv32e40p_id_stage' (0#1) [C:/Users/ybari/2026_Arkhe/rtl/cv32e40p-master/rtl/cv32e40p_id_stage.sv:30]
INFO: [Synth 8-6157] synthesizing module 'cv32e40p_ex_stage' [C:/Users/ybari/2026_Arkhe/rtl/cv32e40p-master/rtl/cv32e40p_ex_stage.sv:32]
	Parameter COREV_PULP bound to: 0 - type: integer 
	Parameter FPU bound to: 0 - type: integer 
	Parameter APU_NARGS_CPU bound to: 3 - type: integer 
	Parameter APU_WOP_CPU bound to: 6 - type: integer 
	Parameter APU_NDSFLAGS_CPU bound to: 15 - type: integer 
	Parameter APU_NUSFLAGS_CPU bound to: 5 - type: integer 
INFO: [Synth 8-6157] synthesizing module 'cv32e40p_alu' [C:/Users/ybari/2026_Arkhe/rtl/cv32e40p-master/rtl/cv32e40p_alu.sv:28]
INFO: [Synth 8-155] case statement is not full and has no default [C:/Users/ybari/2026_Arkhe/rtl/cv32e40p-master/rtl/cv32e40p_alu.sv:139]
INFO: [Synth 8-155] case statement is not full and has no default [C:/Users/ybari/2026_Arkhe/rtl/cv32e40p-master/rtl/cv32e40p_alu.sv:153]
INFO: [Synth 8-294] found qualifier unique on case statement: implementing as parallel_case [C:/Users/ybari/2026_Arkhe/rtl/cv32e40p-master/rtl/cv32e40p_alu.sv:348]
INFO: [Synth 8-294] found qualifier unique on case statement: implementing as parallel_case [C:/Users/ybari/2026_Arkhe/rtl/cv32e40p-master/rtl/cv32e40p_alu.sv:416]
INFO: [Synth 8-294] found qualifier unique on case statement: implementing as parallel_case [C:/Users/ybari/2026_Arkhe/rtl/cv32e40p-master/rtl/cv32e40p_alu.sv:499]
INFO: [Synth 8-294] found qualifier unique on case statement: implementing as parallel_case [C:/Users/ybari/2026_Arkhe/rtl/cv32e40p-master/rtl/cv32e40p_alu.sv:535]
INFO: [Synth 8-294] found qualifier unique on case statement: implementing as parallel_case [C:/Users/ybari/2026_Arkhe/rtl/cv32e40p-master/rtl/cv32e40p_alu.sv:554]
INFO: [Synth 8-294] found qualifier unique on case statement: implementing as parallel_case [C:/Users/ybari/2026_Arkhe/rtl/cv32e40p-master/rtl/cv32e40p_alu.sv:557]
INFO: [Synth 8-294] found qualifier unique on case statement: implementing as parallel_case [C:/Users/ybari/2026_Arkhe/rtl/cv32e40p-master/rtl/cv32e40p_alu.sv:591]
INFO: [Synth 8-294] found qualifier unique on case statement: implementing as parallel_case [C:/Users/ybari/2026_Arkhe/rtl/cv32e40p-master/rtl/cv32e40p_alu.sv:593]
INFO: [Synth 8-294] found qualifier unique on case statement: implementing as parallel_case [C:/Users/ybari/2026_Arkhe/rtl/cv32e40p-master/rtl/cv32e40p_alu.sv:613]
INFO: [Synth 8-294] found qualifier unique on case statement: implementing as parallel_case [C:/Users/ybari/2026_Arkhe/rtl/cv32e40p-master/rtl/cv32e40p_alu.sv:633]
INFO: [Synth 8-294] found qualifier unique on case statement: implementing as parallel_case [C:/Users/ybari/2026_Arkhe/rtl/cv32e40p-master/rtl/cv32e40p_alu.sv:653]
INFO: [Synth 8-6157] synthesizing module 'cv32e40p_popcnt' [C:/Users/ybari/2026_Arkhe/rtl/cv32e40p-master/rtl/cv32e40p_popcnt.sv:25]
INFO: [Synth 8-6155] done synthesizing module 'cv32e40p_popcnt' (0#1) [C:/Users/ybari/2026_Arkhe/rtl/cv32e40p-master/rtl/cv32e40p_popcnt.sv:25]
INFO: [Synth 8-155] case statement is not full and has no default [C:/Users/ybari/2026_Arkhe/rtl/cv32e40p-master/rtl/cv32e40p_alu.sv:752]
INFO: [Synth 8-6157] synthesizing module 'cv32e40p_ff_one' [C:/Users/ybari/2026_Arkhe/rtl/cv32e40p-master/rtl/cv32e40p_ff_one.sv:25]
INFO: [Synth 8-6155] done synthesizing module 'cv32e40p_ff_one' (0#1) [C:/Users/ybari/2026_Arkhe/rtl/cv32e40p-master/rtl/cv32e40p_ff_one.sv:25]
INFO: [Synth 8-294] found qualifier unique on case statement: implementing as parallel_case [C:/Users/ybari/2026_Arkhe/rtl/cv32e40p-master/rtl/cv32e40p_alu.sv:863]
INFO: [Synth 8-6157] synthesizing module 'cv32e40p_alu_div' [C:/Users/ybari/2026_Arkhe/rtl/cv32e40p-master/rtl/cv32e40p_alu_div.sv:26]
INFO: [Synth 8-6155] done synthesizing module 'cv32e40p_alu_div' (0#1) [C:/Users/ybari/2026_Arkhe/rtl/cv32e40p-master/rtl/cv32e40p_alu_div.sv:26]
INFO: [Synth 8-294] found qualifier unique on case statement: implementing as parallel_case [C:/Users/ybari/2026_Arkhe/rtl/cv32e40p-master/rtl/cv32e40p_alu.sv:931]
INFO: [Synth 8-6155] done synthesizing module 'cv32e40p_alu' (0#1) [C:/Users/ybari/2026_Arkhe/rtl/cv32e40p-master/rtl/cv32e40p_alu.sv:28]
INFO: [Synth 8-6157] synthesizing module 'cv32e40p_mult' [C:/Users/ybari/2026_Arkhe/rtl/cv32e40p-master/rtl/cv32e40p_mult.sv:26]
INFO: [Synth 8-155] case statement is not full and has no default [C:/Users/ybari/2026_Arkhe/rtl/cv32e40p-master/rtl/cv32e40p_mult.sv:140]
INFO: [Synth 8-294] found qualifier unique on case statement: implementing as parallel_case [C:/Users/ybari/2026_Arkhe/rtl/cv32e40p-master/rtl/cv32e40p_mult.sv:326]
INFO: [Synth 8-6155] done synthesizing module 'cv32e40p_mult' (0#1) [C:/Users/ybari/2026_Arkhe/rtl/cv32e40p-master/rtl/cv32e40p_mult.sv:26]
INFO: [Synth 8-6155] done synthesizing module 'cv32e40p_ex_stage' (0#1) [C:/Users/ybari/2026_Arkhe/rtl/cv32e40p-master/rtl/cv32e40p_ex_stage.sv:32]
INFO: [Synth 8-6157] synthesizing module 'cv32e40p_load_store_unit' [C:/Users/ybari/2026_Arkhe/rtl/cv32e40p-master/rtl/cv32e40p_load_store_unit.sv:26]
	Parameter PULP_OBI bound to: 0 - type: integer 
INFO: [Synth 8-155] case statement is not full and has no default [C:/Users/ybari/2026_Arkhe/rtl/cv32e40p-master/rtl/cv32e40p_load_store_unit.sv:332]
INFO: [Synth 8-294] found qualifier unique on case statement: implementing as parallel_case [C:/Users/ybari/2026_Arkhe/rtl/cv32e40p-master/rtl/cv32e40p_load_store_unit.sv:419]
INFO: [Synth 8-6157] synthesizing module 'cv32e40p_obi_interface__parameterized0' [C:/Users/ybari/2026_Arkhe/rtl/cv32e40p-master/rtl/cv32e40p_obi_interface.sv:38]
	Parameter TRANS_STABLE bound to: 1 - type: integer 
INFO: [Synth 8-6155] done synthesizing module 'cv32e40p_obi_interface__parameterized0' (0#1) [C:/Users/ybari/2026_Arkhe/rtl/cv32e40p-master/rtl/cv32e40p_obi_interface.sv:38]
INFO: [Synth 8-6155] done synthesizing module 'cv32e40p_load_store_unit' (0#1) [C:/Users/ybari/2026_Arkhe/rtl/cv32e40p-master/rtl/cv32e40p_load_store_unit.sv:26]
INFO: [Synth 8-6157] synthesizing module 'cv32e40p_cs_registers' [C:/Users/ybari/2026_Arkhe/rtl/cv32e40p-master/rtl/cv32e40p_cs_registers.sv:30]
	Parameter N_HWLP bound to: 2 - type: integer 
	Parameter APU bound to: 0 - type: integer 
	Parameter A_EXTENSION bound to: 0 - type: integer 
	Parameter FPU bound to: 0 - type: integer 
	Parameter ZFINX bound to: 0 - type: integer 
	Parameter PULP_SECURE bound to: 0 - type: integer 
	Parameter USE_PMP bound to: 0 - type: integer 
	Parameter N_PMP_ENTRIES bound to: 16 - type: integer 
	Parameter NUM_MHPMCOUNTERS bound to: 1 - type: integer 
	Parameter COREV_PULP bound to: 0 - type: integer 
	Parameter COREV_CLUSTER bound to: 0 - type: integer 
	Parameter DEBUG_TRIGGER_EN bound to: 1 - type: integer 
INFO: [Synth 8-155] case statement is not full and has no default [C:/Users/ybari/2026_Arkhe/rtl/cv32e40p-master/rtl/cv32e40p_cs_registers.sv:920]
INFO: [Synth 8-294] found qualifier unique on case statement: implementing as parallel_case [C:/Users/ybari/2026_Arkhe/rtl/cv32e40p-master/rtl/cv32e40p_cs_registers.sv:1041]
INFO: [Synth 8-294] found qualifier unique on case statement: implementing as parallel_case [C:/Users/ybari/2026_Arkhe/rtl/cv32e40p-master/rtl/cv32e40p_cs_registers.sv:1044]
INFO: [Synth 8-6155] done synthesizing module 'cv32e40p_cs_registers' (0#1) [C:/Users/ybari/2026_Arkhe/rtl/cv32e40p-master/rtl/cv32e40p_cs_registers.sv:30]
INFO: [Synth 8-6155] done synthesizing module 'cv32e40p_core' (0#1) [C:/Users/ybari/2026_Arkhe/rtl/cv32e40p-master/rtl/cv32e40p_core.sv:31]
INFO: [Synth 8-6157] synthesizing module 'obi_to_axi_simple' [C:/Users/ybari/2026_Arkhe/rtl/Memory/obi_to_axi_simple.sv:6]
INFO: [Synth 8-6155] done synthesizing module 'obi_to_axi_simple' (0#1) [C:/Users/ybari/2026_Arkhe/rtl/Memory/obi_to_axi_simple.sv:6]
INFO: [Synth 8-6157] synthesizing module 'axil_arbiter_3to1' [C:/Users/ybari/2026_Arkhe/rtl/Memory/axil_arbiter_3to1.sv:8]
INFO: [Synth 8-6155] done synthesizing module 'axil_arbiter_3to1' (0#1) [C:/Users/ybari/2026_Arkhe/rtl/Memory/axil_arbiter_3to1.sv:8]
INFO: [Synth 8-6157] synthesizing module 'axi_lite_interconnect' [C:/Users/ybari/2026_Arkhe/rtl/Memory/axi_lite_interconnect.sv:6]
INFO: [Synth 8-6155] done synthesizing module 'axi_lite_interconnect' (0#1) [C:/Users/ybari/2026_Arkhe/rtl/Memory/axi_lite_interconnect.sv:6]
INFO: [Synth 8-6157] synthesizing module 'axil_arbiter_2to1' [C:/Users/ybari/2026_Arkhe/rtl/Memory/axil_arbiter_2to1.sv:5]
INFO: [Synth 8-6155] done synthesizing module 'axil_arbiter_2to1' (0#1) [C:/Users/ybari/2026_Arkhe/rtl/Memory/axil_arbiter_2to1.sv:5]
INFO: [Synth 8-6157] synthesizing module 'boot_rom' [C:/Users/ybari/2026_Arkhe/rtl/boot/boot_rom.sv:8]
INFO: [Synth 8-6155] done synthesizing module 'boot_rom' (0#1) [C:/Users/ybari/2026_Arkhe/rtl/boot/boot_rom.sv:8]
INFO: [Synth 8-6157] synthesizing module 'sram_module' [C:/Users/ybari/2026_Arkhe/rtl/Memory/sram_module.sv:6]
	Parameter AXI_ADDR_W bound to: 32'sb00000000000000000000000000100000 
	Parameter AXI_DATA_W bound to: 32'sb00000000000000000000000000100000 
	Parameter RAM_DEPTH bound to: 32'sb00000000000000000000100000000000 
INFO: [Synth 8-6155] done synthesizing module 'sram_module' (0#1) [C:/Users/ybari/2026_Arkhe/rtl/Memory/sram_module.sv:6]
INFO: [Synth 8-6157] synthesizing module 'gpio_peripheral' [C:/Users/ybari/2026_Arkhe/rtl/Cevre_Birimleri/gpio_peripheral.sv:8]
	Parameter AXI_ADDR_W bound to: 32'sb00000000000000000000000000100000 
	Parameter AXI_DATA_W bound to: 32'sb00000000000000000000000000100000 
INFO: [Synth 8-226] default block is never used [C:/Users/ybari/2026_Arkhe/rtl/Cevre_Birimleri/gpio_peripheral.sv:197]
INFO: [Synth 8-226] default block is never used [C:/Users/ybari/2026_Arkhe/rtl/Cevre_Birimleri/gpio_peripheral.sv:197]
INFO: [Synth 8-226] default block is never used [C:/Users/ybari/2026_Arkhe/rtl/Cevre_Birimleri/gpio_peripheral.sv:197]
INFO: [Synth 8-226] default block is never used [C:/Users/ybari/2026_Arkhe/rtl/Cevre_Birimleri/gpio_peripheral.sv:197]
INFO: [Synth 8-226] default block is never used [C:/Users/ybari/2026_Arkhe/rtl/Cevre_Birimleri/gpio_peripheral.sv:197]
INFO: [Synth 8-226] default block is never used [C:/Users/ybari/2026_Arkhe/rtl/Cevre_Birimleri/gpio_peripheral.sv:197]
INFO: [Synth 8-226] default block is never used [C:/Users/ybari/2026_Arkhe/rtl/Cevre_Birimleri/gpio_peripheral.sv:197]
INFO: [Synth 8-226] default block is never used [C:/Users/ybari/2026_Arkhe/rtl/Cevre_Birimleri/gpio_peripheral.sv:197]
INFO: [Synth 8-226] default block is never used [C:/Users/ybari/2026_Arkhe/rtl/Cevre_Birimleri/gpio_peripheral.sv:197]
INFO: [Synth 8-226] default block is never used [C:/Users/ybari/2026_Arkhe/rtl/Cevre_Birimleri/gpio_peripheral.sv:197]
INFO: [Synth 8-226] default block is never used [C:/Users/ybari/2026_Arkhe/rtl/Cevre_Birimleri/gpio_peripheral.sv:197]
INFO: [Synth 8-226] default block is never used [C:/Users/ybari/2026_Arkhe/rtl/Cevre_Birimleri/gpio_peripheral.sv:197]
INFO: [Synth 8-226] default block is never used [C:/Users/ybari/2026_Arkhe/rtl/Cevre_Birimleri/gpio_peripheral.sv:197]
INFO: [Synth 8-226] default block is never used [C:/Users/ybari/2026_Arkhe/rtl/Cevre_Birimleri/gpio_peripheral.sv:197]
INFO: [Synth 8-226] default block is never used [C:/Users/ybari/2026_Arkhe/rtl/Cevre_Birimleri/gpio_peripheral.sv:197]
INFO: [Synth 8-226] default block is never used [C:/Users/ybari/2026_Arkhe/rtl/Cevre_Birimleri/gpio_peripheral.sv:197]
INFO: [Synth 8-294] found qualifier unique on case statement: implementing as parallel_case [C:/Users/ybari/2026_Arkhe/rtl/Cevre_Birimleri/gpio_peripheral.sv:155]
INFO: [Synth 8-294] found qualifier unique on case statement: implementing as parallel_case [C:/Users/ybari/2026_Arkhe/rtl/Cevre_Birimleri/gpio_peripheral.sv:221]
INFO: [Synth 8-6155] done synthesizing module 'gpio_peripheral' (0#1) [C:/Users/ybari/2026_Arkhe/rtl/Cevre_Birimleri/gpio_peripheral.sv:8]
INFO: [Synth 8-6157] synthesizing module 'timer_peripheral' [C:/Users/ybari/2026_Arkhe/rtl/Cevre_Birimleri/timer_peripheral.sv:4]
	Parameter S_AXI_ADDR_WIDTH bound to: 32 - type: integer 
	Parameter S_AXI_DATA_WIDTH bound to: 32 - type: integer 
INFO: [Synth 8-6155] done synthesizing module 'timer_peripheral' (0#1) [C:/Users/ybari/2026_Arkhe/rtl/Cevre_Birimleri/timer_peripheral.sv:4]
INFO: [Synth 8-6157] synthesizing module 'uart_peripheral' [C:/Users/ybari/2026_Arkhe/rtl/Cevre_Birimleri/files_1/uart_peripheral.sv:16]
	Parameter SYS_CLK_HZ bound to: 32'sb00000010111110101111000010000000 
	Parameter DEFAULT_BAUD bound to: 32'sb00000000000000011100001000000000 
INFO: [Synth 8-6157] synthesizing module 'uart_tx' [C:/Users/ybari/2026_Arkhe/rtl/Cevre_Birimleri/files_1/uart_tx.sv:12]
INFO: [Synth 8-294] found qualifier unique on case statement: implementing as parallel_case [C:/Users/ybari/2026_Arkhe/rtl/Cevre_Birimleri/files_1/uart_tx.sv:71]
INFO: [Synth 8-294] found qualifier unique on case statement: implementing as parallel_case [C:/Users/ybari/2026_Arkhe/rtl/Cevre_Birimleri/files_1/uart_tx.sv:124]
INFO: [Synth 8-6155] done synthesizing module 'uart_tx' (0#1) [C:/Users/ybari/2026_Arkhe/rtl/Cevre_Birimleri/files_1/uart_tx.sv:12]
INFO: [Synth 8-6157] synthesizing module 'uart_rx' [C:/Users/ybari/2026_Arkhe/rtl/Cevre_Birimleri/files_1/uart_rx.sv:12]
INFO: [Synth 8-294] found qualifier unique on case statement: implementing as parallel_case [C:/Users/ybari/2026_Arkhe/rtl/Cevre_Birimleri/files_1/uart_rx.sv:90]
INFO: [Synth 8-226] default block is never used [C:/Users/ybari/2026_Arkhe/rtl/Cevre_Birimleri/files_1/uart_rx.sv:90]
INFO: [Synth 8-6155] done synthesizing module 'uart_rx' (0#1) [C:/Users/ybari/2026_Arkhe/rtl/Cevre_Birimleri/files_1/uart_rx.sv:12]
INFO: [Synth 8-294] found qualifier unique on case statement: implementing as parallel_case [C:/Users/ybari/2026_Arkhe/rtl/Cevre_Birimleri/files_1/uart_peripheral.sv:226]
INFO: [Synth 8-294] found qualifier unique on case statement: implementing as parallel_case [C:/Users/ybari/2026_Arkhe/rtl/Cevre_Birimleri/files_1/uart_peripheral.sv:267]
INFO: [Synth 8-6155] done synthesizing module 'uart_peripheral' (0#1) [C:/Users/ybari/2026_Arkhe/rtl/Cevre_Birimleri/files_1/uart_peripheral.sv:16]
INFO: [Synth 8-6157] synthesizing module 'uart_stream_peripheral' [C:/Users/ybari/2026_Arkhe/rtl/Cevre_Birimleri/files_1/uart_stream_peripheral.sv:24]
	Parameter SYS_CLK_HZ bound to: 32'sb00000010111110101111000010000000 
	Parameter DEFAULT_BAUD bound to: 32'sb00000000000000011100001000000000 
INFO: [Synth 8-6157] synthesizing module 'sync_fifo' [C:/Users/ybari/2026_Arkhe/rtl/Cevre_Birimleri/files_1/sync_fifo.sv:9]
	Parameter DATA_W bound to: 32'sb00000000000000000000000000001000 
	Parameter DEPTH bound to: 32'sb00000000000000000000000100000000 
INFO: [Synth 8-6155] done synthesizing module 'sync_fifo' (0#1) [C:/Users/ybari/2026_Arkhe/rtl/Cevre_Birimleri/files_1/sync_fifo.sv:9]
INFO: [Synth 8-294] found qualifier unique on case statement: implementing as parallel_case [C:/Users/ybari/2026_Arkhe/rtl/Cevre_Birimleri/files_1/uart_stream_peripheral.sv:267]
INFO: [Synth 8-294] found qualifier unique on case statement: implementing as parallel_case [C:/Users/ybari/2026_Arkhe/rtl/Cevre_Birimleri/files_1/uart_stream_peripheral.sv:451]
INFO: [Synth 8-6155] done synthesizing module 'uart_stream_peripheral' (0#1) [C:/Users/ybari/2026_Arkhe/rtl/Cevre_Birimleri/files_1/uart_stream_peripheral.sv:24]
INFO: [Synth 8-6157] synthesizing module 'i2c_peripheral' [C:/Users/ybari/2026_Arkhe/rtl/Cevre_Birimleri/i2c_peripheral.sv:21]
	Parameter SYS_CLK_FREQ bound to: 32'sb00000010111110101111000010000000 
	Parameter I2C_FREQ bound to: 32'sb00000000000001100001101010000000 
INFO: [Synth 8-6155] done synthesizing module 'i2c_peripheral' (0#1) [C:/Users/ybari/2026_Arkhe/rtl/Cevre_Birimleri/i2c_peripheral.sv:21]
INFO: [Synth 8-6157] synthesizing module 'qspi_master' [C:/Users/ybari/2026_Arkhe/rtl/Cevre_Birimleri/qspi_master.sv:3]
	Parameter FIFO_DEPTH bound to: 64 - type: integer 
	Parameter AXI_AW bound to: 32 - type: integer 
	Parameter AXI_DW bound to: 32 - type: integer 
INFO: [Synth 8-294] found qualifier unique on case statement: implementing as parallel_case [C:/Users/ybari/2026_Arkhe/rtl/Cevre_Birimleri/qspi_master.sv:630]
INFO: [Synth 8-6155] done synthesizing module 'qspi_master' (0#1) [C:/Users/ybari/2026_Arkhe/rtl/Cevre_Birimleri/qspi_master.sv:3]
INFO: [Synth 8-6157] synthesizing module 'npu_accelerator' [C:/Users/ybari/2026_Arkhe/rtl/npu/npu_accelerator.sv:9]
ERROR: [Synth 8-439] module 'npu_engine_axi_master' not found [C:/Users/ybari/2026_Arkhe/rtl/npu/npu_accelerator.sv:142]
	Parameter ADDR_W bound to: 32'sb00000000000000000000000000001101 
ERROR: [Synth 8-6156] failed synthesizing module 'npu_accelerator' [C:/Users/ybari/2026_Arkhe/rtl/npu/npu_accelerator.sv:9]
ERROR: [Synth 8-6156] failed synthesizing module 'soc_top' [C:/Users/ybari/2026_Arkhe/rtl/Memory/soc_top.sv:9]
ERROR: [Synth 8-6156] failed synthesizing module 'nexys_top' [C:/Users/ybari/2026_Arkhe/rtl/Memory/nexys_top.sv:7]
---------------------------------------------------------------------------------
Finished RTL Elaboration : Time (s): cpu = 00:00:14 ; elapsed = 00:00:16 . Memory (MB): peak = 1424.793 ; gain = 683.059
---------------------------------------------------------------------------------
RTL Elaboration failed
INFO: [Common 17-83] Releasing license: Synthesis
180 Infos, 101 Warnings, 0 Critical Warnings and 5 Errors encountered.
synth_design failed
synth_design: Time (s): cpu = 00:00:18 ; elapsed = 00:00:24 . Memory (MB): peak = 1424.793 ; gain = 885.168
ERROR: [Common 17-69] Command failed: Synthesis failed - please see the console or run log file for details
INFO: [Common 17-206] Exiting Vivado at Sun Aug 23 22:22:53 2026...
[Sun Aug 23 22:22:58 2026] synth_1 finished
ERROR: [Vivado 12-13638] Failed runs(s) : 'synth_1'
wait_on_runs: Time (s): cpu = 00:00:00 ; elapsed = 00:00:55 . Memory (MB): peak = 541.059 ; gain = 0.000
ERROR: [Common 17-39] 'wait_on_runs' failed due to earlier errors.

    while executing
"wait_on_run synth_1"
    (file "scripts/fpga_bitstream_olc.tcl" line 100)
INFO: [Common 17-206] Exiting Vivado at Sun Aug 23 22:22:58 2026...
