┏━━━━━━━┳━━━━━━━━━┳━━━━━━━━━━┳━━━━━━━━━━━━━━━━━━━━━━━━━━━━━━━┳━━━━━━━━━━━━━━━━━┳━━━━━━━┓
┃ P / R ┃ Partial ┃ Required ┃ Net                           ┃ Pin             ┃ Layer ┃
┡━━━━━━━╇━━━━━━━━━╇━━━━━━━━━━╇━━━━━━━━━━━━━━━━━━━━━━━━━━━━━━━╇━━━━━━━━━━━━━━━━━╇━━━━━━━┩
│ 7.58  │ 3031.08 │ 400.00   │ iram_s_wdata[3\]              │ _091316_/A0     │ met2  │
│ 6.72  │ 2687.24 │ 400.00   │ net1846                       │ _113114_/A0     │ met3  │
│ 5.59  │ 2235.55 │ 400.00   │ iram_s_wstrb[2\]              │ load_slew1466/A │ met2  │
│ 5.46  │ 2184.31 │ 400.00   │ rom_m0_rdata[17\]             │ _081055_/A1     │ met3  │
│ 5.11  │ 2044.51 │ 400.00   │ u_npu.tcm_addr_a[0\]          │ wire565/A       │ met2  │
│ 4.46  │ 1785.28 │ 400.00   │ net496                        │ wire493/A       │ met2  │
│ 4.27  │ 1709.54 │ 400.00   │ s4_rdata[7\]                  │ _081830_/B1     │ met3  │
│ 4.13  │ 1651.44 │ 400.00   │ net480                        │ wire477/A       │ met2  │
│ 4.13  │ 1651.44 │ 400.00   │ net480                        │ load_slew478/A  │ met2  │
│ 3.47  │ 1388.47 │ 400.00   │ s4_rdata[20\]                 │ _081423_/B1     │ met2  │
│ 2.87  │ 1149.91 │ 400.00   │ _015238_                      │ _060807_/B1     │ met2  │
│ 2.87  │ 1146.00 │ 400.00   │ net1773                       │ _065828_/A0     │ met1  │
│ 2.80  │ 1121.44 │ 400.00   │ net143                        │ _062516_/A      │ met2  │
│ 2.80  │ 1121.44 │ 400.00   │ net143                        │ _062519_/A      │ met2  │
│ 2.80  │ 1121.44 │ 400.00   │ net143                        │ _062538_/A      │ met2  │
│ 2.80  │ 1121.44 │ 400.00   │ net143                        │ _062539_/A      │ met2  │
│ 2.30  │ 6397.52 │ 2778.20  │ s10_rdata[14\]                │ _091156_/A0     │ met4  │
│ 1.92  │ 768.74  │ 400.00   │ _027642_                      │ _081304_/C1     │ met3  │
│ 1.88  │ 5214.32 │ 2771.60  │ _015345_                      │ _060921_/A2     │ met3  │
│ 1.58  │ 630.87  │ 400.00   │ _014972_                      │ _060415_/B      │ met3  │
│ 1.58  │ 630.87  │ 400.00   │ _014972_                      │ _090096_/A      │ met3  │
│ 1.58  │ 630.87  │ 400.00   │ _014972_                      │ _113617_/A0     │ met3  │
│ 1.58  │ 630.87  │ 400.00   │ _014972_                      │ _113884_/A0     │ met3  │
│ 1.37  │ 548.86  │ 400.00   │ iram_s_wstrb[2\]              │ _091347_/A0     │ met2  │
│ 1.34  │ 535.49  │ 400.00   │ u_npu.tcm_addr_a[6\]          │ load_slew468/A  │ met1  │
│ 1.22  │ 487.56  │ 400.00   │ qspi_irq                      │ _060344_/A1     │ met3  │
│ 1.22  │ 487.56  │ 400.00   │ qspi_irq                      │ _125959_/D      │ met3  │
│ 1.20  │ 478.76  │ 400.00   │ iram_s_wdata[16\]             │ wire1840/A      │ met3  │
│ 1.13  │ 451.05  │ 400.00   │ net5841                       │ _061051_/C1     │ met1  │
│ 1.13  │ 451.05  │ 400.00   │ net5841                       │ _061126_/B1     │ met1  │
│ 1.11  │ 442.67  │ 400.00   │ iram_s_wdata[25\]             │ wire1775/A      │ met3  │
│ 1.08  │ 431.89  │ 400.00   │ u_npu.u_npu_sram.dout_b[286\] │ _061109_/A2     │ met1  │
│ 1.07  │ 2970.10 │ 2778.20  │ s10_rdata[14\]                │ _091156_/A0     │ met3  │
│ 1.02  │ 2825.86 │ 2778.20  │ data_axil_araddr[2\]          │ _089294_/A0     │ met2  │
└───────┴─────────┴──────────┴───────────────────────────────┴─────────────────┴───────┘
