                                                                     Buffers by Cell Master                                                                     
┏━━━━━━━━━━━━━━━━━━━━━━━━━━━━━━━━━━━━━━━━━━━━━━━━━━━━━━━━━━━━━━━━━━━━━━━━━━━━━━━━━━━━━━━━━━━━━━━━━━━━━━━━━━━━━━━━━━━━━━━━━━━━━━━━━━━┳━━━━━━━━━━━━━━━━━━━━━━━━━━┓
┃ Buffer                                                                                                                            ┃ Count                    ┃
┡━━━━━━━━━━━━━━━━━━━━━━━━━━━━━━━━━━━━━━━━━━━━━━━━━━━━━━━━━━━━━━━━━━━━━━━━━━━━━━━━━━━━━━━━━━━━━━━━━━━━━━━━━━━━━━━━━━━━━━━━━━━━━━━━━━━╇━━━━━━━━━━━━━━━━━━━━━━━━━━┩
│ sky130_fd_sc_hd__buf_1                                                                                                            │ 441                      │
│ sky130_fd_sc_hd__buf_12                                                                                                           │ 1299                     │
│ sky130_fd_sc_hd__buf_2                                                                                                            │ 635                      │
│ sky130_fd_sc_hd__buf_4                                                                                                            │ 444                      │
│ sky130_fd_sc_hd__buf_6                                                                                                            │ 2012                     │
│ sky130_fd_sc_hd__buf_8                                                                                                            │ 378                      │
│ sky130_fd_sc_hd__clkbuf_16                                                                                                        │ 300                      │
│ sky130_fd_sc_hd__clkbuf_2                                                                                                         │ 1555                     │
│ sky130_fd_sc_hd__clkbuf_4                                                                                                         │ 381                      │
│ sky130_fd_sc_hd__clkbuf_8                                                                                                         │ 1709                     │
│ sky130_fd_sc_hd__clkdlybuf4s25_1                                                                                                  │ 62                       │
│ sky130_fd_sc_hd__dlygate4sd3_1                                                                                                    │ 8973                     │
└───────────────────────────────────────────────────────────────────────────────────────────────────────────────────────────────────┴──────────────────────────┘
