                                                                        Cells by Master                                                                         
┏━━━━━━━━━━━━━━━━━━━━━━━━━━━━━━━━━━━━━━━━━━━━━━━━━━━━━━━━━━━━━━━━━━━━━━━━━━━━━━━━━━━━━━━━━━━━━━━━━━━━━━━━━━━━━━━━━━━━━━━━━━━━━┳━━━━━━━━━━━━━━━━━━━━━━━━━━━━━━━━┓
┃ Cell                                                                                                                        ┃ Count                          ┃
┡━━━━━━━━━━━━━━━━━━━━━━━━━━━━━━━━━━━━━━━━━━━━━━━━━━━━━━━━━━━━━━━━━━━━━━━━━━━━━━━━━━━━━━━━━━━━━━━━━━━━━━━━━━━━━━━━━━━━━━━━━━━━━╇━━━━━━━━━━━━━━━━━━━━━━━━━━━━━━━━┩
│ sky130_fd_sc_hd__a2111o_2                                                                                                   │ 59                             │
│ sky130_fd_sc_hd__a2111oi_2                                                                                                  │ 4                              │
│ sky130_fd_sc_hd__a2111oi_4                                                                                                  │ 8                              │
│ sky130_fd_sc_hd__a211o_2                                                                                                    │ 639                            │
│ sky130_fd_sc_hd__a211o_4                                                                                                    │ 21                             │
│ sky130_fd_sc_hd__a211oi_2                                                                                                   │ 174                            │
│ sky130_fd_sc_hd__a211oi_4                                                                                                   │ 20                             │
│ sky130_fd_sc_hd__a21bo_2                                                                                                    │ 279                            │
│ sky130_fd_sc_hd__a21bo_4                                                                                                    │ 15                             │
│ sky130_fd_sc_hd__a21boi_2                                                                                                   │ 92                             │
│ sky130_fd_sc_hd__a21boi_4                                                                                                   │ 6                              │
│ sky130_fd_sc_hd__a21o_2                                                                                                     │ 2795                           │
│ sky130_fd_sc_hd__a21o_4                                                                                                     │ 95                             │
│ sky130_fd_sc_hd__a21oi_2                                                                                                    │ 1826                           │
│ sky130_fd_sc_hd__a21oi_4                                                                                                    │ 123                            │
│ sky130_fd_sc_hd__a221o_2                                                                                                    │ 1727                           │
│ sky130_fd_sc_hd__a221o_4                                                                                                    │ 29                             │
│ sky130_fd_sc_hd__a221oi_2                                                                                                   │ 27                             │
│ sky130_fd_sc_hd__a221oi_4                                                                                                   │ 30                             │
│ sky130_fd_sc_hd__a22o_2                                                                                                     │ 3334                           │
│ sky130_fd_sc_hd__a22o_4                                                                                                     │ 18                             │
│ sky130_fd_sc_hd__a22oi_2                                                                                                    │ 238                            │
│ sky130_fd_sc_hd__a2bb2o_2                                                                                                   │ 315                            │
│ sky130_fd_sc_hd__a2bb2o_4                                                                                                   │ 18                             │
│ sky130_fd_sc_hd__a2bb2oi_2                                                                                                  │ 6                              │
│ sky130_fd_sc_hd__a311o_2                                                                                                    │ 94                             │
│ sky130_fd_sc_hd__a311oi_2                                                                                                   │ 4                              │
│ sky130_fd_sc_hd__a311oi_4                                                                                                   │ 2                              │
│ sky130_fd_sc_hd__a31o_2                                                                                                     │ 745                            │
│ sky130_fd_sc_hd__a31o_4                                                                                                     │ 18                             │
│ sky130_fd_sc_hd__a31oi_2                                                                                                    │ 71                             │
│ sky130_fd_sc_hd__a31oi_4                                                                                                    │ 7                              │
│ sky130_fd_sc_hd__a32o_2                                                                                                     │ 570                            │
│ sky130_fd_sc_hd__a32oi_2                                                                                                    │ 9                              │
│ sky130_fd_sc_hd__a41o_2                                                                                                     │ 31                             │
│ sky130_fd_sc_hd__a41o_4                                                                                                     │ 2                              │
│ sky130_fd_sc_hd__and2_2                                                                                                     │ 1903                           │
│ sky130_fd_sc_hd__and2_4                                                                                                     │ 77                             │
│ sky130_fd_sc_hd__and2b_1                                                                                                    │ 2                              │
│ sky130_fd_sc_hd__and2b_2                                                                                                    │ 791                            │
│ sky130_fd_sc_hd__and2b_4                                                                                                    │ 11                             │
│ sky130_fd_sc_hd__and3_2                                                                                                     │ 1349                           │
│ sky130_fd_sc_hd__and3_4                                                                                                     │ 51                             │
│ sky130_fd_sc_hd__and3b_2                                                                                                    │ 213                            │
│ sky130_fd_sc_hd__and4_2                                                                                                     │ 305                            │
│ sky130_fd_sc_hd__and4_4                                                                                                     │ 10                             │
│ sky130_fd_sc_hd__and4b_2                                                                                                    │ 79                             │
│ sky130_fd_sc_hd__and4b_4                                                                                                    │ 1                              │
│ sky130_fd_sc_hd__and4bb_2                                                                                                   │ 52                             │
│ sky130_fd_sc_hd__and4bb_4                                                                                                   │ 2                              │
│ sky130_fd_sc_hd__buf_1                                                                                                      │ 441                            │
│ sky130_fd_sc_hd__buf_12                                                                                                     │ 1299                           │
│ sky130_fd_sc_hd__buf_2                                                                                                      │ 635                            │
│ sky130_fd_sc_hd__buf_4                                                                                                      │ 444                            │
│ sky130_fd_sc_hd__buf_6                                                                                                      │ 2012                           │
│ sky130_fd_sc_hd__buf_8                                                                                                      │ 378                            │
│ sky130_fd_sc_hd__bufinv_16                                                                                                  │ 95                             │
│ sky130_fd_sc_hd__clkbuf_16                                                                                                  │ 300                            │
│ sky130_fd_sc_hd__clkbuf_2                                                                                                   │ 1555                           │
│ sky130_fd_sc_hd__clkbuf_4                                                                                                   │ 381                            │
│ sky130_fd_sc_hd__clkbuf_8                                                                                                   │ 1709                           │
│ sky130_fd_sc_hd__clkdlybuf4s25_1                                                                                            │ 62                             │
│ sky130_fd_sc_hd__clkinv_1                                                                                                   │ 2                              │
│ sky130_fd_sc_hd__clkinv_2                                                                                                   │ 177                            │
│ sky130_fd_sc_hd__clkinv_4                                                                                                   │ 25                             │
│ sky130_fd_sc_hd__clkinv_8                                                                                                   │ 2                              │
│ sky130_fd_sc_hd__clkinvlp_4                                                                                                 │ 31                             │
│ sky130_fd_sc_hd__conb_1                                                                                                     │ 3                              │
│ sky130_fd_sc_hd__decap_3                                                                                                    │ 1737983                        │
│ sky130_fd_sc_hd__dfrtp_2                                                                                                    │ 5716                           │
│ sky130_fd_sc_hd__dfrtp_4                                                                                                    │ 94                             │
│ sky130_fd_sc_hd__dfstp_2                                                                                                    │ 99                             │
│ sky130_fd_sc_hd__dfstp_4                                                                                                    │ 2                              │
│ sky130_fd_sc_hd__dfxtp_2                                                                                                    │ 6290                           │
│ sky130_fd_sc_hd__dfxtp_4                                                                                                    │ 8                              │
│ sky130_fd_sc_hd__diode_2                                                                                                    │ 3097                           │
│ sky130_fd_sc_hd__dlygate4sd3_1                                                                                              │ 8973                           │
│ sky130_fd_sc_hd__fill_1                                                                                                     │ 108583                         │
│ sky130_fd_sc_hd__fill_2                                                                                                     │ 28696                          │
│ sky130_fd_sc_hd__inv_12                                                                                                     │ 1                              │
│ sky130_fd_sc_hd__inv_2                                                                                                      │ 1166                           │
│ sky130_fd_sc_hd__inv_4                                                                                                      │ 30                             │
│ sky130_fd_sc_hd__inv_6                                                                                                      │ 33                             │
│ sky130_fd_sc_hd__inv_8                                                                                                      │ 19                             │
│ sky130_fd_sc_hd__mux2_1                                                                                                     │ 10597                          │
│ sky130_fd_sc_hd__mux2_2                                                                                                     │ 158                            │
│ sky130_fd_sc_hd__mux2_4                                                                                                     │ 120                            │
│ sky130_fd_sc_hd__mux2_8                                                                                                     │ 22                             │
│ sky130_fd_sc_hd__mux4_1                                                                                                     │ 3                              │
│ sky130_fd_sc_hd__mux4_2                                                                                                     │ 1129                           │
│ sky130_fd_sc_hd__nand2_2                                                                                                    │ 3770                           │
│ sky130_fd_sc_hd__nand2_4                                                                                                    │ 29                             │
│ sky130_fd_sc_hd__nand2_8                                                                                                    │ 11                             │
│ sky130_fd_sc_hd__nand2b_2                                                                                                   │ 612                            │
│ sky130_fd_sc_hd__nand2b_4                                                                                                   │ 10                             │
│ sky130_fd_sc_hd__nand3_1                                                                                                    │ 2                              │
│ sky130_fd_sc_hd__nand3_2                                                                                                    │ 472                            │
│ sky130_fd_sc_hd__nand3_4                                                                                                    │ 9                              │
│ sky130_fd_sc_hd__nand3b_2                                                                                                   │ 27                             │
│ sky130_fd_sc_hd__nand3b_4                                                                                                   │ 2                              │
│ sky130_fd_sc_hd__nand4_2                                                                                                    │ 85                             │
│ sky130_fd_sc_hd__nand4_4                                                                                                    │ 5                              │
│ sky130_fd_sc_hd__nand4b_4                                                                                                   │ 1                              │
│ sky130_fd_sc_hd__nor2_2                                                                                                     │ 3955                           │
│ sky130_fd_sc_hd__nor2_4                                                                                                     │ 203                            │
│ sky130_fd_sc_hd__nor3_2                                                                                                     │ 289                            │
│ sky130_fd_sc_hd__nor3_4                                                                                                     │ 32                             │
│ sky130_fd_sc_hd__nor3b_2                                                                                                    │ 25                             │
│ sky130_fd_sc_hd__nor3b_4                                                                                                    │ 3                              │
│ sky130_fd_sc_hd__nor4_2                                                                                                     │ 41                             │
│ sky130_fd_sc_hd__nor4_4                                                                                                     │ 5                              │
│ sky130_fd_sc_hd__nor4b_2                                                                                                    │ 3                              │
│ sky130_fd_sc_hd__nor4b_4                                                                                                    │ 1                              │
│ sky130_fd_sc_hd__o2111a_2                                                                                                   │ 25                             │
│ sky130_fd_sc_hd__o2111ai_2                                                                                                  │ 1                              │
│ sky130_fd_sc_hd__o2111ai_4                                                                                                  │ 2                              │
│ sky130_fd_sc_hd__o211a_2                                                                                                    │ 587                            │
│ sky130_fd_sc_hd__o211a_4                                                                                                    │ 29                             │
│ sky130_fd_sc_hd__o211ai_2                                                                                                   │ 139                            │
│ sky130_fd_sc_hd__o211ai_4                                                                                                   │ 19                             │
│ sky130_fd_sc_hd__o21a_2                                                                                                     │ 1540                           │
│ sky130_fd_sc_hd__o21a_4                                                                                                     │ 30                             │
│ sky130_fd_sc_hd__o21ai_2                                                                                                    │ 1319                           │
│ sky130_fd_sc_hd__o21ai_4                                                                                                    │ 42                             │
│ sky130_fd_sc_hd__o21ba_2                                                                                                    │ 298                            │
│ sky130_fd_sc_hd__o21ba_4                                                                                                    │ 13                             │
│ sky130_fd_sc_hd__o21bai_2                                                                                                   │ 160                            │
│ sky130_fd_sc_hd__o21bai_4                                                                                                   │ 12                             │
│ sky130_fd_sc_hd__o221a_2                                                                                                    │ 1148                           │
│ sky130_fd_sc_hd__o221a_4                                                                                                    │ 3                              │
│ sky130_fd_sc_hd__o221ai_2                                                                                                   │ 7                              │
│ sky130_fd_sc_hd__o221ai_4                                                                                                   │ 2                              │
│ sky130_fd_sc_hd__o22a_2                                                                                                     │ 514                            │
│ sky130_fd_sc_hd__o22a_4                                                                                                     │ 12                             │
│ sky130_fd_sc_hd__o22ai_2                                                                                                    │ 60                             │
│ sky130_fd_sc_hd__o22ai_4                                                                                                    │ 5                              │
│ sky130_fd_sc_hd__o2bb2a_2                                                                                                   │ 211                            │
│ sky130_fd_sc_hd__o2bb2a_4                                                                                                   │ 12                             │
│ sky130_fd_sc_hd__o2bb2ai_2                                                                                                  │ 6                              │
│ sky130_fd_sc_hd__o311a_2                                                                                                    │ 139                            │
│ sky130_fd_sc_hd__o311a_4                                                                                                    │ 3                              │
│ sky130_fd_sc_hd__o311ai_2                                                                                                   │ 1                              │
│ sky130_fd_sc_hd__o311ai_4                                                                                                   │ 1                              │
│ sky130_fd_sc_hd__o31a_2                                                                                                     │ 286                            │
│ sky130_fd_sc_hd__o31a_4                                                                                                     │ 9                              │
│ sky130_fd_sc_hd__o31ai_2                                                                                                    │ 65                             │
│ sky130_fd_sc_hd__o31ai_4                                                                                                    │ 5                              │
│ sky130_fd_sc_hd__o32a_2                                                                                                     │ 118                            │
│ sky130_fd_sc_hd__o32a_4                                                                                                     │ 7                              │
│ sky130_fd_sc_hd__o32ai_2                                                                                                    │ 9                              │
│ sky130_fd_sc_hd__o32ai_4                                                                                                    │ 1                              │
│ sky130_fd_sc_hd__o41a_2                                                                                                     │ 29                             │
│ sky130_fd_sc_hd__o41a_4                                                                                                     │ 3                              │
│ sky130_fd_sc_hd__o41ai_2                                                                                                    │ 2                              │
│ sky130_fd_sc_hd__or2_2                                                                                                      │ 2873                           │
│ sky130_fd_sc_hd__or2_4                                                                                                      │ 118                            │
│ sky130_fd_sc_hd__or3_2                                                                                                      │ 792                            │
│ sky130_fd_sc_hd__or3_4                                                                                                      │ 108                            │
│ sky130_fd_sc_hd__or3b_2                                                                                                     │ 271                            │
│ sky130_fd_sc_hd__or3b_4                                                                                                     │ 30                             │
│ sky130_fd_sc_hd__or4_2                                                                                                      │ 331                            │
│ sky130_fd_sc_hd__or4_4                                                                                                      │ 41                             │
│ sky130_fd_sc_hd__or4b_2                                                                                                     │ 93                             │
│ sky130_fd_sc_hd__or4b_4                                                                                                     │ 23                             │
│ sky130_fd_sc_hd__or4bb_2                                                                                                    │ 12                             │
│ sky130_fd_sc_hd__or4bb_4                                                                                                    │ 10                             │
│ sky130_fd_sc_hd__tapvpwrvgnd_1                                                                                              │ 113470                         │
│ sky130_fd_sc_hd__xnor2_2                                                                                                    │ 3163                           │
│ sky130_fd_sc_hd__xnor2_4                                                                                                    │ 86                             │
│ sky130_fd_sc_hd__xor2_2                                                                                                     │ 1415                           │
│ sky130_fd_sc_hd__xor2_4                                                                                                     │ 23                             │
│ sky130_sram_2kbyte_1rw1r_32x512_8                                                                                           │ 23                             │
└─────────────────────────────────────────────────────────────────────────────────────────────────────────────────────────────┴────────────────────────────────┘
