                                                                       Cells by Function                                                                        
┏━━━━━━━━━━━━━━━━━━━━━━━━━━━━━━━━━━━━━━━━━━━━━━━━━━━━━━━━━━━━━━━━━━━━━━━━━━━━━━━━━━━━━━━━━━━━━━━━━━━━━━━━━━━━━━━━━━━━━━━━━━━┳━━━━━━━━━━━━━━━━━━━━━━━━━━━━━━━━━━┓
┃ Cell Function                                                                                                             ┃ Count                            ┃
┡━━━━━━━━━━━━━━━━━━━━━━━━━━━━━━━━━━━━━━━━━━━━━━━━━━━━━━━━━━━━━━━━━━━━━━━━━━━━━━━━━━━━━━━━━━━━━━━━━━━━━━━━━━━━━━━━━━━━━━━━━━━╇━━━━━━━━━━━━━━━━━━━━━━━━━━━━━━━━━━┩
│ sky130_fd_sc_hd__a2111o                                                                                                   │ 59                               │
│ sky130_fd_sc_hd__a2111oi                                                                                                  │ 12                               │
│ sky130_fd_sc_hd__a211o                                                                                                    │ 660                              │
│ sky130_fd_sc_hd__a211oi                                                                                                   │ 194                              │
│ sky130_fd_sc_hd__a21bo                                                                                                    │ 294                              │
│ sky130_fd_sc_hd__a21boi                                                                                                   │ 98                               │
│ sky130_fd_sc_hd__a21o                                                                                                     │ 2890                             │
│ sky130_fd_sc_hd__a21oi                                                                                                    │ 1949                             │
│ sky130_fd_sc_hd__a221o                                                                                                    │ 1756                             │
│ sky130_fd_sc_hd__a221oi                                                                                                   │ 57                               │
│ sky130_fd_sc_hd__a22o                                                                                                     │ 3352                             │
│ sky130_fd_sc_hd__a22oi                                                                                                    │ 238                              │
│ sky130_fd_sc_hd__a2bb2o                                                                                                   │ 333                              │
│ sky130_fd_sc_hd__a2bb2oi                                                                                                  │ 6                                │
│ sky130_fd_sc_hd__a311o                                                                                                    │ 94                               │
│ sky130_fd_sc_hd__a311oi                                                                                                   │ 6                                │
│ sky130_fd_sc_hd__a31o                                                                                                     │ 763                              │
│ sky130_fd_sc_hd__a31oi                                                                                                    │ 78                               │
│ sky130_fd_sc_hd__a32o                                                                                                     │ 570                              │
│ sky130_fd_sc_hd__a32oi                                                                                                    │ 9                                │
│ sky130_fd_sc_hd__a41o                                                                                                     │ 33                               │
│ sky130_fd_sc_hd__and2                                                                                                     │ 1980                             │
│ sky130_fd_sc_hd__and2b                                                                                                    │ 804                              │
│ sky130_fd_sc_hd__and3                                                                                                     │ 1400                             │
│ sky130_fd_sc_hd__and3b                                                                                                    │ 213                              │
│ sky130_fd_sc_hd__and4                                                                                                     │ 315                              │
│ sky130_fd_sc_hd__and4b                                                                                                    │ 80                               │
│ sky130_fd_sc_hd__and4bb                                                                                                   │ 54                               │
│ sky130_fd_sc_hd__buf                                                                                                      │ 5209                             │
│ sky130_fd_sc_hd__bufinv                                                                                                   │ 95                               │
│ sky130_fd_sc_hd__clkbuf                                                                                                   │ 3945                             │
│ sky130_fd_sc_hd__clkdlybuf4s25                                                                                            │ 62                               │
│ sky130_fd_sc_hd__clkinv                                                                                                   │ 206                              │
│ sky130_fd_sc_hd__clkinvlp                                                                                                 │ 31                               │
│ sky130_fd_sc_hd__conb                                                                                                     │ 3                                │
│ sky130_fd_sc_hd__decap                                                                                                    │ 1737983                          │
│ sky130_fd_sc_hd__dfrtp                                                                                                    │ 5810                             │
│ sky130_fd_sc_hd__dfstp                                                                                                    │ 101                              │
│ sky130_fd_sc_hd__dfxtp                                                                                                    │ 6298                             │
│ sky130_fd_sc_hd__diode                                                                                                    │ 3097                             │
│ sky130_fd_sc_hd__dlygate4sd3                                                                                              │ 8973                             │
│ sky130_fd_sc_hd__fill                                                                                                     │ 137279                           │
│ sky130_fd_sc_hd__inv                                                                                                      │ 1249                             │
│ sky130_fd_sc_hd__mux2                                                                                                     │ 10897                            │
│ sky130_fd_sc_hd__mux4                                                                                                     │ 1132                             │
│ sky130_fd_sc_hd__nand2                                                                                                    │ 3810                             │
│ sky130_fd_sc_hd__nand2b                                                                                                   │ 622                              │
│ sky130_fd_sc_hd__nand3                                                                                                    │ 483                              │
│ sky130_fd_sc_hd__nand3b                                                                                                   │ 29                               │
│ sky130_fd_sc_hd__nand4                                                                                                    │ 90                               │
│ sky130_fd_sc_hd__nand4b                                                                                                   │ 1                                │
│ sky130_fd_sc_hd__nor2                                                                                                     │ 4158                             │
│ sky130_fd_sc_hd__nor3                                                                                                     │ 321                              │
│ sky130_fd_sc_hd__nor3b                                                                                                    │ 28                               │
│ sky130_fd_sc_hd__nor4                                                                                                     │ 46                               │
│ sky130_fd_sc_hd__nor4b                                                                                                    │ 4                                │
│ sky130_fd_sc_hd__o2111a                                                                                                   │ 25                               │
│ sky130_fd_sc_hd__o2111ai                                                                                                  │ 3                                │
│ sky130_fd_sc_hd__o211a                                                                                                    │ 616                              │
│ sky130_fd_sc_hd__o211ai                                                                                                   │ 158                              │
│ sky130_fd_sc_hd__o21a                                                                                                     │ 1570                             │
│ sky130_fd_sc_hd__o21ai                                                                                                    │ 1361                             │
│ sky130_fd_sc_hd__o21ba                                                                                                    │ 311                              │
│ sky130_fd_sc_hd__o21bai                                                                                                   │ 172                              │
│ sky130_fd_sc_hd__o221a                                                                                                    │ 1151                             │
│ sky130_fd_sc_hd__o221ai                                                                                                   │ 9                                │
│ sky130_fd_sc_hd__o22a                                                                                                     │ 526                              │
│ sky130_fd_sc_hd__o22ai                                                                                                    │ 65                               │
│ sky130_fd_sc_hd__o2bb2a                                                                                                   │ 223                              │
│ sky130_fd_sc_hd__o2bb2ai                                                                                                  │ 6                                │
│ sky130_fd_sc_hd__o311a                                                                                                    │ 142                              │
│ sky130_fd_sc_hd__o311ai                                                                                                   │ 2                                │
│ sky130_fd_sc_hd__o31a                                                                                                     │ 295                              │
│ sky130_fd_sc_hd__o31ai                                                                                                    │ 70                               │
│ sky130_fd_sc_hd__o32a                                                                                                     │ 125                              │
│ sky130_fd_sc_hd__o32ai                                                                                                    │ 10                               │
│ sky130_fd_sc_hd__o41a                                                                                                     │ 32                               │
│ sky130_fd_sc_hd__o41ai                                                                                                    │ 2                                │
│ sky130_fd_sc_hd__or2                                                                                                      │ 2991                             │
│ sky130_fd_sc_hd__or3                                                                                                      │ 900                              │
│ sky130_fd_sc_hd__or3b                                                                                                     │ 301                              │
│ sky130_fd_sc_hd__or4                                                                                                      │ 372                              │
│ sky130_fd_sc_hd__or4b                                                                                                     │ 116                              │
│ sky130_fd_sc_hd__or4bb                                                                                                    │ 22                               │
│ sky130_fd_sc_hd__tapvpwrvgnd                                                                                              │ 113470                           │
│ sky130_fd_sc_hd__xnor2                                                                                                    │ 3249                             │
│ sky130_fd_sc_hd__xor2                                                                                                     │ 1438                             │
└───────────────────────────────────────────────────────────────────────────────────────────────────────────────────────────┴──────────────────────────────────┘
