Clock: clk_i
Sources: clk_i 
Generated: no
Virtual: yes
Propagated: no
Period: 20.000000

===========================================================================
report_clock_properties
============================================================================
Clock                   Period          Waveform
----------------------------------------------------
clk_i                20.000000    0.000000 10.000000

===========================================================================
report_clock_latency
============================================================================
Clock clk_i
rise -> rise
    min     max
0.000000 0.000000 source latency
2.148430         network latency _121410_/CLK
        3.088910 network latency _124707_/CLK
---------------
2.148430 3.088910 latency
        0.940480 skew

fall -> fall
    min     max
0.000000 0.000000 source latency
2.472491         network latency _121410_/CLK
        3.583640 network latency _124707_/CLK
---------------
2.472491 3.583640 latency
        1.111149 skew



===========================================================================
report_clock_min_period
============================================================================
clk_i period_min = 9.28 fmax = 107.80
Clock: jtag_clk
Sources: jtag_tck 
Generated: no
Virtual: yes
Propagated: no
Period: 100.000000

===========================================================================
report_clock_properties
============================================================================
Clock                   Period          Waveform
----------------------------------------------------
jtag_clk            100.000000    0.000000 50.000000

===========================================================================
report_clock_latency
============================================================================
Clock jtag_clk
rise -> rise
    min     max
0.000000 0.000000 source latency
0.541872         network latency _124206_/CLK
        0.562042 network latency _125867_/CLK
---------------
0.541872 0.562042 latency
        0.020170 skew

fall -> fall
    min     max
0.000000 0.000000 source latency
0.613351         network latency _124179_/CLK
        0.630841 network latency _125867_/CLK
---------------
0.613351 0.630841 latency
        0.017490 skew



===========================================================================
report_clock_min_period
============================================================================
jtag_clk period_min = 1.92 fmax = 521.45
