Total number of Clock Roots: 3.
Total number of Buffers Inserted: 1466.
Total number of Clock Subnets: 1466.
Total number of Sinks: 12255.
Cells used:
  sky130_fd_sc_hd__clkbuf_8: 1335
  sky130_fd_sc_hd__clkbuf_16: 132
Dummys used:
  sky130_fd_sc_hd__bufinv_16: 95
  sky130_fd_sc_hd__clkbuf_2: 1
  sky130_fd_sc_hd__clkbuf_4: 358
  sky130_fd_sc_hd__clkbuf_8: 320
  sky130_fd_sc_hd__clkinv_1: 2
  sky130_fd_sc_hd__clkinv_2: 172
  sky130_fd_sc_hd__clkinv_4: 24
  sky130_fd_sc_hd__clkinv_8: 2
  sky130_fd_sc_hd__clkinvlp_4: 31
  sky130_fd_sc_hd__inv_4: 16
  sky130_fd_sc_hd__inv_6: 29
  sky130_fd_sc_hd__inv_8: 9
  sky130_fd_sc_hd__inv_12: 1
