7658 Magic DRC errors found. - deferred
Error while reading cell "sky130_fd_bd_sram__openram_dp_cell_cap_row" (byte position 2555894): Unknown layer/datatype in boundary, layer=33 type=42

Error while reading cell "sky130_fd_bd_sram__openram_dp_cell_cap_row" (byte position 2556598): Unknown layer/datatype in boundary, layer=33 type=43

Error while reading cell "sky130_fd_bd_sram__openram_dp_cell_cap_row" (byte position 2557558): Unknown layer/datatype in boundary, layer=22 type=21

Error while reading cell "sky130_fd_bd_sram__openram_dp_cell_dummy" (byte position 3036830): Unknown layer/datatype in boundary, layer=33 type=42

Error while reading cell "sky130_fd_bd_sram__openram_dp_cell_dummy" (byte position 3040606): Unknown layer/datatype in boundary, layer=33 type=43

Error while reading cell "sky130_fd_bd_sram__openram_dp_cell_dummy" (byte position 3044798): Unknown layer/datatype in boundary, layer=22 type=21

Error while reading cell "sky130_fd_bd_sram__openram_dp_cell_dummy" (byte position 3045662): Unknown layer/datatype in boundary, layer=22 type=22

Error while reading cell "sky130_fd_bd_sram__openram_dp_cell_dummy" (byte position 3045918): Unknown layer/datatype in boundary, layer=235 type=0

Error while reading cell "sky130_fd_bd_sram__openram_dp_cell_replica" (byte position 3226272): Unknown layer/datatype in boundary, layer=33 type=42

Error while reading cell "sky130_fd_bd_sram__openram_dp_cell_replica" (byte position 3230048): Unknown layer/datatype in boundary, layer=33 type=43

Error while reading cell "sky130_fd_bd_sram__openram_dp_cell_replica" (byte position 3234240): Unknown layer/datatype in boundary, layer=22 type=21

Error while reading cell "sky130_fd_bd_sram__openram_dp_cell_replica" (byte position 3235616): Unknown layer/datatype in boundary, layer=22 type=22

Error while reading cell "sky130_fd_bd_sram__openram_dp_cell_replica" (byte position 3235872): Unknown layer/datatype in boundary, layer=235 type=0

Error while reading cell "sky130_fd_bd_sram__openram_dp_cell" (byte position 3475470): Unknown layer/datatype in boundary, layer=33 type=42

Error while reading cell "sky130_fd_bd_sram__openram_dp_cell" (byte position 3479246): Unknown layer/datatype in boundary, layer=33 type=43

Error while reading cell "sky130_fd_bd_sram__openram_dp_cell" (byte position 3483438): Unknown layer/datatype in boundary, layer=22 type=21

Error while reading cell "sky130_fd_bd_sram__openram_dp_cell" (byte position 3484814): Unknown layer/datatype in boundary, layer=22 type=22

Error while reading cell "sky130_fd_bd_sram__openram_dp_cell" (byte position 3485070): Unknown layer/datatype in boundary, layer=235 type=0

Error while reading cell "sky130_fd_bd_sram__openram_dp_cell_cap_row" (byte position 2555894): Unknown layer/datatype in boundary, layer=33 type=42

Error while reading cell "sky130_fd_bd_sram__openram_dp_cell_cap_row" (byte position 2556598): Unknown layer/datatype in boundary, layer=33 type=43

Error while reading cell "sky130_fd_bd_sram__openram_dp_cell_cap_row" (byte position 2557558): Unknown layer/datatype in boundary, layer=22 type=21

Error while reading cell "sky130_fd_bd_sram__openram_dp_cell_dummy" (byte position 3036830): Unknown layer/datatype in boundary, layer=33 type=42

Error while reading cell "sky130_fd_bd_sram__openram_dp_cell_dummy" (byte position 3040606): Unknown layer/datatype in boundary, layer=33 type=43

Error while reading cell "sky130_fd_bd_sram__openram_dp_cell_dummy" (byte position 3044798): Unknown layer/datatype in boundary, layer=22 type=21

Error while reading cell "sky130_fd_bd_sram__openram_dp_cell_dummy" (byte position 3045662): Unknown layer/datatype in boundary, layer=22 type=22

Error while reading cell "sky130_fd_bd_sram__openram_dp_cell_dummy" (byte position 3045918): Unknown layer/datatype in boundary, layer=235 type=0

Error while reading cell "sky130_fd_bd_sram__openram_dp_cell_replica" (byte position 3226272): Unknown layer/datatype in boundary, layer=33 type=42

Error while reading cell "sky130_fd_bd_sram__openram_dp_cell_replica" (byte position 3230048): Unknown layer/datatype in boundary, layer=33 type=43

Error while reading cell "sky130_fd_bd_sram__openram_dp_cell_replica" (byte position 3234240): Unknown layer/datatype in boundary, layer=22 type=21

Error while reading cell "sky130_fd_bd_sram__openram_dp_cell_replica" (byte position 3235616): Unknown layer/datatype in boundary, layer=22 type=22

Error while reading cell "sky130_fd_bd_sram__openram_dp_cell_replica" (byte position 3235872): Unknown layer/datatype in boundary, layer=235 type=0

Error while reading cell "sky130_fd_bd_sram__openram_dp_cell" (byte position 3475470): Unknown layer/datatype in boundary, layer=33 type=42

Error while reading cell "sky130_fd_bd_sram__openram_dp_cell" (byte position 3479246): Unknown layer/datatype in boundary, layer=33 type=43

Error while reading cell "sky130_fd_bd_sram__openram_dp_cell" (byte position 3483438): Unknown layer/datatype in boundary, layer=22 type=21

Error while reading cell "sky130_fd_bd_sram__openram_dp_cell" (byte position 3484814): Unknown layer/datatype in boundary, layer=22 type=22

Error while reading cell "sky130_fd_bd_sram__openram_dp_cell" (byte position 3485070): Unknown layer/datatype in boundary, layer=235 type=0

