[WARNING ORD-0039] .openroad ignored with -python
Unannotated report:
['report_parasitic_annotation -report_unannotated\n',
 '============================================================================\n',
 'Found 1320 unannotated drivers.\n',
 ' i2c_scl_i\n',
 ' _125963__6238/LO\n',
 ' clkload0/X\n',
 ' clkload1/Y\n',
 ' clkload10/Y\n',
 ' clkload100/X\n',
 ' clkload1000/X\n',
 ' clkload1001/Y\n',
 ' clkload1002/X\n',
 ' clkload1003/X\n',
 ' clkload1004/X\n',
 ' clkload1005/Y\n',
 ' clkload1006/Y\n',
 ' clkload1007/X\n',
 ' clkload1008/X\n',
 ' clkload1009/X\n',
 ' clkload101/Y\n',
 ' clkload1010/Y\n',
 ' clkload1011/X\n',
 ' clkload1012/Y\n',
 ' clkload1013/X\n',
 ' clkload1014/X\n',
 ' clkload1015/X\n',
 ' clkload1016/X\n',
 ' clkload1017/X\n',
 ' clkload1018/X\n',
 ' clkload1019/X\n',
 ' clkload102/X\n',
 ' clkload1020/X\n',
 ' clkload1021/Y\n',
 ' clkload1022/Y\n',
 ' clkload1023/Y\n',
 ' clkload1024/X\n',
 ' clkload1025/X\n',
 ' clkload1026/X\n',
 ' clkload1027/Y\n',
 ' clkload1028/X\n',
 ' clkload1029/X\n',
 ' clkload103/X\n',
 ' clkload1030/Y\n',
 ' clkload1031/X\n',
 ' clkload1032/X\n',
 ' clkload1033/Y\n',
 ' clkload1034/X\n',
 ' clkload1035/X\n',
 ' clkload1036/X\n',
 ' clkload1037/Y\n',
 ' clkload1038/Y\n',
 ' clkload1039/Y\n',
 ' clkload104/Y\n',
 ' clkload1040/Y\n',
 ' clkload1041/Y\n',
 ' clkload1042/Y\n',
 ' clkload1043/X\n',
 ' clkload1044/Y\n',
 ' clkload1045/Y\n',
 ' clkload1046/Y\n',
 ' clkload1047/Y\n',
 ' clkload1048/Y\n',
 ' clkload1049/X\n',
 ' clkload105/Y\n',
 ' clkload1050/X\n',
 ' clkload1051/Y\n',
 ' clkload1052/Y\n',
 ' clkload1053/X\n',
 ' clkload1054/Y\n',
 ' clkload1055/X\n',
 ' clkload1056/X\n',
 ' clkload1057/Y\n',
 ' clkload1058/X\n',
 ' clkload1059/X\n',
 ' clkload106/Y\n',
 ' clkload107/Y\n',
 ' clkload108/X\n',
 ' clkload109/Y\n',
 ' clkload11/Y\n',
 ' clkload110/X\n',
 ' clkload111/Y\n',
 ' clkload112/Y\n',
 ' clkload113/Y\n',
 ' clkload114/Y\n',
 ' clkload115/Y\n',
 ' clkload116/X\n',
 ' clkload117/X\n',
 ' clkload118/X\n',
 ' clkload119/X\n',
 ' clkload12/Y\n',
 ' clkload120/X\n',
 ' clkload121/Y\n',
 ' clkload122/Y\n',
 ' clkload123/X\n',
 ' clkload124/X\n',
 ' clkload125/Y\n',
 ' clkload126/X\n',
 ' clkload127/Y\n',
 ' clkload128/Y\n',
 ' clkload129/Y\n',
 ' clkload13/Y\n',
 ' clkload130/Y\n',
 ' clkload131/X\n',
 ' clkload132/Y\n',
 ' clkload133/X\n',
 ' clkload134/X\n',
 ' clkload135/Y\n',
 ' clkload136/Y\n',
 ' clkload137/Y\n',
 ' clkload138/X\n',
 ' clkload139/Y\n',
 ' clkload14/Y\n',
 ' clkload140/Y\n',
 ' clkload141/X\n',
 ' clkload142/Y\n',
 ' clkload143/X\n',
 ' clkload144/Y\n',
 ' clkload145/Y\n',
 ' clkload146/Y\n',
 ' clkload147/X\n',
 ' clkload148/Y\n',
 ' clkload149/X\n',
 ' clkload15/Y\n',
 ' clkload150/Y\n',
 ' clkload151/X\n',
 ' clkload152/X\n',
 ' clkload153/Y\n',
 ' clkload154/Y\n',
 ' clkload155/X\n',
 ' clkload156/X\n',
 ' clkload157/X\n',
 ' clkload158/X\n',
 ' clkload159/X\n',
 ' clkload16/Y\n',
 ' clkload160/X\n',
 ' clkload161/X\n',
 ' clkload162/X\n',
 ' clkload163/X\n',
 ' clkload164/X\n',
 ' clkload165/X\n',
 ' clkload166/X\n',
 ' clkload167/X\n',
 ' clkload168/X\n',
 ' clkload169/X\n',
 ' clkload17/X\n',
 ' clkload170/X\n',
 ' clkload171/X\n',
 ' clkload172/Y\n',
 ' clkload173/X\n',
 ' clkload174/X\n',
 ' clkload175/X\n',
 ' clkload176/Y\n',
 ' clkload177/X\n',
 ' clkload178/Y\n',
 ' clkload179/X\n',
 ' clkload18/Y\n',
 ' clkload180/X\n',
 ' clkload181/X\n',
 ' clkload182/X\n',
 ' clkload183/X\n',
 ' clkload184/X\n',
 ' clkload185/Y\n',
 ' clkload186/X\n',
 ' clkload187/X\n',
 ' clkload188/X\n',
 ' clkload189/X\n',
 ' clkload19/Y\n',
 ' clkload190/X\n',
 ' clkload191/Y\n',
 ' clkload192/X\n',
 ' clkload193/Y\n',
 ' clkload194/X\n',
 ' clkload195/X\n',
 ' clkload196/X\n',
 ' clkload197/Y\n',
 ' clkload198/X\n',
 ' clkload199/X\n',
 ' clkload2/Y\n',
 ' clkload20/X\n',
 ' clkload200/Y\n',
 ' clkload201/Y\n',
 ' clkload202/X\n',
 ' clkload203/X\n',
 ' clkload204/X\n',
 ' clkload205/X\n',
 ' clkload206/X\n',
 ' clkload207/Y\n',
 ' clkload208/Y\n',
 ' clkload209/X\n',
 ' clkload21/Y\n',
 ' clkload210/X\n',
 ' clkload211/X\n',
 ' clkload212/X\n',
 ' clkload213/Y\n',
 ' clkload214/X\n',
 ' clkload215/X\n',
 ' clkload216/X\n',
 ' clkload217/X\n',
 ' clkload218/X\n',
 ' clkload219/X\n',
 ' clkload22/X\n',
 ' clkload220/X\n',
 ' clkload221/Y\n',
 ' clkload222/X\n',
 ' clkload223/X\n',
 ' clkload224/X\n',
 ' clkload225/Y\n',
 ' clkload226/Y\n',
 ' clkload227/Y\n',
 ' clkload228/X\n',
 ' clkload229/Y\n',
 ' clkload23/X\n',
 ' clkload230/Y\n',
 ' clkload231/X\n',
 ' clkload232/X\n',
 ' clkload233/X\n',
 ' clkload234/X\n',
 ' clkload235/Y\n',
 ' clkload236/X\n',
 ' clkload237/X\n',
 ' clkload238/X\n',
 ' clkload239/X\n',
 ' clkload24/X\n',
 ' clkload240/X\n',
 ' clkload241/Y\n',
 ' clkload242/X\n',
 ' clkload243/X\n',
 ' clkload244/Y\n',
 ' clkload245/X\n',
 ' clkload246/X\n',
 ' clkload247/X\n',
 ' clkload248/X\n',
 ' clkload249/X\n',
 ' clkload25/Y\n',
 ' clkload250/X\n',
 ' clkload251/Y\n',
 ' clkload252/X\n',
 ' clkload253/X\n',
 ' clkload254/X\n',
 ' clkload255/X\n',
 ' clkload256/X\n',
 ' clkload257/X\n',
 ' clkload258/X\n',
 ' clkload259/X\n',
 ' clkload26/Y\n',
 ' clkload260/X\n',
 ' clkload261/X\n',
 ' clkload262/X\n',
 ' clkload263/X\n',
 ' clkload264/X\n',
 ' clkload265/Y\n',
 ' clkload266/X\n',
 ' clkload267/Y\n',
 ' clkload268/Y\n',
 ' clkload269/Y\n',
 ' clkload27/Y\n',
 ' clkload270/X\n',
 ' clkload271/X\n',
 ' clkload272/X\n',
 ' clkload273/Y\n',
 ' clkload274/X\n',
 ' clkload275/X\n',
 ' clkload276/X\n',
 ' clkload277/X\n',
 ' clkload278/X\n',
 ' clkload279/X\n',
 ' clkload28/X\n',
 ' clkload280/X\n',
 ' clkload281/X\n',
 ' clkload282/X\n',
 ' clkload283/X\n',
 ' clkload284/X\n',
 ' clkload285/Y\n',
 ' clkload286/X\n',
 ' clkload287/Y\n',
 ' clkload288/X\n',
 ' clkload289/X\n',
 ' clkload29/Y\n',
 ' clkload290/X\n',
 ' clkload291/X\n',
 ' clkload292/X\n',
 ' clkload293/Y\n',
 ' clkload294/Y\n',
 ' clkload295/Y\n',
 ' clkload296/Y\n',
 ' clkload297/X\n',
 ' clkload298/X\n',
 ' clkload299/Y\n',
 ' clkload3/Y\n',
 ' clkload30/Y\n',
 ' clkload300/X\n',
 ' clkload301/Y\n',
 ' clkload302/Y\n',
 ' clkload303/X\n',
 ' clkload304/Y\n',
 ' clkload305/Y\n',
 ' clkload306/Y\n',
 ' clkload307/X\n',
 ' clkload308/X\n',
 ' clkload309/X\n',
 ' clkload31/Y\n',
 ' clkload310/Y\n',
 ' clkload311/Y\n',
 ' clkload312/X\n',
 ' clkload313/Y\n',
 ' clkload314/X\n',
 ' clkload315/Y\n',
 ' clkload316/X\n',
 ' clkload317/X\n',
 ' clkload318/X\n',
 ' clkload319/X\n',
 ' clkload32/X\n',
 ' clkload320/X\n',
 ' clkload321/X\n',
 ' clkload322/X\n',
 ' clkload323/Y\n',
 ' clkload324/X\n',
 ' clkload325/X\n',
 ' clkload326/X\n',
 ' clkload327/X\n',
 ' clkload328/X\n',
 ' clkload329/X\n',
 ' clkload33/Y\n',
 ' clkload330/X\n',
 ' clkload331/X\n',
 ' clkload332/Y\n',
 ' clkload333/X\n',
 ' clkload334/X\n',
 ' clkload335/X\n',
 ' clkload336/X\n',
 ' clkload337/Y\n',
 ' clkload338/Y\n',
 ' clkload339/Y\n',
 ' clkload34/X\n',
 ' clkload340/X\n',
 ' clkload341/X\n',
 ' clkload342/X\n',
 ' clkload343/Y\n',
 ' clkload344/Y\n',
 ' clkload345/X\n',
 ' clkload346/Y\n',
 ' clkload347/X\n',
 ' clkload348/X\n',
 ' clkload349/X\n',
 ' clkload35/Y\n',
 ' clkload350/Y\n',
 ' clkload351/X\n',
 ' clkload352/Y\n',
 ' clkload353/X\n',
 ' clkload354/X\n',
 ' clkload355/X\n',
 ' clkload356/X\n',
 ' clkload357/X\n',
 ' clkload358/X\n',
 ' clkload359/X\n',
 ' clkload36/Y\n',
 ' clkload360/Y\n',
 ' clkload361/X\n',
 ' clkload362/Y\n',
 ' clkload363/X\n',
 ' clkload364/X\n',
 ' clkload365/X\n',
 ' clkload366/X\n',
 ' clkload367/X\n',
 ' clkload368/Y\n',
 ' clkload369/X\n',
 ' clkload37/Y\n',
 ' clkload370/X\n',
 ' clkload371/X\n',
 ' clkload372/X\n',
 ' clkload373/X\n',
 ' clkload374/Y\n',
 ' clkload375/X\n',
 ' clkload376/X\n',
 ' clkload377/X\n',
 ' clkload378/X\n',
 ' clkload379/X\n',
 ' clkload38/X\n',
 ' clkload380/X\n',
 ' clkload381/X\n',
 ' clkload382/X\n',
 ' clkload383/X\n',
 ' clkload384/X\n',
 ' clkload385/X\n',
 ' clkload386/X\n',
 ' clkload387/Y\n',
 ' clkload388/X\n',
 ' clkload389/X\n',
 ' clkload39/X\n',
 ' clkload390/X\n',
 ' clkload391/X\n',
 ' clkload392/X\n',
 ' clkload393/Y\n',
 ' clkload394/X\n',
 ' clkload395/X\n',
 ' clkload396/Y\n',
 ' clkload397/X\n',
 ' clkload398/Y\n',
 ' clkload399/Y\n',
 ' clkload4/Y\n',
 ' clkload40/Y\n',
 ' clkload400/X\n',
 ' clkload401/X\n',
 ' clkload402/X\n',
 ' clkload403/Y\n',
 ' clkload404/X\n',
 ' clkload405/X\n',
 ' clkload406/X\n',
 ' clkload407/Y\n',
 ' clkload408/X\n',
 ' clkload409/X\n',
 ' clkload41/Y\n',
 ' clkload410/X\n',
 ' clkload411/X\n',
 ' clkload412/X\n',
 ' clkload413/Y\n',
 ' clkload414/X\n',
 ' clkload415/X\n',
 ' clkload416/X\n',
 ' clkload417/X\n',
 ' clkload418/X\n',
 ' clkload419/X\n',
 ' clkload42/Y\n',
 ' clkload420/Y\n',
 ' clkload421/X\n',
 ' clkload422/X\n',
 ' clkload423/X\n',
 ' clkload424/X\n',
 ' clkload425/X\n',
 ' clkload426/X\n',
 ' clkload427/X\n',
 ' clkload428/Y\n',
 ' clkload429/X\n',
 ' clkload43/Y\n',
 ' clkload430/X\n',
 ' clkload431/X\n',
 ' clkload432/X\n',
 ' clkload433/X\n',
 ' clkload434/X\n',
 ' clkload435/X\n',
 ' clkload436/X\n',
 ' clkload437/X\n',
 ' clkload438/X\n',
 ' clkload439/Y\n',
 ' clkload44/X\n',
 ' clkload440/X\n',
 ' clkload441/X\n',
 ' clkload442/X\n',
 ' clkload443/X\n',
 ' clkload444/Y\n',
 ' clkload445/Y\n',
 ' clkload446/X\n',
 ' clkload447/X\n',
 ' clkload448/X\n',
 ' clkload449/X\n',
 ' clkload45/Y\n',
 ' clkload450/Y\n',
 ' clkload451/X\n',
 ' clkload452/X\n',
 ' clkload453/X\n',
 ' clkload454/Y\n',
 ' clkload455/X\n',
 ' clkload456/X\n',
 ' clkload457/X\n',
 ' clkload458/X\n',
 ' clkload459/X\n',
 ' clkload46/Y\n',
 ' clkload460/X\n',
 ' clkload461/X\n',
 ' clkload462/Y\n',
 ' clkload463/Y\n',
 ' clkload464/Y\n',
 ' clkload465/X\n',
 ' clkload466/X\n',
 ' clkload467/X\n',
 ' clkload468/X\n',
 ' clkload469/Y\n',
 ' clkload47/Y\n',
 ' clkload470/X\n',
 ' clkload471/X\n',
 ' clkload472/Y\n',
 ' clkload473/X\n',
 ' clkload474/Y\n',
 ' clkload475/Y\n',
 ' clkload476/X\n',
 ' clkload477/X\n',
 ' clkload478/X\n',
 ' clkload479/X\n',
 ' clkload48/Y\n',
 ' clkload480/X\n',
 ' clkload481/X\n',
 ' clkload482/Y\n',
 ' clkload483/Y\n',
 ' clkload484/Y\n',
 ' clkload485/Y\n',
 ' clkload486/X\n',
 ' clkload487/X\n',
 ' clkload488/X\n',
 ' clkload489/X\n',
 ' clkload49/Y\n',
 ' clkload490/X\n',
 ' clkload491/X\n',
 ' clkload492/X\n',
 ' clkload493/Y\n',
 ' clkload494/Y\n',
 ' clkload495/X\n',
 ' clkload496/X\n',
 ' clkload497/Y\n',
 ' clkload498/X\n',
 ' clkload499/X\n',
 ' clkload5/Y\n',
 ' clkload50/X\n',
 ' clkload500/Y\n',
 ' clkload501/Y\n',
 ' clkload502/Y\n',
 ' clkload503/Y\n',
 ' clkload504/X\n',
 ' clkload505/Y\n',
 ' clkload506/X\n',
 ' clkload507/X\n',
 ' clkload508/X\n',
 ' clkload509/X\n',
 ' clkload51/Y\n',
 ' clkload510/X\n',
 ' clkload511/X\n',
 ' clkload512/X\n',
 ' clkload513/Y\n',
 ' clkload514/Y\n',
 ' clkload515/X\n',
 ' clkload516/X\n',
 ' clkload517/Y\n',
 ' clkload518/X\n',
 ' clkload519/Y\n',
 ' clkload52/Y\n',
 ' clkload520/Y\n',
 ' clkload521/Y\n',
 ' clkload522/Y\n',
 ' clkload523/X\n',
 ' clkload524/X\n',
 ' clkload525/Y\n',
 ' clkload526/X\n',
 ' clkload527/X\n',
 ' clkload528/Y\n',
 ' clkload529/X\n',
 ' clkload53/Y\n',
 ' clkload530/Y\n',
 ' clkload531/Y\n',
 ' clkload532/X\n',
 ' clkload533/Y\n',
 ' clkload534/X\n',
 ' clkload535/X\n',
 ' clkload536/X\n',
 ' clkload537/Y\n',
 ' clkload538/X\n',
 ' clkload539/Y\n',
 ' clkload54/Y\n',
 ' clkload540/X\n',
 ' clkload541/Y\n',
 ' clkload542/X\n',
 ' clkload543/Y\n',
 ' clkload544/X\n',
 ' clkload545/Y\n',
 ' clkload546/X\n',
 ' clkload547/X\n',
 ' clkload548/X\n',
 ' clkload549/Y\n',
 ' clkload55/Y\n',
 ' clkload550/X\n',
 ' clkload551/X\n',
 ' clkload552/Y\n',
 ' clkload553/Y\n',
 ' clkload554/X\n',
 ' clkload555/X\n',
 ' clkload556/Y\n',
 ' clkload557/X\n',
 ' clkload558/X\n',
 ' clkload559/X\n',
 ' clkload56/Y\n',
 ' clkload560/Y\n',
 ' clkload561/X\n',
 ' clkload562/X\n',
 ' clkload563/X\n',
 ' clkload564/X\n',
 ' clkload565/Y\n',
 ' clkload566/Y\n',
 ' clkload567/Y\n',
 ' clkload568/X\n',
 ' clkload569/Y\n',
 ' clkload57/X\n',
 ' clkload570/X\n',
 ' clkload571/X\n',
 ' clkload572/X\n',
 ' clkload573/X\n',
 ' clkload574/X\n',
 ' clkload575/X\n',
 ' clkload576/X\n',
 ' clkload577/X\n',
 ' clkload578/X\n',
 ' clkload579/X\n',
 ' clkload58/Y\n',
 ' clkload580/X\n',
 ' clkload581/X\n',
 ' clkload582/X\n',
 ' clkload583/X\n',
 ' clkload584/X\n',
 ' clkload585/X\n',
 ' clkload586/X\n',
 ' clkload587/Y\n',
 ' clkload588/X\n',
 ' clkload589/X\n',
 ' clkload59/Y\n',
 ' clkload590/X\n',
 ' clkload591/X\n',
 ' clkload592/X\n',
 ' clkload593/X\n',
 ' clkload594/Y\n',
 ' clkload595/X\n',
 ' clkload596/X\n',
 ' clkload597/X\n',
 ' clkload598/X\n',
 ' clkload599/X\n',
 ' clkload6/Y\n',
 ' clkload60/X\n',
 ' clkload600/X\n',
 ' clkload601/X\n',
 ' clkload602/X\n',
 ' clkload603/X\n',
 ' clkload604/X\n',
 ' clkload605/X\n',
 ' clkload606/X\n',
 ' clkload607/X\n',
 ' clkload608/X\n',
 ' clkload609/X\n',
 ' clkload61/Y\n',
 ' clkload610/Y\n',
 ' clkload611/Y\n',
 ' clkload612/Y\n',
 ' clkload613/Y\n',
 ' clkload614/X\n',
 ' clkload615/X\n',
 ' clkload616/X\n',
 ' clkload617/X\n',
 ' clkload618/X\n',
 ' clkload619/X\n',
 ' clkload62/X\n',
 ' clkload620/Y\n',
 ' clkload621/X\n',
 ' clkload622/X\n',
 ' clkload623/Y\n',
 ' clkload624/X\n',
 ' clkload625/X\n',
 ' clkload626/X\n',
 ' clkload627/X\n',
 ' clkload628/X\n',
 ' clkload629/Y\n',
 ' clkload63/Y\n',
 ' clkload630/X\n',
 ' clkload631/X\n',
 ' clkload632/X\n',
 ' clkload633/X\n',
 ' clkload634/X\n',
 ' clkload635/X\n',
 ' clkload636/X\n',
 ' clkload637/X\n',
 ' clkload638/X\n',
 ' clkload639/Y\n',
 ' clkload64/Y\n',
 ' clkload640/X\n',
 ' clkload641/Y\n',
 ' clkload642/X\n',
 ' clkload643/Y\n',
 ' clkload644/Y\n',
 ' clkload645/Y\n',
 ' clkload646/Y\n',
 ' clkload647/X\n',
 ' clkload648/X\n',
 ' clkload649/X\n',
 ' clkload65/Y\n',
 ' clkload650/X\n',
 ' clkload651/X\n',
 ' clkload652/Y\n',
 ' clkload653/Y\n',
 ' clkload654/X\n',
 ' clkload655/X\n',
 ' clkload656/X\n',
 ' clkload657/X\n',
 ' clkload658/X\n',
 ' clkload659/X\n',
 ' clkload66/Y\n',
 ' clkload660/X\n',
 ' clkload661/X\n',
 ' clkload662/Y\n',
 ' clkload663/X\n',
 ' clkload664/X\n',
 ' clkload665/X\n',
 ' clkload666/X\n',
 ' clkload667/X\n',
 ' clkload668/X\n',
 ' clkload669/X\n',
 ' clkload67/Y\n',
 ' clkload670/X\n',
 ' clkload671/X\n',
 ' clkload672/X\n',
 ' clkload673/X\n',
 ' clkload674/X\n',
 ' clkload675/X\n',
 ' clkload676/X\n',
 ' clkload677/Y\n',
 ' clkload678/X\n',
 ' clkload679/X\n',
 ' clkload68/Y\n',
 ' clkload680/X\n',
 ' clkload681/X\n',
 ' clkload682/X\n',
 ' clkload683/X\n',
 ' clkload684/X\n',
 ' clkload685/X\n',
 ' clkload686/X\n',
 ' clkload687/X\n',
 ' clkload688/X\n',
 ' clkload689/X\n',
 ' clkload69/Y\n',
 ' clkload690/Y\n',
 ' clkload691/Y\n',
 ' clkload692/Y\n',
 ' clkload693/Y\n',
 ' clkload694/X\n',
 ' clkload695/X\n',
 ' clkload696/Y\n',
 ' clkload697/X\n',
 ' clkload698/X\n',
 ' clkload699/Y\n',
 ' clkload7/Y\n',
 ' clkload70/X\n',
 ' clkload700/X\n',
 ' clkload701/X\n',
 ' clkload702/X\n',
 ' clkload703/X\n',
 ' clkload704/X\n',
 ' clkload705/X\n',
 ' clkload706/Y\n',
 ' clkload707/Y\n',
 ' clkload708/X\n',
 ' clkload709/X\n',
 ' clkload71/Y\n',
 ' clkload710/X\n',
 ' clkload711/Y\n',
 ' clkload712/X\n',
 ' clkload713/X\n',
 ' clkload714/X\n',
 ' clkload715/X\n',
 ' clkload716/X\n',
 ' clkload717/Y\n',
 ' clkload718/Y\n',
 ' clkload719/X\n',
 ' clkload72/X\n',
 ' clkload720/Y\n',
 ' clkload721/Y\n',
 ' clkload722/X\n',
 ' clkload723/X\n',
 ' clkload724/X\n',
 ' clkload725/Y\n',
 ' clkload726/X\n',
 ' clkload727/X\n',
 ' clkload728/Y\n',
 ' clkload729/X\n',
 ' clkload73/X\n',
 ' clkload730/X\n',
 ' clkload731/Y\n',
 ' clkload732/X\n',
 ' clkload733/X\n',
 ' clkload734/X\n',
 ' clkload735/X\n',
 ' clkload736/X\n',
 ' clkload737/X\n',
 ' clkload738/X\n',
 ' clkload739/Y\n',
 ' clkload74/X\n',
 ' clkload740/X\n',
 ' clkload741/X\n',
 ' clkload742/Y\n',
 ' clkload743/Y\n',
 ' clkload744/X\n',
 ' clkload745/X\n',
 ' clkload746/X\n',
 ' clkload747/X\n',
 ' clkload748/X\n',
 ' clkload749/X\n',
 ' clkload75/X\n',
 ' clkload750/Y\n',
 ' clkload751/Y\n',
 ' clkload752/X\n',
 ' clkload753/Y\n',
 ' clkload754/X\n',
 ' clkload755/X\n',
 ' clkload756/X\n',
 ' clkload757/X\n',
 ' clkload758/X\n',
 ' clkload759/X\n',
 ' clkload76/X\n',
 ' clkload760/Y\n',
 ' clkload761/X\n',
 ' clkload762/Y\n',
 ' clkload763/X\n',
 ' clkload764/X\n',
 ' clkload765/X\n',
 ' clkload766/X\n',
 ' clkload767/Y\n',
 ' clkload768/Y\n',
 ' clkload769/X\n',
 ' clkload77/X\n',
 ' clkload770/Y\n',
 ' clkload771/Y\n',
 ' clkload772/Y\n',
 ' clkload773/Y\n',
 ' clkload774/Y\n',
 ' clkload775/Y\n',
 ' clkload776/X\n',
 ' clkload777/X\n',
 ' clkload778/Y\n',
 ' clkload779/X\n',
 ' clkload78/X\n',
 ' clkload780/Y\n',
 ' clkload781/X\n',
 ' clkload782/X\n',
 ' clkload783/Y\n',
 ' clkload784/Y\n',
 ' clkload785/X\n',
 ' clkload786/X\n',
 ' clkload787/X\n',
 ' clkload788/X\n',
 ' clkload789/X\n',
 ' clkload79/Y\n',
 ' clkload790/X\n',
 ' clkload791/Y\n',
 ' clkload792/Y\n',
 ' clkload793/Y\n',
 ' clkload794/Y\n',
 ' clkload795/Y\n',
 ' clkload796/X\n',
 ' clkload797/X\n',
 ' clkload798/X\n',
 ' clkload799/X\n',
 ' clkload8/Y\n',
 ' clkload80/Y\n',
 ' clkload800/X\n',
 ' clkload801/X\n',
 ' clkload802/Y\n',
 ' clkload803/Y\n',
 ' clkload804/Y\n',
 ' clkload805/Y\n',
 ' clkload806/Y\n',
 ' clkload807/Y\n',
 ' clkload808/Y\n',
 ' clkload809/Y\n',
 ' clkload81/Y\n',
 ' clkload810/X\n',
 ' clkload811/Y\n',
 ' clkload812/X\n',
 ' clkload813/X\n',
 ' clkload814/Y\n',
 ' clkload815/Y\n',
 ' clkload816/Y\n',
 ' clkload817/Y\n',
 ' clkload818/X\n',
 ' clkload819/X\n',
 ' clkload82/X\n',
 ' clkload820/Y\n',
 ' clkload821/X\n',
 ' clkload822/Y\n',
 ' clkload823/Y\n',
 ' clkload824/Y\n',
 ' clkload825/Y\n',
 ' clkload826/Y\n',
 ' clkload827/X\n',
 ' clkload828/Y\n',
 ' clkload829/X\n',
 ' clkload83/Y\n',
 ' clkload830/X\n',
 ' clkload831/X\n',
 ' clkload832/X\n',
 ' clkload833/X\n',
 ' clkload834/X\n',
 ' clkload835/X\n',
 ' clkload836/X\n',
 ' clkload837/X\n',
 ' clkload838/Y\n',
 ' clkload839/X\n',
 ' clkload84/X\n',
 ' clkload840/X\n',
 ' clkload841/X\n',
 ' clkload842/X\n',
 ' clkload843/X\n',
 ' clkload844/X\n',
 ' clkload845/X\n',
 ' clkload846/Y\n',
 ' clkload847/Y\n',
 ' clkload848/X\n',
 ' clkload849/Y\n',
 ' clkload85/Y\n',
 ' clkload850/X\n',
 ' clkload851/Y\n',
 ' clkload852/Y\n',
 ' clkload853/X\n',
 ' clkload854/X\n',
 ' clkload855/X\n',
 ' clkload856/X\n',
 ' clkload857/Y\n',
 ' clkload858/X\n',
 ' clkload859/X\n',
 ' clkload86/X\n',
 ' clkload860/X\n',
 ' clkload861/X\n',
 ' clkload862/Y\n',
 ' clkload863/Y\n',
 ' clkload864/X\n',
 ' clkload865/Y\n',
 ' clkload866/Y\n',
 ' clkload867/X\n',
 ' clkload868/X\n',
 ' clkload869/Y\n',
 ' clkload87/Y\n',
 ' clkload870/X\n',
 ' clkload871/Y\n',
 ' clkload872/X\n',
 ' clkload873/X\n',
 ' clkload874/X\n',
 ' clkload875/X\n',
 ' clkload876/X\n',
 ' clkload877/X\n',
 ' clkload878/Y\n',
 ' clkload879/Y\n',
 ' clkload88/Y\n',
 ' clkload880/X\n',
 ' clkload881/Y\n',
 ' clkload882/X\n',
 ' clkload883/X\n',
 ' clkload884/X\n',
 ' clkload885/X\n',
 ' clkload886/X\n',
 ' clkload887/X\n',
 ' clkload888/Y\n',
 ' clkload889/X\n',
 ' clkload89/Y\n',
 ' clkload890/X\n',
 ' clkload891/X\n',
 ' clkload892/Y\n',
 ' clkload893/Y\n',
 ' clkload894/Y\n',
 ' clkload895/Y\n',
 ' clkload896/X\n',
 ' clkload897/X\n',
 ' clkload898/Y\n',
 ' clkload899/Y\n',
 ' clkload9/Y\n',
 ' clkload90/Y\n',
 ' clkload900/Y\n',
 ' clkload901/Y\n',
 ' clkload902/Y\n',
 ' clkload903/Y\n',
 ' clkload904/X\n',
 ' clkload905/Y\n',
 ' clkload906/X\n',
 ' clkload907/X\n',
 ' clkload908/X\n',
 ' clkload909/Y\n',
 ' clkload91/X\n',
 ' clkload910/Y\n',
 ' clkload911/X\n',
 ' clkload912/X\n',
 ' clkload913/X\n',
 ' clkload914/X\n',
 ' clkload915/X\n',
 ' clkload916/Y\n',
 ' clkload917/X\n',
 ' clkload918/Y\n',
 ' clkload919/Y\n',
 ' clkload92/Y\n',
 ' clkload920/Y\n',
 ' clkload921/X\n',
 ' clkload922/Y\n',
 ' clkload923/X\n',
 ' clkload924/Y\n',
 ' clkload925/Y\n',
 ' clkload926/X\n',
 ' clkload927/X\n',
 ' clkload928/X\n',
 ' clkload929/X\n',
 ' clkload93/X\n',
 ' clkload930/X\n',
 ' clkload931/X\n',
 ' clkload932/X\n',
 ' clkload933/X\n',
 ' clkload934/X\n',
 ' clkload935/X\n',
 ' clkload936/X\n',
 ' clkload937/X\n',
 ' clkload938/X\n',
 ' clkload939/Y\n',
 ' clkload94/Y\n',
 ' clkload940/X\n',
 ' clkload941/Y\n',
 ' clkload942/Y\n',
 ' clkload943/X\n',
 ' clkload944/X\n',
 ' clkload945/X\n',
 ' clkload946/X\n',
 ' clkload947/X\n',
 ' clkload948/Y\n',
 ' clkload949/Y\n',
 ' clkload95/Y\n',
 ' clkload950/X\n',
 ' clkload951/X\n',
 ' clkload952/X\n',
 ' clkload953/X\n',
 ' clkload954/X\n',
 ' clkload955/Y\n',
 ' clkload956/Y\n',
 ' clkload957/X\n',
 ' clkload958/X\n',
 ' clkload959/X\n',
 ' clkload96/X\n',
 ' clkload960/X\n',
 ' clkload961/X\n',
 ' clkload962/X\n',
 ' clkload963/X\n',
 ' clkload964/X\n',
 ' clkload965/X\n',
 ' clkload966/X\n',
 ' clkload967/Y\n',
 ' clkload968/X\n',
 ' clkload969/X\n',
 ' clkload97/Y\n',
 ' clkload970/X\n',
 ' clkload971/Y\n',
 ' clkload972/X\n',
 ' clkload973/X\n',
 ' clkload974/Y\n',
 ' clkload975/X\n',
 ' clkload976/Y\n',
 ' clkload977/Y\n',
 ' clkload978/X\n',
 ' clkload979/X\n',
 ' clkload98/Y\n',
 ' clkload980/X\n',
 ' clkload981/X\n',
 ' clkload982/Y\n',
 ' clkload983/X\n',
 ' clkload984/X\n',
 ' clkload985/X\n',
 ' clkload986/Y\n',
 ' clkload987/X\n',
 ' clkload988/X\n',
 ' clkload989/Y\n',
 ' clkload99/Y\n',
 ' clkload990/X\n',
 ' clkload991/X\n',
 ' clkload992/X\n',
 ' clkload993/X\n',
 ' clkload994/X\n',
 ' clkload995/Y\n',
 ' clkload996/X\n',
 ' clkload997/Y\n',
 ' clkload998/Y\n',
 ' clkload999/Y\n',
 ' soc_top/HI\n',
 ' soc_top_6237/HI\n',
 ' u_data_ram.g_sram\\[0\\].u_macro/dout0[0]\n',
 ' u_data_ram.g_sram\\[0\\].u_macro/dout0[10]\n',
 ' u_data_ram.g_sram\\[0\\].u_macro/dout0[11]\n',
 ' u_data_ram.g_sram\\[0\\].u_macro/dout0[12]\n',
 ' u_data_ram.g_sram\\[0\\].u_macro/dout0[13]\n',
 ' u_data_ram.g_sram\\[0\\].u_macro/dout0[14]\n',
 ' u_data_ram.g_sram\\[0\\].u_macro/dout0[15]\n',
 ' u_data_ram.g_sram\\[0\\].u_macro/dout0[16]\n',
 ' u_data_ram.g_sram\\[0\\].u_macro/dout0[17]\n',
 ' u_data_ram.g_sram\\[0\\].u_macro/dout0[18]\n',
 ' u_data_ram.g_sram\\[0\\].u_macro/dout0[19]\n',
 ' u_data_ram.g_sram\\[0\\].u_macro/dout0[1]\n',
 ' u_data_ram.g_sram\\[0\\].u_macro/dout0[20]\n',
 ' u_data_ram.g_sram\\[0\\].u_macro/dout0[21]\n',
 ' u_data_ram.g_sram\\[0\\].u_macro/dout0[22]\n',
 ' u_data_ram.g_sram\\[0\\].u_macro/dout0[23]\n',
 ' u_data_ram.g_sram\\[0\\].u_macro/dout0[24]\n',
 ' u_data_ram.g_sram\\[0\\].u_macro/dout0[25]\n',
 ' u_data_ram.g_sram\\[0\\].u_macro/dout0[26]\n',
 ' u_data_ram.g_sram\\[0\\].u_macro/dout0[27]\n',
 ' u_data_ram.g_sram\\[0\\].u_macro/dout0[28]\n',
 ' u_data_ram.g_sram\\[0\\].u_macro/dout0[29]\n',
 ' u_data_ram.g_sram\\[0\\].u_macro/dout0[2]\n',
 ' u_data_ram.g_sram\\[0\\].u_macro/dout0[30]\n',
 ' u_data_ram.g_sram\\[0\\].u_macro/dout0[31]\n',
 ' u_data_ram.g_sram\\[0\\].u_macro/dout0[3]\n',
 ' u_data_ram.g_sram\\[0\\].u_macro/dout0[4]\n',
 ' u_data_ram.g_sram\\[0\\].u_macro/dout0[5]\n',
 ' u_data_ram.g_sram\\[0\\].u_macro/dout0[6]\n',
 ' u_data_ram.g_sram\\[0\\].u_macro/dout0[7]\n',
 ' u_data_ram.g_sram\\[0\\].u_macro/dout0[8]\n',
 ' u_data_ram.g_sram\\[0\\].u_macro/dout0[9]\n',
 ' u_data_ram.g_sram\\[1\\].u_macro/dout0[0]\n',
 ' u_data_ram.g_sram\\[1\\].u_macro/dout0[10]\n',
 ' u_data_ram.g_sram\\[1\\].u_macro/dout0[11]\n',
 ' u_data_ram.g_sram\\[1\\].u_macro/dout0[12]\n',
 ' u_data_ram.g_sram\\[1\\].u_macro/dout0[13]\n',
 ' u_data_ram.g_sram\\[1\\].u_macro/dout0[14]\n',
 ' u_data_ram.g_sram\\[1\\].u_macro/dout0[15]\n',
 ' u_data_ram.g_sram\\[1\\].u_macro/dout0[16]\n',
 ' u_data_ram.g_sram\\[1\\].u_macro/dout0[17]\n',
 ' u_data_ram.g_sram\\[1\\].u_macro/dout0[18]\n',
 ' u_data_ram.g_sram\\[1\\].u_macro/dout0[19]\n',
 ' u_data_ram.g_sram\\[1\\].u_macro/dout0[1]\n',
 ' u_data_ram.g_sram\\[1\\].u_macro/dout0[20]\n',
 ' u_data_ram.g_sram\\[1\\].u_macro/dout0[21]\n',
 ' u_data_ram.g_sram\\[1\\].u_macro/dout0[22]\n',
 ' u_data_ram.g_sram\\[1\\].u_macro/dout0[23]\n',
 ' u_data_ram.g_sram\\[1\\].u_macro/dout0[24]\n',
 ' u_data_ram.g_sram\\[1\\].u_macro/dout0[25]\n',
 ' u_data_ram.g_sram\\[1\\].u_macro/dout0[26]\n',
 ' u_data_ram.g_sram\\[1\\].u_macro/dout0[27]\n',
 ' u_data_ram.g_sram\\[1\\].u_macro/dout0[28]\n',
 ' u_data_ram.g_sram\\[1\\].u_macro/dout0[29]\n',
 ' u_data_ram.g_sram\\[1\\].u_macro/dout0[2]\n',
 ' u_data_ram.g_sram\\[1\\].u_macro/dout0[30]\n',
 ' u_data_ram.g_sram\\[1\\].u_macro/dout0[31]\n',
 ' u_data_ram.g_sram\\[1\\].u_macro/dout0[3]\n',
 ' u_data_ram.g_sram\\[1\\].u_macro/dout0[4]\n',
 ' u_data_ram.g_sram\\[1\\].u_macro/dout0[5]\n',
 ' u_data_ram.g_sram\\[1\\].u_macro/dout0[6]\n',
 ' u_data_ram.g_sram\\[1\\].u_macro/dout0[7]\n',
 ' u_data_ram.g_sram\\[1\\].u_macro/dout0[8]\n',
 ' u_data_ram.g_sram\\[1\\].u_macro/dout0[9]\n',
 ' u_data_ram.g_sram\\[2\\].u_macro/dout0[0]\n',
 ' u_data_ram.g_sram\\[2\\].u_macro/dout0[10]\n',
 ' u_data_ram.g_sram\\[2\\].u_macro/dout0[11]\n',
 ' u_data_ram.g_sram\\[2\\].u_macro/dout0[12]\n',
 ' u_data_ram.g_sram\\[2\\].u_macro/dout0[13]\n',
 ' u_data_ram.g_sram\\[2\\].u_macro/dout0[14]\n',
 ' u_data_ram.g_sram\\[2\\].u_macro/dout0[15]\n',
 ' u_data_ram.g_sram\\[2\\].u_macro/dout0[16]\n',
 ' u_data_ram.g_sram\\[2\\].u_macro/dout0[17]\n',
 ' u_data_ram.g_sram\\[2\\].u_macro/dout0[18]\n',
 ' u_data_ram.g_sram\\[2\\].u_macro/dout0[19]\n',
 ' u_data_ram.g_sram\\[2\\].u_macro/dout0[1]\n',
 ' u_data_ram.g_sram\\[2\\].u_macro/dout0[20]\n',
 ' u_data_ram.g_sram\\[2\\].u_macro/dout0[21]\n',
 ' u_data_ram.g_sram\\[2\\].u_macro/dout0[22]\n',
 ' u_data_ram.g_sram\\[2\\].u_macro/dout0[23]\n',
 ' u_data_ram.g_sram\\[2\\].u_macro/dout0[24]\n',
 ' u_data_ram.g_sram\\[2\\].u_macro/dout0[25]\n',
 ' u_data_ram.g_sram\\[2\\].u_macro/dout0[26]\n',
 ' u_data_ram.g_sram\\[2\\].u_macro/dout0[27]\n',
 ' u_data_ram.g_sram\\[2\\].u_macro/dout0[28]\n',
 ' u_data_ram.g_sram\\[2\\].u_macro/dout0[29]\n',
 ' u_data_ram.g_sram\\[2\\].u_macro/dout0[2]\n',
 ' u_data_ram.g_sram\\[2\\].u_macro/dout0[30]\n',
 ' u_data_ram.g_sram\\[2\\].u_macro/dout0[31]\n',
 ' u_data_ram.g_sram\\[2\\].u_macro/dout0[3]\n',
 ' u_data_ram.g_sram\\[2\\].u_macro/dout0[4]\n',
 ' u_data_ram.g_sram\\[2\\].u_macro/dout0[5]\n',
 ' u_data_ram.g_sram\\[2\\].u_macro/dout0[6]\n',
 ' u_data_ram.g_sram\\[2\\].u_macro/dout0[7]\n',
 ' u_data_ram.g_sram\\[2\\].u_macro/dout0[8]\n',
 ' u_data_ram.g_sram\\[2\\].u_macro/dout0[9]\n',
 ' u_data_ram.g_sram\\[3\\].u_macro/dout0[0]\n',
 ' u_data_ram.g_sram\\[3\\].u_macro/dout0[10]\n',
 ' u_data_ram.g_sram\\[3\\].u_macro/dout0[11]\n',
 ' u_data_ram.g_sram\\[3\\].u_macro/dout0[12]\n',
 ' u_data_ram.g_sram\\[3\\].u_macro/dout0[13]\n',
 ' u_data_ram.g_sram\\[3\\].u_macro/dout0[14]\n',
 ' u_data_ram.g_sram\\[3\\].u_macro/dout0[15]\n',
 ' u_data_ram.g_sram\\[3\\].u_macro/dout0[16]\n',
 ' u_data_ram.g_sram\\[3\\].u_macro/dout0[17]\n',
 ' u_data_ram.g_sram\\[3\\].u_macro/dout0[18]\n',
 ' u_data_ram.g_sram\\[3\\].u_macro/dout0[19]\n',
 ' u_data_ram.g_sram\\[3\\].u_macro/dout0[1]\n',
 ' u_data_ram.g_sram\\[3\\].u_macro/dout0[20]\n',
 ' u_data_ram.g_sram\\[3\\].u_macro/dout0[21]\n',
 ' u_data_ram.g_sram\\[3\\].u_macro/dout0[22]\n',
 ' u_data_ram.g_sram\\[3\\].u_macro/dout0[23]\n',
 ' u_data_ram.g_sram\\[3\\].u_macro/dout0[24]\n',
 ' u_data_ram.g_sram\\[3\\].u_macro/dout0[25]\n',
 ' u_data_ram.g_sram\\[3\\].u_macro/dout0[26]\n',
 ' u_data_ram.g_sram\\[3\\].u_macro/dout0[27]\n',
 ' u_data_ram.g_sram\\[3\\].u_macro/dout0[28]\n',
 ' u_data_ram.g_sram\\[3\\].u_macro/dout0[29]\n',
 ' u_data_ram.g_sram\\[3\\].u_macro/dout0[2]\n',
 ' u_data_ram.g_sram\\[3\\].u_macro/dout0[30]\n',
 ' u_data_ram.g_sram\\[3\\].u_macro/dout0[31]\n',
 ' u_data_ram.g_sram\\[3\\].u_macro/dout0[3]\n',
 ' u_data_ram.g_sram\\[3\\].u_macro/dout0[4]\n',
 ' u_data_ram.g_sram\\[3\\].u_macro/dout0[5]\n',
 ' u_data_ram.g_sram\\[3\\].u_macro/dout0[6]\n',
 ' u_data_ram.g_sram\\[3\\].u_macro/dout0[7]\n',
 ' u_data_ram.g_sram\\[3\\].u_macro/dout0[8]\n',
 ' u_data_ram.g_sram\\[3\\].u_macro/dout0[9]\n',
 ' u_instruction_ram.g_sram\\[0\\].u_macro/dout0[0]\n',
 ' u_instruction_ram.g_sram\\[0\\].u_macro/dout0[10]\n',
 ' u_instruction_ram.g_sram\\[0\\].u_macro/dout0[11]\n',
 ' u_instruction_ram.g_sram\\[0\\].u_macro/dout0[12]\n',
 ' u_instruction_ram.g_sram\\[0\\].u_macro/dout0[13]\n',
 ' u_instruction_ram.g_sram\\[0\\].u_macro/dout0[14]\n',
 ' u_instruction_ram.g_sram\\[0\\].u_macro/dout0[15]\n',
 ' u_instruction_ram.g_sram\\[0\\].u_macro/dout0[16]\n',
 ' u_instruction_ram.g_sram\\[0\\].u_macro/dout0[17]\n',
 ' u_instruction_ram.g_sram\\[0\\].u_macro/dout0[18]\n',
 ' u_instruction_ram.g_sram\\[0\\].u_macro/dout0[19]\n',
 ' u_instruction_ram.g_sram\\[0\\].u_macro/dout0[1]\n',
 ' u_instruction_ram.g_sram\\[0\\].u_macro/dout0[20]\n',
 ' u_instruction_ram.g_sram\\[0\\].u_macro/dout0[21]\n',
 ' u_instruction_ram.g_sram\\[0\\].u_macro/dout0[22]\n',
 ' u_instruction_ram.g_sram\\[0\\].u_macro/dout0[23]\n',
 ' u_instruction_ram.g_sram\\[0\\].u_macro/dout0[24]\n',
 ' u_instruction_ram.g_sram\\[0\\].u_macro/dout0[25]\n',
 ' u_instruction_ram.g_sram\\[0\\].u_macro/dout0[26]\n',
 ' u_instruction_ram.g_sram\\[0\\].u_macro/dout0[27]\n',
 ' u_instruction_ram.g_sram\\[0\\].u_macro/dout0[28]\n',
 ' u_instruction_ram.g_sram\\[0\\].u_macro/dout0[29]\n',
 ' u_instruction_ram.g_sram\\[0\\].u_macro/dout0[2]\n',
 ' u_instruction_ram.g_sram\\[0\\].u_macro/dout0[30]\n',
 ' u_instruction_ram.g_sram\\[0\\].u_macro/dout0[31]\n',
 ' u_instruction_ram.g_sram\\[0\\].u_macro/dout0[3]\n',
 ' u_instruction_ram.g_sram\\[0\\].u_macro/dout0[4]\n',
 ' u_instruction_ram.g_sram\\[0\\].u_macro/dout0[5]\n',
 ' u_instruction_ram.g_sram\\[0\\].u_macro/dout0[6]\n',
 ' u_instruction_ram.g_sram\\[0\\].u_macro/dout0[7]\n',
 ' u_instruction_ram.g_sram\\[0\\].u_macro/dout0[8]\n',
 ' u_instruction_ram.g_sram\\[0\\].u_macro/dout0[9]\n',
 ' u_instruction_ram.g_sram\\[1\\].u_macro/dout0[0]\n',
 ' u_instruction_ram.g_sram\\[1\\].u_macro/dout0[10]\n',
 ' u_instruction_ram.g_sram\\[1\\].u_macro/dout0[11]\n',
 ' u_instruction_ram.g_sram\\[1\\].u_macro/dout0[12]\n',
 ' u_instruction_ram.g_sram\\[1\\].u_macro/dout0[13]\n',
 ' u_instruction_ram.g_sram\\[1\\].u_macro/dout0[14]\n',
 ' u_instruction_ram.g_sram\\[1\\].u_macro/dout0[15]\n',
 ' u_instruction_ram.g_sram\\[1\\].u_macro/dout0[16]\n',
 ' u_instruction_ram.g_sram\\[1\\].u_macro/dout0[17]\n',
 ' u_instruction_ram.g_sram\\[1\\].u_macro/dout0[18]\n',
 ' u_instruction_ram.g_sram\\[1\\].u_macro/dout0[19]\n',
 ' u_instruction_ram.g_sram\\[1\\].u_macro/dout0[1]\n',
 ' u_instruction_ram.g_sram\\[1\\].u_macro/dout0[20]\n',
 ' u_instruction_ram.g_sram\\[1\\].u_macro/dout0[21]\n',
 ' u_instruction_ram.g_sram\\[1\\].u_macro/dout0[22]\n',
 ' u_instruction_ram.g_sram\\[1\\].u_macro/dout0[23]\n',
 ' u_instruction_ram.g_sram\\[1\\].u_macro/dout0[24]\n',
 ' u_instruction_ram.g_sram\\[1\\].u_macro/dout0[25]\n',
 ' u_instruction_ram.g_sram\\[1\\].u_macro/dout0[26]\n',
 ' u_instruction_ram.g_sram\\[1\\].u_macro/dout0[27]\n',
 ' u_instruction_ram.g_sram\\[1\\].u_macro/dout0[28]\n',
 ' u_instruction_ram.g_sram\\[1\\].u_macro/dout0[29]\n',
 ' u_instruction_ram.g_sram\\[1\\].u_macro/dout0[2]\n',
 ' u_instruction_ram.g_sram\\[1\\].u_macro/dout0[30]\n',
 ' u_instruction_ram.g_sram\\[1\\].u_macro/dout0[31]\n',
 ' u_instruction_ram.g_sram\\[1\\].u_macro/dout0[3]\n',
 ' u_instruction_ram.g_sram\\[1\\].u_macro/dout0[4]\n',
 ' u_instruction_ram.g_sram\\[1\\].u_macro/dout0[5]\n',
 ' u_instruction_ram.g_sram\\[1\\].u_macro/dout0[6]\n',
 ' u_instruction_ram.g_sram\\[1\\].u_macro/dout0[7]\n',
 ' u_instruction_ram.g_sram\\[1\\].u_macro/dout0[8]\n',
 ' u_instruction_ram.g_sram\\[1\\].u_macro/dout0[9]\n',
 ' u_instruction_ram.g_sram\\[2\\].u_macro/dout0[0]\n',
 ' u_instruction_ram.g_sram\\[2\\].u_macro/dout0[10]\n',
 ' u_instruction_ram.g_sram\\[2\\].u_macro/dout0[11]\n',
 ' u_instruction_ram.g_sram\\[2\\].u_macro/dout0[12]\n',
 ' u_instruction_ram.g_sram\\[2\\].u_macro/dout0[13]\n',
 ' u_instruction_ram.g_sram\\[2\\].u_macro/dout0[14]\n',
 ' u_instruction_ram.g_sram\\[2\\].u_macro/dout0[15]\n',
 ' u_instruction_ram.g_sram\\[2\\].u_macro/dout0[16]\n',
 ' u_instruction_ram.g_sram\\[2\\].u_macro/dout0[17]\n',
 ' u_instruction_ram.g_sram\\[2\\].u_macro/dout0[18]\n',
 ' u_instruction_ram.g_sram\\[2\\].u_macro/dout0[19]\n',
 ' u_instruction_ram.g_sram\\[2\\].u_macro/dout0[1]\n',
 ' u_instruction_ram.g_sram\\[2\\].u_macro/dout0[20]\n',
 ' u_instruction_ram.g_sram\\[2\\].u_macro/dout0[21]\n',
 ' u_instruction_ram.g_sram\\[2\\].u_macro/dout0[22]\n',
 ' u_instruction_ram.g_sram\\[2\\].u_macro/dout0[23]\n',
 ' u_instruction_ram.g_sram\\[2\\].u_macro/dout0[24]\n',
 ' u_instruction_ram.g_sram\\[2\\].u_macro/dout0[25]\n',
 ' u_instruction_ram.g_sram\\[2\\].u_macro/dout0[26]\n',
 ' u_instruction_ram.g_sram\\[2\\].u_macro/dout0[27]\n',
 ' u_instruction_ram.g_sram\\[2\\].u_macro/dout0[28]\n',
 ' u_instruction_ram.g_sram\\[2\\].u_macro/dout0[29]\n',
 ' u_instruction_ram.g_sram\\[2\\].u_macro/dout0[2]\n',
 ' u_instruction_ram.g_sram\\[2\\].u_macro/dout0[30]\n',
 ' u_instruction_ram.g_sram\\[2\\].u_macro/dout0[31]\n',
 ' u_instruction_ram.g_sram\\[2\\].u_macro/dout0[3]\n',
 ' u_instruction_ram.g_sram\\[2\\].u_macro/dout0[4]\n',
 ' u_instruction_ram.g_sram\\[2\\].u_macro/dout0[5]\n',
 ' u_instruction_ram.g_sram\\[2\\].u_macro/dout0[6]\n',
 ' u_instruction_ram.g_sram\\[2\\].u_macro/dout0[7]\n',
 ' u_instruction_ram.g_sram\\[2\\].u_macro/dout0[8]\n',
 ' u_instruction_ram.g_sram\\[2\\].u_macro/dout0[9]\n',
 ' u_instruction_ram.g_sram\\[3\\].u_macro/dout0[0]\n',
 ' u_instruction_ram.g_sram\\[3\\].u_macro/dout0[10]\n',
 ' u_instruction_ram.g_sram\\[3\\].u_macro/dout0[11]\n',
 ' u_instruction_ram.g_sram\\[3\\].u_macro/dout0[12]\n',
 ' u_instruction_ram.g_sram\\[3\\].u_macro/dout0[13]\n',
 ' u_instruction_ram.g_sram\\[3\\].u_macro/dout0[14]\n',
 ' u_instruction_ram.g_sram\\[3\\].u_macro/dout0[15]\n',
 ' u_instruction_ram.g_sram\\[3\\].u_macro/dout0[16]\n',
 ' u_instruction_ram.g_sram\\[3\\].u_macro/dout0[17]\n',
 ' u_instruction_ram.g_sram\\[3\\].u_macro/dout0[18]\n',
 ' u_instruction_ram.g_sram\\[3\\].u_macro/dout0[19]\n',
 ' u_instruction_ram.g_sram\\[3\\].u_macro/dout0[1]\n',
 ' u_instruction_ram.g_sram\\[3\\].u_macro/dout0[20]\n',
 ' u_instruction_ram.g_sram\\[3\\].u_macro/dout0[21]\n',
 ' u_instruction_ram.g_sram\\[3\\].u_macro/dout0[22]\n',
 ' u_instruction_ram.g_sram\\[3\\].u_macro/dout0[23]\n',
 ' u_instruction_ram.g_sram\\[3\\].u_macro/dout0[24]\n',
 ' u_instruction_ram.g_sram\\[3\\].u_macro/dout0[25]\n',
 ' u_instruction_ram.g_sram\\[3\\].u_macro/dout0[26]\n',
 ' u_instruction_ram.g_sram\\[3\\].u_macro/dout0[27]\n',
 ' u_instruction_ram.g_sram\\[3\\].u_macro/dout0[28]\n',
 ' u_instruction_ram.g_sram\\[3\\].u_macro/dout0[29]\n',
 ' u_instruction_ram.g_sram\\[3\\].u_macro/dout0[2]\n',
 ' u_instruction_ram.g_sram\\[3\\].u_macro/dout0[30]\n',
 ' u_instruction_ram.g_sram\\[3\\].u_macro/dout0[31]\n',
 ' u_instruction_ram.g_sram\\[3\\].u_macro/dout0[3]\n',
 ' u_instruction_ram.g_sram\\[3\\].u_macro/dout0[4]\n',
 ' u_instruction_ram.g_sram\\[3\\].u_macro/dout0[5]\n',
 ' u_instruction_ram.g_sram\\[3\\].u_macro/dout0[6]\n',
 ' u_instruction_ram.g_sram\\[3\\].u_macro/dout0[7]\n',
 ' u_instruction_ram.g_sram\\[3\\].u_macro/dout0[8]\n',
 ' u_instruction_ram.g_sram\\[3\\].u_macro/dout0[9]\n',
 'Found 0 partially unannotated drivers.\n',
 '\n']
Reported nets:
['i2c_scl_i',
 '_125963__6238/LO',
 'clkload0/X',
 'clkload1/Y',
 'clkload10/Y',
 'clkload100/X',
 'clkload1000/X',
 'clkload1001/Y',
 'clkload1002/X',
 'clkload1003/X',
 'clkload1004/X',
 'clkload1005/Y',
 'clkload1006/Y',
 'clkload1007/X',
 'clkload1008/X',
 'clkload1009/X',
 'clkload101/Y',
 'clkload1010/Y',
 'clkload1011/X',
 'clkload1012/Y',
 'clkload1013/X',
 'clkload1014/X',
 'clkload1015/X',
 'clkload1016/X',
 'clkload1017/X',
 'clkload1018/X',
 'clkload1019/X',
 'clkload102/X',
 'clkload1020/X',
 'clkload1021/Y',
 'clkload1022/Y',
 'clkload1023/Y',
 'clkload1024/X',
 'clkload1025/X',
 'clkload1026/X',
 'clkload1027/Y',
 'clkload1028/X',
 'clkload1029/X',
 'clkload103/X',
 'clkload1030/Y',
 'clkload1031/X',
 'clkload1032/X',
 'clkload1033/Y',
 'clkload1034/X',
 'clkload1035/X',
 'clkload1036/X',
 'clkload1037/Y',
 'clkload1038/Y',
 'clkload1039/Y',
 'clkload104/Y',
 'clkload1040/Y',
 'clkload1041/Y',
 'clkload1042/Y',
 'clkload1043/X',
 'clkload1044/Y',
 'clkload1045/Y',
 'clkload1046/Y',
 'clkload1047/Y',
 'clkload1048/Y',
 'clkload1049/X',
 'clkload105/Y',
 'clkload1050/X',
 'clkload1051/Y',
 'clkload1052/Y',
 'clkload1053/X',
 'clkload1054/Y',
 'clkload1055/X',
 'clkload1056/X',
 'clkload1057/Y',
 'clkload1058/X',
 'clkload1059/X',
 'clkload106/Y',
 'clkload107/Y',
 'clkload108/X',
 'clkload109/Y',
 'clkload11/Y',
 'clkload110/X',
 'clkload111/Y',
 'clkload112/Y',
 'clkload113/Y',
 'clkload114/Y',
 'clkload115/Y',
 'clkload116/X',
 'clkload117/X',
 'clkload118/X',
 'clkload119/X',
 'clkload12/Y',
 'clkload120/X',
 'clkload121/Y',
 'clkload122/Y',
 'clkload123/X',
 'clkload124/X',
 'clkload125/Y',
 'clkload126/X',
 'clkload127/Y',
 'clkload128/Y',
 'clkload129/Y',
 'clkload13/Y',
 'clkload130/Y',
 'clkload131/X',
 'clkload132/Y',
 'clkload133/X',
 'clkload134/X',
 'clkload135/Y',
 'clkload136/Y',
 'clkload137/Y',
 'clkload138/X',
 'clkload139/Y',
 'clkload14/Y',
 'clkload140/Y',
 'clkload141/X',
 'clkload142/Y',
 'clkload143/X',
 'clkload144/Y',
 'clkload145/Y',
 'clkload146/Y',
 'clkload147/X',
 'clkload148/Y',
 'clkload149/X',
 'clkload15/Y',
 'clkload150/Y',
 'clkload151/X',
 'clkload152/X',
 'clkload153/Y',
 'clkload154/Y',
 'clkload155/X',
 'clkload156/X',
 'clkload157/X',
 'clkload158/X',
 'clkload159/X',
 'clkload16/Y',
 'clkload160/X',
 'clkload161/X',
 'clkload162/X',
 'clkload163/X',
 'clkload164/X',
 'clkload165/X',
 'clkload166/X',
 'clkload167/X',
 'clkload168/X',
 'clkload169/X',
 'clkload17/X',
 'clkload170/X',
 'clkload171/X',
 'clkload172/Y',
 'clkload173/X',
 'clkload174/X',
 'clkload175/X',
 'clkload176/Y',
 'clkload177/X',
 'clkload178/Y',
 'clkload179/X',
 'clkload18/Y',
 'clkload180/X',
 'clkload181/X',
 'clkload182/X',
 'clkload183/X',
 'clkload184/X',
 'clkload185/Y',
 'clkload186/X',
 'clkload187/X',
 'clkload188/X',
 'clkload189/X',
 'clkload19/Y',
 'clkload190/X',
 'clkload191/Y',
 'clkload192/X',
 'clkload193/Y',
 'clkload194/X',
 'clkload195/X',
 'clkload196/X',
 'clkload197/Y',
 'clkload198/X',
 'clkload199/X',
 'clkload2/Y',
 'clkload20/X',
 'clkload200/Y',
 'clkload201/Y',
 'clkload202/X',
 'clkload203/X',
 'clkload204/X',
 'clkload205/X',
 'clkload206/X',
 'clkload207/Y',
 'clkload208/Y',
 'clkload209/X',
 'clkload21/Y',
 'clkload210/X',
 'clkload211/X',
 'clkload212/X',
 'clkload213/Y',
 'clkload214/X',
 'clkload215/X',
 'clkload216/X',
 'clkload217/X',
 'clkload218/X',
 'clkload219/X',
 'clkload22/X',
 'clkload220/X',
 'clkload221/Y',
 'clkload222/X',
 'clkload223/X',
 'clkload224/X',
 'clkload225/Y',
 'clkload226/Y',
 'clkload227/Y',
 'clkload228/X',
 'clkload229/Y',
 'clkload23/X',
 'clkload230/Y',
 'clkload231/X',
 'clkload232/X',
 'clkload233/X',
 'clkload234/X',
 'clkload235/Y',
 'clkload236/X',
 'clkload237/X',
 'clkload238/X',
 'clkload239/X',
 'clkload24/X',
 'clkload240/X',
 'clkload241/Y',
 'clkload242/X',
 'clkload243/X',
 'clkload244/Y',
 'clkload245/X',
 'clkload246/X',
 'clkload247/X',
 'clkload248/X',
 'clkload249/X',
 'clkload25/Y',
 'clkload250/X',
 'clkload251/Y',
 'clkload252/X',
 'clkload253/X',
 'clkload254/X',
 'clkload255/X',
 'clkload256/X',
 'clkload257/X',
 'clkload258/X',
 'clkload259/X',
 'clkload26/Y',
 'clkload260/X',
 'clkload261/X',
 'clkload262/X',
 'clkload263/X',
 'clkload264/X',
 'clkload265/Y',
 'clkload266/X',
 'clkload267/Y',
 'clkload268/Y',
 'clkload269/Y',
 'clkload27/Y',
 'clkload270/X',
 'clkload271/X',
 'clkload272/X',
 'clkload273/Y',
 'clkload274/X',
 'clkload275/X',
 'clkload276/X',
 'clkload277/X',
 'clkload278/X',
 'clkload279/X',
 'clkload28/X',
 'clkload280/X',
 'clkload281/X',
 'clkload282/X',
 'clkload283/X',
 'clkload284/X',
 'clkload285/Y',
 'clkload286/X',
 'clkload287/Y',
 'clkload288/X',
 'clkload289/X',
 'clkload29/Y',
 'clkload290/X',
 'clkload291/X',
 'clkload292/X',
 'clkload293/Y',
 'clkload294/Y',
 'clkload295/Y',
 'clkload296/Y',
 'clkload297/X',
 'clkload298/X',
 'clkload299/Y',
 'clkload3/Y',
 'clkload30/Y',
 'clkload300/X',
 'clkload301/Y',
 'clkload302/Y',
 'clkload303/X',
 'clkload304/Y',
 'clkload305/Y',
 'clkload306/Y',
 'clkload307/X',
 'clkload308/X',
 'clkload309/X',
 'clkload31/Y',
 'clkload310/Y',
 'clkload311/Y',
 'clkload312/X',
 'clkload313/Y',
 'clkload314/X',
 'clkload315/Y',
 'clkload316/X',
 'clkload317/X',
 'clkload318/X',
 'clkload319/X',
 'clkload32/X',
 'clkload320/X',
 'clkload321/X',
 'clkload322/X',
 'clkload323/Y',
 'clkload324/X',
 'clkload325/X',
 'clkload326/X',
 'clkload327/X',
 'clkload328/X',
 'clkload329/X',
 'clkload33/Y',
 'clkload330/X',
 'clkload331/X',
 'clkload332/Y',
 'clkload333/X',
 'clkload334/X',
 'clkload335/X',
 'clkload336/X',
 'clkload337/Y',
 'clkload338/Y',
 'clkload339/Y',
 'clkload34/X',
 'clkload340/X',
 'clkload341/X',
 'clkload342/X',
 'clkload343/Y',
 'clkload344/Y',
 'clkload345/X',
 'clkload346/Y',
 'clkload347/X',
 'clkload348/X',
 'clkload349/X',
 'clkload35/Y',
 'clkload350/Y',
 'clkload351/X',
 'clkload352/Y',
 'clkload353/X',
 'clkload354/X',
 'clkload355/X',
 'clkload356/X',
 'clkload357/X',
 'clkload358/X',
 'clkload359/X',
 'clkload36/Y',
 'clkload360/Y',
 'clkload361/X',
 'clkload362/Y',
 'clkload363/X',
 'clkload364/X',
 'clkload365/X',
 'clkload366/X',
 'clkload367/X',
 'clkload368/Y',
 'clkload369/X',
 'clkload37/Y',
 'clkload370/X',
 'clkload371/X',
 'clkload372/X',
 'clkload373/X',
 'clkload374/Y',
 'clkload375/X',
 'clkload376/X',
 'clkload377/X',
 'clkload378/X',
 'clkload379/X',
 'clkload38/X',
 'clkload380/X',
 'clkload381/X',
 'clkload382/X',
 'clkload383/X',
 'clkload384/X',
 'clkload385/X',
 'clkload386/X',
 'clkload387/Y',
 'clkload388/X',
 'clkload389/X',
 'clkload39/X',
 'clkload390/X',
 'clkload391/X',
 'clkload392/X',
 'clkload393/Y',
 'clkload394/X',
 'clkload395/X',
 'clkload396/Y',
 'clkload397/X',
 'clkload398/Y',
 'clkload399/Y',
 'clkload4/Y',
 'clkload40/Y',
 'clkload400/X',
 'clkload401/X',
 'clkload402/X',
 'clkload403/Y',
 'clkload404/X',
 'clkload405/X',
 'clkload406/X',
 'clkload407/Y',
 'clkload408/X',
 'clkload409/X',
 'clkload41/Y',
 'clkload410/X',
 'clkload411/X',
 'clkload412/X',
 'clkload413/Y',
 'clkload414/X',
 'clkload415/X',
 'clkload416/X',
 'clkload417/X',
 'clkload418/X',
 'clkload419/X',
 'clkload42/Y',
 'clkload420/Y',
 'clkload421/X',
 'clkload422/X',
 'clkload423/X',
 'clkload424/X',
 'clkload425/X',
 'clkload426/X',
 'clkload427/X',
 'clkload428/Y',
 'clkload429/X',
 'clkload43/Y',
 'clkload430/X',
 'clkload431/X',
 'clkload432/X',
 'clkload433/X',
 'clkload434/X',
 'clkload435/X',
 'clkload436/X',
 'clkload437/X',
 'clkload438/X',
 'clkload439/Y',
 'clkload44/X',
 'clkload440/X',
 'clkload441/X',
 'clkload442/X',
 'clkload443/X',
 'clkload444/Y',
 'clkload445/Y',
 'clkload446/X',
 'clkload447/X',
 'clkload448/X',
 'clkload449/X',
 'clkload45/Y',
 'clkload450/Y',
 'clkload451/X',
 'clkload452/X',
 'clkload453/X',
 'clkload454/Y',
 'clkload455/X',
 'clkload456/X',
 'clkload457/X',
 'clkload458/X',
 'clkload459/X',
 'clkload46/Y',
 'clkload460/X',
 'clkload461/X',
 'clkload462/Y',
 'clkload463/Y',
 'clkload464/Y',
 'clkload465/X',
 'clkload466/X',
 'clkload467/X',
 'clkload468/X',
 'clkload469/Y',
 'clkload47/Y',
 'clkload470/X',
 'clkload471/X',
 'clkload472/Y',
 'clkload473/X',
 'clkload474/Y',
 'clkload475/Y',
 'clkload476/X',
 'clkload477/X',
 'clkload478/X',
 'clkload479/X',
 'clkload48/Y',
 'clkload480/X',
 'clkload481/X',
 'clkload482/Y',
 'clkload483/Y',
 'clkload484/Y',
 'clkload485/Y',
 'clkload486/X',
 'clkload487/X',
 'clkload488/X',
 'clkload489/X',
 'clkload49/Y',
 'clkload490/X',
 'clkload491/X',
 'clkload492/X',
 'clkload493/Y',
 'clkload494/Y',
 'clkload495/X',
 'clkload496/X',
 'clkload497/Y',
 'clkload498/X',
 'clkload499/X',
 'clkload5/Y',
 'clkload50/X',
 'clkload500/Y',
 'clkload501/Y',
 'clkload502/Y',
 'clkload503/Y',
 'clkload504/X',
 'clkload505/Y',
 'clkload506/X',
 'clkload507/X',
 'clkload508/X',
 'clkload509/X',
 'clkload51/Y',
 'clkload510/X',
 'clkload511/X',
 'clkload512/X',
 'clkload513/Y',
 'clkload514/Y',
 'clkload515/X',
 'clkload516/X',
 'clkload517/Y',
 'clkload518/X',
 'clkload519/Y',
 'clkload52/Y',
 'clkload520/Y',
 'clkload521/Y',
 'clkload522/Y',
 'clkload523/X',
 'clkload524/X',
 'clkload525/Y',
 'clkload526/X',
 'clkload527/X',
 'clkload528/Y',
 'clkload529/X',
 'clkload53/Y',
 'clkload530/Y',
 'clkload531/Y',
 'clkload532/X',
 'clkload533/Y',
 'clkload534/X',
 'clkload535/X',
 'clkload536/X',
 'clkload537/Y',
 'clkload538/X',
 'clkload539/Y',
 'clkload54/Y',
 'clkload540/X',
 'clkload541/Y',
 'clkload542/X',
 'clkload543/Y',
 'clkload544/X',
 'clkload545/Y',
 'clkload546/X',
 'clkload547/X',
 'clkload548/X',
 'clkload549/Y',
 'clkload55/Y',
 'clkload550/X',
 'clkload551/X',
 'clkload552/Y',
 'clkload553/Y',
 'clkload554/X',
 'clkload555/X',
 'clkload556/Y',
 'clkload557/X',
 'clkload558/X',
 'clkload559/X',
 'clkload56/Y',
 'clkload560/Y',
 'clkload561/X',
 'clkload562/X',
 'clkload563/X',
 'clkload564/X',
 'clkload565/Y',
 'clkload566/Y',
 'clkload567/Y',
 'clkload568/X',
 'clkload569/Y',
 'clkload57/X',
 'clkload570/X',
 'clkload571/X',
 'clkload572/X',
 'clkload573/X',
 'clkload574/X',
 'clkload575/X',
 'clkload576/X',
 'clkload577/X',
 'clkload578/X',
 'clkload579/X',
 'clkload58/Y',
 'clkload580/X',
 'clkload581/X',
 'clkload582/X',
 'clkload583/X',
 'clkload584/X',
 'clkload585/X',
 'clkload586/X',
 'clkload587/Y',
 'clkload588/X',
 'clkload589/X',
 'clkload59/Y',
 'clkload590/X',
 'clkload591/X',
 'clkload592/X',
 'clkload593/X',
 'clkload594/Y',
 'clkload595/X',
 'clkload596/X',
 'clkload597/X',
 'clkload598/X',
 'clkload599/X',
 'clkload6/Y',
 'clkload60/X',
 'clkload600/X',
 'clkload601/X',
 'clkload602/X',
 'clkload603/X',
 'clkload604/X',
 'clkload605/X',
 'clkload606/X',
 'clkload607/X',
 'clkload608/X',
 'clkload609/X',
 'clkload61/Y',
 'clkload610/Y',
 'clkload611/Y',
 'clkload612/Y',
 'clkload613/Y',
 'clkload614/X',
 'clkload615/X',
 'clkload616/X',
 'clkload617/X',
 'clkload618/X',
 'clkload619/X',
 'clkload62/X',
 'clkload620/Y',
 'clkload621/X',
 'clkload622/X',
 'clkload623/Y',
 'clkload624/X',
 'clkload625/X',
 'clkload626/X',
 'clkload627/X',
 'clkload628/X',
 'clkload629/Y',
 'clkload63/Y',
 'clkload630/X',
 'clkload631/X',
 'clkload632/X',
 'clkload633/X',
 'clkload634/X',
 'clkload635/X',
 'clkload636/X',
 'clkload637/X',
 'clkload638/X',
 'clkload639/Y',
 'clkload64/Y',
 'clkload640/X',
 'clkload641/Y',
 'clkload642/X',
 'clkload643/Y',
 'clkload644/Y',
 'clkload645/Y',
 'clkload646/Y',
 'clkload647/X',
 'clkload648/X',
 'clkload649/X',
 'clkload65/Y',
 'clkload650/X',
 'clkload651/X',
 'clkload652/Y',
 'clkload653/Y',
 'clkload654/X',
 'clkload655/X',
 'clkload656/X',
 'clkload657/X',
 'clkload658/X',
 'clkload659/X',
 'clkload66/Y',
 'clkload660/X',
 'clkload661/X',
 'clkload662/Y',
 'clkload663/X',
 'clkload664/X',
 'clkload665/X',
 'clkload666/X',
 'clkload667/X',
 'clkload668/X',
 'clkload669/X',
 'clkload67/Y',
 'clkload670/X',
 'clkload671/X',
 'clkload672/X',
 'clkload673/X',
 'clkload674/X',
 'clkload675/X',
 'clkload676/X',
 'clkload677/Y',
 'clkload678/X',
 'clkload679/X',
 'clkload68/Y',
 'clkload680/X',
 'clkload681/X',
 'clkload682/X',
 'clkload683/X',
 'clkload684/X',
 'clkload685/X',
 'clkload686/X',
 'clkload687/X',
 'clkload688/X',
 'clkload689/X',
 'clkload69/Y',
 'clkload690/Y',
 'clkload691/Y',
 'clkload692/Y',
 'clkload693/Y',
 'clkload694/X',
 'clkload695/X',
 'clkload696/Y',
 'clkload697/X',
 'clkload698/X',
 'clkload699/Y',
 'clkload7/Y',
 'clkload70/X',
 'clkload700/X',
 'clkload701/X',
 'clkload702/X',
 'clkload703/X',
 'clkload704/X',
 'clkload705/X',
 'clkload706/Y',
 'clkload707/Y',
 'clkload708/X',
 'clkload709/X',
 'clkload71/Y',
 'clkload710/X',
 'clkload711/Y',
 'clkload712/X',
 'clkload713/X',
 'clkload714/X',
 'clkload715/X',
 'clkload716/X',
 'clkload717/Y',
 'clkload718/Y',
 'clkload719/X',
 'clkload72/X',
 'clkload720/Y',
 'clkload721/Y',
 'clkload722/X',
 'clkload723/X',
 'clkload724/X',
 'clkload725/Y',
 'clkload726/X',
 'clkload727/X',
 'clkload728/Y',
 'clkload729/X',
 'clkload73/X',
 'clkload730/X',
 'clkload731/Y',
 'clkload732/X',
 'clkload733/X',
 'clkload734/X',
 'clkload735/X',
 'clkload736/X',
 'clkload737/X',
 'clkload738/X',
 'clkload739/Y',
 'clkload74/X',
 'clkload740/X',
 'clkload741/X',
 'clkload742/Y',
 'clkload743/Y',
 'clkload744/X',
 'clkload745/X',
 'clkload746/X',
 'clkload747/X',
 'clkload748/X',
 'clkload749/X',
 'clkload75/X',
 'clkload750/Y',
 'clkload751/Y',
 'clkload752/X',
 'clkload753/Y',
 'clkload754/X',
 'clkload755/X',
 'clkload756/X',
 'clkload757/X',
 'clkload758/X',
 'clkload759/X',
 'clkload76/X',
 'clkload760/Y',
 'clkload761/X',
 'clkload762/Y',
 'clkload763/X',
 'clkload764/X',
 'clkload765/X',
 'clkload766/X',
 'clkload767/Y',
 'clkload768/Y',
 'clkload769/X',
 'clkload77/X',
 'clkload770/Y',
 'clkload771/Y',
 'clkload772/Y',
 'clkload773/Y',
 'clkload774/Y',
 'clkload775/Y',
 'clkload776/X',
 'clkload777/X',
 'clkload778/Y',
 'clkload779/X',
 'clkload78/X',
 'clkload780/Y',
 'clkload781/X',
 'clkload782/X',
 'clkload783/Y',
 'clkload784/Y',
 'clkload785/X',
 'clkload786/X',
 'clkload787/X',
 'clkload788/X',
 'clkload789/X',
 'clkload79/Y',
 'clkload790/X',
 'clkload791/Y',
 'clkload792/Y',
 'clkload793/Y',
 'clkload794/Y',
 'clkload795/Y',
 'clkload796/X',
 'clkload797/X',
 'clkload798/X',
 'clkload799/X',
 'clkload8/Y',
 'clkload80/Y',
 'clkload800/X',
 'clkload801/X',
 'clkload802/Y',
 'clkload803/Y',
 'clkload804/Y',
 'clkload805/Y',
 'clkload806/Y',
 'clkload807/Y',
 'clkload808/Y',
 'clkload809/Y',
 'clkload81/Y',
 'clkload810/X',
 'clkload811/Y',
 'clkload812/X',
 'clkload813/X',
 'clkload814/Y',
 'clkload815/Y',
 'clkload816/Y',
 'clkload817/Y',
 'clkload818/X',
 'clkload819/X',
 'clkload82/X',
 'clkload820/Y',
 'clkload821/X',
 'clkload822/Y',
 'clkload823/Y',
 'clkload824/Y',
 'clkload825/Y',
 'clkload826/Y',
 'clkload827/X',
 'clkload828/Y',
 'clkload829/X',
 'clkload83/Y',
 'clkload830/X',
 'clkload831/X',
 'clkload832/X',
 'clkload833/X',
 'clkload834/X',
 'clkload835/X',
 'clkload836/X',
 'clkload837/X',
 'clkload838/Y',
 'clkload839/X',
 'clkload84/X',
 'clkload840/X',
 'clkload841/X',
 'clkload842/X',
 'clkload843/X',
 'clkload844/X',
 'clkload845/X',
 'clkload846/Y',
 'clkload847/Y',
 'clkload848/X',
 'clkload849/Y',
 'clkload85/Y',
 'clkload850/X',
 'clkload851/Y',
 'clkload852/Y',
 'clkload853/X',
 'clkload854/X',
 'clkload855/X',
 'clkload856/X',
 'clkload857/Y',
 'clkload858/X',
 'clkload859/X',
 'clkload86/X',
 'clkload860/X',
 'clkload861/X',
 'clkload862/Y',
 'clkload863/Y',
 'clkload864/X',
 'clkload865/Y',
 'clkload866/Y',
 'clkload867/X',
 'clkload868/X',
 'clkload869/Y',
 'clkload87/Y',
 'clkload870/X',
 'clkload871/Y',
 'clkload872/X',
 'clkload873/X',
 'clkload874/X',
 'clkload875/X',
 'clkload876/X',
 'clkload877/X',
 'clkload878/Y',
 'clkload879/Y',
 'clkload88/Y',
 'clkload880/X',
 'clkload881/Y',
 'clkload882/X',
 'clkload883/X',
 'clkload884/X',
 'clkload885/X',
 'clkload886/X',
 'clkload887/X',
 'clkload888/Y',
 'clkload889/X',
 'clkload89/Y',
 'clkload890/X',
 'clkload891/X',
 'clkload892/Y',
 'clkload893/Y',
 'clkload894/Y',
 'clkload895/Y',
 'clkload896/X',
 'clkload897/X',
 'clkload898/Y',
 'clkload899/Y',
 'clkload9/Y',
 'clkload90/Y',
 'clkload900/Y',
 'clkload901/Y',
 'clkload902/Y',
 'clkload903/Y',
 'clkload904/X',
 'clkload905/Y',
 'clkload906/X',
 'clkload907/X',
 'clkload908/X',
 'clkload909/Y',
 'clkload91/X',
 'clkload910/Y',
 'clkload911/X',
 'clkload912/X',
 'clkload913/X',
 'clkload914/X',
 'clkload915/X',
 'clkload916/Y',
 'clkload917/X',
 'clkload918/Y',
 'clkload919/Y',
 'clkload92/Y',
 'clkload920/Y',
 'clkload921/X',
 'clkload922/Y',
 'clkload923/X',
 'clkload924/Y',
 'clkload925/Y',
 'clkload926/X',
 'clkload927/X',
 'clkload928/X',
 'clkload929/X',
 'clkload93/X',
 'clkload930/X',
 'clkload931/X',
 'clkload932/X',
 'clkload933/X',
 'clkload934/X',
 'clkload935/X',
 'clkload936/X',
 'clkload937/X',
 'clkload938/X',
 'clkload939/Y',
 'clkload94/Y',
 'clkload940/X',
 'clkload941/Y',
 'clkload942/Y',
 'clkload943/X',
 'clkload944/X',
 'clkload945/X',
 'clkload946/X',
 'clkload947/X',
 'clkload948/Y',
 'clkload949/Y',
 'clkload95/Y',
 'clkload950/X',
 'clkload951/X',
 'clkload952/X',
 'clkload953/X',
 'clkload954/X',
 'clkload955/Y',
 'clkload956/Y',
 'clkload957/X',
 'clkload958/X',
 'clkload959/X',
 'clkload96/X',
 'clkload960/X',
 'clkload961/X',
 'clkload962/X',
 'clkload963/X',
 'clkload964/X',
 'clkload965/X',
 'clkload966/X',
 'clkload967/Y',
 'clkload968/X',
 'clkload969/X',
 'clkload97/Y',
 'clkload970/X',
 'clkload971/Y',
 'clkload972/X',
 'clkload973/X',
 'clkload974/Y',
 'clkload975/X',
 'clkload976/Y',
 'clkload977/Y',
 'clkload978/X',
 'clkload979/X',
 'clkload98/Y',
 'clkload980/X',
 'clkload981/X',
 'clkload982/Y',
 'clkload983/X',
 'clkload984/X',
 'clkload985/X',
 'clkload986/Y',
 'clkload987/X',
 'clkload988/X',
 'clkload989/Y',
 'clkload99/Y',
 'clkload990/X',
 'clkload991/X',
 'clkload992/X',
 'clkload993/X',
 'clkload994/X',
 'clkload995/Y',
 'clkload996/X',
 'clkload997/Y',
 'clkload998/Y',
 'clkload999/Y',
 'soc_top/HI',
 'soc_top_6237/HI',
 'u_data_ram.g_sram\\[0\\].u_macro/dout0[0]',
 'u_data_ram.g_sram\\[0\\].u_macro/dout0[10]',
 'u_data_ram.g_sram\\[0\\].u_macro/dout0[11]',
 'u_data_ram.g_sram\\[0\\].u_macro/dout0[12]',
 'u_data_ram.g_sram\\[0\\].u_macro/dout0[13]',
 'u_data_ram.g_sram\\[0\\].u_macro/dout0[14]',
 'u_data_ram.g_sram\\[0\\].u_macro/dout0[15]',
 'u_data_ram.g_sram\\[0\\].u_macro/dout0[16]',
 'u_data_ram.g_sram\\[0\\].u_macro/dout0[17]',
 'u_data_ram.g_sram\\[0\\].u_macro/dout0[18]',
 'u_data_ram.g_sram\\[0\\].u_macro/dout0[19]',
 'u_data_ram.g_sram\\[0\\].u_macro/dout0[1]',
 'u_data_ram.g_sram\\[0\\].u_macro/dout0[20]',
 'u_data_ram.g_sram\\[0\\].u_macro/dout0[21]',
 'u_data_ram.g_sram\\[0\\].u_macro/dout0[22]',
 'u_data_ram.g_sram\\[0\\].u_macro/dout0[23]',
 'u_data_ram.g_sram\\[0\\].u_macro/dout0[24]',
 'u_data_ram.g_sram\\[0\\].u_macro/dout0[25]',
 'u_data_ram.g_sram\\[0\\].u_macro/dout0[26]',
 'u_data_ram.g_sram\\[0\\].u_macro/dout0[27]',
 'u_data_ram.g_sram\\[0\\].u_macro/dout0[28]',
 'u_data_ram.g_sram\\[0\\].u_macro/dout0[29]',
 'u_data_ram.g_sram\\[0\\].u_macro/dout0[2]',
 'u_data_ram.g_sram\\[0\\].u_macro/dout0[30]',
 'u_data_ram.g_sram\\[0\\].u_macro/dout0[31]',
 'u_data_ram.g_sram\\[0\\].u_macro/dout0[3]',
 'u_data_ram.g_sram\\[0\\].u_macro/dout0[4]',
 'u_data_ram.g_sram\\[0\\].u_macro/dout0[5]',
 'u_data_ram.g_sram\\[0\\].u_macro/dout0[6]',
 'u_data_ram.g_sram\\[0\\].u_macro/dout0[7]',
 'u_data_ram.g_sram\\[0\\].u_macro/dout0[8]',
 'u_data_ram.g_sram\\[0\\].u_macro/dout0[9]',
 'u_data_ram.g_sram\\[1\\].u_macro/dout0[0]',
 'u_data_ram.g_sram\\[1\\].u_macro/dout0[10]',
 'u_data_ram.g_sram\\[1\\].u_macro/dout0[11]',
 'u_data_ram.g_sram\\[1\\].u_macro/dout0[12]',
 'u_data_ram.g_sram\\[1\\].u_macro/dout0[13]',
 'u_data_ram.g_sram\\[1\\].u_macro/dout0[14]',
 'u_data_ram.g_sram\\[1\\].u_macro/dout0[15]',
 'u_data_ram.g_sram\\[1\\].u_macro/dout0[16]',
 'u_data_ram.g_sram\\[1\\].u_macro/dout0[17]',
 'u_data_ram.g_sram\\[1\\].u_macro/dout0[18]',
 'u_data_ram.g_sram\\[1\\].u_macro/dout0[19]',
 'u_data_ram.g_sram\\[1\\].u_macro/dout0[1]',
 'u_data_ram.g_sram\\[1\\].u_macro/dout0[20]',
 'u_data_ram.g_sram\\[1\\].u_macro/dout0[21]',
 'u_data_ram.g_sram\\[1\\].u_macro/dout0[22]',
 'u_data_ram.g_sram\\[1\\].u_macro/dout0[23]',
 'u_data_ram.g_sram\\[1\\].u_macro/dout0[24]',
 'u_data_ram.g_sram\\[1\\].u_macro/dout0[25]',
 'u_data_ram.g_sram\\[1\\].u_macro/dout0[26]',
 'u_data_ram.g_sram\\[1\\].u_macro/dout0[27]',
 'u_data_ram.g_sram\\[1\\].u_macro/dout0[28]',
 'u_data_ram.g_sram\\[1\\].u_macro/dout0[29]',
 'u_data_ram.g_sram\\[1\\].u_macro/dout0[2]',
 'u_data_ram.g_sram\\[1\\].u_macro/dout0[30]',
 'u_data_ram.g_sram\\[1\\].u_macro/dout0[31]',
 'u_data_ram.g_sram\\[1\\].u_macro/dout0[3]',
 'u_data_ram.g_sram\\[1\\].u_macro/dout0[4]',
 'u_data_ram.g_sram\\[1\\].u_macro/dout0[5]',
 'u_data_ram.g_sram\\[1\\].u_macro/dout0[6]',
 'u_data_ram.g_sram\\[1\\].u_macro/dout0[7]',
 'u_data_ram.g_sram\\[1\\].u_macro/dout0[8]',
 'u_data_ram.g_sram\\[1\\].u_macro/dout0[9]',
 'u_data_ram.g_sram\\[2\\].u_macro/dout0[0]',
 'u_data_ram.g_sram\\[2\\].u_macro/dout0[10]',
 'u_data_ram.g_sram\\[2\\].u_macro/dout0[11]',
 'u_data_ram.g_sram\\[2\\].u_macro/dout0[12]',
 'u_data_ram.g_sram\\[2\\].u_macro/dout0[13]',
 'u_data_ram.g_sram\\[2\\].u_macro/dout0[14]',
 'u_data_ram.g_sram\\[2\\].u_macro/dout0[15]',
 'u_data_ram.g_sram\\[2\\].u_macro/dout0[16]',
 'u_data_ram.g_sram\\[2\\].u_macro/dout0[17]',
 'u_data_ram.g_sram\\[2\\].u_macro/dout0[18]',
 'u_data_ram.g_sram\\[2\\].u_macro/dout0[19]',
 'u_data_ram.g_sram\\[2\\].u_macro/dout0[1]',
 'u_data_ram.g_sram\\[2\\].u_macro/dout0[20]',
 'u_data_ram.g_sram\\[2\\].u_macro/dout0[21]',
 'u_data_ram.g_sram\\[2\\].u_macro/dout0[22]',
 'u_data_ram.g_sram\\[2\\].u_macro/dout0[23]',
 'u_data_ram.g_sram\\[2\\].u_macro/dout0[24]',
 'u_data_ram.g_sram\\[2\\].u_macro/dout0[25]',
 'u_data_ram.g_sram\\[2\\].u_macro/dout0[26]',
 'u_data_ram.g_sram\\[2\\].u_macro/dout0[27]',
 'u_data_ram.g_sram\\[2\\].u_macro/dout0[28]',
 'u_data_ram.g_sram\\[2\\].u_macro/dout0[29]',
 'u_data_ram.g_sram\\[2\\].u_macro/dout0[2]',
 'u_data_ram.g_sram\\[2\\].u_macro/dout0[30]',
 'u_data_ram.g_sram\\[2\\].u_macro/dout0[31]',
 'u_data_ram.g_sram\\[2\\].u_macro/dout0[3]',
 'u_data_ram.g_sram\\[2\\].u_macro/dout0[4]',
 'u_data_ram.g_sram\\[2\\].u_macro/dout0[5]',
 'u_data_ram.g_sram\\[2\\].u_macro/dout0[6]',
 'u_data_ram.g_sram\\[2\\].u_macro/dout0[7]',
 'u_data_ram.g_sram\\[2\\].u_macro/dout0[8]',
 'u_data_ram.g_sram\\[2\\].u_macro/dout0[9]',
 'u_data_ram.g_sram\\[3\\].u_macro/dout0[0]',
 'u_data_ram.g_sram\\[3\\].u_macro/dout0[10]',
 'u_data_ram.g_sram\\[3\\].u_macro/dout0[11]',
 'u_data_ram.g_sram\\[3\\].u_macro/dout0[12]',
 'u_data_ram.g_sram\\[3\\].u_macro/dout0[13]',
 'u_data_ram.g_sram\\[3\\].u_macro/dout0[14]',
 'u_data_ram.g_sram\\[3\\].u_macro/dout0[15]',
 'u_data_ram.g_sram\\[3\\].u_macro/dout0[16]',
 'u_data_ram.g_sram\\[3\\].u_macro/dout0[17]',
 'u_data_ram.g_sram\\[3\\].u_macro/dout0[18]',
 'u_data_ram.g_sram\\[3\\].u_macro/dout0[19]',
 'u_data_ram.g_sram\\[3\\].u_macro/dout0[1]',
 'u_data_ram.g_sram\\[3\\].u_macro/dout0[20]',
 'u_data_ram.g_sram\\[3\\].u_macro/dout0[21]',
 'u_data_ram.g_sram\\[3\\].u_macro/dout0[22]',
 'u_data_ram.g_sram\\[3\\].u_macro/dout0[23]',
 'u_data_ram.g_sram\\[3\\].u_macro/dout0[24]',
 'u_data_ram.g_sram\\[3\\].u_macro/dout0[25]',
 'u_data_ram.g_sram\\[3\\].u_macro/dout0[26]',
 'u_data_ram.g_sram\\[3\\].u_macro/dout0[27]',
 'u_data_ram.g_sram\\[3\\].u_macro/dout0[28]',
 'u_data_ram.g_sram\\[3\\].u_macro/dout0[29]',
 'u_data_ram.g_sram\\[3\\].u_macro/dout0[2]',
 'u_data_ram.g_sram\\[3\\].u_macro/dout0[30]',
 'u_data_ram.g_sram\\[3\\].u_macro/dout0[31]',
 'u_data_ram.g_sram\\[3\\].u_macro/dout0[3]',
 'u_data_ram.g_sram\\[3\\].u_macro/dout0[4]',
 'u_data_ram.g_sram\\[3\\].u_macro/dout0[5]',
 'u_data_ram.g_sram\\[3\\].u_macro/dout0[6]',
 'u_data_ram.g_sram\\[3\\].u_macro/dout0[7]',
 'u_data_ram.g_sram\\[3\\].u_macro/dout0[8]',
 'u_data_ram.g_sram\\[3\\].u_macro/dout0[9]',
 'u_instruction_ram.g_sram\\[0\\].u_macro/dout0[0]',
 'u_instruction_ram.g_sram\\[0\\].u_macro/dout0[10]',
 'u_instruction_ram.g_sram\\[0\\].u_macro/dout0[11]',
 'u_instruction_ram.g_sram\\[0\\].u_macro/dout0[12]',
 'u_instruction_ram.g_sram\\[0\\].u_macro/dout0[13]',
 'u_instruction_ram.g_sram\\[0\\].u_macro/dout0[14]',
 'u_instruction_ram.g_sram\\[0\\].u_macro/dout0[15]',
 'u_instruction_ram.g_sram\\[0\\].u_macro/dout0[16]',
 'u_instruction_ram.g_sram\\[0\\].u_macro/dout0[17]',
 'u_instruction_ram.g_sram\\[0\\].u_macro/dout0[18]',
 'u_instruction_ram.g_sram\\[0\\].u_macro/dout0[19]',
 'u_instruction_ram.g_sram\\[0\\].u_macro/dout0[1]',
 'u_instruction_ram.g_sram\\[0\\].u_macro/dout0[20]',
 'u_instruction_ram.g_sram\\[0\\].u_macro/dout0[21]',
 'u_instruction_ram.g_sram\\[0\\].u_macro/dout0[22]',
 'u_instruction_ram.g_sram\\[0\\].u_macro/dout0[23]',
 'u_instruction_ram.g_sram\\[0\\].u_macro/dout0[24]',
 'u_instruction_ram.g_sram\\[0\\].u_macro/dout0[25]',
 'u_instruction_ram.g_sram\\[0\\].u_macro/dout0[26]',
 'u_instruction_ram.g_sram\\[0\\].u_macro/dout0[27]',
 'u_instruction_ram.g_sram\\[0\\].u_macro/dout0[28]',
 'u_instruction_ram.g_sram\\[0\\].u_macro/dout0[29]',
 'u_instruction_ram.g_sram\\[0\\].u_macro/dout0[2]',
 'u_instruction_ram.g_sram\\[0\\].u_macro/dout0[30]',
 'u_instruction_ram.g_sram\\[0\\].u_macro/dout0[31]',
 'u_instruction_ram.g_sram\\[0\\].u_macro/dout0[3]',
 'u_instruction_ram.g_sram\\[0\\].u_macro/dout0[4]',
 'u_instruction_ram.g_sram\\[0\\].u_macro/dout0[5]',
 'u_instruction_ram.g_sram\\[0\\].u_macro/dout0[6]',
 'u_instruction_ram.g_sram\\[0\\].u_macro/dout0[7]',
 'u_instruction_ram.g_sram\\[0\\].u_macro/dout0[8]',
 'u_instruction_ram.g_sram\\[0\\].u_macro/dout0[9]',
 'u_instruction_ram.g_sram\\[1\\].u_macro/dout0[0]',
 'u_instruction_ram.g_sram\\[1\\].u_macro/dout0[10]',
 'u_instruction_ram.g_sram\\[1\\].u_macro/dout0[11]',
 'u_instruction_ram.g_sram\\[1\\].u_macro/dout0[12]',
 'u_instruction_ram.g_sram\\[1\\].u_macro/dout0[13]',
 'u_instruction_ram.g_sram\\[1\\].u_macro/dout0[14]',
 'u_instruction_ram.g_sram\\[1\\].u_macro/dout0[15]',
 'u_instruction_ram.g_sram\\[1\\].u_macro/dout0[16]',
 'u_instruction_ram.g_sram\\[1\\].u_macro/dout0[17]',
 'u_instruction_ram.g_sram\\[1\\].u_macro/dout0[18]',
 'u_instruction_ram.g_sram\\[1\\].u_macro/dout0[19]',
 'u_instruction_ram.g_sram\\[1\\].u_macro/dout0[1]',
 'u_instruction_ram.g_sram\\[1\\].u_macro/dout0[20]',
 'u_instruction_ram.g_sram\\[1\\].u_macro/dout0[21]',
 'u_instruction_ram.g_sram\\[1\\].u_macro/dout0[22]',
 'u_instruction_ram.g_sram\\[1\\].u_macro/dout0[23]',
 'u_instruction_ram.g_sram\\[1\\].u_macro/dout0[24]',
 'u_instruction_ram.g_sram\\[1\\].u_macro/dout0[25]',
 'u_instruction_ram.g_sram\\[1\\].u_macro/dout0[26]',
 'u_instruction_ram.g_sram\\[1\\].u_macro/dout0[27]',
 'u_instruction_ram.g_sram\\[1\\].u_macro/dout0[28]',
 'u_instruction_ram.g_sram\\[1\\].u_macro/dout0[29]',
 'u_instruction_ram.g_sram\\[1\\].u_macro/dout0[2]',
 'u_instruction_ram.g_sram\\[1\\].u_macro/dout0[30]',
 'u_instruction_ram.g_sram\\[1\\].u_macro/dout0[31]',
 'u_instruction_ram.g_sram\\[1\\].u_macro/dout0[3]',
 'u_instruction_ram.g_sram\\[1\\].u_macro/dout0[4]',
 'u_instruction_ram.g_sram\\[1\\].u_macro/dout0[5]',
 'u_instruction_ram.g_sram\\[1\\].u_macro/dout0[6]',
 'u_instruction_ram.g_sram\\[1\\].u_macro/dout0[7]',
 'u_instruction_ram.g_sram\\[1\\].u_macro/dout0[8]',
 'u_instruction_ram.g_sram\\[1\\].u_macro/dout0[9]',
 'u_instruction_ram.g_sram\\[2\\].u_macro/dout0[0]',
 'u_instruction_ram.g_sram\\[2\\].u_macro/dout0[10]',
 'u_instruction_ram.g_sram\\[2\\].u_macro/dout0[11]',
 'u_instruction_ram.g_sram\\[2\\].u_macro/dout0[12]',
 'u_instruction_ram.g_sram\\[2\\].u_macro/dout0[13]',
 'u_instruction_ram.g_sram\\[2\\].u_macro/dout0[14]',
 'u_instruction_ram.g_sram\\[2\\].u_macro/dout0[15]',
 'u_instruction_ram.g_sram\\[2\\].u_macro/dout0[16]',
 'u_instruction_ram.g_sram\\[2\\].u_macro/dout0[17]',
 'u_instruction_ram.g_sram\\[2\\].u_macro/dout0[18]',
 'u_instruction_ram.g_sram\\[2\\].u_macro/dout0[19]',
 'u_instruction_ram.g_sram\\[2\\].u_macro/dout0[1]',
 'u_instruction_ram.g_sram\\[2\\].u_macro/dout0[20]',
 'u_instruction_ram.g_sram\\[2\\].u_macro/dout0[21]',
 'u_instruction_ram.g_sram\\[2\\].u_macro/dout0[22]',
 'u_instruction_ram.g_sram\\[2\\].u_macro/dout0[23]',
 'u_instruction_ram.g_sram\\[2\\].u_macro/dout0[24]',
 'u_instruction_ram.g_sram\\[2\\].u_macro/dout0[25]',
 'u_instruction_ram.g_sram\\[2\\].u_macro/dout0[26]',
 'u_instruction_ram.g_sram\\[2\\].u_macro/dout0[27]',
 'u_instruction_ram.g_sram\\[2\\].u_macro/dout0[28]',
 'u_instruction_ram.g_sram\\[2\\].u_macro/dout0[29]',
 'u_instruction_ram.g_sram\\[2\\].u_macro/dout0[2]',
 'u_instruction_ram.g_sram\\[2\\].u_macro/dout0[30]',
 'u_instruction_ram.g_sram\\[2\\].u_macro/dout0[31]',
 'u_instruction_ram.g_sram\\[2\\].u_macro/dout0[3]',
 'u_instruction_ram.g_sram\\[2\\].u_macro/dout0[4]',
 'u_instruction_ram.g_sram\\[2\\].u_macro/dout0[5]',
 'u_instruction_ram.g_sram\\[2\\].u_macro/dout0[6]',
 'u_instruction_ram.g_sram\\[2\\].u_macro/dout0[7]',
 'u_instruction_ram.g_sram\\[2\\].u_macro/dout0[8]',
 'u_instruction_ram.g_sram\\[2\\].u_macro/dout0[9]',
 'u_instruction_ram.g_sram\\[3\\].u_macro/dout0[0]',
 'u_instruction_ram.g_sram\\[3\\].u_macro/dout0[10]',
 'u_instruction_ram.g_sram\\[3\\].u_macro/dout0[11]',
 'u_instruction_ram.g_sram\\[3\\].u_macro/dout0[12]',
 'u_instruction_ram.g_sram\\[3\\].u_macro/dout0[13]',
 'u_instruction_ram.g_sram\\[3\\].u_macro/dout0[14]',
 'u_instruction_ram.g_sram\\[3\\].u_macro/dout0[15]',
 'u_instruction_ram.g_sram\\[3\\].u_macro/dout0[16]',
 'u_instruction_ram.g_sram\\[3\\].u_macro/dout0[17]',
 'u_instruction_ram.g_sram\\[3\\].u_macro/dout0[18]',
 'u_instruction_ram.g_sram\\[3\\].u_macro/dout0[19]',
 'u_instruction_ram.g_sram\\[3\\].u_macro/dout0[1]',
 'u_instruction_ram.g_sram\\[3\\].u_macro/dout0[20]',
 'u_instruction_ram.g_sram\\[3\\].u_macro/dout0[21]',
 'u_instruction_ram.g_sram\\[3\\].u_macro/dout0[22]',
 'u_instruction_ram.g_sram\\[3\\].u_macro/dout0[23]',
 'u_instruction_ram.g_sram\\[3\\].u_macro/dout0[24]',
 'u_instruction_ram.g_sram\\[3\\].u_macro/dout0[25]',
 'u_instruction_ram.g_sram\\[3\\].u_macro/dout0[26]',
 'u_instruction_ram.g_sram\\[3\\].u_macro/dout0[27]',
 'u_instruction_ram.g_sram\\[3\\].u_macro/dout0[28]',
 'u_instruction_ram.g_sram\\[3\\].u_macro/dout0[29]',
 'u_instruction_ram.g_sram\\[3\\].u_macro/dout0[2]',
 'u_instruction_ram.g_sram\\[3\\].u_macro/dout0[30]',
 'u_instruction_ram.g_sram\\[3\\].u_macro/dout0[31]',
 'u_instruction_ram.g_sram\\[3\\].u_macro/dout0[3]',
 'u_instruction_ram.g_sram\\[3\\].u_macro/dout0[4]',
 'u_instruction_ram.g_sram\\[3\\].u_macro/dout0[5]',
 'u_instruction_ram.g_sram\\[3\\].u_macro/dout0[6]',
 'u_instruction_ram.g_sram\\[3\\].u_macro/dout0[7]',
 'u_instruction_ram.g_sram\\[3\\].u_macro/dout0[8]',
 'u_instruction_ram.g_sram\\[3\\].u_macro/dout0[9]']
Filtered nets:
[]
done
