
Magic 8.3 revision 623 - Compiled on Sat Aug 22 10:23:55 UTC 2026.
Starting magic under Tcl interpreter
Using the terminal as the console.
Using NULL graphics device.
Processing system .magicrc file
Switching to WIRING tool.
Switching to NETLIST tool.
Switching to PICK tool.
Switching to BOX tool.
Sourcing design .magicrc for technology sky130A ...
2 Magic internal units = 1 Lambda
Input style sky130(): scaleFactor=2, multiplier=2
The following types are not handled by extraction and will be treated as non-electrical types:
    ubm 
Scaled tech values by 2 / 1 to match internal grid scaling
Loading sky130A Device Generator Menu ...
Loading "/nix/store/af8ijg47w5gfv25fb0dyfcw2aca9sqk6-python3.13-librelane-3.0.6/lib/python3.13/site-packages/librelane/scripts/magic/wrapper.tcl" from command line.
> gds read /home/tatua7806/.ciel/ciel/sky130/versions/8afc8346a57fe1ab7934ba5a6056ea8b43078e71/sky130A/libs.ref/sky130_fd_sc_hd/gds/sky130_fd_sc_hd.gds
Warning: Calma reading is not undoable!  I hope that's OK.
Library written using GDS-II Release 3.0
Library name: sky130_fd_sc_hd
Reading "sky130_fd_sc_hd__or4bb_4".
Reading "sky130_fd_sc_hd__probe_p_8".
Reading "sky130_fd_sc_hd__probec_p_8".
Reading "sky130_fd_sc_hd__sdfbbn_1".
Reading "sky130_fd_sc_hd__sdfbbn_2".
Reading "sky130_fd_sc_hd__sdfbbp_1".
Reading "sky130_fd_sc_hd__sdfrbp_1".
Reading "sky130_fd_sc_hd__sdfrbp_2".
Reading "sky130_fd_sc_hd__sdfrtn_1".
Reading "sky130_fd_sc_hd__sdfrtp_1".
Reading "sky130_fd_sc_hd__sdfrtp_2".
Reading "sky130_fd_sc_hd__sdfrtp_4".
Reading "sky130_fd_sc_hd__sdfsbp_1".
Reading "sky130_fd_sc_hd__sdfsbp_2".
Reading "sky130_fd_sc_hd__sdfstp_1".
Reading "sky130_fd_sc_hd__sdfstp_2".
Reading "sky130_fd_sc_hd__sdfstp_4".
Reading "sky130_fd_sc_hd__sdfxbp_1".
Reading "sky130_fd_sc_hd__sdfxbp_2".
Reading "sky130_fd_sc_hd__sdfxtp_1".
Reading "sky130_fd_sc_hd__sdfxtp_2".
Reading "sky130_fd_sc_hd__sdfxtp_4".
Reading "sky130_fd_sc_hd__sdlclkp_1".
Reading "sky130_fd_sc_hd__sdlclkp_2".
Reading "sky130_fd_sc_hd__sdlclkp_4".
Reading "sky130_fd_sc_hd__sedfxbp_1".
Reading "sky130_fd_sc_hd__sedfxbp_2".
Reading "sky130_fd_sc_hd__xnor2_2".
Reading "sky130_fd_sc_hd__xnor2_1".
Reading "sky130_fd_sc_hd__tapvpwrvgnd_1".
Reading "sky130_fd_sc_hd__tapvgnd_1".
Reading "sky130_fd_sc_hd__tapvgnd2_1".
Reading "sky130_fd_sc_hd__tap_2".
Reading "sky130_fd_sc_hd__tap_1".
Reading "sky130_fd_sc_hd__sedfxtp_4".
Reading "sky130_fd_sc_hd__sedfxtp_2".
Reading "sky130_fd_sc_hd__sedfxtp_1".
Reading "sky130_fd_sc_hd__xnor2_4".
Reading "sky130_fd_sc_hd__xnor3_1".
Reading "sky130_fd_sc_hd__xnor3_2".
Reading "sky130_fd_sc_hd__xnor3_4".
Reading "sky130_fd_sc_hd__xor2_1".
Reading "sky130_fd_sc_hd__xor2_2".
Reading "sky130_fd_sc_hd__xor2_4".
Reading "sky130_fd_sc_hd__xor3_1".
Reading "sky130_fd_sc_hd__xor3_2".
Reading "sky130_fd_sc_hd__xor3_4".
Reading "sky130_fd_sc_hd__o41a_2".
Reading "sky130_fd_sc_hd__o41a_4".
Reading "sky130_fd_sc_hd__o41ai_1".
Reading "sky130_fd_sc_hd__o41ai_2".
Reading "sky130_fd_sc_hd__o41ai_4".
Reading "sky130_fd_sc_hd__o211a_1".
Reading "sky130_fd_sc_hd__o211a_2".
Reading "sky130_fd_sc_hd__o211a_4".
Reading "sky130_fd_sc_hd__o211ai_1".
Reading "sky130_fd_sc_hd__o211ai_2".
Reading "sky130_fd_sc_hd__o211ai_4".
Reading "sky130_fd_sc_hd__o221a_1".
Reading "sky130_fd_sc_hd__o221a_2".
Reading "sky130_fd_sc_hd__o221a_4".
Reading "sky130_fd_sc_hd__o221ai_1".
Reading "sky130_fd_sc_hd__o221ai_2".
Reading "sky130_fd_sc_hd__o311a_1".
Reading "sky130_fd_sc_hd__o311a_2".
Reading "sky130_fd_sc_hd__o311a_4".
Reading "sky130_fd_sc_hd__o311ai_0".
Reading "sky130_fd_sc_hd__o311ai_1".
Reading "sky130_fd_sc_hd__o221ai_4".
Reading "sky130_fd_sc_hd__o311ai_2".
Reading "sky130_fd_sc_hd__o311ai_4".
Reading "sky130_fd_sc_hd__o2111a_1".
Reading "sky130_fd_sc_hd__o2111a_2".
Reading "sky130_fd_sc_hd__o2111a_4".
Reading "sky130_fd_sc_hd__o2111ai_1".
Reading "sky130_fd_sc_hd__o2111ai_2".
Reading "sky130_fd_sc_hd__o2111ai_4".
Reading "sky130_fd_sc_hd__or2_0".
Reading "sky130_fd_sc_hd__or2_1".
Reading "sky130_fd_sc_hd__or2_2".
Reading "sky130_fd_sc_hd__or2_4".
Reading "sky130_fd_sc_hd__or2b_1".
Reading "sky130_fd_sc_hd__or2b_2".
Reading "sky130_fd_sc_hd__or2b_4".
Reading "sky130_fd_sc_hd__or3_1".
Reading "sky130_fd_sc_hd__or3_2".
Reading "sky130_fd_sc_hd__or3_4".
Reading "sky130_fd_sc_hd__or3b_4".
Reading "sky130_fd_sc_hd__or3b_2".
Reading "sky130_fd_sc_hd__or3b_1".
Reading "sky130_fd_sc_hd__or4_4".
Reading "sky130_fd_sc_hd__or4_2".
Reading "sky130_fd_sc_hd__or4_1".
Reading "sky130_fd_sc_hd__or4b_4".
Reading "sky130_fd_sc_hd__or4b_2".
Reading "sky130_fd_sc_hd__or4b_1".
Reading "sky130_fd_sc_hd__or4bb_1".
Reading "sky130_fd_sc_hd__or4bb_2".
Reading "sky130_fd_sc_hd__nor3_4".
Reading "sky130_fd_sc_hd__nor3b_1".
Reading "sky130_fd_sc_hd__nor3b_2".
Reading "sky130_fd_sc_hd__nor3b_4".
Reading "sky130_fd_sc_hd__nor4_1".
Reading "sky130_fd_sc_hd__nor4_2".
Reading "sky130_fd_sc_hd__nor4_4".
Reading "sky130_fd_sc_hd__nor4b_1".
Reading "sky130_fd_sc_hd__nor4b_2".
Reading "sky130_fd_sc_hd__nor4b_4".
Reading "sky130_fd_sc_hd__nor4bb_1".
Reading "sky130_fd_sc_hd__nor4bb_2".
Reading "sky130_fd_sc_hd__nor4bb_4".
Moving label "k" from mvpsubdiff to ndiff in cell sky130_fd_sc_hd__nor4bb_4.
Reading "sky130_fd_sc_hd__o2bb2a_1".
Reading "sky130_fd_sc_hd__o2bb2a_2".
Reading "sky130_fd_sc_hd__o2bb2a_4".
Reading "sky130_fd_sc_hd__o21ai_4".
Reading "sky130_fd_sc_hd__o21ai_2".
Reading "sky130_fd_sc_hd__o21ai_1".
Reading "sky130_fd_sc_hd__o21ai_0".
Reading "sky130_fd_sc_hd__o21a_4".
Reading "sky130_fd_sc_hd__o21a_2".
Reading "sky130_fd_sc_hd__o21a_1".
Reading "sky130_fd_sc_hd__o2bb2ai_4".
Reading "sky130_fd_sc_hd__o2bb2ai_2".
Reading "sky130_fd_sc_hd__o2bb2ai_1".
Reading "sky130_fd_sc_hd__o21ba_1".
Reading "sky130_fd_sc_hd__o21ba_2".
Reading "sky130_fd_sc_hd__o21ba_4".
Reading "sky130_fd_sc_hd__o21bai_1".
Reading "sky130_fd_sc_hd__o21bai_2".
Reading "sky130_fd_sc_hd__o21bai_4".
Reading "sky130_fd_sc_hd__o22a_1".
Reading "sky130_fd_sc_hd__o22a_2".
Reading "sky130_fd_sc_hd__o22a_4".
Reading "sky130_fd_sc_hd__o22ai_1".
Reading "sky130_fd_sc_hd__o22ai_2".
Reading "sky130_fd_sc_hd__o22ai_4".
Reading "sky130_fd_sc_hd__o31a_1".
Reading "sky130_fd_sc_hd__o31a_2".
Reading "sky130_fd_sc_hd__o31a_4".
Reading "sky130_fd_sc_hd__o31ai_1".
Reading "sky130_fd_sc_hd__o31ai_2".
Reading "sky130_fd_sc_hd__o31ai_4".
Reading "sky130_fd_sc_hd__o32a_1".
Reading "sky130_fd_sc_hd__o32a_2".
Reading "sky130_fd_sc_hd__o32a_4".
Reading "sky130_fd_sc_hd__o32ai_1".
Reading "sky130_fd_sc_hd__o32ai_2".
Reading "sky130_fd_sc_hd__o32ai_4".
Reading "sky130_fd_sc_hd__o41a_1".
Reading "sky130_fd_sc_hd__lpflow_isobufsrc_16".
Reading "sky130_fd_sc_hd__lpflow_isobufsrckapwr_16".
Reading "sky130_fd_sc_hd__lpflow_lsbuf_lh_hl_isowell_tap_1".
CIF file read warning: CIF style sky130(): units rescaled by factor of 5 / 1
Reading "sky130_fd_sc_hd__lpflow_lsbuf_lh_hl_isowell_tap_2".
Reading "sky130_fd_sc_hd__lpflow_lsbuf_lh_hl_isowell_tap_4".
Reading "sky130_fd_sc_hd__lpflow_lsbuf_lh_isowell_4".
Reading "sky130_fd_sc_hd__lpflow_lsbuf_lh_isowell_tap_1".
Reading "sky130_fd_sc_hd__lpflow_lsbuf_lh_isowell_tap_2".
Reading "sky130_fd_sc_hd__lpflow_lsbuf_lh_isowell_tap_4".
Reading "sky130_fd_sc_hd__nor2_2".
Reading "sky130_fd_sc_hd__nand2_2".
Reading "sky130_fd_sc_hd__inv_2".
Reading "sky130_fd_sc_hd__conb_1".
Reading "sky130_fd_sc_hd__macro_sparecell".
Reading "sky130_fd_sc_hd__maj3_1".
Reading "sky130_fd_sc_hd__maj3_2".
Reading "sky130_fd_sc_hd__maj3_4".
Reading "sky130_fd_sc_hd__mux2_1".
Reading "sky130_fd_sc_hd__mux2_2".
Reading "sky130_fd_sc_hd__mux2_4".
Reading "sky130_fd_sc_hd__mux2i_1".
Reading "sky130_fd_sc_hd__mux2i_2".
Reading "sky130_fd_sc_hd__mux2_8".
Reading "sky130_fd_sc_hd__mux2i_4".
Reading "sky130_fd_sc_hd__mux4_1".
Reading "sky130_fd_sc_hd__mux4_2".
Reading "sky130_fd_sc_hd__mux4_4".
Reading "sky130_fd_sc_hd__nand2_1".
Reading "sky130_fd_sc_hd__nand2_4".
Reading "sky130_fd_sc_hd__nand2_8".
Reading "sky130_fd_sc_hd__nand2b_1".
Reading "sky130_fd_sc_hd__nand2b_2".
Reading "sky130_fd_sc_hd__nand2b_4".
Reading "sky130_fd_sc_hd__nand3_1".
Reading "sky130_fd_sc_hd__nand3_2".
Reading "sky130_fd_sc_hd__nand3_4".
Reading "sky130_fd_sc_hd__nand3b_1".
Reading "sky130_fd_sc_hd__nand3b_2".
Reading "sky130_fd_sc_hd__nand3b_4".
Reading "sky130_fd_sc_hd__nand4_1".
Reading "sky130_fd_sc_hd__nand4_2".
Reading "sky130_fd_sc_hd__nand4_4".
Reading "sky130_fd_sc_hd__nand4b_1".
Reading "sky130_fd_sc_hd__nand4b_2".
Reading "sky130_fd_sc_hd__nand4bb_1".
Reading "sky130_fd_sc_hd__nand4bb_2".
Reading "sky130_fd_sc_hd__nor2_1".
Reading "sky130_fd_sc_hd__nor2_4".
Reading "sky130_fd_sc_hd__nor2_8".
Reading "sky130_fd_sc_hd__nor2b_1".
Reading "sky130_fd_sc_hd__nor2b_2".
Reading "sky130_fd_sc_hd__nor2b_4".
Reading "sky130_fd_sc_hd__nand4b_4".
Reading "sky130_fd_sc_hd__nand4bb_4".
Reading "sky130_fd_sc_hd__nor3_1".
Reading "sky130_fd_sc_hd__nor3_2".
Reading "sky130_fd_sc_hd__einvn_2".
Reading "sky130_fd_sc_hd__einvn_4".
Reading "sky130_fd_sc_hd__einvn_8".
Reading "sky130_fd_sc_hd__einvp_1".
Reading "sky130_fd_sc_hd__einvp_2".
Reading "sky130_fd_sc_hd__einvp_4".
Reading "sky130_fd_sc_hd__einvp_8".
Reading "sky130_fd_sc_hd__fa_1".
Reading "sky130_fd_sc_hd__fa_2".
Reading "sky130_fd_sc_hd__fa_4".
Reading "sky130_fd_sc_hd__fah_1".
Reading "sky130_fd_sc_hd__fahcin_1".
Reading "sky130_fd_sc_hd__fahcon_1".
Reading "sky130_fd_sc_hd__fill_1".
Reading "sky130_fd_sc_hd__fill_2".
Reading "sky130_fd_sc_hd__fill_4".
Reading "sky130_fd_sc_hd__inv_16".
Reading "sky130_fd_sc_hd__inv_12".
Reading "sky130_fd_sc_hd__inv_8".
Reading "sky130_fd_sc_hd__inv_6".
Reading "sky130_fd_sc_hd__inv_4".
Reading "sky130_fd_sc_hd__inv_1".
Reading "sky130_fd_sc_hd__ha_4".
Reading "sky130_fd_sc_hd__ha_2".
Reading "sky130_fd_sc_hd__ha_1".
Reading "sky130_fd_sc_hd__fill_8".
Reading "sky130_fd_sc_hd__lpflow_bleeder_1".
Reading "sky130_fd_sc_hd__lpflow_clkbufkapwr_1".
Reading "sky130_fd_sc_hd__lpflow_clkbufkapwr_2".
Reading "sky130_fd_sc_hd__lpflow_clkbufkapwr_4".
Reading "sky130_fd_sc_hd__lpflow_clkbufkapwr_8".
Reading "sky130_fd_sc_hd__lpflow_clkbufkapwr_16".
Reading "sky130_fd_sc_hd__lpflow_clkinvkapwr_1".
Reading "sky130_fd_sc_hd__lpflow_clkinvkapwr_2".
Reading "sky130_fd_sc_hd__lpflow_clkinvkapwr_4".
Reading "sky130_fd_sc_hd__lpflow_inputiso1n_1".
Reading "sky130_fd_sc_hd__lpflow_inputiso0p_1".
Reading "sky130_fd_sc_hd__lpflow_inputiso0n_1".
Reading "sky130_fd_sc_hd__lpflow_decapkapwr_12".
Reading "sky130_fd_sc_hd__lpflow_decapkapwr_8".
Reading "sky130_fd_sc_hd__lpflow_decapkapwr_6".
Reading "sky130_fd_sc_hd__lpflow_decapkapwr_4".
Reading "sky130_fd_sc_hd__lpflow_decapkapwr_3".
Reading "sky130_fd_sc_hd__lpflow_clkinvkapwr_16".
Reading "sky130_fd_sc_hd__lpflow_clkinvkapwr_8".
Reading "sky130_fd_sc_hd__lpflow_inputiso1p_1".
Reading "sky130_fd_sc_hd__lpflow_inputisolatch_1".
Reading "sky130_fd_sc_hd__lpflow_isobufsrc_1".
Reading "sky130_fd_sc_hd__lpflow_isobufsrc_2".
Reading "sky130_fd_sc_hd__lpflow_isobufsrc_4".
Reading "sky130_fd_sc_hd__lpflow_isobufsrc_8".
Reading "sky130_fd_sc_hd__dfrbp_2".
Reading "sky130_fd_sc_hd__dfrtn_1".
Reading "sky130_fd_sc_hd__dfrtp_1".
Reading "sky130_fd_sc_hd__dfrtp_2".
Reading "sky130_fd_sc_hd__dfrtp_4".
Reading "sky130_fd_sc_hd__dfsbp_1".
Reading "sky130_fd_sc_hd__dfsbp_2".
Reading "sky130_fd_sc_hd__dfstp_1".
Reading "sky130_fd_sc_hd__dfstp_2".
Reading "sky130_fd_sc_hd__dfstp_4".
Reading "sky130_fd_sc_hd__dfxtp_1".
Reading "sky130_fd_sc_hd__dfxtp_2".
Reading "sky130_fd_sc_hd__diode_2".
Reading "sky130_fd_sc_hd__dlclkp_1".
Reading "sky130_fd_sc_hd__dlclkp_2".
Reading "sky130_fd_sc_hd__dlclkp_4".
Reading "sky130_fd_sc_hd__dlrbn_1".
Reading "sky130_fd_sc_hd__dfxbp_1".
Reading "sky130_fd_sc_hd__dfxbp_2".
Reading "sky130_fd_sc_hd__dfxtp_4".
Reading "sky130_fd_sc_hd__dlrbn_2".
Reading "sky130_fd_sc_hd__dlrbp_1".
Reading "sky130_fd_sc_hd__dlrbp_2".
Reading "sky130_fd_sc_hd__dlrtn_1".
Reading "sky130_fd_sc_hd__dlrtn_2".
Reading "sky130_fd_sc_hd__dlrtn_4".
Reading "sky130_fd_sc_hd__dlrtp_1".
Reading "sky130_fd_sc_hd__dlrtp_2".
Reading "sky130_fd_sc_hd__dlrtp_4".
Reading "sky130_fd_sc_hd__dlxbn_1".
Reading "sky130_fd_sc_hd__dlxbn_2".
Reading "sky130_fd_sc_hd__dlxbp_1".
Reading "sky130_fd_sc_hd__dlxtn_1".
Reading "sky130_fd_sc_hd__dlxtn_2".
Reading "sky130_fd_sc_hd__dlxtn_4".
Reading "sky130_fd_sc_hd__dlxtp_1".
Reading "sky130_fd_sc_hd__dlygate4sd1_1".
Reading "sky130_fd_sc_hd__dlygate4sd2_1".
Reading "sky130_fd_sc_hd__dlygate4sd3_1".
Reading "sky130_fd_sc_hd__dlymetal6s2s_1".
Reading "sky130_fd_sc_hd__dlymetal6s4s_1".
Reading "sky130_fd_sc_hd__dlymetal6s6s_1".
Reading "sky130_fd_sc_hd__ebufn_1".
Reading "sky130_fd_sc_hd__ebufn_2".
Reading "sky130_fd_sc_hd__ebufn_4".
Reading "sky130_fd_sc_hd__ebufn_8".
Reading "sky130_fd_sc_hd__edfxbp_1".
Reading "sky130_fd_sc_hd__edfxtp_1".
Reading "sky130_fd_sc_hd__einvn_0".
Reading "sky130_fd_sc_hd__einvn_1".
Reading "sky130_fd_sc_hd__and3b_2".
Reading "sky130_fd_sc_hd__and3b_4".
Reading "sky130_fd_sc_hd__and4_1".
Reading "sky130_fd_sc_hd__and4_2".
Reading "sky130_fd_sc_hd__and4_4".
Reading "sky130_fd_sc_hd__and4b_1".
Reading "sky130_fd_sc_hd__and4b_2".
Reading "sky130_fd_sc_hd__and4b_4".
Reading "sky130_fd_sc_hd__and4bb_1".
Reading "sky130_fd_sc_hd__and4bb_2".
Reading "sky130_fd_sc_hd__and4bb_4".
Reading "sky130_fd_sc_hd__buf_1".
Reading "sky130_fd_sc_hd__buf_2".
Reading "sky130_fd_sc_hd__buf_4".
Reading "sky130_fd_sc_hd__buf_6".
Reading "sky130_fd_sc_hd__buf_8".
Reading "sky130_fd_sc_hd__buf_12".
Reading "sky130_fd_sc_hd__bufbuf_8".
Reading "sky130_fd_sc_hd__bufinv_8".
Reading "sky130_fd_sc_hd__clkbuf_1".
Reading "sky130_fd_sc_hd__clkbuf_2".
Reading "sky130_fd_sc_hd__buf_16".
Reading "sky130_fd_sc_hd__bufbuf_16".
Reading "sky130_fd_sc_hd__bufinv_16".
Reading "sky130_fd_sc_hd__clkbuf_4".
Reading "sky130_fd_sc_hd__clkbuf_8".
Reading "sky130_fd_sc_hd__clkbuf_16".
Reading "sky130_fd_sc_hd__clkdlybuf4s15_1".
Reading "sky130_fd_sc_hd__clkdlybuf4s15_2".
Reading "sky130_fd_sc_hd__clkdlybuf4s18_1".
Reading "sky130_fd_sc_hd__clkdlybuf4s18_2".
Reading "sky130_fd_sc_hd__clkdlybuf4s25_1".
Reading "sky130_fd_sc_hd__clkdlybuf4s25_2".
Reading "sky130_fd_sc_hd__decap_3".
Reading "sky130_fd_sc_hd__clkinvlp_4".
Reading "sky130_fd_sc_hd__clkinvlp_2".
Reading "sky130_fd_sc_hd__clkinv_16".
Reading "sky130_fd_sc_hd__clkinv_8".
Reading "sky130_fd_sc_hd__clkinv_4".
Reading "sky130_fd_sc_hd__clkinv_2".
Reading "sky130_fd_sc_hd__clkinv_1".
Reading "sky130_fd_sc_hd__clkdlybuf4s50_2".
Reading "sky130_fd_sc_hd__clkdlybuf4s50_1".
Reading "sky130_fd_sc_hd__decap_4".
Reading "sky130_fd_sc_hd__decap_6".
Reading "sky130_fd_sc_hd__decap_8".
Reading "sky130_fd_sc_hd__decap_12".
Reading "sky130_fd_sc_hd__dfbbn_1".
Reading "sky130_fd_sc_hd__dfbbn_2".
Reading "sky130_fd_sc_hd__dfbbp_1".
Reading "sky130_fd_sc_hd__dfrbp_1".
Reading "sky130_fd_sc_hd__a31oi_2".
Reading "sky130_fd_sc_hd__a31oi_4".
Reading "sky130_fd_sc_hd__a32o_1".
Reading "sky130_fd_sc_hd__a32o_2".
Reading "sky130_fd_sc_hd__a32o_4".
Reading "sky130_fd_sc_hd__a32oi_1".
Reading "sky130_fd_sc_hd__a32oi_2".
Reading "sky130_fd_sc_hd__a32oi_4".
Reading "sky130_fd_sc_hd__a41o_1".
Reading "sky130_fd_sc_hd__a211oi_2".
Reading "sky130_fd_sc_hd__a211oi_1".
Reading "sky130_fd_sc_hd__a211o_4".
Reading "sky130_fd_sc_hd__a211o_2".
Reading "sky130_fd_sc_hd__a211o_1".
Reading "sky130_fd_sc_hd__a41oi_4".
Reading "sky130_fd_sc_hd__a41oi_2".
Reading "sky130_fd_sc_hd__a41oi_1".
Reading "sky130_fd_sc_hd__a41o_4".
Reading "sky130_fd_sc_hd__a41o_2".
Reading "sky130_fd_sc_hd__a211oi_4".
Reading "sky130_fd_sc_hd__a221o_1".
Reading "sky130_fd_sc_hd__a221o_2".
Reading "sky130_fd_sc_hd__a221o_4".
Reading "sky130_fd_sc_hd__a221oi_1".
Reading "sky130_fd_sc_hd__a221oi_2".
Reading "sky130_fd_sc_hd__a221oi_4".
Reading "sky130_fd_sc_hd__a222oi_1".
Reading "sky130_fd_sc_hd__a311o_1".
Reading "sky130_fd_sc_hd__a311o_2".
Reading "sky130_fd_sc_hd__a311o_4".
Reading "sky130_fd_sc_hd__a311oi_1".
Reading "sky130_fd_sc_hd__a311oi_2".
Reading "sky130_fd_sc_hd__a311oi_4".
Reading "sky130_fd_sc_hd__a2111o_1".
Reading "sky130_fd_sc_hd__a2111o_2".
Reading "sky130_fd_sc_hd__a2111o_4".
Reading "sky130_fd_sc_hd__a2111oi_0".
Reading "sky130_fd_sc_hd__a2111oi_1".
CIF file read warning: Input off lambda grid by 2/5; snapped to grid.
Reading "sky130_fd_sc_hd__a2111oi_2".
Reading "sky130_fd_sc_hd__and2_0".
Reading "sky130_fd_sc_hd__and2_1".
Reading "sky130_fd_sc_hd__and2_2".
Reading "sky130_fd_sc_hd__and2_4".
Reading "sky130_fd_sc_hd__and2b_1".
Reading "sky130_fd_sc_hd__and2b_2".
Reading "sky130_fd_sc_hd__and2b_4".
Reading "sky130_fd_sc_hd__a2111oi_4".
Reading "sky130_fd_sc_hd__and3_1".
Reading "sky130_fd_sc_hd__and3_2".
Reading "sky130_fd_sc_hd__and3_4".
Reading "sky130_fd_sc_hd__and3b_1".
Reading "sky130_ef_sc_hd__fill_4".
Reading "sky130_ef_sc_hd__fill_2".
Reading "sky130_ef_sc_hd__decap_80_12".
Reading "sky130_fd_sc_hd__a2bb2o_1".
Reading "sky130_ef_sc_hd__fill_12".
Reading "sky130_ef_sc_hd__fill_8".
Reading "sky130_ef_sc_hd__decap_60_12".
Reading "sky130_ef_sc_hd__decap_40_12".
Reading "sky130_ef_sc_hd__decap_20_12".
Reading "sky130_ef_sc_hd__decap_12".
Reading "sky130_fd_sc_hd__a2bb2o_2".
Reading "sky130_fd_sc_hd__a2bb2o_4".
Reading "sky130_fd_sc_hd__a2bb2oi_1".
Reading "sky130_fd_sc_hd__a2bb2oi_2".
Reading "sky130_fd_sc_hd__a2bb2oi_4".
Reading "sky130_fd_sc_hd__a21bo_1".
Reading "sky130_fd_sc_hd__a21bo_2".
Reading "sky130_fd_sc_hd__a21bo_4".
Reading "sky130_fd_sc_hd__a21boi_0".
Reading "sky130_fd_sc_hd__a21o_1".
Reading "sky130_fd_sc_hd__a21boi_4".
Reading "sky130_fd_sc_hd__a21oi_2".
Reading "sky130_fd_sc_hd__a21oi_1".
Reading "sky130_fd_sc_hd__a21o_4".
Reading "sky130_fd_sc_hd__a21o_2".
Reading "sky130_fd_sc_hd__a22o_1".
Reading "sky130_fd_sc_hd__a21oi_4".
Reading "sky130_fd_sc_hd__a21boi_2".
Reading "sky130_fd_sc_hd__a21boi_1".
Reading "sky130_fd_sc_hd__a22o_2".
Reading "sky130_fd_sc_hd__a22o_4".
Reading "sky130_fd_sc_hd__a22oi_1".
Reading "sky130_fd_sc_hd__a22oi_2".
Reading "sky130_fd_sc_hd__a22oi_4".
Reading "sky130_fd_sc_hd__a31o_1".
Reading "sky130_fd_sc_hd__a31o_2".
Reading "sky130_fd_sc_hd__a31o_4".
Reading "sky130_fd_sc_hd__a31oi_1".
> lef read /home/tatua7806/.ciel/ciel/sky130/versions/8afc8346a57fe1ab7934ba5a6056ea8b43078e71/sky130A/libs.ref/sky130_fd_sc_hd/lef/sky130_fd_sc_hd.lef
Reading LEF data from file /home/tatua7806/.ciel/ciel/sky130/versions/8afc8346a57fe1ab7934ba5a6056ea8b43078e71/sky130A/libs.ref/sky130_fd_sc_hd/lef/sky130_fd_sc_hd.lef.
This action cannot be undone.
LEF read: Processed 56536 lines.
> lef read /home/tatua7806/.ciel/ciel/sky130/versions/8afc8346a57fe1ab7934ba5a6056ea8b43078e71/sky130A/libs.ref/sky130_fd_sc_hd/lef/sky130_ef_sc_hd.lef
Reading LEF data from file /home/tatua7806/.ciel/ciel/sky130/versions/8afc8346a57fe1ab7934ba5a6056ea8b43078e71/sky130A/libs.ref/sky130_fd_sc_hd/lef/sky130_ef_sc_hd.lef.
This action cannot be undone.
LEF read: Processed 582 lines.
> gds read macros/sky130_sram_2kbyte_1rw1r_32x512_8/gds/sky130_sram_2kbyte_1rw1r_32x512_8.gds
Warning: Calma reading is not undoable!  I hope that's OK.
Library written using GDS-II Release 6.0
Library name: LIB
Reading "sky130_sram_2kbyte_1rw1r_32x512_8_contact_11".
Reading "sky130_sram_2kbyte_1rw1r_32x512_8_contact_12".
Reading "sky130_sram_2kbyte_1rw1r_32x512_8_nmos_m1_w0_360_sli_dli_da_p".
Reading "sky130_sram_2kbyte_1rw1r_32x512_8_pmos_m1_w1_120_sli_dli_da_p".
Reading "sky130_sram_2kbyte_1rw1r_32x512_8_contact_15".
Reading "sky130_sram_2kbyte_1rw1r_32x512_8_contact_29".
Reading "sky130_sram_2kbyte_1rw1r_32x512_8_contact_28".
Reading "sky130_sram_2kbyte_1rw1r_32x512_8_nmos_m2_w0_740_sli_dli_da_p".
Reading "sky130_sram_2kbyte_1rw1r_32x512_8_pmos_m2_w1_260_sli_dli_da_p".
Reading "sky130_sram_2kbyte_1rw1r_32x512_8_contact_16".
Reading "sky130_sram_2kbyte_1rw1r_32x512_8_contact_14".
Reading "sky130_sram_2kbyte_1rw1r_32x512_8_contact_13".
Reading "sky130_sram_2kbyte_1rw1r_32x512_8_nmos_m1_w7_000_sli_dli_da_p".
Reading "sky130_sram_2kbyte_1rw1r_32x512_8_pmos_m1_w7_000_sli_dli_da_p".
Reading "sky130_fd_bd_sram__openram_dp_nand3_dec".
Reading "sky130_fd_bd_sram__openram_dp_nand2_dec".
Reading "sky130_sram_2kbyte_1rw1r_32x512_8_pinv_dec".
Reading "sky130_sram_2kbyte_1rw1r_32x512_8_pinv".
Reading "sky130_sram_2kbyte_1rw1r_32x512_8_nmos_m1_w0_740_sactive_dli".
Reading "sky130_sram_2kbyte_1rw1r_32x512_8_nmos_m1_w0_740_sli_dactive".
Reading "sky130_sram_2kbyte_1rw1r_32x512_8_pmos_m1_w1_120_sli_dli".
Reading "sky130_sram_2kbyte_1rw1r_32x512_8_nmos_m18_w2_000_sli_dli_da_p".
Reading "sky130_sram_2kbyte_1rw1r_32x512_8_pmos_m18_w2_000_sli_dli_da_p".
Reading "sky130_sram_2kbyte_1rw1r_32x512_8_nmos_m22_w2_000_sli_dli_da_p".
Reading "sky130_sram_2kbyte_1rw1r_32x512_8_pmos_m22_w2_000_sli_dli_da_p".
Reading "sky130_sram_2kbyte_1rw1r_32x512_8_nmos_m7_w1_680_sli_dli_da_p".
Reading "sky130_sram_2kbyte_1rw1r_32x512_8_pmos_m7_w2_000_sli_dli_da_p".
Reading "sky130_sram_2kbyte_1rw1r_32x512_8_nmos_m3_w1_680_sli_dli_da_p".
Reading "sky130_sram_2kbyte_1rw1r_32x512_8_pmos_m3_w1_680_sli_dli_da_p".
Reading "sky130_sram_2kbyte_1rw1r_32x512_8_pinv_0".
Reading "sky130_sram_2kbyte_1rw1r_32x512_8_pinv_dec_0".
Reading "sky130_sram_2kbyte_1rw1r_32x512_8_and2_dec".
Reading "sky130_sram_2kbyte_1rw1r_32x512_8_contact_20".
Reading "sky130_sram_2kbyte_1rw1r_32x512_8_contact_17".
Reading "sky130_sram_2kbyte_1rw1r_32x512_8_and3_dec".
Reading "sky130_sram_2kbyte_1rw1r_32x512_8_nmos_m1_w2_880_sli_dli".
Reading "sky130_sram_2kbyte_1rw1r_32x512_8_pdriver".
Reading "sky130_sram_2kbyte_1rw1r_32x512_8_pnand2".
Reading "sky130_sram_2kbyte_1rw1r_32x512_8_contact_23".
Reading "sky130_sram_2kbyte_1rw1r_32x512_8_contact_22".
Reading "sky130_sram_2kbyte_1rw1r_32x512_8_contact_21".
Reading "sky130_sram_2kbyte_1rw1r_32x512_8_pmos_m1_w0_550_sli_dli".
Reading "sky130_sram_2kbyte_1rw1r_32x512_8_contact_19".
Reading "sky130_sram_2kbyte_1rw1r_32x512_8_contact_7".
Reading "sky130_sram_2kbyte_1rw1r_32x512_8_nmos_m41_w2_000_sli_dli_da_p".
Reading "sky130_sram_2kbyte_1rw1r_32x512_8_pmos_m41_w2_000_sli_dli_da_p".
Reading "sky130_sram_2kbyte_1rw1r_32x512_8_nmos_m14_w2_000_sli_dli_da_p".
Reading "sky130_sram_2kbyte_1rw1r_32x512_8_pmos_m14_w2_000_sli_dli_da_p".
Reading "sky130_sram_2kbyte_1rw1r_32x512_8_nmos_m5_w1_680_sli_dli_da_p".
Reading "sky130_sram_2kbyte_1rw1r_32x512_8_pinv_16".
Reading "sky130_sram_2kbyte_1rw1r_32x512_8_pinv_15".
Reading "sky130_sram_2kbyte_1rw1r_32x512_8_nmos_m1_w0_740_sactive_dactive".
Reading "sky130_sram_2kbyte_1rw1r_32x512_8_nmos_m24_w2_000_sli_dli_da_p".
Reading "sky130_sram_2kbyte_1rw1r_32x512_8_pmos_m24_w2_000_sli_dli_da_p".
Reading "sky130_sram_2kbyte_1rw1r_32x512_8_nmos_m8_w2_000_sli_dli_da_p".
Reading "sky130_sram_2kbyte_1rw1r_32x512_8_pmos_m8_w2_000_sli_dli_da_p".
Reading "sky130_sram_2kbyte_1rw1r_32x512_8_nmos_m3_w2_000_sli_dli_da_p".
Reading "sky130_sram_2kbyte_1rw1r_32x512_8_pmos_m3_w2_000_sli_dli_da_p".
Reading "sky130_sram_2kbyte_1rw1r_32x512_8_pinv_4".
Reading "sky130_sram_2kbyte_1rw1r_32x512_8_nmos_m42_w2_000_sli_dli_da_p".
Reading "sky130_sram_2kbyte_1rw1r_32x512_8_pmos_m42_w2_000_sli_dli_da_p".
Reading "sky130_sram_2kbyte_1rw1r_32x512_8_nmos_m15_w2_000_sli_dli_da_p".
Reading "sky130_sram_2kbyte_1rw1r_32x512_8_pmos_m15_w2_000_sli_dli_da_p".
Reading "sky130_sram_2kbyte_1rw1r_32x512_8_nmos_m5_w2_000_sli_dli_da_p".
Reading "sky130_sram_2kbyte_1rw1r_32x512_8_pmos_m5_w2_000_sli_dli_da_p".
Reading "sky130_sram_2kbyte_1rw1r_32x512_8_nmos_m2_w1_260_sli_dli_da_p".
Reading "sky130_sram_2kbyte_1rw1r_32x512_8_pmos_m2_w2_000_sli_dli_da_p".
Reading "sky130_sram_2kbyte_1rw1r_32x512_8_pinv_3".
Reading "sky130_sram_2kbyte_1rw1r_32x512_8_pinv_2".
Reading "sky130_fd_bd_sram__openram_dff".
Reading "sky130_sram_2kbyte_1rw1r_32x512_8_pdriver_0".
Reading "sky130_sram_2kbyte_1rw1r_32x512_8_pnand2_0".
Reading "sky130_sram_2kbyte_1rw1r_32x512_8_wordline_driver".
Reading "sky130_sram_2kbyte_1rw1r_32x512_8_hierarchical_predecode3x8".
Reading "sky130_sram_2kbyte_1rw1r_32x512_8_hierarchical_predecode2x4".
Reading "sky130_sram_2kbyte_1rw1r_32x512_8_column_mux_0".
Reading "sky130_sram_2kbyte_1rw1r_32x512_8_precharge_1".
Reading "sky130_sram_2kbyte_1rw1r_32x512_8_contact_27".
Reading "sky130_sram_2kbyte_1rw1r_32x512_8_contact_26".
Reading "sky130_sram_2kbyte_1rw1r_32x512_8_contact_25".
Reading "sky130_sram_2kbyte_1rw1r_32x512_8_contact_24".
Reading "sky130_sram_2kbyte_1rw1r_32x512_8_column_mux".
Reading "sky130_sram_2kbyte_1rw1r_32x512_8_pand2".
Reading "sky130_fd_bd_sram__openram_write_driver".
Reading "sky130_fd_bd_sram__openram_sense_amp".
Reading "sky130_sram_2kbyte_1rw1r_32x512_8_precharge_0".
Reading "sky130_fd_bd_sram__openram_dp_cell_cap_row".
Reading "sky130_fd_bd_sram__openram_dp_cell_dummy".
Reading "sky130_fd_bd_sram__openram_dp_cell_replica".
Reading "sky130_fd_bd_sram__openram_dp_cell_cap_col".
Reading "sky130_fd_bd_sram__openram_dp_cell".
Reading "sky130_sram_2kbyte_1rw1r_32x512_8_pinv_20".
Reading "sky130_sram_2kbyte_1rw1r_32x512_8_pinv_19".
Reading "sky130_sram_2kbyte_1rw1r_32x512_8_pinv_18".
Reading "sky130_sram_2kbyte_1rw1r_32x512_8_pinv_17".
Reading "sky130_sram_2kbyte_1rw1r_32x512_8_pdriver_5".
Reading "sky130_sram_2kbyte_1rw1r_32x512_8_pdriver_4".
Reading "sky130_sram_2kbyte_1rw1r_32x512_8_pnand3".
Reading "sky130_sram_2kbyte_1rw1r_32x512_8_pinv_14".
Reading "sky130_sram_2kbyte_1rw1r_32x512_8_pinv_13".
Reading "sky130_sram_2kbyte_1rw1r_32x512_8_pinv_12".
Reading "sky130_sram_2kbyte_1rw1r_32x512_8_pinv_11".
Reading "sky130_sram_2kbyte_1rw1r_32x512_8_pdriver_1".
Reading "sky130_sram_2kbyte_1rw1r_32x512_8_pinv_10".
Reading "sky130_sram_2kbyte_1rw1r_32x512_8_pinv_9".
Reading "sky130_sram_2kbyte_1rw1r_32x512_8_pinv_8".
Reading "sky130_sram_2kbyte_1rw1r_32x512_8_pinv_7".
Reading "sky130_sram_2kbyte_1rw1r_32x512_8_dff_buf_0".
Reading "sky130_sram_2kbyte_1rw1r_32x512_8_pand2_0".
Reading "sky130_sram_2kbyte_1rw1r_32x512_8_pinv_1".
Reading "sky130_sram_2kbyte_1rw1r_32x512_8_and2_dec_0".
Reading "sky130_sram_2kbyte_1rw1r_32x512_8_wordline_driver_array".
Reading "sky130_sram_2kbyte_1rw1r_32x512_8_hierarchical_decoder".
Reading "sky130_sram_2kbyte_1rw1r_32x512_8_column_mux_array_0".
Reading "sky130_sram_2kbyte_1rw1r_32x512_8_precharge_array_0".
Reading "sky130_sram_2kbyte_1rw1r_32x512_8_column_mux_array".
Reading "sky130_sram_2kbyte_1rw1r_32x512_8_write_mask_and_array".
Error while reading cell "sky130_sram_2kbyte_1rw1r_32x512_8_write_mask_and_array" (byte position 1309206): Warning: cell "sky130_sram_2kbyte_1rw1r_32x512_8_contact_14" placed on top of itself.  Ignoring the extra one.
Error while reading cell "sky130_sram_2kbyte_1rw1r_32x512_8_write_mask_and_array" (byte position 1309478): Warning: cell "sky130_sram_2kbyte_1rw1r_32x512_8_contact_14" placed on top of itself.  Ignoring the extra one.
Error while reading cell "sky130_sram_2kbyte_1rw1r_32x512_8_write_mask_and_array" (byte position 1309750): Warning: cell "sky130_sram_2kbyte_1rw1r_32x512_8_contact_14" placed on top of itself.  Ignoring the extra one.
Error while reading cell "sky130_sram_2kbyte_1rw1r_32x512_8_write_mask_and_array" (byte position 1310022): Warning: cell "sky130_sram_2kbyte_1rw1r_32x512_8_contact_14" placed on top of itself.  Ignoring the extra one.
Reading "sky130_sram_2kbyte_1rw1r_32x512_8_write_driver_array".
Reading "sky130_sram_2kbyte_1rw1r_32x512_8_sense_amp_array".
Reading "sky130_sram_2kbyte_1rw1r_32x512_8_precharge_array".
Reading "sky130_sram_2kbyte_1rw1r_32x512_8_contact_9".
Reading "sky130_sram_2kbyte_1rw1r_32x512_8_contact_8".
Reading "sky130_sram_2kbyte_1rw1r_32x512_8_row_cap_array_0".
Error while reading cell "sky130_sram_2kbyte_1rw1r_32x512_8_row_cap_array_0" (byte position 1550238): Warning: cell "sky130_sram_2kbyte_1rw1r_32x512_8_contact_7" placed on top of itself.  Ignoring the extra one.
Error while reading cell "sky130_sram_2kbyte_1rw1r_32x512_8_row_cap_array_0" (byte position 1553350): Warning: cell "sky130_sram_2kbyte_1rw1r_32x512_8_contact_7" placed on top of itself.  Ignoring the extra one.
Error while reading cell "sky130_sram_2kbyte_1rw1r_32x512_8_row_cap_array_0" (byte position 1553622): Warning: cell "sky130_sram_2kbyte_1rw1r_32x512_8_contact_7" placed on top of itself.  Ignoring the extra one.
Error while reading cell "sky130_sram_2kbyte_1rw1r_32x512_8_row_cap_array_0" (byte position 1553894): Warning: cell "sky130_sram_2kbyte_1rw1r_32x512_8_contact_7" placed on top of itself.  Ignoring the extra one.
Error while reading cell "sky130_sram_2kbyte_1rw1r_32x512_8_row_cap_array_0" (byte position 1554166): Warning: cell "sky130_sram_2kbyte_1rw1r_32x512_8_contact_7" placed on top of itself.  Ignoring the extra one.
Error while reading cell "sky130_sram_2kbyte_1rw1r_32x512_8_row_cap_array_0" (byte position 1554438): Warning: cell "sky130_sram_2kbyte_1rw1r_32x512_8_contact_7" placed on top of itself.  Ignoring the extra one.
Error while reading cell "sky130_sram_2kbyte_1rw1r_32x512_8_row_cap_array_0" (byte position 1554710): Warning: cell "sky130_sram_2kbyte_1rw1r_32x512_8_contact_7" placed on top of itself.  Ignoring the extra one.
Error while reading cell "sky130_sram_2kbyte_1rw1r_32x512_8_row_cap_array_0" (byte position 1554982): Warning: cell "sky130_sram_2kbyte_1rw1r_32x512_8_contact_7" placed on top of itself.  Ignoring the extra one.
Error while reading cell "sky130_sram_2kbyte_1rw1r_32x512_8_row_cap_array_0" (byte position 1555254): Warning: cell "sky130_sram_2kbyte_1rw1r_32x512_8_contact_7" placed on top of itself.  Ignoring the extra one.
Error while reading cell "sky130_sram_2kbyte_1rw1r_32x512_8_row_cap_array_0" (byte position 1555526): Warning: cell "sky130_sram_2kbyte_1rw1r_32x512_8_contact_7" placed on top of itself.  Ignoring the extra one.
Error while reading cell "sky130_sram_2kbyte_1rw1r_32x512_8_row_cap_array_0" (byte position 1555798): Warning: cell "sky130_sram_2kbyte_1rw1r_32x512_8_contact_7" placed on top of itself.  Ignoring the extra one.
Error while reading cell "sky130_sram_2kbyte_1rw1r_32x512_8_row_cap_array_0" (byte position 1556070): Warning: cell "sky130_sram_2kbyte_1rw1r_32x512_8_contact_7" placed on top of itself.  Ignoring the extra one.
Error while reading cell "sky130_sram_2kbyte_1rw1r_32x512_8_row_cap_array_0" (byte position 1556342): Warning: cell "sky130_sram_2kbyte_1rw1r_32x512_8_contact_7" placed on top of itself.  Ignoring the extra one.
Error while reading cell "sky130_sram_2kbyte_1rw1r_32x512_8_row_cap_array_0" (byte position 1556614): Warning: cell "sky130_sram_2kbyte_1rw1r_32x512_8_contact_7" placed on top of itself.  Ignoring the extra one.
Error while reading cell "sky130_sram_2kbyte_1rw1r_32x512_8_row_cap_array_0" (byte position 1556886): Warning: cell "sky130_sram_2kbyte_1rw1r_32x512_8_contact_7" placed on top of itself.  Ignoring the extra one.
Error while reading cell "sky130_sram_2kbyte_1rw1r_32x512_8_row_cap_array_0" (byte position 1557158): Warning: cell "sky130_sram_2kbyte_1rw1r_32x512_8_contact_7" placed on top of itself.  Ignoring the extra one.
Error while reading cell "sky130_sram_2kbyte_1rw1r_32x512_8_row_cap_array_0" (byte position 1557634): Warning: cell "sky130_sram_2kbyte_1rw1r_32x512_8_contact_7" placed on top of itself.  Ignoring the extra one.
Error while reading cell "sky130_sram_2kbyte_1rw1r_32x512_8_row_cap_array_0" (byte position 1557906): Warning: cell "sky130_sram_2kbyte_1rw1r_32x512_8_contact_7" placed on top of itself.  Ignoring the extra one.
Error while reading cell "sky130_sram_2kbyte_1rw1r_32x512_8_row_cap_array_0" (byte position 1558178): Warning: cell "sky130_sram_2kbyte_1rw1r_32x512_8_contact_7" placed on top of itself.  Ignoring the extra one.
Error while reading cell "sky130_sram_2kbyte_1rw1r_32x512_8_row_cap_array_0" (byte position 1558450): Warning: cell "sky130_sram_2kbyte_1rw1r_32x512_8_contact_7" placed on top of itself.  Ignoring the extra one.
Error while reading cell "sky130_sram_2kbyte_1rw1r_32x512_8_row_cap_array_0" (byte position 1558722): Warning: cell "sky130_sram_2kbyte_1rw1r_32x512_8_contact_7" placed on top of itself.  Ignoring the extra one.
Error while reading cell "sky130_sram_2kbyte_1rw1r_32x512_8_row_cap_array_0" (byte position 1558994): Warning: cell "sky130_sram_2kbyte_1rw1r_32x512_8_contact_7" placed on top of itself.  Ignoring the extra one.
Error while reading cell "sky130_sram_2kbyte_1rw1r_32x512_8_row_cap_array_0" (byte position 1559266): Warning: cell "sky130_sram_2kbyte_1rw1r_32x512_8_contact_7" placed on top of itself.  Ignoring the extra one.
Error while reading cell "sky130_sram_2kbyte_1rw1r_32x512_8_row_cap_array_0" (byte position 1559554): Warning: cell "sky130_sram_2kbyte_1rw1r_32x512_8_contact_7" placed on top of itself.  Ignoring the extra one.
Error while reading cell "sky130_sram_2kbyte_1rw1r_32x512_8_row_cap_array_0" (byte position 1562414): Warning: cell "sky130_sram_2kbyte_1rw1r_32x512_8_contact_7" placed on top of itself.  Ignoring the extra one.
Error while reading cell "sky130_sram_2kbyte_1rw1r_32x512_8_row_cap_array_0" (byte position 1562686): Warning: cell "sky130_sram_2kbyte_1rw1r_32x512_8_contact_7" placed on top of itself.  Ignoring the extra one.
Error while reading cell "sky130_sram_2kbyte_1rw1r_32x512_8_row_cap_array_0" (byte position 1562958): Warning: cell "sky130_sram_2kbyte_1rw1r_32x512_8_contact_7" placed on top of itself.  Ignoring the extra one.
Error while reading cell "sky130_sram_2kbyte_1rw1r_32x512_8_row_cap_array_0" (byte position 1563230): Warning: cell "sky130_sram_2kbyte_1rw1r_32x512_8_contact_7" placed on top of itself.  Ignoring the extra one.
Error while reading cell "sky130_sram_2kbyte_1rw1r_32x512_8_row_cap_array_0" (byte position 1563502): Warning: cell "sky130_sram_2kbyte_1rw1r_32x512_8_contact_7" placed on top of itself.  Ignoring the extra one.
Error while reading cell "sky130_sram_2kbyte_1rw1r_32x512_8_row_cap_array_0" (byte position 1563774): Warning: cell "sky130_sram_2kbyte_1rw1r_32x512_8_contact_7" placed on top of itself.  Ignoring the extra one.
Error while reading cell "sky130_sram_2kbyte_1rw1r_32x512_8_row_cap_array_0" (byte position 1564046): Warning: cell "sky130_sram_2kbyte_1rw1r_32x512_8_contact_7" placed on top of itself.  Ignoring the extra one.
Error while reading cell "sky130_sram_2kbyte_1rw1r_32x512_8_row_cap_array_0" (byte position 1564182): Warning: cell "sky130_sram_2kbyte_1rw1r_32x512_8_contact_7" placed on top of itself.  Ignoring the extra one.
Error while reading cell "sky130_sram_2kbyte_1rw1r_32x512_8_row_cap_array_0" (byte position 1564606): Warning: cell "sky130_sram_2kbyte_1rw1r_32x512_8_contact_7" placed on top of itself.  Ignoring the extra one.
Error while reading cell "sky130_sram_2kbyte_1rw1r_32x512_8_row_cap_array_0" (byte position 1564878): Warning: cell "sky130_sram_2kbyte_1rw1r_32x512_8_contact_7" placed on top of itself.  Ignoring the extra one.
Error while reading cell "sky130_sram_2kbyte_1rw1r_32x512_8_row_cap_array_0" (byte position 1565150): Warning: cell "sky130_sram_2kbyte_1rw1r_32x512_8_contact_7" placed on top of itself.  Ignoring the extra one.
Error while reading cell "sky130_sram_2kbyte_1rw1r_32x512_8_row_cap_array_0" (byte position 1565422): Warning: cell "sky130_sram_2kbyte_1rw1r_32x512_8_contact_7" placed on top of itself.  Ignoring the extra one.
Error while reading cell "sky130_sram_2kbyte_1rw1r_32x512_8_row_cap_array_0" (byte position 1565694): Warning: cell "sky130_sram_2kbyte_1rw1r_32x512_8_contact_7" placed on top of itself.  Ignoring the extra one.
Error while reading cell "sky130_sram_2kbyte_1rw1r_32x512_8_row_cap_array_0" (byte position 1565966): Warning: cell "sky130_sram_2kbyte_1rw1r_32x512_8_contact_7" placed on top of itself.  Ignoring the extra one.
Error while reading cell "sky130_sram_2kbyte_1rw1r_32x512_8_row_cap_array_0" (byte position 1566238): Warning: cell "sky130_sram_2kbyte_1rw1r_32x512_8_contact_7" placed on top of itself.  Ignoring the extra one.
Error while reading cell "sky130_sram_2kbyte_1rw1r_32x512_8_row_cap_array_0" (byte position 1566510): Warning: cell "sky130_sram_2kbyte_1rw1r_32x512_8_contact_7" placed on top of itself.  Ignoring the extra one.
Error while reading cell "sky130_sram_2kbyte_1rw1r_32x512_8_row_cap_array_0" (byte position 1566782): Warning: cell "sky130_sram_2kbyte_1rw1r_32x512_8_contact_7" placed on top of itself.  Ignoring the extra one.
Error while reading cell "sky130_sram_2kbyte_1rw1r_32x512_8_row_cap_array_0" (byte position 1567054): Warning: cell "sky130_sram_2kbyte_1rw1r_32x512_8_contact_7" placed on top of itself.  Ignoring the extra one.
Error while reading cell "sky130_sram_2kbyte_1rw1r_32x512_8_row_cap_array_0" (byte position 1567326): Warning: cell "sky130_sram_2kbyte_1rw1r_32x512_8_contact_7" placed on top of itself.  Ignoring the extra one.
Error while reading cell "sky130_sram_2kbyte_1rw1r_32x512_8_row_cap_array_0" (byte position 1567598): Warning: cell "sky130_sram_2kbyte_1rw1r_32x512_8_contact_7" placed on top of itself.  Ignoring the extra one.
Error while reading cell "sky130_sram_2kbyte_1rw1r_32x512_8_row_cap_array_0" (byte position 1567870): Warning: cell "sky130_sram_2kbyte_1rw1r_32x512_8_contact_7" placed on top of itself.  Ignoring the extra one.
Error while reading cell "sky130_sram_2kbyte_1rw1r_32x512_8_row_cap_array_0" (byte position 1568142): Warning: cell "sky130_sram_2kbyte_1rw1r_32x512_8_contact_7" placed on top of itself.  Ignoring the extra one.
Error while reading cell "sky130_sram_2kbyte_1rw1r_32x512_8_row_cap_array_0" (byte position 1568414): Warning: cell "sky130_sram_2kbyte_1rw1r_32x512_8_contact_7" placed on top of itself.  Ignoring the extra one.
Error while reading cell "sky130_sram_2kbyte_1rw1r_32x512_8_row_cap_array_0" (byte position 1571290): Warning: cell "sky130_sram_2kbyte_1rw1r_32x512_8_contact_7" placed on top of itself.  Ignoring the extra one.
Error while reading cell "sky130_sram_2kbyte_1rw1r_32x512_8_row_cap_array_0" (byte position 1574202): Warning: cell "sky130_sram_2kbyte_1rw1r_32x512_8_contact_7" placed on top of itself.  Ignoring the extra one.
Error while reading cell "sky130_sram_2kbyte_1rw1r_32x512_8_row_cap_array_0" (byte position 1574474): Warning: cell "sky130_sram_2kbyte_1rw1r_32x512_8_contact_7" placed on top of itself.  Ignoring the extra one.
Error while reading cell "sky130_sram_2kbyte_1rw1r_32x512_8_row_cap_array_0" (byte position 1574746): Warning: cell "sky130_sram_2kbyte_1rw1r_32x512_8_contact_7" placed on top of itself.  Ignoring the extra one.
Error while reading cell "sky130_sram_2kbyte_1rw1r_32x512_8_row_cap_array_0" (byte position 1575018): Warning: cell "sky130_sram_2kbyte_1rw1r_32x512_8_contact_7" placed on top of itself.  Ignoring the extra one.
Error while reading cell "sky130_sram_2kbyte_1rw1r_32x512_8_row_cap_array_0" (byte position 1575290): Warning: cell "sky130_sram_2kbyte_1rw1r_32x512_8_contact_7" placed on top of itself.  Ignoring the extra one.
Error while reading cell "sky130_sram_2kbyte_1rw1r_32x512_8_row_cap_array_0" (byte position 1575562): Warning: cell "sky130_sram_2kbyte_1rw1r_32x512_8_contact_7" placed on top of itself.  Ignoring the extra one.
Error while reading cell "sky130_sram_2kbyte_1rw1r_32x512_8_row_cap_array_0" (byte position 1575834): Warning: cell "sky130_sram_2kbyte_1rw1r_32x512_8_contact_7" placed on top of itself.  Ignoring the extra one.
Error while reading cell "sky130_sram_2kbyte_1rw1r_32x512_8_row_cap_array_0" (byte position 1576106): Warning: cell "sky130_sram_2kbyte_1rw1r_32x512_8_contact_7" placed on top of itself.  Ignoring the extra one.
Error while reading cell "sky130_sram_2kbyte_1rw1r_32x512_8_row_cap_array_0" (byte position 1576378): Warning: cell "sky130_sram_2kbyte_1rw1r_32x512_8_contact_7" placed on top of itself.  Ignoring the extra one.
Error while reading cell "sky130_sram_2kbyte_1rw1r_32x512_8_row_cap_array_0" (byte position 1576650): Warning: cell "sky130_sram_2kbyte_1rw1r_32x512_8_contact_7" placed on top of itself.  Ignoring the extra one.
Error while reading cell "sky130_sram_2kbyte_1rw1r_32x512_8_row_cap_array_0" (byte position 1576922): Warning: cell "sky130_sram_2kbyte_1rw1r_32x512_8_contact_7" placed on top of itself.  Ignoring the extra one.
Error while reading cell "sky130_sram_2kbyte_1rw1r_32x512_8_row_cap_array_0" (byte position 1577194): Warning: cell "sky130_sram_2kbyte_1rw1r_32x512_8_contact_7" placed on top of itself.  Ignoring the extra one.
Error while reading cell "sky130_sram_2kbyte_1rw1r_32x512_8_row_cap_array_0" (byte position 1577466): Warning: cell "sky130_sram_2kbyte_1rw1r_32x512_8_contact_7" placed on top of itself.  Ignoring the extra one.
Error while reading cell "sky130_sram_2kbyte_1rw1r_32x512_8_row_cap_array_0" (byte position 1577738): Warning: cell "sky130_sram_2kbyte_1rw1r_32x512_8_contact_7" placed on top of itself.  Ignoring the extra one.
Error while reading cell "sky130_sram_2kbyte_1rw1r_32x512_8_row_cap_array_0" (byte position 1578010): Warning: cell "sky130_sram_2kbyte_1rw1r_32x512_8_contact_7" placed on top of itself.  Ignoring the extra one.
Reading "sky130_sram_2kbyte_1rw1r_32x512_8_row_cap_array".
Error while reading cell "sky130_sram_2kbyte_1rw1r_32x512_8_row_cap_array" (byte position 1654808): Warning: cell "sky130_sram_2kbyte_1rw1r_32x512_8_contact_7" placed on top of itself.  Ignoring the extra one.
Error while reading cell "sky130_sram_2kbyte_1rw1r_32x512_8_row_cap_array" (byte position 1657422): Warning: cell "sky130_sram_2kbyte_1rw1r_32x512_8_contact_7" placed on top of itself.  Ignoring the extra one.
Error while reading cell "sky130_sram_2kbyte_1rw1r_32x512_8_row_cap_array" (byte position 1657694): Warning: cell "sky130_sram_2kbyte_1rw1r_32x512_8_contact_7" placed on top of itself.  Ignoring the extra one.
Error while reading cell "sky130_sram_2kbyte_1rw1r_32x512_8_row_cap_array" (byte position 1657966): Warning: cell "sky130_sram_2kbyte_1rw1r_32x512_8_contact_7" placed on top of itself.  Ignoring the extra one.
Error while reading cell "sky130_sram_2kbyte_1rw1r_32x512_8_row_cap_array" (byte position 1658238): Warning: cell "sky130_sram_2kbyte_1rw1r_32x512_8_contact_7" placed on top of itself.  Ignoring the extra one.
Error while reading cell "sky130_sram_2kbyte_1rw1r_32x512_8_row_cap_array" (byte position 1658510): Warning: cell "sky130_sram_2kbyte_1rw1r_32x512_8_contact_7" placed on top of itself.  Ignoring the extra one.
Error while reading cell "sky130_sram_2kbyte_1rw1r_32x512_8_row_cap_array" (byte position 1658782): Warning: cell "sky130_sram_2kbyte_1rw1r_32x512_8_contact_7" placed on top of itself.  Ignoring the extra one.
Error while reading cell "sky130_sram_2kbyte_1rw1r_32x512_8_row_cap_array" (byte position 1659054): Warning: cell "sky130_sram_2kbyte_1rw1r_32x512_8_contact_7" placed on top of itself.  Ignoring the extra one.
Error while reading cell "sky130_sram_2kbyte_1rw1r_32x512_8_row_cap_array" (byte position 1659326): Warning: cell "sky130_sram_2kbyte_1rw1r_32x512_8_contact_7" placed on top of itself.  Ignoring the extra one.
Error while reading cell "sky130_sram_2kbyte_1rw1r_32x512_8_row_cap_array" (byte position 1659598): Warning: cell "sky130_sram_2kbyte_1rw1r_32x512_8_contact_7" placed on top of itself.  Ignoring the extra one.
Error while reading cell "sky130_sram_2kbyte_1rw1r_32x512_8_row_cap_array" (byte position 1659870): Warning: cell "sky130_sram_2kbyte_1rw1r_32x512_8_contact_7" placed on top of itself.  Ignoring the extra one.
Error while reading cell "sky130_sram_2kbyte_1rw1r_32x512_8_row_cap_array" (byte position 1660142): Warning: cell "sky130_sram_2kbyte_1rw1r_32x512_8_contact_7" placed on top of itself.  Ignoring the extra one.
Error while reading cell "sky130_sram_2kbyte_1rw1r_32x512_8_row_cap_array" (byte position 1660414): Warning: cell "sky130_sram_2kbyte_1rw1r_32x512_8_contact_7" placed on top of itself.  Ignoring the extra one.
Error while reading cell "sky130_sram_2kbyte_1rw1r_32x512_8_row_cap_array" (byte position 1660686): Warning: cell "sky130_sram_2kbyte_1rw1r_32x512_8_contact_7" placed on top of itself.  Ignoring the extra one.
Error while reading cell "sky130_sram_2kbyte_1rw1r_32x512_8_row_cap_array" (byte position 1660958): Warning: cell "sky130_sram_2kbyte_1rw1r_32x512_8_contact_7" placed on top of itself.  Ignoring the extra one.
Error while reading cell "sky130_sram_2kbyte_1rw1r_32x512_8_row_cap_array" (byte position 1661230): Warning: cell "sky130_sram_2kbyte_1rw1r_32x512_8_contact_7" placed on top of itself.  Ignoring the extra one.
Error while reading cell "sky130_sram_2kbyte_1rw1r_32x512_8_row_cap_array" (byte position 1661706): Warning: cell "sky130_sram_2kbyte_1rw1r_32x512_8_contact_7" placed on top of itself.  Ignoring the extra one.
Error while reading cell "sky130_sram_2kbyte_1rw1r_32x512_8_row_cap_array" (byte position 1661978): Warning: cell "sky130_sram_2kbyte_1rw1r_32x512_8_contact_7" placed on top of itself.  Ignoring the extra one.
Error while reading cell "sky130_sram_2kbyte_1rw1r_32x512_8_row_cap_array" (byte position 1662250): Warning: cell "sky130_sram_2kbyte_1rw1r_32x512_8_contact_7" placed on top of itself.  Ignoring the extra one.
Error while reading cell "sky130_sram_2kbyte_1rw1r_32x512_8_row_cap_array" (byte position 1662522): Warning: cell "sky130_sram_2kbyte_1rw1r_32x512_8_contact_7" placed on top of itself.  Ignoring the extra one.
Error while reading cell "sky130_sram_2kbyte_1rw1r_32x512_8_row_cap_array" (byte position 1662794): Warning: cell "sky130_sram_2kbyte_1rw1r_32x512_8_contact_7" placed on top of itself.  Ignoring the extra one.
Error while reading cell "sky130_sram_2kbyte_1rw1r_32x512_8_row_cap_array" (byte position 1663066): Warning: cell "sky130_sram_2kbyte_1rw1r_32x512_8_contact_7" placed on top of itself.  Ignoring the extra one.
Error while reading cell "sky130_sram_2kbyte_1rw1r_32x512_8_row_cap_array" (byte position 1663338): Warning: cell "sky130_sram_2kbyte_1rw1r_32x512_8_contact_7" placed on top of itself.  Ignoring the extra one.
Error while reading cell "sky130_sram_2kbyte_1rw1r_32x512_8_row_cap_array" (byte position 1663614): Warning: cell "sky130_sram_2kbyte_1rw1r_32x512_8_contact_7" placed on top of itself.  Ignoring the extra one.
Error while reading cell "sky130_sram_2kbyte_1rw1r_32x512_8_row_cap_array" (byte position 1666024): Warning: cell "sky130_sram_2kbyte_1rw1r_32x512_8_contact_7" placed on top of itself.  Ignoring the extra one.
Error while reading cell "sky130_sram_2kbyte_1rw1r_32x512_8_row_cap_array" (byte position 1666296): Warning: cell "sky130_sram_2kbyte_1rw1r_32x512_8_contact_7" placed on top of itself.  Ignoring the extra one.
Error while reading cell "sky130_sram_2kbyte_1rw1r_32x512_8_row_cap_array" (byte position 1666568): Warning: cell "sky130_sram_2kbyte_1rw1r_32x512_8_contact_7" placed on top of itself.  Ignoring the extra one.
Error while reading cell "sky130_sram_2kbyte_1rw1r_32x512_8_row_cap_array" (byte position 1666840): Warning: cell "sky130_sram_2kbyte_1rw1r_32x512_8_contact_7" placed on top of itself.  Ignoring the extra one.
Error while reading cell "sky130_sram_2kbyte_1rw1r_32x512_8_row_cap_array" (byte position 1667112): Warning: cell "sky130_sram_2kbyte_1rw1r_32x512_8_contact_7" placed on top of itself.  Ignoring the extra one.
Error while reading cell "sky130_sram_2kbyte_1rw1r_32x512_8_row_cap_array" (byte position 1667384): Warning: cell "sky130_sram_2kbyte_1rw1r_32x512_8_contact_7" placed on top of itself.  Ignoring the extra one.
Error while reading cell "sky130_sram_2kbyte_1rw1r_32x512_8_row_cap_array" (byte position 1667656): Warning: cell "sky130_sram_2kbyte_1rw1r_32x512_8_contact_7" placed on top of itself.  Ignoring the extra one.
Error while reading cell "sky130_sram_2kbyte_1rw1r_32x512_8_row_cap_array" (byte position 1667792): Warning: cell "sky130_sram_2kbyte_1rw1r_32x512_8_contact_7" placed on top of itself.  Ignoring the extra one.
Error limit set:  Remaining errors will not be reported.
Reading "sky130_sram_2kbyte_1rw1r_32x512_8_col_cap_array".
Reading "sky130_sram_2kbyte_1rw1r_32x512_8_col_cap_array_0".
Reading "sky130_sram_2kbyte_1rw1r_32x512_8_dummy_array".
Reading "sky130_sram_2kbyte_1rw1r_32x512_8_replica_column_0".
Reading "sky130_sram_2kbyte_1rw1r_32x512_8_replica_column".
Reading "sky130_sram_2kbyte_1rw1r_32x512_8_bitcell_array".
    5000 uses
    10000 uses
    15000 uses
Reading "sky130_sram_2kbyte_1rw1r_32x512_8_pdriver_6".
Reading "sky130_sram_2kbyte_1rw1r_32x512_8_dff_buf_array_0".
Reading "sky130_sram_2kbyte_1rw1r_32x512_8_pnand2_1".
Reading "sky130_sram_2kbyte_1rw1r_32x512_8_delay_chain".
Reading "sky130_sram_2kbyte_1rw1r_32x512_8_pand3_0".
Reading "sky130_sram_2kbyte_1rw1r_32x512_8_pand3".
Reading "sky130_sram_2kbyte_1rw1r_32x512_8_pdriver_3".
Reading "sky130_sram_2kbyte_1rw1r_32x512_8_pand2_1".
Reading "sky130_sram_2kbyte_1rw1r_32x512_8_pdriver_2".
Reading "sky130_sram_2kbyte_1rw1r_32x512_8_dff_buf_array".
Reading "sky130_sram_2kbyte_1rw1r_32x512_8_hierarchical_predecode2x4_0".
Reading "sky130_sram_2kbyte_1rw1r_32x512_8_port_address_0".
Reading "sky130_sram_2kbyte_1rw1r_32x512_8_port_address".
Reading "sky130_sram_2kbyte_1rw1r_32x512_8_port_data_0".
Reading "sky130_sram_2kbyte_1rw1r_32x512_8_port_data".
Reading "sky130_sram_2kbyte_1rw1r_32x512_8_replica_bitcell_array".
Reading "sky130_sram_2kbyte_1rw1r_32x512_8_contact_33".
Reading "sky130_sram_2kbyte_1rw1r_32x512_8_contact_32".
Reading "sky130_sram_2kbyte_1rw1r_32x512_8_contact_39".
Reading "sky130_sram_2kbyte_1rw1r_32x512_8_contact_38".
Reading "sky130_sram_2kbyte_1rw1r_32x512_8_cr_5".
Reading "sky130_sram_2kbyte_1rw1r_32x512_8_cr_4".
Reading "sky130_sram_2kbyte_1rw1r_32x512_8_cr_3".
Reading "sky130_sram_2kbyte_1rw1r_32x512_8_data_dff".
Reading "sky130_sram_2kbyte_1rw1r_32x512_8_wmask_dff".
Reading "sky130_sram_2kbyte_1rw1r_32x512_8_col_addr_dff".
Reading "sky130_sram_2kbyte_1rw1r_32x512_8_row_addr_dff".
Reading "sky130_sram_2kbyte_1rw1r_32x512_8_control_logic_r".
Reading "sky130_sram_2kbyte_1rw1r_32x512_8_control_logic_rw".
Reading "sky130_sram_2kbyte_1rw1r_32x512_8_bank".
Reading "sky130_sram_2kbyte_1rw1r_32x512_8".
    5000 uses
> lef read macros/sky130_sram_2kbyte_1rw1r_32x512_8/lef/sky130_sram_2kbyte_1rw1r_32x512_8.lef
Reading LEF data from file macros/sky130_sram_2kbyte_1rw1r_32x512_8/lef/sky130_sram_2kbyte_1rw1r_32x512_8.lef.
This action cannot be undone.
LEF read: Processed 1117 lines.
Cell (NEWCELL) couldn't be read
No such file or directory
Creating new cell
> lef read /home/tatua7806/.ciel/ciel/sky130/versions/8afc8346a57fe1ab7934ba5a6056ea8b43078e71/sky130A/libs.ref/sky130_fd_sc_hd/techlef/sky130_fd_sc_hd__nom.tlef
Reading LEF data from file /home/tatua7806/.ciel/ciel/sky130/versions/8afc8346a57fe1ab7934ba5a6056ea8b43078e71/sky130A/libs.ref/sky130_fd_sc_hd/techlef/sky130_fd_sc_hd__nom.tlef.
This action cannot be undone.
LEF read, Line 82 (Message): Unknown keyword "ANTENNAMODEL" in LEF file; ignoring.
LEF read, Line 83 (Message): Unknown keyword "ANTENNADIFFSIDEAREARATIO" in LEF file; ignoring.
LEF read, Line 116 (Message): Unknown keyword "MINENCLOSEDAREA" in LEF file; ignoring.
LEF read, Line 118 (Message): Unknown keyword "ANTENNAMODEL" in LEF file; ignoring.
LEF read, Line 119 (Message): Unknown keyword "ANTENNADIFFSIDEAREARATIO" in LEF file; ignoring.
LEF read, Line 125 (Message): Unknown keyword "MAXIMUMDENSITY" in LEF file; ignoring.
LEF read, Line 126 (Message): Unknown keyword "DENSITYCHECKWINDOW" in LEF file; ignoring.
LEF read, Line 127 (Message): Unknown keyword "DENSITYCHECKSTEP" in LEF file; ignoring.
LEF read, Line 160 (Message): Unknown keyword "MINENCLOSEDAREA" in LEF file; ignoring.
LEF read, Line 168 (Message): Unknown keyword "ANTENNAMODEL" in LEF file; ignoring.
LEF read, Line 169 (Message): Unknown keyword "ANTENNADIFFSIDEAREARATIO" in LEF file; ignoring.
LEF read, Line 171 (Message): Unknown keyword "MAXIMUMDENSITY" in LEF file; ignoring.
LEF read, Line 172 (Message): Unknown keyword "DENSITYCHECKWINDOW" in LEF file; ignoring.
LEF read, Line 173 (Message): Unknown keyword "DENSITYCHECKSTEP" in LEF file; ignoring.
LEF read, Line 210 (Message): Unknown keyword "ANTENNAMODEL" in LEF file; ignoring.
LEF read, Line 211 (Message): Unknown keyword "ANTENNADIFFSIDEAREARATIO" in LEF file; ignoring.
LEF read, Line 213 (Message): Unknown keyword "MAXIMUMDENSITY" in LEF file; ignoring.
LEF read, Line 214 (Message): Unknown keyword "DENSITYCHECKWINDOW" in LEF file; ignoring.
LEF read, Line 215 (Message): Unknown keyword "DENSITYCHECKSTEP" in LEF file; ignoring.
LEF read, Line 252 (Message): Unknown keyword "ANTENNAMODEL" in LEF file; ignoring.
LEF read, Line 253 (Message): Unknown keyword "ANTENNADIFFSIDEAREARATIO" in LEF file; ignoring.
LEF read, Line 255 (Message): Unknown keyword "MAXIMUMDENSITY" in LEF file; ignoring.
LEF read, Line 256 (Message): Unknown keyword "DENSITYCHECKWINDOW" in LEF file; ignoring.
LEF read, Line 257 (Message): Unknown keyword "DENSITYCHECKSTEP" in LEF file; ignoring.
LEF read, Line 294 (Message): Unknown keyword "ANTENNAMODEL" in LEF file; ignoring.
LEF read, Line 295 (Message): Unknown keyword "ANTENNADIFFSIDEAREARATIO" in LEF file; ignoring.
LEF read: Processed 801 lines.
> def read /home/tatua7806/arkhe/asic/run/arkhe/85-odb-cellfrequencytables/soc_top.def -noblockage
Reading DEF data from file /home/tatua7806/arkhe/asic/run/arkhe/85-odb-cellfrequencytables/soc_top.def.
This action cannot be undone.
  Processed 5 vias total.
  Processed 3 non-default rules total.
  Processed 2080015 subcell instances total.
  Processed 81 pins total.
  Processed 2 special nets total.
  Processed 88351 nets total.
DEF read: Processed 3743145 lines.
   Copying output for cell sky130_fd_sc_hd__decap_3 from $PDKPATH/libs.ref/sky130_fd_sc_hd/gds/sky130_fd_sc_hd.gds
   Copying output for cell sky130_fd_sc_hd__fill_1 from $PDKPATH/libs.ref/sky130_fd_sc_hd/gds/sky130_fd_sc_hd.gds
   Copying output for cell sky130_fd_sc_hd__tapvpwrvgnd_1 from $PDKPATH/libs.ref/sky130_fd_sc_hd/gds/sky130_fd_sc_hd.gds
   Copying output for cell sky130_fd_sc_hd__fill_2 from $PDKPATH/libs.ref/sky130_fd_sc_hd/gds/sky130_fd_sc_hd.gds
   Copying output for cell sky130_fd_sc_hd__diode_2 from $PDKPATH/libs.ref/sky130_fd_sc_hd/gds/sky130_fd_sc_hd.gds
   Copying output for cell sky130_fd_sc_hd__clkbuf_2 from $PDKPATH/libs.ref/sky130_fd_sc_hd/gds/sky130_fd_sc_hd.gds
   Copying output for cell sky130_fd_sc_hd__buf_1 from $PDKPATH/libs.ref/sky130_fd_sc_hd/gds/sky130_fd_sc_hd.gds
   Copying output for cell sky130_fd_sc_hd__or2_2 from $PDKPATH/libs.ref/sky130_fd_sc_hd/gds/sky130_fd_sc_hd.gds
   Copying output for cell sky130_fd_sc_hd__or3b_2 from $PDKPATH/libs.ref/sky130_fd_sc_hd/gds/sky130_fd_sc_hd.gds
   Copying output for cell sky130_sram_2kbyte_1rw1r_32x512_8_contact_39 from macros/sky130_sram_2kbyte_1rw1r_32x512_8/gds/sky130_sram_2kbyte_1rw1r_32x512_8.gds
   Copying output for cell sky130_sram_2kbyte_1rw1r_32x512_8_contact_19 from macros/sky130_sram_2kbyte_1rw1r_32x512_8/gds/sky130_sram_2kbyte_1rw1r_32x512_8.gds
   Copying output for cell sky130_sram_2kbyte_1rw1r_32x512_8_contact_14 from macros/sky130_sram_2kbyte_1rw1r_32x512_8/gds/sky130_sram_2kbyte_1rw1r_32x512_8.gds
   Copying output for cell sky130_sram_2kbyte_1rw1r_32x512_8_contact_13 from macros/sky130_sram_2kbyte_1rw1r_32x512_8/gds/sky130_sram_2kbyte_1rw1r_32x512_8.gds
   Copying output for cell sky130_sram_2kbyte_1rw1r_32x512_8_contact_7 from macros/sky130_sram_2kbyte_1rw1r_32x512_8/gds/sky130_sram_2kbyte_1rw1r_32x512_8.gds
   Copying output for cell sky130_sram_2kbyte_1rw1r_32x512_8_contact_38 from macros/sky130_sram_2kbyte_1rw1r_32x512_8/gds/sky130_sram_2kbyte_1rw1r_32x512_8.gds
   Copying output for cell sky130_sram_2kbyte_1rw1r_32x512_8_contact_33 from macros/sky130_sram_2kbyte_1rw1r_32x512_8/gds/sky130_sram_2kbyte_1rw1r_32x512_8.gds
   Copying output for cell sky130_sram_2kbyte_1rw1r_32x512_8_contact_32 from macros/sky130_sram_2kbyte_1rw1r_32x512_8/gds/sky130_sram_2kbyte_1rw1r_32x512_8.gds
   Copying output for cell sky130_fd_bd_sram__openram_dff from macros/sky130_sram_2kbyte_1rw1r_32x512_8/gds/sky130_sram_2kbyte_1rw1r_32x512_8.gds
   Copying output for cell sky130_sram_2kbyte_1rw1r_32x512_8_row_addr_dff from macros/sky130_sram_2kbyte_1rw1r_32x512_8/gds/sky130_sram_2kbyte_1rw1r_32x512_8.gds
   Copying output for cell sky130_sram_2kbyte_1rw1r_32x512_8_wmask_dff from macros/sky130_sram_2kbyte_1rw1r_32x512_8/gds/sky130_sram_2kbyte_1rw1r_32x512_8.gds
   Copying output for cell sky130_sram_2kbyte_1rw1r_32x512_8_cr_3 from macros/sky130_sram_2kbyte_1rw1r_32x512_8/gds/sky130_sram_2kbyte_1rw1r_32x512_8.gds
   Copying output for cell sky130_sram_2kbyte_1rw1r_32x512_8_col_addr_dff from macros/sky130_sram_2kbyte_1rw1r_32x512_8/gds/sky130_sram_2kbyte_1rw1r_32x512_8.gds
   Copying output for cell sky130_sram_2kbyte_1rw1r_32x512_8_data_dff from macros/sky130_sram_2kbyte_1rw1r_32x512_8/gds/sky130_sram_2kbyte_1rw1r_32x512_8.gds
   Copying output for cell sky130_sram_2kbyte_1rw1r_32x512_8_contact_16 from macros/sky130_sram_2kbyte_1rw1r_32x512_8/gds/sky130_sram_2kbyte_1rw1r_32x512_8.gds
   Copying output for cell sky130_sram_2kbyte_1rw1r_32x512_8_contact_29 from macros/sky130_sram_2kbyte_1rw1r_32x512_8/gds/sky130_sram_2kbyte_1rw1r_32x512_8.gds
   Copying output for cell sky130_sram_2kbyte_1rw1r_32x512_8_contact_28 from macros/sky130_sram_2kbyte_1rw1r_32x512_8/gds/sky130_sram_2kbyte_1rw1r_32x512_8.gds
   Copying output for cell sky130_sram_2kbyte_1rw1r_32x512_8_contact_11 from macros/sky130_sram_2kbyte_1rw1r_32x512_8/gds/sky130_sram_2kbyte_1rw1r_32x512_8.gds
   Copying output for cell sky130_sram_2kbyte_1rw1r_32x512_8_nmos_m1_w0_360_sli_dli_da_p from macros/sky130_sram_2kbyte_1rw1r_32x512_8/gds/sky130_sram_2kbyte_1rw1r_32x512_8.gds
   Copying output for cell sky130_sram_2kbyte_1rw1r_32x512_8_contact_12 from macros/sky130_sram_2kbyte_1rw1r_32x512_8/gds/sky130_sram_2kbyte_1rw1r_32x512_8.gds
   Copying output for cell sky130_sram_2kbyte_1rw1r_32x512_8_pmos_m1_w1_120_sli_dli_da_p from macros/sky130_sram_2kbyte_1rw1r_32x512_8/gds/sky130_sram_2kbyte_1rw1r_32x512_8.gds
   Copying output for cell sky130_sram_2kbyte_1rw1r_32x512_8_pinv_1 from macros/sky130_sram_2kbyte_1rw1r_32x512_8/gds/sky130_sram_2kbyte_1rw1r_32x512_8.gds
   Copying output for cell sky130_sram_2kbyte_1rw1r_32x512_8_nmos_m1_w0_740_sactive_dli from macros/sky130_sram_2kbyte_1rw1r_32x512_8/gds/sky130_sram_2kbyte_1rw1r_32x512_8.gds
   Copying output for cell sky130_sram_2kbyte_1rw1r_32x512_8_nmos_m1_w0_740_sli_dactive from macros/sky130_sram_2kbyte_1rw1r_32x512_8/gds/sky130_sram_2kbyte_1rw1r_32x512_8.gds
   Copying output for cell sky130_sram_2kbyte_1rw1r_32x512_8_pmos_m1_w1_120_sli_dli from macros/sky130_sram_2kbyte_1rw1r_32x512_8/gds/sky130_sram_2kbyte_1rw1r_32x512_8.gds
   Copying output for cell sky130_sram_2kbyte_1rw1r_32x512_8_pnand2_1 from macros/sky130_sram_2kbyte_1rw1r_32x512_8/gds/sky130_sram_2kbyte_1rw1r_32x512_8.gds
   Copying output for cell sky130_sram_2kbyte_1rw1r_32x512_8_nmos_m3_w1_680_sli_dli_da_p from macros/sky130_sram_2kbyte_1rw1r_32x512_8/gds/sky130_sram_2kbyte_1rw1r_32x512_8.gds
   Copying output for cell sky130_sram_2kbyte_1rw1r_32x512_8_pmos_m3_w1_680_sli_dli_da_p from macros/sky130_sram_2kbyte_1rw1r_32x512_8/gds/sky130_sram_2kbyte_1rw1r_32x512_8.gds
   Copying output for cell sky130_sram_2kbyte_1rw1r_32x512_8_pinv_3 from macros/sky130_sram_2kbyte_1rw1r_32x512_8/gds/sky130_sram_2kbyte_1rw1r_32x512_8.gds
   Copying output for cell sky130_sram_2kbyte_1rw1r_32x512_8_nmos_m2_w0_740_sli_dli_da_p from macros/sky130_sram_2kbyte_1rw1r_32x512_8/gds/sky130_sram_2kbyte_1rw1r_32x512_8.gds
   Copying output for cell sky130_sram_2kbyte_1rw1r_32x512_8_pmos_m2_w1_260_sli_dli_da_p from macros/sky130_sram_2kbyte_1rw1r_32x512_8/gds/sky130_sram_2kbyte_1rw1r_32x512_8.gds
   Copying output for cell sky130_sram_2kbyte_1rw1r_32x512_8_pinv_2 from macros/sky130_sram_2kbyte_1rw1r_32x512_8/gds/sky130_sram_2kbyte_1rw1r_32x512_8.gds
   Copying output for cell sky130_sram_2kbyte_1rw1r_32x512_8_dff_buf_0 from macros/sky130_sram_2kbyte_1rw1r_32x512_8/gds/sky130_sram_2kbyte_1rw1r_32x512_8.gds
   Copying output for cell sky130_sram_2kbyte_1rw1r_32x512_8_dff_buf_array from macros/sky130_sram_2kbyte_1rw1r_32x512_8/gds/sky130_sram_2kbyte_1rw1r_32x512_8.gds
   Copying output for cell sky130_sram_2kbyte_1rw1r_32x512_8_nmos_m7_w1_680_sli_dli_da_p from macros/sky130_sram_2kbyte_1rw1r_32x512_8/gds/sky130_sram_2kbyte_1rw1r_32x512_8.gds
   Copying output for cell sky130_sram_2kbyte_1rw1r_32x512_8_pmos_m7_w2_000_sli_dli_da_p from macros/sky130_sram_2kbyte_1rw1r_32x512_8/gds/sky130_sram_2kbyte_1rw1r_32x512_8.gds
   Copying output for cell sky130_sram_2kbyte_1rw1r_32x512_8_pinv_4 from macros/sky130_sram_2kbyte_1rw1r_32x512_8/gds/sky130_sram_2kbyte_1rw1r_32x512_8.gds
   Copying output for cell sky130_sram_2kbyte_1rw1r_32x512_8_pdriver_1 from macros/sky130_sram_2kbyte_1rw1r_32x512_8/gds/sky130_sram_2kbyte_1rw1r_32x512_8.gds
   Copying output for cell sky130_sram_2kbyte_1rw1r_32x512_8_pnand2_0 from macros/sky130_sram_2kbyte_1rw1r_32x512_8/gds/sky130_sram_2kbyte_1rw1r_32x512_8.gds
   Copying output for cell sky130_sram_2kbyte_1rw1r_32x512_8_pand2_1 from macros/sky130_sram_2kbyte_1rw1r_32x512_8/gds/sky130_sram_2kbyte_1rw1r_32x512_8.gds
   Copying output for cell sky130_sram_2kbyte_1rw1r_32x512_8_nmos_m24_w2_000_sli_dli_da_p from macros/sky130_sram_2kbyte_1rw1r_32x512_8/gds/sky130_sram_2kbyte_1rw1r_32x512_8.gds
   Copying output for cell sky130_sram_2kbyte_1rw1r_32x512_8_pmos_m24_w2_000_sli_dli_da_p from macros/sky130_sram_2kbyte_1rw1r_32x512_8/gds/sky130_sram_2kbyte_1rw1r_32x512_8.gds
   Copying output for cell sky130_sram_2kbyte_1rw1r_32x512_8_pinv_14 from macros/sky130_sram_2kbyte_1rw1r_32x512_8/gds/sky130_sram_2kbyte_1rw1r_32x512_8.gds
   Copying output for cell sky130_sram_2kbyte_1rw1r_32x512_8_nmos_m8_w2_000_sli_dli_da_p from macros/sky130_sram_2kbyte_1rw1r_32x512_8/gds/sky130_sram_2kbyte_1rw1r_32x512_8.gds
   Copying output for cell sky130_sram_2kbyte_1rw1r_32x512_8_pmos_m8_w2_000_sli_dli_da_p from macros/sky130_sram_2kbyte_1rw1r_32x512_8/gds/sky130_sram_2kbyte_1rw1r_32x512_8.gds
   Copying output for cell sky130_sram_2kbyte_1rw1r_32x512_8_pinv_13 from macros/sky130_sram_2kbyte_1rw1r_32x512_8/gds/sky130_sram_2kbyte_1rw1r_32x512_8.gds
   Copying output for cell sky130_sram_2kbyte_1rw1r_32x512_8_nmos_m3_w2_000_sli_dli_da_p from macros/sky130_sram_2kbyte_1rw1r_32x512_8/gds/sky130_sram_2kbyte_1rw1r_32x512_8.gds
   Copying output for cell sky130_sram_2kbyte_1rw1r_32x512_8_pmos_m3_w2_000_sli_dli_da_p from macros/sky130_sram_2kbyte_1rw1r_32x512_8/gds/sky130_sram_2kbyte_1rw1r_32x512_8.gds
   Copying output for cell sky130_sram_2kbyte_1rw1r_32x512_8_pinv_12 from macros/sky130_sram_2kbyte_1rw1r_32x512_8/gds/sky130_sram_2kbyte_1rw1r_32x512_8.gds
   Copying output for cell sky130_sram_2kbyte_1rw1r_32x512_8_pinv_11 from macros/sky130_sram_2kbyte_1rw1r_32x512_8/gds/sky130_sram_2kbyte_1rw1r_32x512_8.gds
   Copying output for cell sky130_sram_2kbyte_1rw1r_32x512_8_pinv_0 from macros/sky130_sram_2kbyte_1rw1r_32x512_8/gds/sky130_sram_2kbyte_1rw1r_32x512_8.gds
   Copying output for cell sky130_sram_2kbyte_1rw1r_32x512_8_pdriver_3 from macros/sky130_sram_2kbyte_1rw1r_32x512_8/gds/sky130_sram_2kbyte_1rw1r_32x512_8.gds
   Copying output for cell sky130_sram_2kbyte_1rw1r_32x512_8_pinv_17 from macros/sky130_sram_2kbyte_1rw1r_32x512_8/gds/sky130_sram_2kbyte_1rw1r_32x512_8.gds
   Copying output for cell sky130_sram_2kbyte_1rw1r_32x512_8_delay_chain from macros/sky130_sram_2kbyte_1rw1r_32x512_8/gds/sky130_sram_2kbyte_1rw1r_32x512_8.gds
   Copying output for cell sky130_sram_2kbyte_1rw1r_32x512_8_nmos_m18_w2_000_sli_dli_da_p from macros/sky130_sram_2kbyte_1rw1r_32x512_8/gds/sky130_sram_2kbyte_1rw1r_32x512_8.gds
   Copying output for cell sky130_sram_2kbyte_1rw1r_32x512_8_pmos_m18_w2_000_sli_dli_da_p from macros/sky130_sram_2kbyte_1rw1r_32x512_8/gds/sky130_sram_2kbyte_1rw1r_32x512_8.gds
   Copying output for cell sky130_sram_2kbyte_1rw1r_32x512_8_pinv_16 from macros/sky130_sram_2kbyte_1rw1r_32x512_8/gds/sky130_sram_2kbyte_1rw1r_32x512_8.gds
   Copying output for cell sky130_sram_2kbyte_1rw1r_32x512_8_pdriver_5 from macros/sky130_sram_2kbyte_1rw1r_32x512_8/gds/sky130_sram_2kbyte_1rw1r_32x512_8.gds
   Copying output for cell sky130_sram_2kbyte_1rw1r_32x512_8_nmos_m1_w0_740_sactive_dactive from macros/sky130_sram_2kbyte_1rw1r_32x512_8/gds/sky130_sram_2kbyte_1rw1r_32x512_8.gds
   Copying output for cell sky130_sram_2kbyte_1rw1r_32x512_8_pnand3 from macros/sky130_sram_2kbyte_1rw1r_32x512_8/gds/sky130_sram_2kbyte_1rw1r_32x512_8.gds
   Copying output for cell sky130_sram_2kbyte_1rw1r_32x512_8_pand3_0 from macros/sky130_sram_2kbyte_1rw1r_32x512_8/gds/sky130_sram_2kbyte_1rw1r_32x512_8.gds
   Copying output for cell sky130_sram_2kbyte_1rw1r_32x512_8_nmos_m22_w2_000_sli_dli_da_p from macros/sky130_sram_2kbyte_1rw1r_32x512_8/gds/sky130_sram_2kbyte_1rw1r_32x512_8.gds
   Copying output for cell sky130_sram_2kbyte_1rw1r_32x512_8_pmos_m22_w2_000_sli_dli_da_p from macros/sky130_sram_2kbyte_1rw1r_32x512_8/gds/sky130_sram_2kbyte_1rw1r_32x512_8.gds
   Copying output for cell sky130_sram_2kbyte_1rw1r_32x512_8_pinv_15 from macros/sky130_sram_2kbyte_1rw1r_32x512_8/gds/sky130_sram_2kbyte_1rw1r_32x512_8.gds
   Copying output for cell sky130_sram_2kbyte_1rw1r_32x512_8_pdriver_4 from macros/sky130_sram_2kbyte_1rw1r_32x512_8/gds/sky130_sram_2kbyte_1rw1r_32x512_8.gds
   Copying output for cell sky130_sram_2kbyte_1rw1r_32x512_8_pand3 from macros/sky130_sram_2kbyte_1rw1r_32x512_8/gds/sky130_sram_2kbyte_1rw1r_32x512_8.gds
   Copying output for cell sky130_sram_2kbyte_1rw1r_32x512_8_nmos_m42_w2_000_sli_dli_da_p from macros/sky130_sram_2kbyte_1rw1r_32x512_8/gds/sky130_sram_2kbyte_1rw1r_32x512_8.gds
   Copying output for cell sky130_sram_2kbyte_1rw1r_32x512_8_pmos_m42_w2_000_sli_dli_da_p from macros/sky130_sram_2kbyte_1rw1r_32x512_8/gds/sky130_sram_2kbyte_1rw1r_32x512_8.gds
   Copying output for cell sky130_sram_2kbyte_1rw1r_32x512_8_pinv_10 from macros/sky130_sram_2kbyte_1rw1r_32x512_8/gds/sky130_sram_2kbyte_1rw1r_32x512_8.gds
   Copying output for cell sky130_sram_2kbyte_1rw1r_32x512_8_nmos_m15_w2_000_sli_dli_da_p from macros/sky130_sram_2kbyte_1rw1r_32x512_8/gds/sky130_sram_2kbyte_1rw1r_32x512_8.gds
   Copying output for cell sky130_sram_2kbyte_1rw1r_32x512_8_pmos_m15_w2_000_sli_dli_da_p from macros/sky130_sram_2kbyte_1rw1r_32x512_8/gds/sky130_sram_2kbyte_1rw1r_32x512_8.gds
   Copying output for cell sky130_sram_2kbyte_1rw1r_32x512_8_pinv_9 from macros/sky130_sram_2kbyte_1rw1r_32x512_8/gds/sky130_sram_2kbyte_1rw1r_32x512_8.gds
   Copying output for cell sky130_sram_2kbyte_1rw1r_32x512_8_nmos_m5_w2_000_sli_dli_da_p from macros/sky130_sram_2kbyte_1rw1r_32x512_8/gds/sky130_sram_2kbyte_1rw1r_32x512_8.gds
   Copying output for cell sky130_sram_2kbyte_1rw1r_32x512_8_pmos_m5_w2_000_sli_dli_da_p from macros/sky130_sram_2kbyte_1rw1r_32x512_8/gds/sky130_sram_2kbyte_1rw1r_32x512_8.gds
   Copying output for cell sky130_sram_2kbyte_1rw1r_32x512_8_pinv_8 from macros/sky130_sram_2kbyte_1rw1r_32x512_8/gds/sky130_sram_2kbyte_1rw1r_32x512_8.gds
   Copying output for cell sky130_sram_2kbyte_1rw1r_32x512_8_nmos_m2_w1_260_sli_dli_da_p from macros/sky130_sram_2kbyte_1rw1r_32x512_8/gds/sky130_sram_2kbyte_1rw1r_32x512_8.gds
   Copying output for cell sky130_sram_2kbyte_1rw1r_32x512_8_pmos_m2_w2_000_sli_dli_da_p from macros/sky130_sram_2kbyte_1rw1r_32x512_8/gds/sky130_sram_2kbyte_1rw1r_32x512_8.gds
   Copying output for cell sky130_sram_2kbyte_1rw1r_32x512_8_pinv_7 from macros/sky130_sram_2kbyte_1rw1r_32x512_8/gds/sky130_sram_2kbyte_1rw1r_32x512_8.gds
   Copying output for cell sky130_sram_2kbyte_1rw1r_32x512_8_pdriver_2 from macros/sky130_sram_2kbyte_1rw1r_32x512_8/gds/sky130_sram_2kbyte_1rw1r_32x512_8.gds
   Copying output for cell sky130_sram_2kbyte_1rw1r_32x512_8_control_logic_rw from macros/sky130_sram_2kbyte_1rw1r_32x512_8/gds/sky130_sram_2kbyte_1rw1r_32x512_8.gds
   Copying output for cell sky130_sram_2kbyte_1rw1r_32x512_8_cr_5 from macros/sky130_sram_2kbyte_1rw1r_32x512_8/gds/sky130_sram_2kbyte_1rw1r_32x512_8.gds
   Copying output for cell sky130_sram_2kbyte_1rw1r_32x512_8_dff_buf_array_0 from macros/sky130_sram_2kbyte_1rw1r_32x512_8/gds/sky130_sram_2kbyte_1rw1r_32x512_8.gds
   Copying output for cell sky130_sram_2kbyte_1rw1r_32x512_8_nmos_m41_w2_000_sli_dli_da_p from macros/sky130_sram_2kbyte_1rw1r_32x512_8/gds/sky130_sram_2kbyte_1rw1r_32x512_8.gds
   Copying output for cell sky130_sram_2kbyte_1rw1r_32x512_8_pmos_m41_w2_000_sli_dli_da_p from macros/sky130_sram_2kbyte_1rw1r_32x512_8/gds/sky130_sram_2kbyte_1rw1r_32x512_8.gds
   Copying output for cell sky130_sram_2kbyte_1rw1r_32x512_8_pinv_20 from macros/sky130_sram_2kbyte_1rw1r_32x512_8/gds/sky130_sram_2kbyte_1rw1r_32x512_8.gds
   Copying output for cell sky130_sram_2kbyte_1rw1r_32x512_8_nmos_m14_w2_000_sli_dli_da_p from macros/sky130_sram_2kbyte_1rw1r_32x512_8/gds/sky130_sram_2kbyte_1rw1r_32x512_8.gds
   Copying output for cell sky130_sram_2kbyte_1rw1r_32x512_8_pmos_m14_w2_000_sli_dli_da_p from macros/sky130_sram_2kbyte_1rw1r_32x512_8/gds/sky130_sram_2kbyte_1rw1r_32x512_8.gds
   Copying output for cell sky130_sram_2kbyte_1rw1r_32x512_8_pinv_19 from macros/sky130_sram_2kbyte_1rw1r_32x512_8/gds/sky130_sram_2kbyte_1rw1r_32x512_8.gds
   Copying output for cell sky130_sram_2kbyte_1rw1r_32x512_8_nmos_m5_w1_680_sli_dli_da_p from macros/sky130_sram_2kbyte_1rw1r_32x512_8/gds/sky130_sram_2kbyte_1rw1r_32x512_8.gds
   Copying output for cell sky130_sram_2kbyte_1rw1r_32x512_8_pinv_18 from macros/sky130_sram_2kbyte_1rw1r_32x512_8/gds/sky130_sram_2kbyte_1rw1r_32x512_8.gds
   Copying output for cell sky130_sram_2kbyte_1rw1r_32x512_8_pdriver_6 from macros/sky130_sram_2kbyte_1rw1r_32x512_8/gds/sky130_sram_2kbyte_1rw1r_32x512_8.gds
   Copying output for cell sky130_sram_2kbyte_1rw1r_32x512_8_control_logic_r from macros/sky130_sram_2kbyte_1rw1r_32x512_8/gds/sky130_sram_2kbyte_1rw1r_32x512_8.gds
   Copying output for cell sky130_sram_2kbyte_1rw1r_32x512_8_cr_4 from macros/sky130_sram_2kbyte_1rw1r_32x512_8/gds/sky130_sram_2kbyte_1rw1r_32x512_8.gds
   Copying output for cell sky130_sram_2kbyte_1rw1r_32x512_8_contact_20 from macros/sky130_sram_2kbyte_1rw1r_32x512_8/gds/sky130_sram_2kbyte_1rw1r_32x512_8.gds
   Copying output for cell sky130_sram_2kbyte_1rw1r_32x512_8_contact_17 from macros/sky130_sram_2kbyte_1rw1r_32x512_8/gds/sky130_sram_2kbyte_1rw1r_32x512_8.gds
   Copying output for cell sky130_sram_2kbyte_1rw1r_32x512_8_pdriver_0 from macros/sky130_sram_2kbyte_1rw1r_32x512_8/gds/sky130_sram_2kbyte_1rw1r_32x512_8.gds
   Copying output for cell sky130_sram_2kbyte_1rw1r_32x512_8_pand2_0 from macros/sky130_sram_2kbyte_1rw1r_32x512_8/gds/sky130_sram_2kbyte_1rw1r_32x512_8.gds
   Copying output for cell sky130_sram_2kbyte_1rw1r_32x512_8_hierarchical_predecode2x4_0 from macros/sky130_sram_2kbyte_1rw1r_32x512_8/gds/sky130_sram_2kbyte_1rw1r_32x512_8.gds
   Copying output for cell sky130_sram_2kbyte_1rw1r_32x512_8_contact_15 from macros/sky130_sram_2kbyte_1rw1r_32x512_8/gds/sky130_sram_2kbyte_1rw1r_32x512_8.gds
   Copying output for cell sky130_sram_2kbyte_1rw1r_32x512_8_nmos_m1_w7_000_sli_dli_da_p from macros/sky130_sram_2kbyte_1rw1r_32x512_8/gds/sky130_sram_2kbyte_1rw1r_32x512_8.gds
   Copying output for cell sky130_sram_2kbyte_1rw1r_32x512_8_pmos_m1_w7_000_sli_dli_da_p from macros/sky130_sram_2kbyte_1rw1r_32x512_8/gds/sky130_sram_2kbyte_1rw1r_32x512_8.gds
   Copying output for cell sky130_sram_2kbyte_1rw1r_32x512_8_pinv_dec_0 from macros/sky130_sram_2kbyte_1rw1r_32x512_8/gds/sky130_sram_2kbyte_1rw1r_32x512_8.gds
   Copying output for cell sky130_fd_bd_sram__openram_dp_nand2_dec from macros/sky130_sram_2kbyte_1rw1r_32x512_8/gds/sky130_sram_2kbyte_1rw1r_32x512_8.gds
   Copying output for cell sky130_sram_2kbyte_1rw1r_32x512_8_and2_dec_0 from macros/sky130_sram_2kbyte_1rw1r_32x512_8/gds/sky130_sram_2kbyte_1rw1r_32x512_8.gds
   Copying output for cell sky130_sram_2kbyte_1rw1r_32x512_8_wordline_driver from macros/sky130_sram_2kbyte_1rw1r_32x512_8/gds/sky130_sram_2kbyte_1rw1r_32x512_8.gds
   Copying output for cell sky130_sram_2kbyte_1rw1r_32x512_8_wordline_driver_array from macros/sky130_sram_2kbyte_1rw1r_32x512_8/gds/sky130_sram_2kbyte_1rw1r_32x512_8.gds
   Copying output for cell sky130_sram_2kbyte_1rw1r_32x512_8_pinv_dec from macros/sky130_sram_2kbyte_1rw1r_32x512_8/gds/sky130_sram_2kbyte_1rw1r_32x512_8.gds
   Copying output for cell sky130_fd_bd_sram__openram_dp_nand3_dec from macros/sky130_sram_2kbyte_1rw1r_32x512_8/gds/sky130_sram_2kbyte_1rw1r_32x512_8.gds
   Copying output for cell sky130_sram_2kbyte_1rw1r_32x512_8_and3_dec from macros/sky130_sram_2kbyte_1rw1r_32x512_8/gds/sky130_sram_2kbyte_1rw1r_32x512_8.gds
   Copying output for cell sky130_sram_2kbyte_1rw1r_32x512_8_hierarchical_predecode3x8 from macros/sky130_sram_2kbyte_1rw1r_32x512_8/gds/sky130_sram_2kbyte_1rw1r_32x512_8.gds
   Copying output for cell sky130_sram_2kbyte_1rw1r_32x512_8_and2_dec from macros/sky130_sram_2kbyte_1rw1r_32x512_8/gds/sky130_sram_2kbyte_1rw1r_32x512_8.gds
   Copying output for cell sky130_sram_2kbyte_1rw1r_32x512_8_hierarchical_predecode2x4 from macros/sky130_sram_2kbyte_1rw1r_32x512_8/gds/sky130_sram_2kbyte_1rw1r_32x512_8.gds
   Copying output for cell sky130_sram_2kbyte_1rw1r_32x512_8_hierarchical_decoder from macros/sky130_sram_2kbyte_1rw1r_32x512_8/gds/sky130_sram_2kbyte_1rw1r_32x512_8.gds
   Copying output for cell sky130_sram_2kbyte_1rw1r_32x512_8_port_address_0 from macros/sky130_sram_2kbyte_1rw1r_32x512_8/gds/sky130_sram_2kbyte_1rw1r_32x512_8.gds
   Copying output for cell sky130_sram_2kbyte_1rw1r_32x512_8_port_address from macros/sky130_sram_2kbyte_1rw1r_32x512_8/gds/sky130_sram_2kbyte_1rw1r_32x512_8.gds
   Copying output for cell sky130_sram_2kbyte_1rw1r_32x512_8_contact_27 from macros/sky130_sram_2kbyte_1rw1r_32x512_8/gds/sky130_sram_2kbyte_1rw1r_32x512_8.gds
   Copying output for cell sky130_sram_2kbyte_1rw1r_32x512_8_contact_26 from macros/sky130_sram_2kbyte_1rw1r_32x512_8/gds/sky130_sram_2kbyte_1rw1r_32x512_8.gds
   Copying output for cell sky130_sram_2kbyte_1rw1r_32x512_8_contact_25 from macros/sky130_sram_2kbyte_1rw1r_32x512_8/gds/sky130_sram_2kbyte_1rw1r_32x512_8.gds
   Copying output for cell sky130_sram_2kbyte_1rw1r_32x512_8_contact_24 from macros/sky130_sram_2kbyte_1rw1r_32x512_8/gds/sky130_sram_2kbyte_1rw1r_32x512_8.gds
   Copying output for cell sky130_sram_2kbyte_1rw1r_32x512_8_nmos_m1_w2_880_sli_dli from macros/sky130_sram_2kbyte_1rw1r_32x512_8/gds/sky130_sram_2kbyte_1rw1r_32x512_8.gds
   Copying output for cell sky130_sram_2kbyte_1rw1r_32x512_8_column_mux_0 from macros/sky130_sram_2kbyte_1rw1r_32x512_8/gds/sky130_sram_2kbyte_1rw1r_32x512_8.gds
   Copying output for cell sky130_sram_2kbyte_1rw1r_32x512_8_column_mux_array_0 from macros/sky130_sram_2kbyte_1rw1r_32x512_8/gds/sky130_sram_2kbyte_1rw1r_32x512_8.gds
   Copying output for cell sky130_fd_bd_sram__openram_sense_amp from macros/sky130_sram_2kbyte_1rw1r_32x512_8/gds/sky130_sram_2kbyte_1rw1r_32x512_8.gds
   Copying output for cell sky130_sram_2kbyte_1rw1r_32x512_8_sense_amp_array from macros/sky130_sram_2kbyte_1rw1r_32x512_8/gds/sky130_sram_2kbyte_1rw1r_32x512_8.gds
   Copying output for cell sky130_sram_2kbyte_1rw1r_32x512_8_contact_23 from macros/sky130_sram_2kbyte_1rw1r_32x512_8/gds/sky130_sram_2kbyte_1rw1r_32x512_8.gds
   Copying output for cell sky130_sram_2kbyte_1rw1r_32x512_8_contact_21 from macros/sky130_sram_2kbyte_1rw1r_32x512_8/gds/sky130_sram_2kbyte_1rw1r_32x512_8.gds
   Copying output for cell sky130_sram_2kbyte_1rw1r_32x512_8_contact_22 from macros/sky130_sram_2kbyte_1rw1r_32x512_8/gds/sky130_sram_2kbyte_1rw1r_32x512_8.gds
   Copying output for cell sky130_sram_2kbyte_1rw1r_32x512_8_pmos_m1_w0_550_sli_dli from macros/sky130_sram_2kbyte_1rw1r_32x512_8/gds/sky130_sram_2kbyte_1rw1r_32x512_8.gds
   Copying output for cell sky130_sram_2kbyte_1rw1r_32x512_8_precharge_1 from macros/sky130_sram_2kbyte_1rw1r_32x512_8/gds/sky130_sram_2kbyte_1rw1r_32x512_8.gds
   Copying output for cell sky130_sram_2kbyte_1rw1r_32x512_8_precharge_array_0 from macros/sky130_sram_2kbyte_1rw1r_32x512_8/gds/sky130_sram_2kbyte_1rw1r_32x512_8.gds
   Copying output for cell sky130_sram_2kbyte_1rw1r_32x512_8_port_data_0 from macros/sky130_sram_2kbyte_1rw1r_32x512_8/gds/sky130_sram_2kbyte_1rw1r_32x512_8.gds
   Copying output for cell sky130_sram_2kbyte_1rw1r_32x512_8_column_mux from macros/sky130_sram_2kbyte_1rw1r_32x512_8/gds/sky130_sram_2kbyte_1rw1r_32x512_8.gds
   Copying output for cell sky130_sram_2kbyte_1rw1r_32x512_8_column_mux_array from macros/sky130_sram_2kbyte_1rw1r_32x512_8/gds/sky130_sram_2kbyte_1rw1r_32x512_8.gds
   Copying output for cell sky130_sram_2kbyte_1rw1r_32x512_8_pinv from macros/sky130_sram_2kbyte_1rw1r_32x512_8/gds/sky130_sram_2kbyte_1rw1r_32x512_8.gds
   Copying output for cell sky130_sram_2kbyte_1rw1r_32x512_8_pdriver from macros/sky130_sram_2kbyte_1rw1r_32x512_8/gds/sky130_sram_2kbyte_1rw1r_32x512_8.gds
   Copying output for cell sky130_sram_2kbyte_1rw1r_32x512_8_pnand2 from macros/sky130_sram_2kbyte_1rw1r_32x512_8/gds/sky130_sram_2kbyte_1rw1r_32x512_8.gds
   Copying output for cell sky130_sram_2kbyte_1rw1r_32x512_8_pand2 from macros/sky130_sram_2kbyte_1rw1r_32x512_8/gds/sky130_sram_2kbyte_1rw1r_32x512_8.gds
   Copying output for cell sky130_sram_2kbyte_1rw1r_32x512_8_write_mask_and_array from macros/sky130_sram_2kbyte_1rw1r_32x512_8/gds/sky130_sram_2kbyte_1rw1r_32x512_8.gds
   Copying output for cell sky130_fd_bd_sram__openram_write_driver from macros/sky130_sram_2kbyte_1rw1r_32x512_8/gds/sky130_sram_2kbyte_1rw1r_32x512_8.gds
   Copying output for cell sky130_sram_2kbyte_1rw1r_32x512_8_write_driver_array from macros/sky130_sram_2kbyte_1rw1r_32x512_8/gds/sky130_sram_2kbyte_1rw1r_32x512_8.gds
   Copying output for cell sky130_sram_2kbyte_1rw1r_32x512_8_precharge_0 from macros/sky130_sram_2kbyte_1rw1r_32x512_8/gds/sky130_sram_2kbyte_1rw1r_32x512_8.gds
   Copying output for cell sky130_sram_2kbyte_1rw1r_32x512_8_precharge_array from macros/sky130_sram_2kbyte_1rw1r_32x512_8/gds/sky130_sram_2kbyte_1rw1r_32x512_8.gds
   Copying output for cell sky130_sram_2kbyte_1rw1r_32x512_8_port_data from macros/sky130_sram_2kbyte_1rw1r_32x512_8/gds/sky130_sram_2kbyte_1rw1r_32x512_8.gds
   Copying output for cell sky130_sram_2kbyte_1rw1r_32x512_8_contact_9 from macros/sky130_sram_2kbyte_1rw1r_32x512_8/gds/sky130_sram_2kbyte_1rw1r_32x512_8.gds
   Copying output for cell sky130_sram_2kbyte_1rw1r_32x512_8_contact_8 from macros/sky130_sram_2kbyte_1rw1r_32x512_8/gds/sky130_sram_2kbyte_1rw1r_32x512_8.gds
   Copying output for cell sky130_fd_bd_sram__openram_dp_cell_cap_row from macros/sky130_sram_2kbyte_1rw1r_32x512_8/gds/sky130_sram_2kbyte_1rw1r_32x512_8.gds
   Copying output for cell sky130_sram_2kbyte_1rw1r_32x512_8_row_cap_array_0 from macros/sky130_sram_2kbyte_1rw1r_32x512_8/gds/sky130_sram_2kbyte_1rw1r_32x512_8.gds
   Copying output for cell sky130_sram_2kbyte_1rw1r_32x512_8_row_cap_array from macros/sky130_sram_2kbyte_1rw1r_32x512_8/gds/sky130_sram_2kbyte_1rw1r_32x512_8.gds
   Copying output for cell sky130_fd_bd_sram__openram_dp_cell_cap_col from macros/sky130_sram_2kbyte_1rw1r_32x512_8/gds/sky130_sram_2kbyte_1rw1r_32x512_8.gds
   Copying output for cell sky130_sram_2kbyte_1rw1r_32x512_8_col_cap_array from macros/sky130_sram_2kbyte_1rw1r_32x512_8/gds/sky130_sram_2kbyte_1rw1r_32x512_8.gds
   Copying output for cell sky130_sram_2kbyte_1rw1r_32x512_8_col_cap_array_0 from macros/sky130_sram_2kbyte_1rw1r_32x512_8/gds/sky130_sram_2kbyte_1rw1r_32x512_8.gds
   Copying output for cell sky130_fd_bd_sram__openram_dp_cell_dummy from macros/sky130_sram_2kbyte_1rw1r_32x512_8/gds/sky130_sram_2kbyte_1rw1r_32x512_8.gds
   Copying output for cell sky130_sram_2kbyte_1rw1r_32x512_8_dummy_array from macros/sky130_sram_2kbyte_1rw1r_32x512_8/gds/sky130_sram_2kbyte_1rw1r_32x512_8.gds
   Copying output for cell sky130_fd_bd_sram__openram_dp_cell_replica from macros/sky130_sram_2kbyte_1rw1r_32x512_8/gds/sky130_sram_2kbyte_1rw1r_32x512_8.gds
   Copying output for cell sky130_sram_2kbyte_1rw1r_32x512_8_replica_column_0 from macros/sky130_sram_2kbyte_1rw1r_32x512_8/gds/sky130_sram_2kbyte_1rw1r_32x512_8.gds
   Copying output for cell sky130_sram_2kbyte_1rw1r_32x512_8_replica_column from macros/sky130_sram_2kbyte_1rw1r_32x512_8/gds/sky130_sram_2kbyte_1rw1r_32x512_8.gds
   Copying output for cell sky130_fd_bd_sram__openram_dp_cell from macros/sky130_sram_2kbyte_1rw1r_32x512_8/gds/sky130_sram_2kbyte_1rw1r_32x512_8.gds
   Copying output for cell sky130_sram_2kbyte_1rw1r_32x512_8_bitcell_array from macros/sky130_sram_2kbyte_1rw1r_32x512_8/gds/sky130_sram_2kbyte_1rw1r_32x512_8.gds
   Copying output for cell sky130_sram_2kbyte_1rw1r_32x512_8_replica_bitcell_array from macros/sky130_sram_2kbyte_1rw1r_32x512_8/gds/sky130_sram_2kbyte_1rw1r_32x512_8.gds
   Copying output for cell sky130_sram_2kbyte_1rw1r_32x512_8_bank from macros/sky130_sram_2kbyte_1rw1r_32x512_8/gds/sky130_sram_2kbyte_1rw1r_32x512_8.gds
   Copying output for cell sky130_sram_2kbyte_1rw1r_32x512_8 from macros/sky130_sram_2kbyte_1rw1r_32x512_8/gds/sky130_sram_2kbyte_1rw1r_32x512_8.gds
   Copying output for cell sky130_fd_sc_hd__mux2_1 from $PDKPATH/libs.ref/sky130_fd_sc_hd/gds/sky130_fd_sc_hd.gds
   Copying output for cell sky130_fd_sc_hd__buf_6 from $PDKPATH/libs.ref/sky130_fd_sc_hd/gds/sky130_fd_sc_hd.gds
   Copying output for cell sky130_fd_sc_hd__mux2_2 from $PDKPATH/libs.ref/sky130_fd_sc_hd/gds/sky130_fd_sc_hd.gds
   Copying output for cell sky130_fd_sc_hd__buf_12 from $PDKPATH/libs.ref/sky130_fd_sc_hd/gds/sky130_fd_sc_hd.gds
   Copying output for cell sky130_fd_sc_hd__o221a_2 from $PDKPATH/libs.ref/sky130_fd_sc_hd/gds/sky130_fd_sc_hd.gds
   Copying output for cell sky130_fd_sc_hd__o21a_2 from $PDKPATH/libs.ref/sky130_fd_sc_hd/gds/sky130_fd_sc_hd.gds
   Copying output for cell sky130_fd_sc_hd__buf_4 from $PDKPATH/libs.ref/sky130_fd_sc_hd/gds/sky130_fd_sc_hd.gds
   Copying output for cell sky130_fd_sc_hd__inv_6 from $PDKPATH/libs.ref/sky130_fd_sc_hd/gds/sky130_fd_sc_hd.gds
   Copying output for cell sky130_fd_sc_hd__clkbuf_8 from $PDKPATH/libs.ref/sky130_fd_sc_hd/gds/sky130_fd_sc_hd.gds
   Copying output for cell sky130_fd_sc_hd__bufinv_16 from $PDKPATH/libs.ref/sky130_fd_sc_hd/gds/sky130_fd_sc_hd.gds
   Copying output for cell sky130_fd_sc_hd__nor2_2 from $PDKPATH/libs.ref/sky130_fd_sc_hd/gds/sky130_fd_sc_hd.gds
   Copying output for cell sky130_fd_sc_hd__o31a_2 from $PDKPATH/libs.ref/sky130_fd_sc_hd/gds/sky130_fd_sc_hd.gds
   Copying output for cell sky130_fd_sc_hd__dfrtp_2 from $PDKPATH/libs.ref/sky130_fd_sc_hd/gds/sky130_fd_sc_hd.gds
   Copying output for cell sky130_fd_sc_hd__a22o_2 from $PDKPATH/libs.ref/sky130_fd_sc_hd/gds/sky130_fd_sc_hd.gds
   Copying output for cell sky130_fd_sc_hd__xnor2_2 from $PDKPATH/libs.ref/sky130_fd_sc_hd/gds/sky130_fd_sc_hd.gds
   Copying output for cell sky130_fd_sc_hd__a21oi_2 from $PDKPATH/libs.ref/sky130_fd_sc_hd/gds/sky130_fd_sc_hd.gds
   Copying output for cell sky130_fd_sc_hd__a211o_2 from $PDKPATH/libs.ref/sky130_fd_sc_hd/gds/sky130_fd_sc_hd.gds
   Copying output for cell sky130_fd_sc_hd__nand2_2 from $PDKPATH/libs.ref/sky130_fd_sc_hd/gds/sky130_fd_sc_hd.gds
   Copying output for cell sky130_fd_sc_hd__o21ai_2 from $PDKPATH/libs.ref/sky130_fd_sc_hd/gds/sky130_fd_sc_hd.gds
   Copying output for cell sky130_fd_sc_hd__inv_2 from $PDKPATH/libs.ref/sky130_fd_sc_hd/gds/sky130_fd_sc_hd.gds
   Copying output for cell sky130_fd_sc_hd__o32a_2 from $PDKPATH/libs.ref/sky130_fd_sc_hd/gds/sky130_fd_sc_hd.gds
   Copying output for cell sky130_fd_sc_hd__a31o_4 from $PDKPATH/libs.ref/sky130_fd_sc_hd/gds/sky130_fd_sc_hd.gds
   Copying output for cell sky130_fd_sc_hd__o21ba_2 from $PDKPATH/libs.ref/sky130_fd_sc_hd/gds/sky130_fd_sc_hd.gds
   Copying output for cell sky130_fd_sc_hd__or4_2 from $PDKPATH/libs.ref/sky130_fd_sc_hd/gds/sky130_fd_sc_hd.gds
   Copying output for cell sky130_fd_sc_hd__or3_2 from $PDKPATH/libs.ref/sky130_fd_sc_hd/gds/sky130_fd_sc_hd.gds
   Copying output for cell sky130_fd_sc_hd__a21oi_4 from $PDKPATH/libs.ref/sky130_fd_sc_hd/gds/sky130_fd_sc_hd.gds
   Copying output for cell sky130_fd_sc_hd__and3_2 from $PDKPATH/libs.ref/sky130_fd_sc_hd/gds/sky130_fd_sc_hd.gds
   Copying output for cell sky130_fd_sc_hd__nor4_2 from $PDKPATH/libs.ref/sky130_fd_sc_hd/gds/sky130_fd_sc_hd.gds
   Copying output for cell sky130_fd_sc_hd__xor2_2 from $PDKPATH/libs.ref/sky130_fd_sc_hd/gds/sky130_fd_sc_hd.gds
   Copying output for cell sky130_fd_sc_hd__o2111a_2 from $PDKPATH/libs.ref/sky130_fd_sc_hd/gds/sky130_fd_sc_hd.gds
   Copying output for cell sky130_fd_sc_hd__a2bb2o_2 from $PDKPATH/libs.ref/sky130_fd_sc_hd/gds/sky130_fd_sc_hd.gds
   Copying output for cell sky130_fd_sc_hd__o211a_4 from $PDKPATH/libs.ref/sky130_fd_sc_hd/gds/sky130_fd_sc_hd.gds
   Copying output for cell sky130_fd_sc_hd__o22ai_4 from $PDKPATH/libs.ref/sky130_fd_sc_hd/gds/sky130_fd_sc_hd.gds
   Copying output for cell sky130_fd_sc_hd__buf_2 from $PDKPATH/libs.ref/sky130_fd_sc_hd/gds/sky130_fd_sc_hd.gds
   Copying output for cell sky130_fd_sc_hd__o21bai_2 from $PDKPATH/libs.ref/sky130_fd_sc_hd/gds/sky130_fd_sc_hd.gds
   Copying output for cell sky130_fd_sc_hd__a22o_4 from $PDKPATH/libs.ref/sky130_fd_sc_hd/gds/sky130_fd_sc_hd.gds
   Copying output for cell sky130_fd_sc_hd__mux4_2 from $PDKPATH/libs.ref/sky130_fd_sc_hd/gds/sky130_fd_sc_hd.gds
   Copying output for cell sky130_fd_sc_hd__a21o_2 from $PDKPATH/libs.ref/sky130_fd_sc_hd/gds/sky130_fd_sc_hd.gds
   Copying output for cell sky130_fd_sc_hd__nor3_2 from $PDKPATH/libs.ref/sky130_fd_sc_hd/gds/sky130_fd_sc_hd.gds
   Copying output for cell sky130_fd_sc_hd__and4b_2 from $PDKPATH/libs.ref/sky130_fd_sc_hd/gds/sky130_fd_sc_hd.gds
   Copying output for cell sky130_fd_sc_hd__and2_2 from $PDKPATH/libs.ref/sky130_fd_sc_hd/gds/sky130_fd_sc_hd.gds
   Copying output for cell sky130_fd_sc_hd__o22a_2 from $PDKPATH/libs.ref/sky130_fd_sc_hd/gds/sky130_fd_sc_hd.gds
   Copying output for cell sky130_fd_sc_hd__nand3_2 from $PDKPATH/libs.ref/sky130_fd_sc_hd/gds/sky130_fd_sc_hd.gds
   Copying output for cell sky130_fd_sc_hd__dlygate4sd3_1 from $PDKPATH/libs.ref/sky130_fd_sc_hd/gds/sky130_fd_sc_hd.gds
   Copying output for cell sky130_fd_sc_hd__a21bo_2 from $PDKPATH/libs.ref/sky130_fd_sc_hd/gds/sky130_fd_sc_hd.gds
   Copying output for cell sky130_fd_sc_hd__nand2b_2 from $PDKPATH/libs.ref/sky130_fd_sc_hd/gds/sky130_fd_sc_hd.gds
   Copying output for cell sky130_fd_sc_hd__a211o_4 from $PDKPATH/libs.ref/sky130_fd_sc_hd/gds/sky130_fd_sc_hd.gds
   Copying output for cell sky130_fd_sc_hd__clkbuf_4 from $PDKPATH/libs.ref/sky130_fd_sc_hd/gds/sky130_fd_sc_hd.gds
   Copying output for cell sky130_fd_sc_hd__o32a_4 from $PDKPATH/libs.ref/sky130_fd_sc_hd/gds/sky130_fd_sc_hd.gds
   Copying output for cell sky130_fd_sc_hd__o41a_2 from $PDKPATH/libs.ref/sky130_fd_sc_hd/gds/sky130_fd_sc_hd.gds
   Copying output for cell sky130_fd_sc_hd__o31a_4 from $PDKPATH/libs.ref/sky130_fd_sc_hd/gds/sky130_fd_sc_hd.gds
   Copying output for cell sky130_fd_sc_hd__a32o_2 from $PDKPATH/libs.ref/sky130_fd_sc_hd/gds/sky130_fd_sc_hd.gds
   Copying output for cell sky130_fd_sc_hd__o211ai_2 from $PDKPATH/libs.ref/sky130_fd_sc_hd/gds/sky130_fd_sc_hd.gds
   Copying output for cell sky130_fd_sc_hd__a31o_2 from $PDKPATH/libs.ref/sky130_fd_sc_hd/gds/sky130_fd_sc_hd.gds
   Copying output for cell sky130_fd_sc_hd__and3b_2 from $PDKPATH/libs.ref/sky130_fd_sc_hd/gds/sky130_fd_sc_hd.gds
   Copying output for cell sky130_fd_sc_hd__or4b_2 from $PDKPATH/libs.ref/sky130_fd_sc_hd/gds/sky130_fd_sc_hd.gds
   Copying output for cell sky130_fd_sc_hd__a2111oi_4 from $PDKPATH/libs.ref/sky130_fd_sc_hd/gds/sky130_fd_sc_hd.gds
   Copying output for cell sky130_fd_sc_hd__a221o_4 from $PDKPATH/libs.ref/sky130_fd_sc_hd/gds/sky130_fd_sc_hd.gds
   Copying output for cell sky130_fd_sc_hd__clkinv_4 from $PDKPATH/libs.ref/sky130_fd_sc_hd/gds/sky130_fd_sc_hd.gds
   Copying output for cell sky130_fd_sc_hd__o21ba_4 from $PDKPATH/libs.ref/sky130_fd_sc_hd/gds/sky130_fd_sc_hd.gds
   Copying output for cell sky130_fd_sc_hd__nor3b_4 from $PDKPATH/libs.ref/sky130_fd_sc_hd/gds/sky130_fd_sc_hd.gds
   Copying output for cell sky130_fd_sc_hd__nand3b_2 from $PDKPATH/libs.ref/sky130_fd_sc_hd/gds/sky130_fd_sc_hd.gds
   Copying output for cell sky130_fd_sc_hd__a2111oi_2 from $PDKPATH/libs.ref/sky130_fd_sc_hd/gds/sky130_fd_sc_hd.gds
   Copying output for cell sky130_fd_sc_hd__buf_8 from $PDKPATH/libs.ref/sky130_fd_sc_hd/gds/sky130_fd_sc_hd.gds
   Copying output for cell sky130_fd_sc_hd__o311a_2 from $PDKPATH/libs.ref/sky130_fd_sc_hd/gds/sky130_fd_sc_hd.gds
   Copying output for cell sky130_fd_sc_hd__o2bb2a_2 from $PDKPATH/libs.ref/sky130_fd_sc_hd/gds/sky130_fd_sc_hd.gds
   Copying output for cell sky130_fd_sc_hd__a2111o_2 from $PDKPATH/libs.ref/sky130_fd_sc_hd/gds/sky130_fd_sc_hd.gds
   Copying output for cell sky130_fd_sc_hd__a211oi_2 from $PDKPATH/libs.ref/sky130_fd_sc_hd/gds/sky130_fd_sc_hd.gds
   Copying output for cell sky130_fd_sc_hd__or2_4 from $PDKPATH/libs.ref/sky130_fd_sc_hd/gds/sky130_fd_sc_hd.gds
   Copying output for cell sky130_fd_sc_hd__and2b_2 from $PDKPATH/libs.ref/sky130_fd_sc_hd/gds/sky130_fd_sc_hd.gds
   Copying output for cell sky130_fd_sc_hd__nand2_4 from $PDKPATH/libs.ref/sky130_fd_sc_hd/gds/sky130_fd_sc_hd.gds
   Copying output for cell sky130_fd_sc_hd__a21boi_4 from $PDKPATH/libs.ref/sky130_fd_sc_hd/gds/sky130_fd_sc_hd.gds
   Copying output for cell sky130_fd_sc_hd__clkbuf_16 from $PDKPATH/libs.ref/sky130_fd_sc_hd/gds/sky130_fd_sc_hd.gds
   Copying output for cell sky130_fd_sc_hd__a21o_4 from $PDKPATH/libs.ref/sky130_fd_sc_hd/gds/sky130_fd_sc_hd.gds
   Copying output for cell sky130_fd_sc_hd__and2_4 from $PDKPATH/libs.ref/sky130_fd_sc_hd/gds/sky130_fd_sc_hd.gds
   Copying output for cell sky130_fd_sc_hd__or3_4 from $PDKPATH/libs.ref/sky130_fd_sc_hd/gds/sky130_fd_sc_hd.gds
   Copying output for cell sky130_fd_sc_hd__nor3_4 from $PDKPATH/libs.ref/sky130_fd_sc_hd/gds/sky130_fd_sc_hd.gds
   Copying output for cell sky130_fd_sc_hd__o211a_2 from $PDKPATH/libs.ref/sky130_fd_sc_hd/gds/sky130_fd_sc_hd.gds
   Copying output for cell sky130_fd_sc_hd__a211oi_4 from $PDKPATH/libs.ref/sky130_fd_sc_hd/gds/sky130_fd_sc_hd.gds
   Copying output for cell sky130_fd_sc_hd__and3_4 from $PDKPATH/libs.ref/sky130_fd_sc_hd/gds/sky130_fd_sc_hd.gds
   Copying output for cell sky130_fd_sc_hd__xnor2_4 from $PDKPATH/libs.ref/sky130_fd_sc_hd/gds/sky130_fd_sc_hd.gds
   Copying output for cell sky130_fd_sc_hd__o211ai_4 from $PDKPATH/libs.ref/sky130_fd_sc_hd/gds/sky130_fd_sc_hd.gds
   Copying output for cell sky130_fd_sc_hd__a21boi_2 from $PDKPATH/libs.ref/sky130_fd_sc_hd/gds/sky130_fd_sc_hd.gds
   Copying output for cell sky130_fd_sc_hd__xor2_4 from $PDKPATH/libs.ref/sky130_fd_sc_hd/gds/sky130_fd_sc_hd.gds
   Copying output for cell sky130_fd_sc_hd__o21a_4 from $PDKPATH/libs.ref/sky130_fd_sc_hd/gds/sky130_fd_sc_hd.gds
   Copying output for cell sky130_fd_sc_hd__nand4_2 from $PDKPATH/libs.ref/sky130_fd_sc_hd/gds/sky130_fd_sc_hd.gds
   Copying output for cell sky130_fd_sc_hd__or4_4 from $PDKPATH/libs.ref/sky130_fd_sc_hd/gds/sky130_fd_sc_hd.gds
   Copying output for cell sky130_fd_sc_hd__o22ai_2 from $PDKPATH/libs.ref/sky130_fd_sc_hd/gds/sky130_fd_sc_hd.gds
   Copying output for cell sky130_fd_sc_hd__o21bai_4 from $PDKPATH/libs.ref/sky130_fd_sc_hd/gds/sky130_fd_sc_hd.gds
   Copying output for cell sky130_fd_sc_hd__nand2_8 from $PDKPATH/libs.ref/sky130_fd_sc_hd/gds/sky130_fd_sc_hd.gds
   Copying output for cell sky130_fd_sc_hd__a21bo_4 from $PDKPATH/libs.ref/sky130_fd_sc_hd/gds/sky130_fd_sc_hd.gds
   Copying output for cell sky130_fd_sc_hd__nand4_4 from $PDKPATH/libs.ref/sky130_fd_sc_hd/gds/sky130_fd_sc_hd.gds
   Copying output for cell sky130_fd_sc_hd__nand3_4 from $PDKPATH/libs.ref/sky130_fd_sc_hd/gds/sky130_fd_sc_hd.gds
   Copying output for cell sky130_fd_sc_hd__or4b_4 from $PDKPATH/libs.ref/sky130_fd_sc_hd/gds/sky130_fd_sc_hd.gds
   Copying output for cell sky130_fd_sc_hd__and4_2 from $PDKPATH/libs.ref/sky130_fd_sc_hd/gds/sky130_fd_sc_hd.gds
   Copying output for cell sky130_fd_sc_hd__nand2b_4 from $PDKPATH/libs.ref/sky130_fd_sc_hd/gds/sky130_fd_sc_hd.gds
   Copying output for cell sky130_fd_sc_hd__o31ai_2 from $PDKPATH/libs.ref/sky130_fd_sc_hd/gds/sky130_fd_sc_hd.gds
   Copying output for cell sky130_fd_sc_hd__o21ai_4 from $PDKPATH/libs.ref/sky130_fd_sc_hd/gds/sky130_fd_sc_hd.gds
   Copying output for cell sky130_fd_sc_hd__a41o_2 from $PDKPATH/libs.ref/sky130_fd_sc_hd/gds/sky130_fd_sc_hd.gds
   Copying output for cell sky130_fd_sc_hd__a31oi_2 from $PDKPATH/libs.ref/sky130_fd_sc_hd/gds/sky130_fd_sc_hd.gds
   Copying output for cell sky130_fd_sc_hd__a32oi_2 from $PDKPATH/libs.ref/sky130_fd_sc_hd/gds/sky130_fd_sc_hd.gds
   Copying output for cell sky130_fd_sc_hd__nor3b_2 from $PDKPATH/libs.ref/sky130_fd_sc_hd/gds/sky130_fd_sc_hd.gds
   Copying output for cell sky130_fd_sc_hd__o32ai_2 from $PDKPATH/libs.ref/sky130_fd_sc_hd/gds/sky130_fd_sc_hd.gds
   Copying output for cell sky130_fd_sc_hd__nor2_4 from $PDKPATH/libs.ref/sky130_fd_sc_hd/gds/sky130_fd_sc_hd.gds
   Copying output for cell sky130_fd_sc_hd__a2bb2oi_2 from $PDKPATH/libs.ref/sky130_fd_sc_hd/gds/sky130_fd_sc_hd.gds
   Copying output for cell sky130_fd_sc_hd__or3b_4 from $PDKPATH/libs.ref/sky130_fd_sc_hd/gds/sky130_fd_sc_hd.gds
   Copying output for cell sky130_fd_sc_hd__o2bb2ai_2 from $PDKPATH/libs.ref/sky130_fd_sc_hd/gds/sky130_fd_sc_hd.gds
   Copying output for cell sky130_fd_sc_hd__a22oi_2 from $PDKPATH/libs.ref/sky130_fd_sc_hd/gds/sky130_fd_sc_hd.gds
   Copying output for cell sky130_fd_sc_hd__a221oi_2 from $PDKPATH/libs.ref/sky130_fd_sc_hd/gds/sky130_fd_sc_hd.gds
   Copying output for cell sky130_fd_sc_hd__nand3b_4 from $PDKPATH/libs.ref/sky130_fd_sc_hd/gds/sky130_fd_sc_hd.gds
   Copying output for cell sky130_fd_sc_hd__o31ai_4 from $PDKPATH/libs.ref/sky130_fd_sc_hd/gds/sky130_fd_sc_hd.gds
   Copying output for cell sky130_fd_sc_hd__inv_4 from $PDKPATH/libs.ref/sky130_fd_sc_hd/gds/sky130_fd_sc_hd.gds
   Copying output for cell sky130_fd_sc_hd__a311oi_4 from $PDKPATH/libs.ref/sky130_fd_sc_hd/gds/sky130_fd_sc_hd.gds
   Copying output for cell sky130_fd_sc_hd__a2bb2o_4 from $PDKPATH/libs.ref/sky130_fd_sc_hd/gds/sky130_fd_sc_hd.gds
   Copying output for cell sky130_fd_sc_hd__a221o_2 from $PDKPATH/libs.ref/sky130_fd_sc_hd/gds/sky130_fd_sc_hd.gds
   Copying output for cell sky130_fd_sc_hd__and2b_4 from $PDKPATH/libs.ref/sky130_fd_sc_hd/gds/sky130_fd_sc_hd.gds
   Copying output for cell sky130_fd_sc_hd__or4bb_4 from $PDKPATH/libs.ref/sky130_fd_sc_hd/gds/sky130_fd_sc_hd.gds
   Copying output for cell sky130_fd_sc_hd__a311o_2 from $PDKPATH/libs.ref/sky130_fd_sc_hd/gds/sky130_fd_sc_hd.gds
   Copying output for cell sky130_fd_sc_hd__or4bb_2 from $PDKPATH/libs.ref/sky130_fd_sc_hd/gds/sky130_fd_sc_hd.gds
   Copying output for cell sky130_fd_sc_hd__mux2_4 from $PDKPATH/libs.ref/sky130_fd_sc_hd/gds/sky130_fd_sc_hd.gds
   Copying output for cell sky130_fd_sc_hd__clkinv_2 from $PDKPATH/libs.ref/sky130_fd_sc_hd/gds/sky130_fd_sc_hd.gds
   Copying output for cell sky130_fd_sc_hd__o22a_4 from $PDKPATH/libs.ref/sky130_fd_sc_hd/gds/sky130_fd_sc_hd.gds
   Copying output for cell sky130_fd_sc_hd__and4bb_2 from $PDKPATH/libs.ref/sky130_fd_sc_hd/gds/sky130_fd_sc_hd.gds
   Copying output for cell sky130_fd_sc_hd__o41a_4 from $PDKPATH/libs.ref/sky130_fd_sc_hd/gds/sky130_fd_sc_hd.gds
   Copying output for cell sky130_fd_sc_hd__a31oi_4 from $PDKPATH/libs.ref/sky130_fd_sc_hd/gds/sky130_fd_sc_hd.gds
   Copying output for cell sky130_fd_sc_hd__o221ai_2 from $PDKPATH/libs.ref/sky130_fd_sc_hd/gds/sky130_fd_sc_hd.gds
   Copying output for cell sky130_fd_sc_hd__o221a_4 from $PDKPATH/libs.ref/sky130_fd_sc_hd/gds/sky130_fd_sc_hd.gds
   Copying output for cell sky130_fd_sc_hd__inv_8 from $PDKPATH/libs.ref/sky130_fd_sc_hd/gds/sky130_fd_sc_hd.gds
   Copying output for cell sky130_fd_sc_hd__a221oi_4 from $PDKPATH/libs.ref/sky130_fd_sc_hd/gds/sky130_fd_sc_hd.gds
   Copying output for cell sky130_fd_sc_hd__nor4b_2 from $PDKPATH/libs.ref/sky130_fd_sc_hd/gds/sky130_fd_sc_hd.gds
   Copying output for cell sky130_fd_sc_hd__a41o_4 from $PDKPATH/libs.ref/sky130_fd_sc_hd/gds/sky130_fd_sc_hd.gds
   Copying output for cell sky130_fd_sc_hd__o311a_4 from $PDKPATH/libs.ref/sky130_fd_sc_hd/gds/sky130_fd_sc_hd.gds
   Copying output for cell sky130_fd_sc_hd__and4_4 from $PDKPATH/libs.ref/sky130_fd_sc_hd/gds/sky130_fd_sc_hd.gds
   Copying output for cell sky130_fd_sc_hd__o221ai_4 from $PDKPATH/libs.ref/sky130_fd_sc_hd/gds/sky130_fd_sc_hd.gds
   Copying output for cell sky130_fd_sc_hd__o2111ai_4 from $PDKPATH/libs.ref/sky130_fd_sc_hd/gds/sky130_fd_sc_hd.gds
   Copying output for cell sky130_fd_sc_hd__dfrtp_4 from $PDKPATH/libs.ref/sky130_fd_sc_hd/gds/sky130_fd_sc_hd.gds
   Copying output for cell sky130_fd_sc_hd__clkinvlp_4 from $PDKPATH/libs.ref/sky130_fd_sc_hd/gds/sky130_fd_sc_hd.gds
   Copying output for cell sky130_fd_sc_hd__mux4_1 from $PDKPATH/libs.ref/sky130_fd_sc_hd/gds/sky130_fd_sc_hd.gds
   Copying output for cell sky130_fd_sc_hd__dfxtp_2 from $PDKPATH/libs.ref/sky130_fd_sc_hd/gds/sky130_fd_sc_hd.gds
   Copying output for cell sky130_fd_sc_hd__dfxtp_4 from $PDKPATH/libs.ref/sky130_fd_sc_hd/gds/sky130_fd_sc_hd.gds
   Copying output for cell sky130_fd_sc_hd__o41ai_2 from $PDKPATH/libs.ref/sky130_fd_sc_hd/gds/sky130_fd_sc_hd.gds
   Copying output for cell sky130_fd_sc_hd__nor4_4 from $PDKPATH/libs.ref/sky130_fd_sc_hd/gds/sky130_fd_sc_hd.gds
   Copying output for cell sky130_fd_sc_hd__and2b_1 from $PDKPATH/libs.ref/sky130_fd_sc_hd/gds/sky130_fd_sc_hd.gds
   Copying output for cell sky130_fd_sc_hd__clkinv_1 from $PDKPATH/libs.ref/sky130_fd_sc_hd/gds/sky130_fd_sc_hd.gds
   Copying output for cell sky130_fd_sc_hd__dfstp_2 from $PDKPATH/libs.ref/sky130_fd_sc_hd/gds/sky130_fd_sc_hd.gds
   Copying output for cell sky130_fd_sc_hd__mux2_8 from $PDKPATH/libs.ref/sky130_fd_sc_hd/gds/sky130_fd_sc_hd.gds
   Copying output for cell sky130_fd_sc_hd__conb_1 from $PDKPATH/libs.ref/sky130_fd_sc_hd/gds/sky130_fd_sc_hd.gds
   Copying output for cell sky130_fd_sc_hd__inv_12 from $PDKPATH/libs.ref/sky130_fd_sc_hd/gds/sky130_fd_sc_hd.gds
   Copying output for cell sky130_fd_sc_hd__nor4b_4 from $PDKPATH/libs.ref/sky130_fd_sc_hd/gds/sky130_fd_sc_hd.gds
   Copying output for cell sky130_fd_sc_hd__and4bb_4 from $PDKPATH/libs.ref/sky130_fd_sc_hd/gds/sky130_fd_sc_hd.gds
   Copying output for cell sky130_fd_sc_hd__a311oi_2 from $PDKPATH/libs.ref/sky130_fd_sc_hd/gds/sky130_fd_sc_hd.gds
   Copying output for cell sky130_fd_sc_hd__clkdlybuf4s25_1 from $PDKPATH/libs.ref/sky130_fd_sc_hd/gds/sky130_fd_sc_hd.gds
   Copying output for cell sky130_fd_sc_hd__o311ai_2 from $PDKPATH/libs.ref/sky130_fd_sc_hd/gds/sky130_fd_sc_hd.gds
   Copying output for cell sky130_fd_sc_hd__clkinv_8 from $PDKPATH/libs.ref/sky130_fd_sc_hd/gds/sky130_fd_sc_hd.gds
   Copying output for cell sky130_fd_sc_hd__nand3_1 from $PDKPATH/libs.ref/sky130_fd_sc_hd/gds/sky130_fd_sc_hd.gds
   Copying output for cell sky130_fd_sc_hd__o2bb2a_4 from $PDKPATH/libs.ref/sky130_fd_sc_hd/gds/sky130_fd_sc_hd.gds
   Copying output for cell sky130_fd_sc_hd__o32ai_4 from $PDKPATH/libs.ref/sky130_fd_sc_hd/gds/sky130_fd_sc_hd.gds
   Copying output for cell sky130_fd_sc_hd__dfstp_4 from $PDKPATH/libs.ref/sky130_fd_sc_hd/gds/sky130_fd_sc_hd.gds
   Copying output for cell sky130_fd_sc_hd__o311ai_4 from $PDKPATH/libs.ref/sky130_fd_sc_hd/gds/sky130_fd_sc_hd.gds
   Copying output for cell sky130_fd_sc_hd__and4b_4 from $PDKPATH/libs.ref/sky130_fd_sc_hd/gds/sky130_fd_sc_hd.gds
   Copying output for cell sky130_fd_sc_hd__o2111ai_2 from $PDKPATH/libs.ref/sky130_fd_sc_hd/gds/sky130_fd_sc_hd.gds
   Copying output for cell sky130_fd_sc_hd__nand4b_4 from $PDKPATH/libs.ref/sky130_fd_sc_hd/gds/sky130_fd_sc_hd.gds
   Generating output for cell soc_top
[INFO] GDS Write Complete
