Reading timing models for corner nom_tt_025C_1v80…
Reading timing library for the 'nom_tt_025C_1v80' corner at '/home/tatua7806/.ciel/ciel/sky130/versions/8afc8346a57fe1ab7934ba5a6056ea8b43078e71/sky130A/libs.ref/sky130_fd_sc_hd/lib/sky130_fd_sc_hd__tt_025C_1v80.lib'…
Reading timing library for the 'nom_tt_025C_1v80' corner at 'macros/sky130_sram_2kbyte_1rw1r_32x512_8/lib/sky130_sram_2kbyte_1rw1r_32x512_8_TT_1p8V_25C.lib'…
Reading OpenROAD database at '/home/tatua7806/arkhe/asic/run/arkhe/71-openroad-globalrouting/soc_top.odb'…
Reading design constraints file at 'constraints/design.sdc'…
[INFO] No information on clock propagation in input SDC file-- propagating all clocks.
+ repair_antennas sky130_fd_sc_hd__diode_2 -iterations 3 -ratio_margin 10 -jumper_only
[INFO GRT-0012] Found 2562 antenna violations.
[INFO GRT-0302] Inserted 3055 jumpers for 2214 nets.
[INFO GRT-0012] Found 578 antenna violations.
[INFO GRT-0012] Found 578 antenna violations.
[INFO GRT-0302] Inserted 67 jumpers for 50 nets.
[INFO GRT-0012] Found 538 antenna violations.
[INFO GRT-0012] Found 538 antenna violations.
[INFO GRT-0302] Inserted 3 jumpers for 2 nets.
[INFO GRT-0012] Found 536 antenna violations.
Setting global connections for newly added cells…
[INFO] Setting global connections...
.*u_macro matched with u_data_ram.g_sram\[0\].u_macro
.*u_macro matched with u_data_ram.g_sram\[1\].u_macro
.*u_macro matched with u_data_ram.g_sram\[2\].u_macro
.*u_macro matched with u_data_ram.g_sram\[3\].u_macro
.*u_macro matched with u_instruction_ram.g_sram\[0\].u_macro
.*u_macro matched with u_instruction_ram.g_sram\[1\].u_macro
.*u_macro matched with u_instruction_ram.g_sram\[2\].u_macro
.*u_macro matched with u_instruction_ram.g_sram\[3\].u_macro
.*u_macro matched with u_npu.u_npu_sram.g_sram\[0\].u_macro
.*u_macro matched with u_npu.u_npu_sram.g_sram\[10\].u_macro
.*u_macro matched with u_npu.u_npu_sram.g_sram\[11\].u_macro
.*u_macro matched with u_npu.u_npu_sram.g_sram\[12\].u_macro
.*u_macro matched with u_npu.u_npu_sram.g_sram\[13\].u_macro
.*u_macro matched with u_npu.u_npu_sram.g_sram\[14\].u_macro
.*u_macro matched with u_npu.u_npu_sram.g_sram\[1\].u_macro
.*u_macro matched with u_npu.u_npu_sram.g_sram\[2\].u_macro
.*u_macro matched with u_npu.u_npu_sram.g_sram\[3\].u_macro
.*u_macro matched with u_npu.u_npu_sram.g_sram\[4\].u_macro
.*u_macro matched with u_npu.u_npu_sram.g_sram\[5\].u_macro
.*u_macro matched with u_npu.u_npu_sram.g_sram\[6\].u_macro
.*u_macro matched with u_npu.u_npu_sram.g_sram\[7\].u_macro
.*u_macro matched with u_npu.u_npu_sram.g_sram\[8\].u_macro
.*u_macro matched with u_npu.u_npu_sram.g_sram\[9\].u_macro
[INFO ODB-0403] 0 connections made, 0 conflicts skipped.
Updating metrics…
Cell type report:                       Count       Area
  Macro                                    23 6544384.90
  Fill cell                             11220   42115.39
  Tap cell                             113470  141973.66
  Buffer                                    2      10.01
  Clock buffer                           2146   28773.85
  Timing Repair Buffer                  16041  165827.79
  Inverter                               1200    4645.71
  Clock inverter                          381    4668.23
  Sequential cell                       12209  289536.44
  Multi-Input combinational cell        56184  573879.15
  Total                                212876 7795815.12
Writing OpenROAD database to '/home/tatua7806/arkhe/asic/run/arkhe/74-openroad-repairantennas/1-openroad-diodeinsertion/soc_top.odb'…
Writing layout to '/home/tatua7806/arkhe/asic/run/arkhe/74-openroad-repairantennas/1-openroad-diodeinsertion/soc_top.def'…
