200. Printing statistics.

=== soc_top ===

        +----------Local Count, excluding submodules.
        |        +-Local Area, excluding submodules.
        |        | 
    85424        - wires
   103070        - wire bits
     1000        - public wires
    18102        - public wire bits
       25        - ports
       79        - port bits
    98135 2.89E+05 cells
    21379        -   $_ANDNOT_
     3172        -   $_AND_
    27797        -   $_MUX_
     2095        -   $_NAND_
     4053        -   $_NOR_
     2431        -   $_NOT_
     2588        -   $_ORNOT_
    10931        -   $_OR_
     3565        -   $_XNOR_
     7892        -   $_XOR_
     5810 1.53E+05   sky130_fd_sc_hd__dfrtp_2
      101 2.65E+03   sky130_fd_sc_hd__dfstp_2
     6298 1.34E+05   sky130_fd_sc_hd__dfxtp_2
       23        -   sky130_sram_2kbyte_1rw1r_32x512_8

   Area for cell type $_ANDNOT_ is unknown!
   Area for cell type $_AND_ is unknown!
   Area for cell type $_MUX_ is unknown!
   Area for cell type $_NAND_ is unknown!
   Area for cell type $_NOR_ is unknown!
   Area for cell type $_NOT_ is unknown!
   Area for cell type $_ORNOT_ is unknown!
   Area for cell type $_OR_ is unknown!
   Area for cell type $_XNOR_ is unknown!
   Area for cell type $_XOR_ is unknown!
   Area for cell type \sky130_sram_2kbyte_1rw1r_32x512_8 is unknown!

   Chip area for module '\soc_top': 289273.686400
     of which used for sequential elements: 289273.686400 (100.00%)

