┏━━━━━━━━━━━━━━━━━━━━━━┳━━━━━━━━━━┳━━━━━━━━━━┳━━━━━━━━━━┳━━━━━━━━━━┳━━━━━━━━━━┳━━━━━━━━━━━┳━━━━━━━━━━┳━━━━━━━━━━━┳━━━━━━━━━━┳━━━━━━━━━━━┳━━━━━━━━━━┳━━━━━━━━━━━┓
┃                      ┃ Hold     ┃ Reg to   ┃          ┃          ┃ of which ┃ Setup     ┃ Reg to   ┃           ┃ Setup    ┃ of which  ┃          ┃           ┃
┃                      ┃ Worst    ┃ Reg      ┃          ┃ Hold Vio ┃ reg to   ┃ Worst     ┃ Reg      ┃           ┃ Vio      ┃ reg to    ┃ Max Cap  ┃ Max Slew  ┃
┃ Corner/Group         ┃ Slack    ┃ Paths    ┃ Hold TNS ┃ Count    ┃ reg      ┃ Slack     ┃ Paths    ┃ Setup TNS ┃ Count    ┃ reg       ┃ Violati… ┃ Violatio… ┃
┡━━━━━━━━━━━━━━━━━━━━━━╇━━━━━━━━━━╇━━━━━━━━━━╇━━━━━━━━━━╇━━━━━━━━━━╇━━━━━━━━━━╇━━━━━━━━━━━╇━━━━━━━━━━╇━━━━━━━━━━━╇━━━━━━━━━━╇━━━━━━━━━━━╇━━━━━━━━━━╇━━━━━━━━━━━┩
│ Overall              │ -2.1810  │ -0.0622  │ -9.8282  │ 36       │ 12       │ -6.3141   │ -6.3141  │ -3301.78… │ 5223     │ 5223      │ 1305     │ 12364     │
│ nom_tt_025C_1v80     │ 0.0886   │ 0.0886   │ 0.0000   │ 0        │ 0        │ 0.9471    │ 0.9471   │ 0.0000    │ 0        │ 0         │ 438      │ 1842      │
│ nom_ss_100C_1v60     │ -1.6714  │ 0.5008   │ -5.9381  │ 8        │ 0        │ -5.4541   │ -5.4541  │ -2446.67… │ 1821     │ 1821      │ 1152     │ 9183      │
│ nom_ff_n40C_1v95     │ -0.0464  │ -0.0464  │ -0.0896  │ 2        │ 2        │ 3.8109    │ 3.8109   │ 0.0000    │ 0        │ 0         │ 286      │ 852       │
│ min_tt_025C_1v80     │ 0.1086   │ 0.1086   │ 0.0000   │ 0        │ 0        │ 1.8869    │ 1.8869   │ 0.0000    │ 0        │ 0         │ 307      │ 1205      │
│ min_ss_100C_1v60     │ -1.1929  │ 0.5292   │ -3.9121  │ 4        │ 0        │ -4.4595   │ -4.4595  │ -1567.79… │ 1478     │ 1478      │ 937      │ 6978      │
│ min_ff_n40C_1v95     │ -0.0325  │ -0.0325  │ -0.0613  │ 2        │ 2        │ 4.5137    │ 4.5137   │ 0.0000    │ 0        │ 0         │ 215      │ 579       │
│ max_tt_025C_1v80     │ -0.0159  │ 0.0428   │ -0.0310  │ 2        │ 0        │ 0.3620    │ 0.3620   │ 0.0000    │ 0        │ 0         │ 507      │ 3067      │
│ max_ss_100C_1v60     │ -2.1810  │ 0.4842   │ -9.8282  │ 10       │ 0        │ -6.3141   │ -6.3141  │ -3301.78… │ 1924     │ 1924      │ 1305     │ 12364     │
│ max_ff_n40C_1v95     │ -0.0622  │ -0.0622  │ -0.2359  │ 8        │ 8        │ 3.2974    │ 3.2974   │ 0.0000    │ 0        │ 0         │ 328      │ 1407      │
└──────────────────────┴──────────┴──────────┴──────────┴──────────┴──────────┴───────────┴──────────┴───────────┴──────────┴───────────┴──────────┴───────────┘
