813 Lint warnings found.
Cell 'sky130_sram_2kbyte_1rw1r_32x512_8' has (59) input pin(s) without antenna gate information. They might not be connected to a gate.
Cell 'sky130_sram_2kbyte_1rw1r_32x512_8' has (64) output pin(s) without antenna diffusion information. They might not be driven.
[GRT-0281] Net clk_i has a large fanout of 12321 terminals.
[GRT-0281] Net rst_ni has a large fanout of 5960 terminals.
[GRT-0281] Net u_qspi.rx_rd_ptr\[0\] has a large fanout of 1027 terminals.
[GRT-0281] Net u_qspi.tx_rd_ptr\[0\] has a large fanout of 1027 terminals.
[STA-1140] macros/sky130_sram_2kbyte_1rw1r_32x512_8/lib/sky130_sram_2kbyte_1rw1r_32x512_8_TT_1p8V_25C.lib line 1, library sky130_sram_2kbyte_1rw1r_32x512_8_TT_1p8V_25C_lib already exists.
[STA-1140] macros/sky130_sram_2kbyte_1rw1r_32x512_8/lib/sky130_sram_2kbyte_1rw1r_32x512_8_TT_1p8V_25C.lib line 1, library sky130_sram_2kbyte_1rw1r_32x512_8_TT_1p8V_25C_lib already exists.
[RSZ-0020] found 2 floating nets.
[STA-1140] macros/sky130_sram_2kbyte_1rw1r_32x512_8/lib/sky130_sram_2kbyte_1rw1r_32x512_8_TT_1p8V_25C.lib line 1, library sky130_sram_2kbyte_1rw1r_32x512_8_TT_1p8V_25C_lib already exists.
[STA-1140] /home/tatua7806/.ciel/ciel/sky130/versions/8afc8346a57fe1ab7934ba5a6056ea8b43078e71/sky130A/libs.ref/sky130_fd_sc_hd/lib/sky130_fd_sc_hd__tt_025C_1v80.lib line 1, library sky130_fd_sc_hd__tt_025C_1v80 already exists.
[STA-1140] macros/sky130_sram_2kbyte_1rw1r_32x512_8/lib/sky130_sram_2kbyte_1rw1r_32x512_8_TT_1p8V_25C.lib line 1, library sky130_sram_2kbyte_1rw1r_32x512_8_TT_1p8V_25C_lib already exists.
[STA-1140] macros/sky130_sram_2kbyte_1rw1r_32x512_8/lib/sky130_sram_2kbyte_1rw1r_32x512_8_TT_1p8V_25C.lib line 1, library sky130_sram_2kbyte_1rw1r_32x512_8_TT_1p8V_25C_lib already exists.
[STA-1140] /home/tatua7806/.ciel/ciel/sky130/versions/8afc8346a57fe1ab7934ba5a6056ea8b43078e71/sky130A/libs.ref/sky130_fd_sc_hd/lib/sky130_fd_sc_hd__ff_n40C_1v95.lib line 1, library sky130_fd_sc_hd__ff_n40C_1v95 already exists.
[STA-1140] macros/sky130_sram_2kbyte_1rw1r_32x512_8/lib/sky130_sram_2kbyte_1rw1r_32x512_8_TT_1p8V_25C.lib line 1, library sky130_sram_2kbyte_1rw1r_32x512_8_TT_1p8V_25C_lib already exists.
[STA-1140] /home/tatua7806/.ciel/ciel/sky130/versions/8afc8346a57fe1ab7934ba5a6056ea8b43078e71/sky130A/libs.ref/sky130_fd_sc_hd/lib/sky130_fd_sc_hd__ss_100C_1v60.lib line 1, library sky130_fd_sc_hd__ss_100C_1v60 already exists.
[STA-1140] macros/sky130_sram_2kbyte_1rw1r_32x512_8/lib/sky130_sram_2kbyte_1rw1r_32x512_8_TT_1p8V_25C.lib line 1, library sky130_sram_2kbyte_1rw1r_32x512_8_TT_1p8V_25C_lib already exists.
[STA-1140] /home/tatua7806/.ciel/ciel/sky130/versions/8afc8346a57fe1ab7934ba5a6056ea8b43078e71/sky130A/libs.ref/sky130_fd_sc_hd/lib/sky130_fd_sc_hd__tt_025C_1v80.lib line 1, library sky130_fd_sc_hd__tt_025C_1v80 already exists.
[STA-1140] macros/sky130_sram_2kbyte_1rw1r_32x512_8/lib/sky130_sram_2kbyte_1rw1r_32x512_8_TT_1p8V_25C.lib line 1, library sky130_sram_2kbyte_1rw1r_32x512_8_TT_1p8V_25C_lib already exists.
[STA-1140] /home/tatua7806/.ciel/ciel/sky130/versions/8afc8346a57fe1ab7934ba5a6056ea8b43078e71/sky130A/libs.ref/sky130_fd_sc_hd/lib/sky130_fd_sc_hd__ss_100C_1v60.lib line 1, library sky130_fd_sc_hd__ss_100C_1v60 already exists.
[STA-1140] macros/sky130_sram_2kbyte_1rw1r_32x512_8/lib/sky130_sram_2kbyte_1rw1r_32x512_8_TT_1p8V_25C.lib line 1, library sky130_sram_2kbyte_1rw1r_32x512_8_TT_1p8V_25C_lib already exists.
[STA-1140] /home/tatua7806/.ciel/ciel/sky130/versions/8afc8346a57fe1ab7934ba5a6056ea8b43078e71/sky130A/libs.ref/sky130_fd_sc_hd/lib/sky130_fd_sc_hd__ff_n40C_1v95.lib line 1, library sky130_fd_sc_hd__ff_n40C_1v95 already exists.
[STA-1140] macros/sky130_sram_2kbyte_1rw1r_32x512_8/lib/sky130_sram_2kbyte_1rw1r_32x512_8_TT_1p8V_25C.lib line 1, library sky130_sram_2kbyte_1rw1r_32x512_8_TT_1p8V_25C_lib already exists.
[CTS-0132] -balance_levels is obsolete.
[CTS-0128] -obstruction_aware is obsolete.
[STA-1140] macros/sky130_sram_2kbyte_1rw1r_32x512_8/lib/sky130_sram_2kbyte_1rw1r_32x512_8_TT_1p8V_25C.lib line 1, library sky130_sram_2kbyte_1rw1r_32x512_8_TT_1p8V_25C_lib already exists.
[STA-1140] macros/sky130_sram_2kbyte_1rw1r_32x512_8/lib/sky130_sram_2kbyte_1rw1r_32x512_8_TT_1p8V_25C.lib line 1, library sky130_sram_2kbyte_1rw1r_32x512_8_TT_1p8V_25C_lib already exists.
[RSZ-0062] Unable to repair all setup violations.
[GRT-0243] Unable to repair antennas on net with diodes.
[GRT-0243] Unable to repair antennas on net with diodes.
[STA-1140] macros/sky130_sram_2kbyte_1rw1r_32x512_8/lib/sky130_sram_2kbyte_1rw1r_32x512_8_TT_1p8V_25C.lib line 1, library sky130_sram_2kbyte_1rw1r_32x512_8_TT_1p8V_25C_lib already exists.
[STA-1140] macros/sky130_sram_2kbyte_1rw1r_32x512_8/lib/sky130_sram_2kbyte_1rw1r_32x512_8_TT_1p8V_25C.lib line 1, library sky130_sram_2kbyte_1rw1r_32x512_8_TT_1p8V_25C_lib already exists.
[RSZ-0064] Unable to repair all hold checks within margin.
[RSZ-0062] Unable to repair all setup violations.
[EST-0026] Missing route to pin _191996_/D in net _000000_.
[EST-0026] Missing route to pin _092492_/X in net _000000_.
[EST-0026] Missing route to pin _191996_/D in net _000000_.
[EST-0026] Missing route to pin _092492_/X in net _000000_.
[EST-0026] Missing route to pin _191996_/D in net _000000_.
[EST-0026] Missing route to pin _092492_/X in net _000000_.
[EST-0026] Missing route to pin _191998_/D in net _000001_.
[EST-0026] Missing route to pin _095058_/Y in net _000001_.
[EST-0026] Missing route to pin _191998_/D in net _000001_.
[EST-0026] Missing route to pin _095058_/Y in net _000001_.
[EST-0026] Missing route to pin _191998_/D in net _000001_.
[EST-0026] Missing route to pin _095058_/Y in net _000001_.
[EST-0026] Missing route to pin ANTENNA_1/DIODE in net _000002_.
[EST-0026] Missing route to pin _191999_/D in net _000002_.
[EST-0026] Missing route to pin _095060_/Y in net _000002_.
[EST-0026] Missing route to pin ANTENNA_1/DIODE in net _000002_.
[EST-0026] Missing route to pin _191999_/D in net _000002_.
[EST-0026] Missing route to pin _095060_/Y in net _000002_.
[EST-0026] Missing route to pin ANTENNA_1/DIODE in net _000002_.
[EST-0026] Missing route to pin _191999_/D in net _000002_.
[EST-0026] Missing route to pin _095060_/Y in net _000002_.
[EST-0026] Missing route to pin _192000_/D in net _000003_.
[EST-0026] Missing route to pin _095062_/X in net _000003_.
[EST-0026] Missing route to pin _192000_/D in net _000003_.
[EST-0026] Missing route to pin _095062_/X in net _000003_.
[EST-0026] Missing route to pin _192000_/D in net _000003_.
[EST-0026] Missing route to pin _095062_/X in net _000003_.
[EST-0026] Missing route to pin _192001_/D in net _000004_.
[EST-0026] Missing route to pin _095064_/Y in net _000004_.
[EST-0026] Missing route to pin _192001_/D in net _000004_.
[EST-0026] Missing route to pin _095064_/Y in net _000004_.
[EST-0026] Missing route to pin _192001_/D in net _000004_.
[EST-0026] Missing route to pin _095064_/Y in net _000004_.
[EST-0026] Missing route to pin hold27816/A in net _000005_.
[EST-0026] Missing route to pin _095066_/Y in net _000005_.
[EST-0026] Missing route to pin hold27816/A in net _000005_.
[EST-0026] Missing route to pin _095066_/Y in net _000005_.
[EST-0026] Missing route to pin hold27816/A in net _000005_.
[EST-0026] Missing route to pin _095066_/Y in net _000005_.
[EST-0026] Missing route to pin hold22284/A in net _000007_.
[EST-0026] Missing route to pin ANTENNA_2/DIODE in net _000007_.
[EST-0026] Missing route to pin _095070_/Y in net _000007_.
[EST-0026] Missing route to pin hold22284/A in net _000007_.
[EST-0026] Missing route to pin ANTENNA_2/DIODE in net _000007_.
[EST-0026] Missing route to pin _095070_/Y in net _000007_.
[EST-0026] Missing route to pin hold22284/A in net _000007_.
[EST-0026] Missing route to pin ANTENNA_2/DIODE in net _000007_.
[EST-0026] Missing route to pin _095070_/Y in net _000007_.
[EST-0026] Missing route to pin ANTENNA_9045/DIODE in net _000008_.
[EST-0026] Missing route to pin _192006_/D in net _000008_.
[EST-0026] Missing route to pin _095071_/Y in net _000008_.
[EST-0026] Missing route to pin ANTENNA_9045/DIODE in net _000008_.
[EST-0026] Missing route to pin _192006_/D in net _000008_.
[EST-0026] Missing route to pin _095071_/Y in net _000008_.
[EST-0026] Missing route to pin ANTENNA_9045/DIODE in net _000008_.
[EST-0026] Missing route to pin _192006_/D in net _000008_.
[EST-0026] Missing route to pin _095071_/Y in net _000008_.
[EST-0026] Missing route to pin _192106_/D in net _000009_.
[EST-0026] Missing route to pin _095075_/X in net _000009_.
[EST-0026] Missing route to pin _192106_/D in net _000009_.
[EST-0026] Missing route to pin _095075_/X in net _000009_.
[EST-0026] Missing route to pin _192106_/D in net _000009_.
[EST-0026] Missing route to pin _095075_/X in net _000009_.
[EST-0026] Missing route to pin _192107_/D in net _000010_.
[EST-0026] Missing route to pin _095078_/X in net _000010_.
[EST-0026] Missing route to pin _192107_/D in net _000010_.
[EST-0026] Missing route to pin _095078_/X in net _000010_.
[EST-0026] Missing route to pin _192107_/D in net _000010_.
[EST-0026] Missing route to pin _095078_/X in net _000010_.
[EST-0026] Missing route to pin u_instruction_ram.g_sram\[0\].u_macro/csb0 in net _000011_.
[EST-0026] Missing route to pin _098370_/X in net _000011_.
[EST-0026] Missing route to pin u_instruction_ram.g_sram\[0\].u_macro/csb0 in net _000011_.
[EST-0026] Missing route to pin _098370_/X in net _000011_.
[EST-0026] Missing route to pin u_instruction_ram.g_sram\[0\].u_macro/csb0 in net _000011_.
[EST-0026] Missing route to pin _098370_/X in net _000011_.
[EST-0026] Missing route to pin wire1817/A in net _000012_.
[EST-0026] Missing route to pin _098372_/Y in net _000012_.
[EST-0026] Missing route to pin wire1817/A in net _000012_.
[EST-0026] Missing route to pin _098372_/Y in net _000012_.
[EST-0026] Missing route to pin wire1817/A in net _000012_.
[EST-0026] Missing route to pin _098372_/Y in net _000012_.
[EST-0026] Missing route to pin u_instruction_ram.g_sram\[1\].u_macro/csb0 in net _000013_.
[EST-0026] Missing route to pin _098375_/X in net _000013_.
[EST-0026] Missing route to pin u_instruction_ram.g_sram\[1\].u_macro/csb0 in net _000013_.
[EST-0026] Missing route to pin _098375_/X in net _000013_.
[EST-0026] Missing route to pin u_instruction_ram.g_sram\[1\].u_macro/csb0 in net _000013_.
[EST-0026] Missing route to pin _098375_/X in net _000013_.
[EST-0026] Missing route to pin _098376_/Y in net _000014_.
[EST-0026] Missing route to pin _098376_/Y in net _000014_.
[EST-0026] Missing route to pin _098376_/Y in net _000014_.
[EST-0026] Missing route to pin _098379_/X in net _000015_.
[EST-0026] Missing route to pin _098379_/X in net _000015_.
[EST-0026] Missing route to pin _098379_/X in net _000015_.
[EST-0026] Missing route to pin u_instruction_ram.g_sram\[2\].u_macro/csb1 in net _000016_.
[EST-0026] Missing route to pin _098381_/X in net _000016_.
[EST-0026] Missing route to pin u_instruction_ram.g_sram\[2\].u_macro/csb1 in net _000016_.
[EST-0026] Missing route to pin _098381_/X in net _000016_.
[EST-0026] Missing route to pin u_instruction_ram.g_sram\[2\].u_macro/csb1 in net _000016_.
[EST-0026] Missing route to pin _098381_/X in net _000016_.
[EST-0026] Missing route to pin _098383_/X in net _000017_.
[EST-0026] Missing route to pin _098383_/X in net _000017_.
[EST-0026] Missing route to pin _098383_/X in net _000017_.
[EST-0026] Missing route to pin wire1611/A in net _000018_.
[EST-0026] Missing route to pin _098385_/X in net _000018_.
[EST-0026] Missing route to pin wire1611/A in net _000018_.
[EST-0026] Missing route to pin _098385_/X in net _000018_.
[EST-0026] Missing route to pin wire1611/A in net _000018_.
[EST-0026] Missing route to pin _098385_/X in net _000018_.
[EST-0026] Missing route to pin u_data_ram.g_sram\[0\].u_macro/web0 in net _000019_.
[EST-0026] Missing route to pin u_data_ram.g_sram\[0\].u_macro/csb0 in net _000019_.
[EST-0026] Missing route to pin _098389_/X in net _000019_.
[EST-0026] Missing route to pin u_data_ram.g_sram\[0\].u_macro/web0 in net _000019_.
[EST-0026] Missing route to pin u_data_ram.g_sram\[0\].u_macro/csb0 in net _000019_.
[EST-0026] Missing route to pin _098389_/X in net _000019_.
[EST-0026] Missing route to pin u_data_ram.g_sram\[0\].u_macro/web0 in net _000019_.
[EST-0026] Missing route to pin u_data_ram.g_sram\[0\].u_macro/csb0 in net _000019_.
[EST-0026] Missing route to pin _098389_/X in net _000019_.
[EST-0026] Missing route to pin _098392_/X in net _000020_.
[EST-0026] Missing route to pin _098392_/X in net _000020_.
[EST-0026] Missing route to pin _098392_/X in net _000020_.
[EST-0026] Missing route to pin u_data_ram.g_sram\[1\].u_macro/csb0 in net _000021_.
[EST-0026] Missing route to pin _098395_/X in net _000021_.
[EST-0026] Missing route to pin u_data_ram.g_sram\[1\].u_macro/csb0 in net _000021_.
[EST-0026] Missing route to pin _098395_/X in net _000021_.
[EST-0026] Missing route to pin u_data_ram.g_sram\[1\].u_macro/csb0 in net _000021_.
[EST-0026] Missing route to pin _098395_/X in net _000021_.
[EST-0026] Missing route to pin _098397_/X in net _000022_.
[EST-0026] Missing route to pin _098397_/X in net _000022_.
[EST-0026] Missing route to pin _098397_/X in net _000022_.
[EST-0026] Missing route to pin _098400_/X in net _000023_.
[EST-0026] Missing route to pin _098400_/X in net _000023_.
[EST-0026] Missing route to pin _098400_/X in net _000023_.
[EST-0026] Missing route to pin u_data_ram.g_sram\[2\].u_macro/csb1 in net _000024_.
[EST-0026] Missing route to pin _098402_/X in net _000024_.
[EST-0026] Missing route to pin u_data_ram.g_sram\[2\].u_macro/csb1 in net _000024_.
[EST-0026] Missing route to pin _098402_/X in net _000024_.
[EST-0026] Missing route to pin u_data_ram.g_sram\[2\].u_macro/csb1 in net _000024_.
[EST-0026] Missing route to pin _098402_/X in net _000024_.
[EST-0026] Missing route to pin _098404_/X in net _000025_.
[EST-0026] Missing route to pin _098404_/X in net _000025_.
[EST-0026] Missing route to pin _098404_/X in net _000025_.
[EST-0026] Missing route to pin u_data_ram.g_sram\[3\].u_macro/csb1 in net _000026_.
[EST-0026] Missing route to pin _098406_/X in net _000026_.
[EST-0026] Missing route to pin u_data_ram.g_sram\[3\].u_macro/csb1 in net _000026_.
[EST-0026] Missing route to pin _098406_/X in net _000026_.
[EST-0026] Missing route to pin u_data_ram.g_sram\[3\].u_macro/csb1 in net _000026_.
[EST-0026] Missing route to pin _098406_/X in net _000026_.
[EST-0026] Missing route to pin max_cap2625/A in net _000027_.
[EST-0026] Missing route to pin _144866_/C in net _000027_.
[EST-0026] Missing route to pin _144860_/C in net _000027_.
[EST-0026] Missing route to pin _144856_/C in net _000027_.
[EST-0026] Missing route to pin _144854_/C in net _000027_.
[EST-0026] Missing route to pin _092527_/X in net _000027_.
[EST-0026] Missing route to pin max_cap2625/A in net _000027_.
[EST-0026] Missing route to pin _144866_/C in net _000027_.
[EST-0026] Missing route to pin _144860_/C in net _000027_.
[EST-0026] Missing route to pin _144856_/C in net _000027_.
[EST-0026] Missing route to pin _144854_/C in net _000027_.
[EST-0026] Missing route to pin _092527_/X in net _000027_.
[EST-0026] Missing route to pin max_cap2625/A in net _000027_.
[EST-0026] Missing route to pin _144866_/C in net _000027_.
[EST-0026] Missing route to pin _144860_/C in net _000027_.
[EST-0026] Missing route to pin _144856_/C in net _000027_.
[EST-0026] Missing route to pin _144854_/C in net _000027_.
[EST-0026] Missing route to pin _092527_/X in net _000027_.
[EST-0026] Missing route to pin _192261_/D in net _000028_.
[EST-0026] Missing route to pin _178638_/B1 in net _000028_.
[EST-0026] Missing route to pin _105400_/A2 in net _000028_.
[EST-0026] Missing route to pin _105394_/B in net _000028_.
[EST-0026] Missing route to pin _092569_/Y in net _000028_.
[EST-0026] Missing route to pin _192261_/D in net _000028_.
[EST-0026] Missing route to pin _178638_/B1 in net _000028_.
[EST-0026] Missing route to pin _105400_/A2 in net _000028_.
[EST-0026] Missing route to pin _105394_/B in net _000028_.
[EST-0026] Missing route to pin _092569_/Y in net _000028_.
[EST-0026] Missing route to pin _192261_/D in net _000028_.
[EST-0026] Missing route to pin _178638_/B1 in net _000028_.
[EST-0026] Missing route to pin _105400_/A2 in net _000028_.
[EST-0026] Missing route to pin _105394_/B in net _000028_.
[EST-0026] Missing route to pin _092569_/Y in net _000028_.
[EST-0026] Missing route to pin hold11760/A in net _000029_.
[EST-0026] Missing route to pin _095085_/Y in net _000029_.
[EST-0026] Missing route to pin hold11760/A in net _000029_.
[EST-0026] Missing route to pin _095085_/Y in net _000029_.
[EST-0026] Missing route to pin hold11760/A in net _000029_.
[EST-0026] Missing route to pin _095085_/Y in net _000029_.
[EST-0026] Missing route to pin _192302_/D in net _000030_.
[EST-0026] Missing route to pin _178804_/B1 in net _000030_.
[EST-0026] Missing route to pin _178709_/A2 in net _000030_.
[EST-0026] Missing route to pin _178705_/B in net _000030_.
[EST-0026] Missing route to pin _178703_/B2 in net _000030_.
[EST-0026] Missing route to pin _178700_/B1 in net _000030_.
[EST-0026] Missing route to pin _178699_/B2 in net _000030_.
[EST-0026] Missing route to pin _105405_/C in net _000030_.
[EST-0026] Missing route to pin _092572_/Y in net _000030_.
[EST-0026] Missing route to pin _192302_/D in net _000030_.
[EST-0026] Missing route to pin _178804_/B1 in net _000030_.
[EST-0026] Missing route to pin _178709_/A2 in net _000030_.
[EST-0026] Missing route to pin _178705_/B in net _000030_.
[EST-0026] Missing route to pin _178703_/B2 in net _000030_.
[EST-0026] Missing route to pin _178700_/B1 in net _000030_.
[EST-0026] Missing route to pin _178699_/B2 in net _000030_.
[EST-0026] Missing route to pin _105405_/C in net _000030_.
[EST-0026] Missing route to pin _092572_/Y in net _000030_.
[EST-0026] Missing route to pin _192302_/D in net _000030_.
[EST-0026] Missing route to pin _178804_/B1 in net _000030_.
[EST-0026] Missing route to pin _178709_/A2 in net _000030_.
[EST-0026] Missing route to pin _178705_/B in net _000030_.
[EST-0026] Missing route to pin _178703_/B2 in net _000030_.
[EST-0026] Missing route to pin _178700_/B1 in net _000030_.
[EST-0026] Missing route to pin _178699_/B2 in net _000030_.
[EST-0026] Missing route to pin _105405_/C in net _000030_.
[EST-0026] Missing route to pin _092572_/Y in net _000030_.
[EST-0026] Missing route to pin _192342_/D in net _000031_.
[EST-0026] Missing route to pin _095089_/X in net _000031_.
[EST-0026] Missing route to pin _192342_/D in net _000031_.
[EST-0026] Missing route to pin _095089_/X in net _000031_.
[EST-0026] Missing route to pin _192342_/D in net _000031_.
[EST-0026] Missing route to pin _095089_/X in net _000031_.
[EST-0026] Missing route to pin load_slew1149/A in net _000032_.
[EST-0026] Missing route to pin _179511_/S in net _000032_.
[EST-0026] Missing route to pin _179507_/S in net _000032_.
[EST-0026] Missing route to pin _179499_/S in net _000032_.
[EST-0026] Missing route to pin _179495_/S in net _000032_.
[EST-0026] Missing route to pin _179490_/S in net _000032_.
[EST-0026] Missing route to pin _179484_/S in net _000032_.
[EST-0026] Missing route to pin _179476_/S in net _000032_.
[EST-0026] Missing route to pin _179468_/S in net _000032_.
[EST-0026] Missing route to pin _179460_/S in net _000032_.
[EST-0026] Missing route to pin _179450_/S in net _000032_.
[EST-0026] Missing route to pin _179440_/S in net _000032_.
[EST-0026] Missing route to pin _092589_/X in net _000032_.
[EST-0026] Missing route to pin load_slew1149/A in net _000032_.
[EST-0026] Missing route to pin _179511_/S in net _000032_.
[EST-0026] Missing route to pin _179507_/S in net _000032_.
[EST-0026] Missing route to pin _179499_/S in net _000032_.
[EST-0026] Missing route to pin _179495_/S in net _000032_.
[EST-0026] Missing route to pin _179490_/S in net _000032_.
[EST-0026] Missing route to pin _179484_/S in net _000032_.
[EST-0026] Missing route to pin _179476_/S in net _000032_.
[EST-0026] Missing route to pin _179468_/S in net _000032_.
[EST-0026] Missing route to pin _179460_/S in net _000032_.
[EST-0026] Missing route to pin _179450_/S in net _000032_.
[EST-0026] Missing route to pin _179440_/S in net _000032_.
[EST-0026] Missing route to pin _092589_/X in net _000032_.
[EST-0026] Missing route to pin load_slew1149/A in net _000032_.
[EST-0026] Missing route to pin _179511_/S in net _000032_.
[EST-0026] Missing route to pin _179507_/S in net _000032_.
[EST-0026] Missing route to pin _179499_/S in net _000032_.
[EST-0026] Missing route to pin _179495_/S in net _000032_.
[EST-0026] Missing route to pin _179490_/S in net _000032_.
[EST-0026] Missing route to pin _179484_/S in net _000032_.
[EST-0026] Missing route to pin _179476_/S in net _000032_.
[EST-0026] Missing route to pin _179468_/S in net _000032_.
[EST-0026] Missing route to pin _179460_/S in net _000032_.
[EST-0026] Missing route to pin _179450_/S in net _000032_.
[EST-0026] Missing route to pin _179440_/S in net _000032_.
[EST-0026] Missing route to pin _092589_/X in net _000032_.
[EST-0026] Missing route to pin _192356_/D in net _000033_.
[EST-0026] Missing route to pin _174848_/B1 in net _000033_.
[EST-0026] Missing route to pin _092556_/Y in net _000033_.
[EST-0026] Missing route to pin _192356_/D in net _000033_.
[EST-0026] Missing route to pin _174848_/B1 in net _000033_.
[EST-0026] Missing route to pin _092556_/Y in net _000033_.
[EST-0026] Missing route to pin _192356_/D in net _000033_.
[EST-0026] Missing route to pin _174848_/B1 in net _000033_.
[EST-0026] Missing route to pin _092556_/Y in net _000033_.
[EST-0026] Missing route to pin ANTENNA_4/DIODE in net _000034_.
[EST-0026] Missing route to pin ANTENNA_3/DIODE in net _000034_.
[EST-0026] Missing route to pin _192357_/D in net _000034_.
[EST-0026] Missing route to pin _177914_/B1 in net _000034_.
[EST-0026] Missing route to pin _092565_/Y in net _000034_.
[EST-0026] Missing route to pin ANTENNA_4/DIODE in net _000034_.
[EST-0026] Missing route to pin ANTENNA_3/DIODE in net _000034_.
[EST-0026] Missing route to pin _192357_/D in net _000034_.
[EST-0026] Missing route to pin _177914_/B1 in net _000034_.
[EST-0026] Missing route to pin _092565_/Y in net _000034_.
[EST-0026] Missing route to pin ANTENNA_4/DIODE in net _000034_.
[EST-0026] Missing route to pin ANTENNA_3/DIODE in net _000034_.
[EST-0026] Missing route to pin _192357_/D in net _000034_.
[EST-0026] Missing route to pin _177914_/B1 in net _000034_.
[EST-0026] Missing route to pin _092565_/Y in net _000034_.
[EST-0026] Missing route to pin wire3131/A in net _000035_.
[EST-0026] Missing route to pin _192361_/D in net _000035_.
[EST-0026] Missing route to pin _174837_/B1 in net _000035_.
[EST-0026] Missing route to pin _092553_/X in net _000035_.
[EST-0026] Missing route to pin wire3131/A in net _000035_.
[EST-0026] Missing route to pin _192361_/D in net _000035_.
[EST-0026] Missing route to pin _174837_/B1 in net _000035_.
[EST-0026] Missing route to pin _092553_/X in net _000035_.
[EST-0026] Missing route to pin wire3131/A in net _000035_.
[EST-0026] Missing route to pin _192361_/D in net _000035_.
[EST-0026] Missing route to pin _174837_/B1 in net _000035_.
[EST-0026] Missing route to pin _092553_/X in net _000035_.
[EST-0026] Missing route to pin _191843_/D in net _000036_.
[EST-0026] Missing route to pin _177815_/A2 in net _000036_.
[EST-0026] Missing route to pin _177812_/B1 in net _000036_.
[EST-0026] Missing route to pin _177810_/A2 in net _000036_.
[EST-0026] Missing route to pin _177806_/A2 in net _000036_.
[EST-0026] Missing route to pin _177797_/A2 in net _000036_.
[EST-0026] Missing route to pin _177791_/A2 in net _000036_.
[EST-0026] Missing route to pin _177786_/A2 in net _000036_.
[EST-0026] Missing route to pin _092561_/Y in net _000036_.
[EST-0026] Missing route to pin _191843_/D in net _000036_.
[EST-0026] Missing route to pin _177815_/A2 in net _000036_.
[EST-0026] Missing route to pin _177812_/B1 in net _000036_.
[EST-0026] Missing route to pin _177810_/A2 in net _000036_.
[EST-0026] Missing route to pin _177806_/A2 in net _000036_.
[EST-0026] Missing route to pin _177797_/A2 in net _000036_.
[EST-0026] Missing route to pin _177791_/A2 in net _000036_.
[EST-0026] Missing route to pin _177786_/A2 in net _000036_.
[EST-0026] Missing route to pin _092561_/Y in net _000036_.
[EST-0026] Missing route to pin _191843_/D in net _000036_.
[EST-0026] Missing route to pin _177815_/A2 in net _000036_.
[EST-0026] Missing route to pin _177812_/B1 in net _000036_.
[EST-0026] Missing route to pin _177810_/A2 in net _000036_.
[EST-0026] Missing route to pin _177806_/A2 in net _000036_.
[EST-0026] Missing route to pin _177797_/A2 in net _000036_.
[EST-0026] Missing route to pin _177791_/A2 in net _000036_.
[EST-0026] Missing route to pin _177786_/A2 in net _000036_.
[EST-0026] Missing route to pin _092561_/Y in net _000036_.
[EST-0026] Missing route to pin _192372_/D in net _000037_.
[EST-0026] Missing route to pin _147165_/B1 in net _000037_.
[EST-0026] Missing route to pin _092546_/Y in net _000037_.
[EST-0026] Missing route to pin _192372_/D in net _000037_.
[EST-0026] Missing route to pin _147165_/B1 in net _000037_.
[EST-0026] Missing route to pin _092546_/Y in net _000037_.
[EST-0026] Missing route to pin _192372_/D in net _000037_.
[EST-0026] Missing route to pin _147165_/B1 in net _000037_.
[EST-0026] Missing route to pin _092546_/Y in net _000037_.
[EST-0026] Missing route to pin _192373_/D in net _000038_.
[EST-0026] Missing route to pin _147375_/B1 in net _000038_.
[EST-0026] Missing route to pin _092550_/Y in net _000038_.
[EST-0026] Missing route to pin _192373_/D in net _000038_.
[EST-0026] Missing route to pin _147375_/B1 in net _000038_.
[EST-0026] Missing route to pin _092550_/Y in net _000038_.
[EST-0026] Missing route to pin _192373_/D in net _000038_.
[EST-0026] Missing route to pin _147375_/B1 in net _000038_.
[EST-0026] Missing route to pin _092550_/Y in net _000038_.
[EST-0026] Missing route to pin wire3134/A in net _000039_.
[EST-0026] Missing route to pin _192377_/D in net _000039_.
[EST-0026] Missing route to pin _147154_/B1 in net _000039_.
[EST-0026] Missing route to pin _092543_/Y in net _000039_.
[EST-0026] Missing route to pin wire3134/A in net _000039_.
[EST-0026] Missing route to pin _192377_/D in net _000039_.
[EST-0026] Missing route to pin _147154_/B1 in net _000039_.
[EST-0026] Missing route to pin _092543_/Y in net _000039_.
[EST-0026] Missing route to pin wire3134/A in net _000039_.
[EST-0026] Missing route to pin _192377_/D in net _000039_.
[EST-0026] Missing route to pin _147154_/B1 in net _000039_.
[EST-0026] Missing route to pin _092543_/Y in net _000039_.
[EST-0026] Missing route to pin _192378_/D in net _000040_.
[EST-0026] Missing route to pin _147001_/B1 in net _000040_.
[EST-0026] Missing route to pin _092538_/Y in net _000040_.
[EST-0026] Missing route to pin _192378_/D in net _000040_.
[EST-0026] Missing route to pin _147001_/B1 in net _000040_.
[EST-0026] Missing route to pin _092538_/Y in net _000040_.
[EST-0026] Missing route to pin _192378_/D in net _000040_.
[EST-0026] Missing route to pin _147001_/B1 in net _000040_.
[EST-0026] Missing route to pin _092538_/Y in net _000040_.
[EST-0026] Missing route to pin _192379_/D in net _000041_.
[EST-0026] Missing route to pin _147135_/B1 in net _000041_.
[EST-0026] Missing route to pin _092542_/Y in net _000041_.
[EST-0026] Missing route to pin _192379_/D in net _000041_.
[EST-0026] Missing route to pin _147135_/B1 in net _000041_.
[EST-0026] Missing route to pin _092542_/Y in net _000041_.
[EST-0026] Missing route to pin _192379_/D in net _000041_.
[EST-0026] Missing route to pin _147135_/B1 in net _000041_.
[EST-0026] Missing route to pin _092542_/Y in net _000041_.
[EST-0026] Missing route to pin wire323/A in net _000042_.
[EST-0026] Missing route to pin _098409_/Y in net _000042_.
[EST-0026] Missing route to pin wire323/A in net _000042_.
[EST-0026] Missing route to pin _098409_/Y in net _000042_.
[EST-0026] Missing route to pin wire323/A in net _000042_.
[EST-0026] Missing route to pin _098409_/Y in net _000042_.
[EST-0026] Missing route to pin _098413_/X in net _000043_.
[EST-0026] Missing route to pin _098413_/X in net _000043_.
[EST-0026] Missing route to pin _098413_/X in net _000043_.
[EST-0026] Missing route to pin wire749/A in net _000044_.
[EST-0026] Missing route to pin _098418_/Y in net _000044_.
[EST-0026] Missing route to pin wire749/A in net _000044_.
[EST-0026] Missing route to pin _098418_/Y in net _000044_.
[EST-0026] Missing route to pin wire749/A in net _000044_.
[EST-0026] Missing route to pin _098418_/Y in net _000044_.
[EST-0026] Missing route to pin ANTENNA_8/DIODE in net _000045_.
[EST-0026] Missing route to pin ANTENNA_7/DIODE in net _000045_.
[EST-0026] Missing route to pin ANTENNA_6/DIODE in net _000045_.
[EST-0026] Missing route to pin ANTENNA_5/DIODE in net _000045_.
[EST-0026] Missing route to pin u_npu.u_npu_sram.g_sram\[1\].u_macro/csb0 in net _000045_.
[EST-0026] Missing route to pin _098421_/A in net _000045_.
[EST-0026] Missing route to pin _098420_/Y in net _000045_.
[EST-0026] Missing route to pin ANTENNA_8/DIODE in net _000045_.
[EST-0026] Missing route to pin ANTENNA_7/DIODE in net _000045_.
[EST-0026] Missing route to pin ANTENNA_6/DIODE in net _000045_.
[EST-0026] Missing route to pin ANTENNA_5/DIODE in net _000045_.
[EST-0026] Missing route to pin u_npu.u_npu_sram.g_sram\[1\].u_macro/csb0 in net _000045_.
[EST-0026] Missing route to pin _098421_/A in net _000045_.
[EST-0026] Missing route to pin _098420_/Y in net _000045_.
[EST-0026] Missing route to pin ANTENNA_8/DIODE in net _000045_.
[EST-0026] Missing route to pin ANTENNA_7/DIODE in net _000045_.
[EST-0026] Missing route to pin ANTENNA_6/DIODE in net _000045_.
[EST-0026] Missing route to pin ANTENNA_5/DIODE in net _000045_.
[EST-0026] Missing route to pin u_npu.u_npu_sram.g_sram\[1\].u_macro/csb0 in net _000045_.
[EST-0026] Missing route to pin _098421_/A in net _000045_.
[EST-0026] Missing route to pin _098420_/Y in net _000045_.
[EST-0026] Missing route to pin _098422_/X in net _000046_.
[EST-0026] Missing route to pin _098422_/X in net _000046_.
[EST-0026] Missing route to pin _098422_/X in net _000046_.
[EST-0026] Missing route to pin _098424_/Y in net _000047_.
[EST-0026] Missing route to pin _098424_/Y in net _000047_.
[EST-0026] Missing route to pin _098424_/Y in net _000047_.
[EST-0026] Missing route to pin ANTENNA_13/DIODE in net _000048_.
[EST-0026] Missing route to pin ANTENNA_12/DIODE in net _000048_.
[EST-0026] Missing route to pin ANTENNA_11/DIODE in net _000048_.
[EST-0026] Missing route to pin ANTENNA_10/DIODE in net _000048_.
[EST-0026] Missing route to pin ANTENNA_9/DIODE in net _000048_.
[EST-0026] Missing route to pin u_npu.u_npu_sram.g_sram\[2\].u_macro/csb0 in net _000048_.
[EST-0026] Missing route to pin _098427_/A in net _000048_.
[EST-0026] Missing route to pin _098426_/Y in net _000048_.
[EST-0026] Missing route to pin ANTENNA_13/DIODE in net _000048_.
[EST-0026] Missing route to pin ANTENNA_12/DIODE in net _000048_.
[EST-0026] Missing route to pin ANTENNA_11/DIODE in net _000048_.
[EST-0026] Missing route to pin ANTENNA_10/DIODE in net _000048_.
[EST-0026] Missing route to pin ANTENNA_9/DIODE in net _000048_.
[EST-0026] Missing route to pin u_npu.u_npu_sram.g_sram\[2\].u_macro/csb0 in net _000048_.
[EST-0026] Missing route to pin _098427_/A in net _000048_.
[EST-0026] Missing route to pin _098426_/Y in net _000048_.
[EST-0026] Missing route to pin ANTENNA_13/DIODE in net _000048_.
[EST-0026] Missing route to pin ANTENNA_12/DIODE in net _000048_.
[EST-0026] Missing route to pin ANTENNA_11/DIODE in net _000048_.
[EST-0026] Missing route to pin ANTENNA_10/DIODE in net _000048_.
[EST-0026] Missing route to pin ANTENNA_9/DIODE in net _000048_.
[EST-0026] Missing route to pin u_npu.u_npu_sram.g_sram\[2\].u_macro/csb0 in net _000048_.
[EST-0026] Missing route to pin _098427_/A in net _000048_.
[EST-0026] Missing route to pin _098426_/Y in net _000048_.
[EST-0026] Missing route to pin _098428_/X in net _000049_.
[EST-0026] Missing route to pin _098428_/X in net _000049_.
[EST-0026] Missing route to pin _098428_/X in net _000049_.
[EST-0026] Missing route to pin _098430_/Y in net _000050_.
[EST-0026] Missing route to pin _098430_/Y in net _000050_.
[EST-0026] Missing route to pin _098430_/Y in net _000050_.
[EST-0026] Missing route to pin ANTENNA_24/DIODE in net _000051_.
[EST-0026] Missing route to pin ANTENNA_23/DIODE in net _000051_.
[EST-0026] Missing route to pin ANTENNA_22/DIODE in net _000051_.
[EST-0026] Missing route to pin ANTENNA_21/DIODE in net _000051_.
[EST-0026] Missing route to pin ANTENNA_20/DIODE in net _000051_.
[EST-0026] Missing route to pin ANTENNA_19/DIODE in net _000051_.
[EST-0026] Missing route to pin ANTENNA_18/DIODE in net _000051_.
[EST-0026] Missing route to pin ANTENNA_17/DIODE in net _000051_.
[EST-0026] Missing route to pin ANTENNA_16/DIODE in net _000051_.
[EST-0026] Missing route to pin ANTENNA_15/DIODE in net _000051_.
[EST-0026] Missing route to pin ANTENNA_14/DIODE in net _000051_.
[EST-0026] Missing route to pin u_npu.u_npu_sram.g_sram\[3\].u_macro/csb0 in net _000051_.
[EST-0026] Missing route to pin _098433_/A in net _000051_.
[EST-0026] Missing route to pin _098432_/Y in net _000051_.
[EST-0026] Missing route to pin ANTENNA_24/DIODE in net _000051_.
[EST-0026] Missing route to pin ANTENNA_23/DIODE in net _000051_.
[EST-0026] Missing route to pin ANTENNA_22/DIODE in net _000051_.
[EST-0026] Missing route to pin ANTENNA_21/DIODE in net _000051_.
[EST-0026] Missing route to pin ANTENNA_20/DIODE in net _000051_.
[EST-0026] Missing route to pin ANTENNA_19/DIODE in net _000051_.
[EST-0026] Missing route to pin ANTENNA_18/DIODE in net _000051_.
[EST-0026] Missing route to pin ANTENNA_17/DIODE in net _000051_.
[EST-0026] Missing route to pin ANTENNA_16/DIODE in net _000051_.
[EST-0026] Missing route to pin ANTENNA_15/DIODE in net _000051_.
[EST-0026] Missing route to pin ANTENNA_14/DIODE in net _000051_.
[EST-0026] Missing route to pin u_npu.u_npu_sram.g_sram\[3\].u_macro/csb0 in net _000051_.
[EST-0026] Missing route to pin _098433_/A in net _000051_.
[EST-0026] Missing route to pin _098432_/Y in net _000051_.
[EST-0026] Missing route to pin ANTENNA_24/DIODE in net _000051_.
[EST-0026] Missing route to pin ANTENNA_23/DIODE in net _000051_.
[EST-0026] Missing route to pin ANTENNA_22/DIODE in net _000051_.
[EST-0026] Missing route to pin ANTENNA_21/DIODE in net _000051_.
[EST-0026] Missing route to pin ANTENNA_20/DIODE in net _000051_.
[EST-0026] Missing route to pin ANTENNA_19/DIODE in net _000051_.
[EST-0026] Missing route to pin ANTENNA_18/DIODE in net _000051_.
[EST-0026] Missing route to pin ANTENNA_17/DIODE in net _000051_.
[EST-0026] Missing route to pin ANTENNA_16/DIODE in net _000051_.
[EST-0026] Missing route to pin ANTENNA_15/DIODE in net _000051_.
[EST-0026] Missing route to pin ANTENNA_14/DIODE in net _000051_.
[EST-0026] Missing route to pin u_npu.u_npu_sram.g_sram\[3\].u_macro/csb0 in net _000051_.
[EST-0026] Missing route to pin _098433_/A in net _000051_.
[EST-0026] Missing route to pin _098432_/Y in net _000051_.
[EST-0026] Missing route to pin _098434_/X in net _000052_.
[EST-0026] Missing route to pin _098434_/X in net _000052_.
[EST-0026] Missing route to pin _098434_/X in net _000052_.
[EST-0026] Missing route to pin wire748/A in net _000053_.
[EST-0026] Missing route to pin _098435_/Y in net _000053_.
[EST-0026] Missing route to pin wire748/A in net _000053_.
[EST-0026] Missing route to pin _098435_/Y in net _000053_.
[EST-0026] Missing route to pin wire748/A in net _000053_.
[EST-0026] Missing route to pin _098435_/Y in net _000053_.
[EST-0026] Missing route to pin wire322/A in net _000054_.
[EST-0026] Missing route to pin _098438_/Y in net _000054_.
[EST-0026] Missing route to pin wire322/A in net _000054_.
[EST-0026] Missing route to pin _098438_/Y in net _000054_.
[EST-0026] Missing route to pin wire322/A in net _000054_.
[EST-0026] Missing route to pin _098438_/Y in net _000054_.
[EST-0026] Missing route to pin _098440_/X in net _000055_.
[EST-0026] Missing route to pin _098440_/X in net _000055_.
[EST-0026] Missing route to pin _098440_/X in net _000055_.
[EST-0026] Missing route to pin u_npu.u_npu_sram.g_sram\[4\].u_macro/csb1 in net _000056_.
[EST-0026] Missing route to pin _098442_/Y in net _000056_.
[EST-0026] Missing route to pin u_npu.u_npu_sram.g_sram\[4\].u_macro/csb1 in net _000056_.
[EST-0026] Missing route to pin _098442_/Y in net _000056_.
[EST-0026] Missing route to pin u_npu.u_npu_sram.g_sram\[4\].u_macro/csb1 in net _000056_.
[EST-0026] Missing route to pin _098442_/Y in net _000056_.
[EST-0026] Missing route to pin _098444_/A in net _000057_.
[EST-0026] Missing route to pin _098443_/Y in net _000057_.
[EST-0026] Missing route to pin _098444_/A in net _000057_.
[EST-0026] Missing route to pin _098443_/Y in net _000057_.
[EST-0026] Missing route to pin _098444_/A in net _000057_.
[EST-0026] Missing route to pin _098443_/Y in net _000057_.
[EST-0026] Missing route to pin _098445_/X in net _000058_.
[EST-0026] Missing route to pin _098445_/X in net _000058_.
[EST-0026] Missing route to pin _098445_/X in net _000058_.
[EST-0026] Missing route to pin _098446_/Y in net _000059_.
[EST-0026] Missing route to pin _098446_/Y in net _000059_.
[EST-0026] Missing route to pin _098446_/Y in net _000059_.
[EST-0026] Missing route to pin _098448_/A in net _000060_.
[EST-0026] Missing route to pin _098447_/Y in net _000060_.
[EST-0026] Missing route to pin _098448_/A in net _000060_.
[EST-0026] Missing route to pin _098447_/Y in net _000060_.
[EST-0026] Missing route to pin _098448_/A in net _000060_.
[EST-0026] Missing route to pin _098447_/Y in net _000060_.
[EST-0026] Missing route to pin _098449_/X in net _000061_.
[EST-0026] Missing route to pin _098449_/X in net _000061_.
[EST-0026] Missing route to pin _098449_/X in net _000061_.
[EST-0026] Missing route to pin _098450_/Y in net _000062_.
[EST-0026] Missing route to pin _098450_/Y in net _000062_.
[EST-0026] Missing route to pin _098450_/Y in net _000062_.
[EST-0026] Missing route to pin wire321/A in net _000063_.
[EST-0026] Missing route to pin _098451_/Y in net _000063_.
[EST-0026] Missing route to pin wire321/A in net _000063_.
[EST-0026] Missing route to pin _098451_/Y in net _000063_.
[EST-0026] Missing route to pin wire321/A in net _000063_.
[EST-0026] Missing route to pin _098451_/Y in net _000063_.
[EST-0026] Missing route to pin _098453_/X in net _000064_.
[EST-0026] Missing route to pin _098453_/X in net _000064_.
[EST-0026] Missing route to pin _098453_/X in net _000064_.
[EST-0026] Missing route to pin wire1016/A in net _000065_.
[EST-0026] Missing route to pin _098454_/Y in net _000065_.
[EST-0026] Missing route to pin wire1016/A in net _000065_.
[EST-0026] Missing route to pin _098454_/Y in net _000065_.
[EST-0026] Missing route to pin wire1016/A in net _000065_.
[EST-0026] Missing route to pin _098454_/Y in net _000065_.
[EST-0026] Missing route to pin wire320/A in net _000066_.
[EST-0026] Missing route to pin _098456_/Y in net _000066_.
[EST-0026] Missing route to pin wire320/A in net _000066_.
[EST-0026] Missing route to pin _098456_/Y in net _000066_.
[EST-0026] Missing route to pin wire320/A in net _000066_.
[EST-0026] Missing route to pin _098456_/Y in net _000066_.
[EST-0026] Missing route to pin u_npu.u_npu_sram.g_sram\[8\].u_macro/web0 in net _000067_.
[EST-0026] Missing route to pin _098458_/X in net _000067_.
[EST-0026] Missing route to pin u_npu.u_npu_sram.g_sram\[8\].u_macro/web0 in net _000067_.
[EST-0026] Missing route to pin _098458_/X in net _000067_.
[EST-0026] Missing route to pin u_npu.u_npu_sram.g_sram\[8\].u_macro/web0 in net _000067_.
[EST-0026] Missing route to pin _098458_/X in net _000067_.
[EST-0026] Missing route to pin _098460_/Y in net _000068_.
[EST-0026] Missing route to pin _098460_/Y in net _000068_.
[EST-0026] Missing route to pin _098460_/Y in net _000068_.
[EST-0026] Missing route to pin _098462_/A in net _000069_.
[EST-0026] Missing route to pin _098461_/Y in net _000069_.
[EST-0026] Missing route to pin _098462_/A in net _000069_.
[EST-0026] Missing route to pin _098461_/Y in net _000069_.
[EST-0026] Missing route to pin _098462_/A in net _000069_.
[EST-0026] Missing route to pin _098461_/Y in net _000069_.
[EST-0026] Missing route to pin _098463_/X in net _000070_.
[EST-0026] Missing route to pin _098463_/X in net _000070_.
[EST-0026] Missing route to pin _098463_/X in net _000070_.
[EST-0026] Missing route to pin u_npu.u_npu_sram.g_sram\[9\].u_macro/csb1 in net _000071_.
[EST-0026] Missing route to pin _098464_/Y in net _000071_.
[EST-0026] Missing route to pin u_npu.u_npu_sram.g_sram\[9\].u_macro/csb1 in net _000071_.
[EST-0026] Missing route to pin _098464_/Y in net _000071_.
[EST-0026] Missing route to pin u_npu.u_npu_sram.g_sram\[9\].u_macro/csb1 in net _000071_.
[EST-0026] Missing route to pin _098464_/Y in net _000071_.
[EST-0026] Missing route to pin _098466_/A in net _000072_.
[EST-0026] Missing route to pin _098465_/Y in net _000072_.
[EST-0026] Missing route to pin _098466_/A in net _000072_.
[EST-0026] Missing route to pin _098465_/Y in net _000072_.
[EST-0026] Missing route to pin _098466_/A in net _000072_.
[EST-0026] Missing route to pin _098465_/Y in net _000072_.
[EST-0026] Missing route to pin _098467_/X in net _000073_.
[EST-0026] Missing route to pin _098467_/X in net _000073_.
[EST-0026] Missing route to pin _098467_/X in net _000073_.
[EST-0026] Missing route to pin _098468_/Y in net _000074_.
[EST-0026] Missing route to pin _098468_/Y in net _000074_.
[EST-0026] Missing route to pin _098468_/Y in net _000074_.
[EST-0026] Missing route to pin wire319/A in net _000075_.
[EST-0026] Missing route to pin _098469_/Y in net _000075_.
[EST-0026] Missing route to pin wire319/A in net _000075_.
[EST-0026] Missing route to pin _098469_/Y in net _000075_.
[EST-0026] Missing route to pin wire319/A in net _000075_.
[EST-0026] Missing route to pin _098469_/Y in net _000075_.
[EST-0026] Missing route to pin u_npu.u_npu_sram.g_sram\[11\].u_macro/web0 in net _000076_.
[EST-0026] Missing route to pin _098471_/X in net _000076_.
[EST-0026] Missing route to pin u_npu.u_npu_sram.g_sram\[11\].u_macro/web0 in net _000076_.
[EST-0026] Missing route to pin _098471_/X in net _000076_.
[EST-0026] Missing route to pin u_npu.u_npu_sram.g_sram\[11\].u_macro/web0 in net _000076_.
[EST-0026] Missing route to pin _098471_/X in net _000076_.
[EST-0026] Missing route to pin wire1011/A in net _000077_.
[EST-0026] Missing route to pin _098472_/Y in net _000077_.
[EST-0026] Missing route to pin wire1011/A in net _000077_.
[EST-0026] Missing route to pin _098472_/Y in net _000077_.
[EST-0026] Missing route to pin wire1011/A in net _000077_.
[EST-0026] Missing route to pin _098472_/Y in net _000077_.
[EST-0026] Missing route to pin wire309/A in net _000078_.
[EST-0026] Missing route to pin _098474_/Y in net _000078_.
[EST-0026] Missing route to pin wire309/A in net _000078_.
[EST-0026] Missing route to pin _098474_/Y in net _000078_.
[EST-0026] Missing route to pin wire309/A in net _000078_.
[EST-0026] Missing route to pin _098474_/Y in net _000078_.
[EST-0026] Missing route to pin u_npu.u_npu_sram.g_sram\[12\].u_macro/web0 in net _000079_.
[EST-0026] Missing route to pin _098476_/X in net _000079_.
[EST-0026] Missing route to pin u_npu.u_npu_sram.g_sram\[12\].u_macro/web0 in net _000079_.
[EST-0026] Missing route to pin _098476_/X in net _000079_.
[EST-0026] Missing route to pin u_npu.u_npu_sram.g_sram\[12\].u_macro/web0 in net _000079_.
[EST-0026] Missing route to pin _098476_/X in net _000079_.
[EST-0026] Missing route to pin wire747/A in net _000080_.
[EST-0026] Missing route to pin _098479_/Y in net _000080_.
[EST-0026] Missing route to pin wire747/A in net _000080_.
[EST-0026] Missing route to pin _098479_/Y in net _000080_.
[EST-0026] Missing route to pin wire747/A in net _000080_.
[EST-0026] Missing route to pin _098479_/Y in net _000080_.
[EST-0026] Missing route to pin _098481_/A in net _000081_.
[EST-0026] Missing route to pin _098480_/Y in net _000081_.
[EST-0026] Missing route to pin _098481_/A in net _000081_.
[EST-0026] Missing route to pin _098480_/Y in net _000081_.
[EST-0026] Missing route to pin _098481_/A in net _000081_.
[EST-0026] Missing route to pin _098480_/Y in net _000081_.
[EST-0026] Missing route to pin u_npu.u_npu_sram.g_sram\[13\].u_macro/web0 in net _000082_.
[EST-0026] Missing route to pin _098482_/X in net _000082_.
[EST-0026] Missing route to pin u_npu.u_npu_sram.g_sram\[13\].u_macro/web0 in net _000082_.
[EST-0026] Missing route to pin _098482_/X in net _000082_.
[EST-0026] Missing route to pin u_npu.u_npu_sram.g_sram\[13\].u_macro/web0 in net _000082_.
[EST-0026] Missing route to pin _098482_/X in net _000082_.
[EST-0026] Missing route to pin u_npu.u_npu_sram.g_sram\[13\].u_macro/csb1 in net _000083_.
[EST-0026] Missing route to pin _098483_/Y in net _000083_.
[EST-0026] Missing route to pin u_npu.u_npu_sram.g_sram\[13\].u_macro/csb1 in net _000083_.
[EST-0026] Missing route to pin _098483_/Y in net _000083_.
[EST-0026] Missing route to pin u_npu.u_npu_sram.g_sram\[13\].u_macro/csb1 in net _000083_.
[EST-0026] Missing route to pin _098483_/Y in net _000083_.
[EST-0026] Missing route to pin ANTENNA_25/DIODE in net _000084_.
[EST-0026] Missing route to pin u_npu.u_npu_sram.g_sram\[14\].u_macro/csb0 in net _000084_.
[EST-0026] Missing route to pin _098485_/A in net _000084_.
[EST-0026] Missing route to pin _098484_/Y in net _000084_.
[EST-0026] Missing route to pin ANTENNA_25/DIODE in net _000084_.
[EST-0026] Missing route to pin u_npu.u_npu_sram.g_sram\[14\].u_macro/csb0 in net _000084_.
[EST-0026] Missing route to pin _098485_/A in net _000084_.
[EST-0026] Missing route to pin _098484_/Y in net _000084_.
[EST-0026] Missing route to pin ANTENNA_25/DIODE in net _000084_.
[EST-0026] Missing route to pin u_npu.u_npu_sram.g_sram\[14\].u_macro/csb0 in net _000084_.
[EST-0026] Missing route to pin _098485_/A in net _000084_.
[EST-0026] Missing route to pin _098484_/Y in net _000084_.
[EST-0026] Missing route to pin u_npu.u_npu_sram.g_sram\[14\].u_macro/web0 in net _000085_.
[EST-0026] Missing route to pin _098486_/X in net _000085_.
[EST-0026] Missing route to pin u_npu.u_npu_sram.g_sram\[14\].u_macro/web0 in net _000085_.
[EST-0026] Missing route to pin _098486_/X in net _000085_.
[EST-0026] Missing route to pin u_npu.u_npu_sram.g_sram\[14\].u_macro/web0 in net _000085_.
[EST-0026] Missing route to pin _098486_/X in net _000085_.
[EST-0026] Missing route to pin u_npu.u_npu_sram.g_sram\[14\].u_macro/csb1 in net _000086_.
[EST-0026] Missing route to pin _098487_/Y in net _000086_.
[EST-0026] Missing route to pin u_npu.u_npu_sram.g_sram\[14\].u_macro/csb1 in net _000086_.
[EST-0026] Missing route to pin _098487_/Y in net _000086_.
[EST-0026] Missing route to pin u_npu.u_npu_sram.g_sram\[14\].u_macro/csb1 in net _000086_.
[EST-0026] Missing route to pin _098487_/Y in net _000086_.
[EST-0026] Missing route to pin _192457_/D in net _000087_.
[EST-0026] Missing route to pin _144286_/B1 in net _000087_.
[EST-0026] Missing route to pin _092519_/Y in net _000087_.
[EST-0026] Missing route to pin _192457_/D in net _000087_.
[EST-0026] Missing route to pin _144286_/B1 in net _000087_.
[EST-0026] Missing route to pin _092519_/Y in net _000087_.
[EST-0026] Missing route to pin _192457_/D in net _000087_.
[EST-0026] Missing route to pin _144286_/B1 in net _000087_.
[EST-0026] Missing route to pin _092519_/Y in net _000087_.
[EST-0026] Missing route to pin _192458_/D in net _000088_.
[EST-0026] Missing route to pin _144591_/B1 in net _000088_.
[EST-0026] Missing route to pin _092523_/Y in net _000088_.
[EST-0026] Missing route to pin _192458_/D in net _000088_.
[EST-0026] Missing route to pin _144591_/B1 in net _000088_.
[EST-0026] Missing route to pin _092523_/Y in net _000088_.
[EST-0026] Missing route to pin _192458_/D in net _000088_.
[EST-0026] Missing route to pin _144591_/B1 in net _000088_.
[EST-0026] Missing route to pin _092523_/Y in net _000088_.
[EST-0026] Missing route to pin hold29294/A in net _000089_.
[EST-0026] Missing route to pin _144272_/B1 in net _000089_.
[EST-0026] Missing route to pin _092516_/Y in net _000089_.
[EST-0026] Missing route to pin hold29294/A in net _000089_.
[EST-0026] Missing route to pin _144272_/B1 in net _000089_.
[EST-0026] Missing route to pin _092516_/Y in net _000089_.
[EST-0026] Missing route to pin hold29294/A in net _000089_.
[EST-0026] Missing route to pin _144272_/B1 in net _000089_.
[EST-0026] Missing route to pin _092516_/Y in net _000089_.
[EST-0026] Missing route to pin _192463_/D in net _000090_.
[EST-0026] Missing route to pin _146200_/B1 in net _000090_.
[EST-0026] Missing route to pin _092531_/Y in net _000090_.
[EST-0026] Missing route to pin _192463_/D in net _000090_.
[EST-0026] Missing route to pin _146200_/B1 in net _000090_.
[EST-0026] Missing route to pin _092531_/Y in net _000090_.
[EST-0026] Missing route to pin _192463_/D in net _000090_.
[EST-0026] Missing route to pin _146200_/B1 in net _000090_.
[EST-0026] Missing route to pin _092531_/Y in net _000090_.
[EST-0026] Missing route to pin _192464_/D in net _000091_.
[EST-0026] Missing route to pin _146274_/B1 in net _000091_.
[EST-0026] Missing route to pin _092535_/Y in net _000091_.
[EST-0026] Missing route to pin _192464_/D in net _000091_.
[EST-0026] Missing route to pin _146274_/B1 in net _000091_.
[EST-0026] Missing route to pin _092535_/Y in net _000091_.
[EST-0026] Missing route to pin _192464_/D in net _000091_.
[EST-0026] Missing route to pin _146274_/B1 in net _000091_.
[EST-0026] Missing route to pin _092535_/Y in net _000091_.
[EST-0026] Missing route to pin max_cap3137/A in net _000092_.
[EST-0026] Missing route to pin _192465_/D in net _000092_.
[EST-0026] Missing route to pin _146189_/B1 in net _000092_.
[EST-0026] Missing route to pin _092528_/Y in net _000092_.
[EST-0026] Missing route to pin max_cap3137/A in net _000092_.
[EST-0026] Missing route to pin _192465_/D in net _000092_.
[EST-0026] Missing route to pin _146189_/B1 in net _000092_.
[EST-0026] Missing route to pin _092528_/Y in net _000092_.
[EST-0026] Missing route to pin max_cap3137/A in net _000092_.
[EST-0026] Missing route to pin _192465_/D in net _000092_.
[EST-0026] Missing route to pin _146189_/B1 in net _000092_.
[EST-0026] Missing route to pin _092528_/Y in net _000092_.
[EST-0026] Missing route to pin hold27841/A in net _000096_.
[EST-0026] Missing route to pin _092473_/Y in net _000096_.
[EST-0026] Missing route to pin hold27841/A in net _000096_.
[EST-0026] Missing route to pin _092473_/Y in net _000096_.
[EST-0026] Missing route to pin hold27841/A in net _000096_.
[EST-0026] Missing route to pin _092473_/Y in net _000096_.
[EST-0026] Missing route to pin _191970_/D in net _000097_.
[EST-0026] Missing route to pin _092298_/Y in net _000097_.
[EST-0026] Missing route to pin _191970_/D in net _000097_.
[EST-0026] Missing route to pin _092298_/Y in net _000097_.
[EST-0026] Missing route to pin _191970_/D in net _000097_.
[EST-0026] Missing route to pin _092298_/Y in net _000097_.
[EST-0026] Missing route to pin _191971_/D in net _000098_.
[EST-0026] Missing route to pin _096421_/A1 in net _000098_.
[EST-0026] Missing route to pin _096387_/A1 in net _000098_.
[EST-0026] Missing route to pin _096346_/B1 in net _000098_.
[EST-0026] Missing route to pin _092296_/Y in net _000098_.
[EST-0026] Missing route to pin _191971_/D in net _000098_.
[EST-0026] Missing route to pin _096421_/A1 in net _000098_.
[EST-0026] Missing route to pin _096387_/A1 in net _000098_.
[EST-0026] Missing route to pin _096346_/B1 in net _000098_.
[EST-0026] Missing route to pin _092296_/Y in net _000098_.
[EST-0026] Missing route to pin _191971_/D in net _000098_.
[EST-0026] Missing route to pin _096421_/A1 in net _000098_.
[EST-0026] Missing route to pin _096387_/A1 in net _000098_.
[EST-0026] Missing route to pin _096346_/B1 in net _000098_.
[EST-0026] Missing route to pin _092296_/Y in net _000098_.
[EST-0026] Missing route to pin hold26154/A in net _000099_.
[EST-0026] Missing route to pin _092290_/Y in net _000099_.
[EST-0026] Missing route to pin hold26154/A in net _000099_.
[EST-0026] Missing route to pin _092290_/Y in net _000099_.
[EST-0026] Missing route to pin hold26154/A in net _000099_.
[EST-0026] Missing route to pin _092290_/Y in net _000099_.
[EST-0026] Missing route to pin hold29863/A in net _000101_.
[EST-0026] Missing route to pin _092250_/Y in net _000101_.
[EST-0026] Missing route to pin hold29863/A in net _000101_.
[EST-0026] Missing route to pin _092250_/Y in net _000101_.
[EST-0026] Missing route to pin hold29863/A in net _000101_.
[EST-0026] Missing route to pin _092250_/Y in net _000101_.
[EST-0026] Missing route to pin hold27945/A in net _000102_.
[EST-0026] Missing route to pin _092233_/X in net _000102_.
[EST-0026] Missing route to pin hold27945/A in net _000102_.
[EST-0026] Missing route to pin _092233_/X in net _000102_.
[EST-0026] Missing route to pin hold27945/A in net _000102_.
[EST-0026] Missing route to pin _092233_/X in net _000102_.
[EST-0026] Missing route to pin hold27912/A in net _000103_.
[EST-0026] Missing route to pin _092232_/X in net _000103_.
[EST-0026] Missing route to pin hold27912/A in net _000103_.
[EST-0026] Missing route to pin _092232_/X in net _000103_.
[EST-0026] Missing route to pin hold27912/A in net _000103_.
[EST-0026] Missing route to pin _092232_/X in net _000103_.
[EST-0026] Missing route to pin hold28741/A in net _000104_.
[EST-0026] Missing route to pin _092231_/X in net _000104_.
[EST-0026] Missing route to pin hold28741/A in net _000104_.
[EST-0026] Missing route to pin _092231_/X in net _000104_.
[EST-0026] Missing route to pin hold28741/A in net _000104_.
[EST-0026] Missing route to pin _092231_/X in net _000104_.
[EST-0026] Missing route to pin _191894_/D in net _000106_.
[EST-0026] Missing route to pin _092228_/Y in net _000106_.
[EST-0026] Missing route to pin _191894_/D in net _000106_.
[EST-0026] Missing route to pin _092228_/Y in net _000106_.
[EST-0026] Missing route to pin _191894_/D in net _000106_.
[EST-0026] Missing route to pin _092228_/Y in net _000106_.
[EST-0026] Missing route to pin _191895_/D in net _000107_.
[EST-0026] Missing route to pin _092219_/X in net _000107_.
[EST-0026] Missing route to pin _191895_/D in net _000107_.
[EST-0026] Missing route to pin _092219_/X in net _000107_.
[EST-0026] Missing route to pin _191895_/D in net _000107_.
[EST-0026] Missing route to pin _092219_/X in net _000107_.
[EST-0026] Missing route to pin hold26689/A in net _000108_.
[EST-0026] Missing route to pin _092217_/X in net _000108_.
[EST-0026] Missing route to pin hold26689/A in net _000108_.
[EST-0026] Missing route to pin _092217_/X in net _000108_.
[EST-0026] Missing route to pin hold26689/A in net _000108_.
[EST-0026] Missing route to pin _092217_/X in net _000108_.
[EST-0026] Missing route to pin _191897_/D in net _000109_.
[EST-0026] Missing route to pin _092216_/Y in net _000109_.
[EST-0026] Missing route to pin _191897_/D in net _000109_.
[EST-0026] Missing route to pin _092216_/Y in net _000109_.
[EST-0026] Missing route to pin _191897_/D in net _000109_.
[EST-0026] Missing route to pin _092216_/Y in net _000109_.
[EST-0026] Missing route to pin _191899_/D in net _000110_.
[EST-0026] Missing route to pin _092214_/Y in net _000110_.
[EST-0026] Missing route to pin _191899_/D in net _000110_.
[EST-0026] Missing route to pin _092214_/Y in net _000110_.
[EST-0026] Missing route to pin _191899_/D in net _000110_.
[EST-0026] Missing route to pin _092214_/Y in net _000110_.
[EST-0026] Missing route to pin _191900_/D in net _000111_.
[EST-0026] Missing route to pin _092212_/Y in net _000111_.
[EST-0026] Missing route to pin _191900_/D in net _000111_.
[EST-0026] Missing route to pin _092212_/Y in net _000111_.
[EST-0026] Missing route to pin _191900_/D in net _000111_.
[EST-0026] Missing route to pin _092212_/Y in net _000111_.
[EST-0026] Missing route to pin hold27907/A in net _000112_.
[EST-0026] Missing route to pin _092210_/X in net _000112_.
[EST-0026] Missing route to pin hold27907/A in net _000112_.
[EST-0026] Missing route to pin _092210_/X in net _000112_.
[EST-0026] Missing route to pin hold27907/A in net _000112_.
[EST-0026] Missing route to pin _092210_/X in net _000112_.
[EST-0026] Missing route to pin _191902_/D in net _000113_.
[EST-0026] Missing route to pin _092209_/X in net _000113_.
[EST-0026] Missing route to pin _191902_/D in net _000113_.
[EST-0026] Missing route to pin _092209_/X in net _000113_.
[EST-0026] Missing route to pin _191902_/D in net _000113_.
[EST-0026] Missing route to pin _092209_/X in net _000113_.
[EST-0026] Missing route to pin _191904_/D in net _000114_.
[EST-0026] Missing route to pin _092206_/Y in net _000114_.
[EST-0026] Missing route to pin _191904_/D in net _000114_.
[EST-0026] Missing route to pin _092206_/Y in net _000114_.
[EST-0026] Missing route to pin _191904_/D in net _000114_.
[EST-0026] Missing route to pin _092206_/Y in net _000114_.
[EST-0026] Missing route to pin hold28403/A in net _000115_.
[EST-0026] Missing route to pin _092204_/X in net _000115_.
[EST-0026] Missing route to pin hold28403/A in net _000115_.
[EST-0026] Missing route to pin _092204_/X in net _000115_.
[EST-0026] Missing route to pin hold28403/A in net _000115_.
[EST-0026] Missing route to pin _092204_/X in net _000115_.
[EST-0026] Missing route to pin _191848_/D in net _000117_.
[EST-0026] Missing route to pin _174176_/B in net _000117_.
[EST-0026] Missing route to pin _092200_/Y in net _000117_.
[EST-0026] Missing route to pin _191848_/D in net _000117_.
[EST-0026] Missing route to pin _174176_/B in net _000117_.
[EST-0026] Missing route to pin _092200_/Y in net _000117_.
[EST-0026] Missing route to pin _191848_/D in net _000117_.
[EST-0026] Missing route to pin _174176_/B in net _000117_.
[EST-0026] Missing route to pin _092200_/Y in net _000117_.
[EST-0026] Missing route to pin max_cap4185/A in net _000118_.
[EST-0026] Missing route to pin _173663_/B in net _000118_.
[EST-0026] Missing route to pin _092198_/Y in net _000118_.
[EST-0026] Missing route to pin max_cap4185/A in net _000118_.
[EST-0026] Missing route to pin _173663_/B in net _000118_.
[EST-0026] Missing route to pin _092198_/Y in net _000118_.
[EST-0026] Missing route to pin max_cap4185/A in net _000118_.
[EST-0026] Missing route to pin _173663_/B in net _000118_.
[EST-0026] Missing route to pin _092198_/Y in net _000118_.
[EST-0026] Missing route to pin max_cap4186/A in net _000119_.
[EST-0026] Missing route to pin _159083_/A2 in net _000119_.
[EST-0026] Missing route to pin _158709_/A in net _000119_.
[EST-0026] Missing route to pin _092196_/Y in net _000119_.
[EST-0026] Missing route to pin max_cap4186/A in net _000119_.
[EST-0026] Missing route to pin _159083_/A2 in net _000119_.
[EST-0026] Missing route to pin _158709_/A in net _000119_.
[EST-0026] Missing route to pin _092196_/Y in net _000119_.
[EST-0026] Missing route to pin max_cap4186/A in net _000119_.
[EST-0026] Missing route to pin _159083_/A2 in net _000119_.
[EST-0026] Missing route to pin _158709_/A in net _000119_.
[EST-0026] Missing route to pin _092196_/Y in net _000119_.
[EST-0026] Missing route to pin _191853_/D in net _000120_.
[EST-0026] Missing route to pin _092194_/Y in net _000120_.
[EST-0026] Missing route to pin _191853_/D in net _000120_.
[EST-0026] Missing route to pin _092194_/Y in net _000120_.
[EST-0026] Missing route to pin _191853_/D in net _000120_.
[EST-0026] Missing route to pin _092194_/Y in net _000120_.
[EST-0026] Missing route to pin _191854_/D in net _000121_.
[EST-0026] Missing route to pin _105205_/C1 in net _000121_.
[EST-0026] Missing route to pin _105201_/C1 in net _000121_.
[EST-0026] Missing route to pin _105200_/C1 in net _000121_.
[EST-0026] Missing route to pin _105191_/B1 in net _000121_.
[EST-0026] Missing route to pin _105189_/C1 in net _000121_.
[EST-0026] Missing route to pin _105186_/C1 in net _000121_.
[EST-0026] Missing route to pin _105179_/C1 in net _000121_.
[EST-0026] Missing route to pin _105177_/C1 in net _000121_.
[EST-0026] Missing route to pin _105159_/C1 in net _000121_.
[EST-0026] Missing route to pin _105153_/B in net _000121_.
[EST-0026] Missing route to pin _105146_/B1 in net _000121_.
[EST-0026] Missing route to pin _105142_/B1 in net _000121_.
[EST-0026] Missing route to pin _092193_/X in net _000121_.
[EST-0026] Missing route to pin _191854_/D in net _000121_.
[EST-0026] Missing route to pin _105205_/C1 in net _000121_.
[EST-0026] Missing route to pin _105201_/C1 in net _000121_.
[EST-0026] Missing route to pin _105200_/C1 in net _000121_.
[EST-0026] Missing route to pin _105191_/B1 in net _000121_.
[EST-0026] Missing route to pin _105189_/C1 in net _000121_.
[EST-0026] Missing route to pin _105186_/C1 in net _000121_.
[EST-0026] Missing route to pin _105179_/C1 in net _000121_.
[EST-0026] Missing route to pin _105177_/C1 in net _000121_.
[EST-0026] Missing route to pin _105159_/C1 in net _000121_.
[EST-0026] Missing route to pin _105153_/B in net _000121_.
[EST-0026] Missing route to pin _105146_/B1 in net _000121_.
[EST-0026] Missing route to pin _105142_/B1 in net _000121_.
[EST-0026] Missing route to pin _092193_/X in net _000121_.
[EST-0026] Missing route to pin _191854_/D in net _000121_.
[EST-0026] Missing route to pin _105205_/C1 in net _000121_.
[EST-0026] Missing route to pin _105201_/C1 in net _000121_.
[EST-0026] Missing route to pin _105200_/C1 in net _000121_.
[EST-0026] Missing route to pin _105191_/B1 in net _000121_.
[EST-0026] Missing route to pin _105189_/C1 in net _000121_.
[EST-0026] Missing route to pin _105186_/C1 in net _000121_.
[EST-0026] Missing route to pin _105179_/C1 in net _000121_.
[EST-0026] Missing route to pin _105177_/C1 in net _000121_.
[EST-0026] Missing route to pin _105159_/C1 in net _000121_.
[EST-0026] Missing route to pin _105153_/B in net _000121_.
[EST-0026] Missing route to pin _105146_/B1 in net _000121_.
[EST-0026] Missing route to pin _105142_/B1 in net _000121_.
[EST-0026] Missing route to pin _092193_/X in net _000121_.
[EST-0026] Missing route to pin _191858_/D in net _000124_.
[EST-0026] Missing route to pin _092187_/Y in net _000124_.
[EST-0026] Missing route to pin _191858_/D in net _000124_.
[EST-0026] Missing route to pin _092187_/Y in net _000124_.
[EST-0026] Missing route to pin _191858_/D in net _000124_.
[EST-0026] Missing route to pin _092187_/Y in net _000124_.
[EST-0026] Missing route to pin wire3450/A in net _000125_.
[EST-0026] Missing route to pin _101099_/B2 in net _000125_.
[EST-0026] Missing route to pin _092186_/Y in net _000125_.
[EST-0026] Missing route to pin wire3450/A in net _000125_.
[EST-0026] Missing route to pin _101099_/B2 in net _000125_.
[EST-0026] Missing route to pin _092186_/Y in net _000125_.
[EST-0026] Missing route to pin wire3450/A in net _000125_.
[EST-0026] Missing route to pin _101099_/B2 in net _000125_.
[EST-0026] Missing route to pin _092186_/Y in net _000125_.
[EST-0026] Missing route to pin _191860_/D in net _000126_.
[EST-0026] Missing route to pin _162665_/B in net _000126_.
[EST-0026] Missing route to pin _092181_/Y in net _000126_.
[EST-0026] Missing route to pin _191860_/D in net _000126_.
[EST-0026] Missing route to pin _162665_/B in net _000126_.
[EST-0026] Missing route to pin _092181_/Y in net _000126_.
[EST-0026] Missing route to pin _191860_/D in net _000126_.
[EST-0026] Missing route to pin _162665_/B in net _000126_.
[EST-0026] Missing route to pin _092181_/Y in net _000126_.
[EST-0026] Missing route to pin _191862_/D in net _000127_.
[EST-0026] Missing route to pin _147403_/B1 in net _000127_.
[EST-0026] Missing route to pin _092179_/X in net _000127_.
[EST-0026] Missing route to pin _191862_/D in net _000127_.
[EST-0026] Missing route to pin _147403_/B1 in net _000127_.
[EST-0026] Missing route to pin _092179_/X in net _000127_.
[EST-0026] Missing route to pin _191862_/D in net _000127_.
[EST-0026] Missing route to pin _147403_/B1 in net _000127_.
[EST-0026] Missing route to pin _092179_/X in net _000127_.
[EST-0026] Missing route to pin _191863_/D in net _000128_.
[EST-0026] Missing route to pin _173663_/A in net _000128_.
[EST-0026] Missing route to pin _092173_/Y in net _000128_.
[EST-0026] Missing route to pin _191863_/D in net _000128_.
[EST-0026] Missing route to pin _173663_/A in net _000128_.
[EST-0026] Missing route to pin _092173_/Y in net _000128_.
[EST-0026] Missing route to pin _191863_/D in net _000128_.
[EST-0026] Missing route to pin _173663_/A in net _000128_.
[EST-0026] Missing route to pin _092173_/Y in net _000128_.
[EST-0026] Missing route to pin _191864_/D in net _000129_.
[EST-0026] Missing route to pin _092171_/Y in net _000129_.
[EST-0026] Missing route to pin _191864_/D in net _000129_.
[EST-0026] Missing route to pin _092171_/Y in net _000129_.
[EST-0026] Missing route to pin _191864_/D in net _000129_.
[EST-0026] Missing route to pin _092171_/Y in net _000129_.
[EST-0026] Missing route to pin max_cap3892/A in net _000130_.
[EST-0026] Missing route to pin _162341_/A2 in net _000130_.
[EST-0026] Missing route to pin _162334_/A2 in net _000130_.
[EST-0026] Missing route to pin _162269_/A in net _000130_.
[EST-0026] Missing route to pin _162266_/A1 in net _000130_.
[EST-0026] Missing route to pin _092166_/X in net _000130_.
[EST-0026] Missing route to pin max_cap3892/A in net _000130_.
[EST-0026] Missing route to pin _162341_/A2 in net _000130_.
[EST-0026] Missing route to pin _162334_/A2 in net _000130_.
[EST-0026] Missing route to pin _162269_/A in net _000130_.
[EST-0026] Missing route to pin _162266_/A1 in net _000130_.
[EST-0026] Missing route to pin _092166_/X in net _000130_.
[EST-0026] Missing route to pin max_cap3892/A in net _000130_.
[EST-0026] Missing route to pin _162341_/A2 in net _000130_.
[EST-0026] Missing route to pin _162334_/A2 in net _000130_.
[EST-0026] Missing route to pin _162269_/A in net _000130_.
[EST-0026] Missing route to pin _162266_/A1 in net _000130_.
[EST-0026] Missing route to pin _092166_/X in net _000130_.
[EST-0026] Missing route to pin wire4188/A in net _000131_.
[EST-0026] Missing route to pin _159900_/A in net _000131_.
[EST-0026] Missing route to pin _092164_/Y in net _000131_.
[EST-0026] Missing route to pin wire4188/A in net _000131_.
[EST-0026] Missing route to pin _159900_/A in net _000131_.
[EST-0026] Missing route to pin _092164_/Y in net _000131_.
[EST-0026] Missing route to pin wire4188/A in net _000131_.
[EST-0026] Missing route to pin _159900_/A in net _000131_.
[EST-0026] Missing route to pin _092164_/Y in net _000131_.
[EST-0026] Missing route to pin _191869_/D in net _000132_.
[EST-0026] Missing route to pin _158669_/B in net _000132_.
[EST-0026] Missing route to pin _158491_/A2 in net _000132_.
[EST-0026] Missing route to pin _158374_/A2 in net _000132_.
[EST-0026] Missing route to pin _158311_/A2 in net _000132_.
[EST-0026] Missing route to pin _158249_/A2 in net _000132_.
[EST-0026] Missing route to pin _158165_/A2 in net _000132_.
[EST-0026] message limit (1000) reached. This message will no longer print.
[DRT-0349] LEF58_ENCLOSURE with no CUTCLASS is not supported. Skipping for layer mcon
[DRT-0349] LEF58_ENCLOSURE with no CUTCLASS is not supported. Skipping for layer mcon
[DRT-0349] LEF58_ENCLOSURE with no CUTCLASS is not supported. Skipping for layer via
[DRT-0349] LEF58_ENCLOSURE with no CUTCLASS is not supported. Skipping for layer via
[DRT-0349] LEF58_ENCLOSURE with no CUTCLASS is not supported. Skipping for layer via2
[DRT-0349] LEF58_ENCLOSURE with no CUTCLASS is not supported. Skipping for layer via2
[DRT-0349] LEF58_ENCLOSURE with no CUTCLASS is not supported. Skipping for layer via3
[DRT-0349] LEF58_ENCLOSURE with no CUTCLASS is not supported. Skipping for layer via3
[DRT-0349] LEF58_ENCLOSURE with no CUTCLASS is not supported. Skipping for layer via4
[DRT-0349] LEF58_ENCLOSURE with no CUTCLASS is not supported. Skipping for layer via4
[GRT-0243] Unable to repair antennas on net with diodes.
Threshold for Threshold-surpassing long wires is not set. The checker will be skipped.
'VSRC_LOC_FILES' was not given a value, which may make the results of IR drop analysis inaccurate. If you are not integrating a top-level chip for manufacture, you may ignore this warning, otherwise, see the documentation for 'VSRC_LOC_FILES'.
Cell 'soc_top' has (2) output pin(s) without antenna diffusion information. They might not be driven.
Max Slew violations found in the following corners:
* max_ff_n40C_1v95
* max_ss_100C_1v60
* max_tt_025C_1v80
* min_ff_n40C_1v95
* min_ss_100C_1v60
* min_tt_025C_1v80
* nom_ff_n40C_1v95
* nom_ss_100C_1v60
* nom_tt_025C_1v80
