Clock: clk_i
Sources: clk_i 
Generated: no
Virtual: yes
Propagated: no
Period: 23.147999

===========================================================================
report_clock_properties
============================================================================
Clock                   Period          Waveform
----------------------------------------------------
clk_i                23.147999    0.000000 11.573999

===========================================================================
report_clock_latency
============================================================================
Clock clk_i
rise -> rise
    min     max
0.000000 0.000000 source latency
5.229486         network latency u_instruction_ram.g_sram[1].u_macro/clk0
        7.562751 network latency _191116_/CLK
---------------
5.229486 7.562751 latency
        2.333265 skew

fall -> fall
    min     max
0.000000 0.000000 source latency
4.687080         network latency u_npu.u_npu_sram.g_sram[2].u_macro/clk0
        7.019392 network latency _191116_/CLK
---------------
4.687080 7.019392 latency
        2.332312 skew



===========================================================================
report_clock_min_period
============================================================================
clk_i period_min = 21.09 fmax = 47.41
Clock: jtag_clk
Sources: jtag_tck 
Generated: no
Virtual: yes
Propagated: no
Period: 100.000000

===========================================================================
report_clock_properties
============================================================================
Clock                   Period          Waveform
----------------------------------------------------
jtag_clk            100.000000    0.000000 50.000000

===========================================================================
report_clock_latency
============================================================================
Clock jtag_clk
rise -> rise
    min     max
0.000000 0.000000 source latency
1.055545         network latency _190010_/CLK
        1.124145 network latency _191897_/CLK
---------------
1.055545 1.124145 latency
        0.068600 skew

fall -> fall
    min     max
0.000000 0.000000 source latency
1.008718         network latency _190010_/CLK
        1.067985 network latency _191897_/CLK
---------------
1.008718 1.067985 latency
        0.059266 skew



===========================================================================
report_clock_min_period
============================================================================
jtag_clk period_min = 8.70 fmax = 114.91
