Clock: clk_i
Sources: clk_i 
Generated: no
Virtual: yes
Propagated: no
Period: 20.000000

===========================================================================
report_clock_properties
============================================================================
Clock                   Period          Waveform
----------------------------------------------------
clk_i                20.000000    0.000000 10.000000

===========================================================================
report_clock_latency
============================================================================
Clock clk_i
rise -> rise
    min     max
0.000000 0.000000 source latency
5.102421         network latency _179608_/CLK
        7.707091 network latency _187831_/CLK
---------------
5.102421 7.707091 latency
        2.604670 skew

fall -> fall
    min     max
0.000000 0.000000 source latency
5.018728         network latency _179608_/CLK
        7.207318 network latency _187831_/CLK
---------------
5.018728 7.207318 latency
        2.188591 skew



===========================================================================
report_clock_min_period
============================================================================
clk_i period_min = 20.49 fmax = 48.81
Clock: jtag_clk
Sources: jtag_tck 
Generated: no
Virtual: yes
Propagated: no
Period: 100.000000

===========================================================================
report_clock_properties
============================================================================
Clock                   Period          Waveform
----------------------------------------------------
jtag_clk            100.000000    0.000000 50.000000

===========================================================================
report_clock_latency
============================================================================
Clock jtag_clk
rise -> rise
    min     max
0.000000 0.000000 source latency
1.114131         network latency _188145_/CLK
        1.178753 network latency _189836_/CLK
---------------
1.114131 1.178753 latency
        0.064622 skew

fall -> fall
    min     max
0.000000 0.000000 source latency
1.094414         network latency _188145_/CLK
        1.145743 network latency _189836_/CLK
---------------
1.094414 1.145743 latency
        0.051330 skew



===========================================================================
report_clock_min_period
============================================================================
jtag_clk period_min = 7.97 fmax = 125.52
