
===========================================================================
Violator List
============================================================================
[setup in-out] clk_i -> qspi_sck : -1.814939
[setup reg-reg] u_npu.u_npu_sram.g_sram[0].u_macro/dout0[14] -> _188237_/D : -1.430575
[setup reg-reg] u_npu.u_npu_sram.g_sram[0].u_macro/dout0[16] -> _188239_/D : -1.098947
[setup reg-reg] u_npu.u_npu_sram.g_sram[0].u_macro/dout0[24] -> _188247_/D : -1.022249
[setup reg-reg] u_npu.u_npu_sram.g_sram[0].u_macro/dout0[12] -> _188235_/D : -1.000064
[setup reg-reg] u_npu.u_npu_sram.g_sram[0].u_macro/dout0[14] -> _190346_/D : -0.995248
[setup reg-reg] u_npu.u_npu_sram.g_sram[0].u_macro/dout0[9] -> _188232_/D : -0.952284
[setup reg-reg] u_npu.u_npu_sram.g_sram[0].u_macro/dout0[20] -> _188243_/D : -0.933701
[setup reg-reg] u_npu.u_npu_sram.g_sram[0].u_macro/dout0[5] -> _188228_/D : -0.887205
[setup reg-reg] u_npu.u_npu_sram.g_sram[0].u_macro/dout0[13] -> _188236_/D : -0.850303
[setup reg-reg] u_npu.u_npu_sram.g_sram[0].u_macro/dout0[23] -> _188246_/D : -0.844750
[setup reg-reg] u_npu.u_npu_sram.g_sram[0].u_macro/dout0[15] -> _188238_/D : -0.833898
[setup reg-reg] u_npu.u_npu_sram.g_sram[0].u_macro/dout0[22] -> _188245_/D : -0.794348
[setup reg-reg] u_npu.u_npu_sram.g_sram[0].u_macro/dout1[19] -> _188930_/D : -0.787118
[setup reg-reg] u_npu.u_npu_sram.g_sram[0].u_macro/dout0[11] -> _188234_/D : -0.770621
[setup reg-reg] u_npu.u_npu_sram.g_sram[0].u_macro/dout1[19] -> _189025_/D : -0.713605
[setup reg-reg] u_npu.u_npu_sram.g_sram[0].u_macro/dout0[8] -> _188231_/D : -0.676803
[setup reg-reg] u_npu.u_npu_sram.g_sram[0].u_macro/dout0[18] -> _188241_/D : -0.645993
[setup reg-reg] u_npu.u_npu_sram.g_sram[0].u_macro/dout0[19] -> _188242_/D : -0.640730
[setup reg-reg] u_npu.u_npu_sram.g_sram[0].u_macro/dout0[24] -> _190356_/D : -0.608519
[setup reg-reg] u_npu.u_npu_sram.g_sram[0].u_macro/dout0[10] -> _188233_/D : -0.595657
[setup reg-reg] u_npu.u_npu_sram.g_sram[0].u_macro/dout0[28] -> _188251_/D : -0.576421
[setup reg-reg] u_npu.u_npu_sram.g_sram[0].u_macro/dout0[25] -> _188248_/D : -0.571012
[setup reg-reg] u_npu.u_npu_sram.g_sram[0].u_macro/dout0[12] -> _190344_/D : -0.567345
[setup reg-reg] u_npu.u_npu_sram.g_sram[0].u_macro/dout0[9] -> _190341_/D : -0.526510
[setup reg-reg] u_npu.u_npu_sram.g_sram[0].u_macro/dout0[16] -> _190348_/D : -0.503603
[setup reg-reg] u_npu.u_npu_sram.g_sram[0].u_macro/dout1[13] -> _189019_/D : -0.498064
[setup reg-reg] u_npu.u_npu_sram.g_sram[0].u_macro/dout0[17] -> _188240_/D : -0.494040
[setup reg-reg] u_npu.u_npu_sram.g_sram[0].u_macro/dout0[0] -> _188223_/D : -0.488448
[setup reg-reg] _189820_/Q -> u_instruction_ram.g_sram[2].u_macro/wmask0[0] : -0.486354
[setup reg-reg] u_npu.u_npu_sram.g_sram[0].u_macro/dout1[12] -> _189018_/D : -0.475980
[setup reg-reg] u_npu.u_npu_sram.g_sram[0].u_macro/dout1[31] -> _188942_/D : -0.469331
[setup reg-reg] u_npu.u_npu_sram.g_sram[0].u_macro/dout0[26] -> _188249_/D : -0.456550
[setup reg-reg] u_npu.u_npu_sram.g_sram[0].u_macro/dout0[5] -> _190337_/D : -0.440801
[setup reg-reg] u_npu.u_npu_sram.g_sram[0].u_macro/dout1[31] -> _189037_/D : -0.437895
[setup reg-reg] u_npu.u_npu_sram.g_sram[0].u_macro/dout0[29] -> _188252_/D : -0.434987
[setup reg-reg] u_npu.u_npu_sram.g_sram[0].u_macro/dout0[13] -> _190345_/D : -0.416140
[setup reg-reg] u_npu.u_npu_sram.g_sram[0].u_macro/dout0[15] -> _190347_/D : -0.398334
[setup reg-reg] u_npu.u_npu_sram.g_sram[0].u_macro/dout1[13] -> _188924_/D : -0.391735
[setup reg-reg] u_npu.u_npu_sram.g_sram[0].u_macro/dout1[28] -> _189034_/D : -0.366979
[setup reg-reg] u_npu.u_npu_sram.g_sram[0].u_macro/dout0[20] -> _190352_/D : -0.359512
[setup reg-reg] u_npu.u_npu_sram.g_sram[0].u_macro/dout1[15] -> _189021_/D : -0.349059
[setup reg-reg] u_npu.u_npu_sram.g_sram[0].u_macro/dout1[28] -> _188939_/D : -0.346704
[setup reg-reg] u_npu.u_npu_sram.g_sram[0].u_macro/dout0[11] -> _190343_/D : -0.336984
[setup reg-reg] u_npu.u_npu_sram.g_sram[0].u_macro/dout1[12] -> _188923_/D : -0.326063
[setup reg-reg] u_npu.u_npu_sram.g_sram[0].u_macro/dout1[18] -> _188929_/D : -0.312461
[setup reg-reg] u_npu.u_npu_sram.g_sram[0].u_macro/dout0[27] -> _188250_/D : -0.279458
[setup reg-reg] u_npu.u_npu_sram.g_sram[0].u_macro/dout1[15] -> _188926_/D : -0.277842
[setup reg-reg] u_npu.u_npu_sram.g_sram[0].u_macro/dout0[23] -> _190355_/D : -0.268015
[setup reg-reg] u_npu.u_npu_sram.g_sram[0].u_macro/dout1[26] -> _189032_/D : -0.266033
[setup reg-reg] u_npu.u_npu_sram.g_sram[0].u_macro/dout0[8] -> _190340_/D : -0.254669
[setup reg-reg] u_npu.u_npu_sram.g_sram[0].u_macro/dout1[25] -> _189031_/D : -0.254651
[setup reg-reg] u_npu.u_npu_sram.g_sram[0].u_macro/dout1[26] -> _188937_/D : -0.240654
[setup reg-reg] u_npu.u_npu_sram.g_sram[0].u_macro/dout1[25] -> _188936_/D : -0.237172
[setup reg-reg] u_npu.u_npu_sram.g_sram[0].u_macro/dout0[4] -> _188227_/D : -0.222602
[setup reg-reg] u_npu.u_npu_sram.g_sram[0].u_macro/dout0[7] -> _188230_/D : -0.222370
[setup reg-reg] u_npu.u_npu_sram.g_sram[0].u_macro/dout1[18] -> _189024_/D : -0.220266
[setup reg-reg] u_npu.u_npu_sram.g_sram[0].u_macro/dout1[10] -> _189016_/D : -0.218806
[setup reg-reg] u_npu.u_npu_sram.g_sram[0].u_macro/dout1[11] -> _188922_/D : -0.214442
[setup reg-reg] u_npu.u_npu_sram.g_sram[0].u_macro/dout0[22] -> _190354_/D : -0.212355
[setup reg-reg] u_npu.u_npu_sram.g_sram[0].u_macro/dout1[14] -> _189020_/D : -0.198964
[setup reg-reg] u_npu.u_npu_sram.g_sram[0].u_macro/dout0[10] -> _190342_/D : -0.160854
[setup reg-reg] u_npu.u_npu_sram.g_sram[0].u_macro/dout1[11] -> _189017_/D : -0.156353
[setup reg-reg] u_npu.u_npu_sram.g_sram[0].u_macro/dout0[28] -> _190360_/D : -0.143755
[setup reg-reg] u_npu.u_npu_sram.g_sram[0].u_macro/dout0[25] -> _190357_/D : -0.137403
[setup reg-reg] u_npu.u_npu_sram.g_sram[0].u_macro/dout1[10] -> _188921_/D : -0.128969
[setup reg-reg] u_npu.u_npu_sram.g_sram[0].u_macro/dout1[29] -> _188940_/D : -0.105542
[setup reg-reg] u_npu.u_npu_sram.g_sram[0].u_macro/dout1[14] -> _188925_/D : -0.092721
[setup reg-reg] u_npu.u_npu_sram.g_sram[0].u_macro/dout1[29] -> _189035_/D : -0.076017
[setup reg-reg] u_npu.u_npu_sram.g_sram[0].u_macro/dout0[17] -> _190349_/D : -0.059305
[setup reg-reg] u_npu.u_npu_sram.g_sram[0].u_macro/dout1[22] -> _188933_/D : -0.049598
[setup reg-reg] u_npu.u_npu_sram.g_sram[0].u_macro/dout1[22] -> _189028_/D : -0.049019
[setup reg-reg] u_npu.u_npu_sram.g_sram[0].u_macro/dout0[18] -> _190350_/D : -0.044814
[setup reg-reg] u_npu.u_npu_sram.g_sram[0].u_macro/dout0[19] -> _190351_/D : -0.043078
[setup reg-reg] u_npu.u_npu_sram.g_sram[0].u_macro/dout0[26] -> _190358_/D : -0.029413
