Reading timing models for corner nom_tt_025C_1v80…
Reading timing library for the 'nom_tt_025C_1v80' corner at '/home/baris/.ciel/ciel/sky130/versions/8afc8346a57fe1ab7934ba5a6056ea8b43078e71/sky130A/libs.ref/sky130_fd_sc_hd/lib/sky130_fd_sc_hd__tt_025C_1v80.lib'…
Reading timing library for the 'nom_tt_025C_1v80' corner at 'macros/sky130_sram_2kbyte_1rw1r_32x512_8/lib/sky130_sram_2kbyte_1rw1r_32x512_8_TT_1p8V_25C.lib'…
Reading OpenROAD database at '/home/baris/arkhe/asic/run/arkhe/37-openroad-resizertimingpostcts/soc_top.odb'…
Reading design constraints file at 'constraints/design.sdc'…
[INFO] No information on clock propagation in input SDC file-- propagating all clocks.
[INFO] Setting signal min routing layer to: met1 and clock min routing layer to met1. 
[INFO] Setting signal max routing layer to: met5 and clock max routing layer to met5. 
+ global_route -congestion_iterations 50 -verbose
[INFO GRT-0020] Min routing layer: met1
[INFO GRT-0021] Max routing layer: met5
[INFO GRT-0022] Global adjustment: 30%
[INFO GRT-0023] Grid origin: (0, 0)
[INFO GRT-0088] Layer li1     Track-Pitch = 0.4600  line-2-Via Pitch: 0.3400
[INFO GRT-0088] Layer met1    Track-Pitch = 0.3400  line-2-Via Pitch: 0.3400
[INFO GRT-0088] Layer met2    Track-Pitch = 0.4600  line-2-Via Pitch: 0.3500
[INFO GRT-0088] Layer met3    Track-Pitch = 0.6800  line-2-Via Pitch: 0.6150
[INFO GRT-0088] Layer met4    Track-Pitch = 0.9200  line-2-Via Pitch: 1.0400
[INFO GRT-0088] Layer met5    Track-Pitch = 3.4000  line-2-Via Pitch: 3.1100
[INFO GRT-0003] Macros: 23
[INFO GRT-0004] Blockages: 180651
[INFO GRT-0019] Found 1374 clock nets.
[INFO GRT-0001] Minimum degree: 2
[INFO GRT-0002] Maximum degree: 161

[INFO GRT-0053] Routing resources analysis:
          Routing      Original      Derated      Resource
Layer     Direction    Resources     Resources    Reduction (%)
---------------------------------------------------------------
li1        Vertical            0             0          0.00%
met1       Horizontal    2774449       1849016          33.36%
met2       Vertical      2659539       1768700          33.50%
met3       Horizontal    1827812       1255625          31.30%
met4       Vertical      1326755        799893          39.71%
met5       Horizontal     345808        178803          48.29%
---------------------------------------------------------------

[INFO GRT-0101] Running extra iterations to remove overflow.
[INFO GRT-0102] Start extra iteration 1/50
[INFO GRT-0102] Start extra iteration 2/50
[INFO GRT-0102] Start extra iteration 3/50
[INFO GRT-0102] Start extra iteration 4/50
[INFO GRT-0102] Start extra iteration 5/50
[INFO GRT-0102] Start extra iteration 6/50
[INFO GRT-0102] Start extra iteration 7/50
[INFO GRT-0102] Start extra iteration 8/50
[INFO GRT-0102] Start extra iteration 9/50
[INFO GRT-0102] Start extra iteration 10/50
[INFO GRT-0102] Start extra iteration 11/50
[INFO GRT-0102] Start extra iteration 12/50
[INFO GRT-0102] Start extra iteration 13/50
[INFO GRT-0102] Start extra iteration 14/50
[INFO GRT-0102] Start extra iteration 15/50
[INFO GRT-0102] Start extra iteration 16/50
[INFO GRT-0102] Start extra iteration 17/50
[INFO GRT-0102] Start extra iteration 18/50
[INFO GRT-0102] Start extra iteration 19/50
[INFO GRT-0102] Start extra iteration 20/50
[INFO GRT-0102] Start extra iteration 21/50
[INFO GRT-0102] Start extra iteration 22/50
[INFO GRT-0102] Start extra iteration 23/50
[INFO GRT-0102] Start extra iteration 24/50
[INFO GRT-0102] Start extra iteration 25/50
[INFO GRT-0102] Start extra iteration 26/50
[INFO GRT-0102] Start extra iteration 27/50
[INFO GRT-0102] Start extra iteration 28/50
[INFO GRT-0102] Start extra iteration 29/50
[INFO GRT-0102] Start extra iteration 30/50
[INFO GRT-0102] Start extra iteration 31/50
[INFO GRT-0102] Start extra iteration 32/50
[INFO GRT-0102] Start extra iteration 33/50
[INFO GRT-0102] Start extra iteration 34/50
[INFO GRT-0102] Start extra iteration 35/50
[INFO GRT-0102] Start extra iteration 36/50
[INFO GRT-0102] Start extra iteration 37/50
[INFO GRT-0102] Start extra iteration 38/50
[INFO GRT-0102] Start extra iteration 39/50
[INFO GRT-0102] Start extra iteration 40/50
[INFO GRT-0102] Start extra iteration 41/50
[INFO GRT-0102] Start extra iteration 42/50
[INFO GRT-0197] Via related to pin nodes: 383636
[INFO GRT-0198] Via related Steiner nodes: 13101
[INFO GRT-0199] Via filling finished.
[INFO GRT-0111] Final number of vias: 526245
[INFO GRT-0112] Final usage 3D: 2423691

[INFO GRT-0096] Final congestion report:
Layer         Resource        Demand        Usage (%)    Max H / Max V / Total Overflow
---------------------------------------------------------------------------------------
li1                  0             0            0.00%             0 /  0 /  0
met1           1849016        310788           16.81%             0 /  0 /  0
met2           1768700        314822           17.80%             0 /  0 /  0
met3           1255625        143899           11.46%             0 /  0 /  0
met4            799893         63075            7.89%             0 /  0 /  0
met5            178803         12372            6.92%             0 /  0 /  0
---------------------------------------------------------------------------------------
Total          5852037        844956           14.44%             0 /  0 /  0

[INFO GRT-0018] Total wirelength: 7260490 um
[INFO GRT-0014] Routed nets: 63293
[INFO GRT-0303] Global routing runtime = 00:04:29
Setting global connections for newly added cells…
[INFO] Setting global connections...
[INFO ODB-0403] 0 connections made, 0 conflicts skipped.
Updating metrics…
Cell type report:                       Count       Area
  Macro                                    23 6544384.90
  Fill cell                             10360   38887.30
  Tap cell                             115721  144790.12
  Buffer                                    2      10.01
  Clock buffer                           2016   26993.39
  Timing Repair Buffer                  13237  139272.32
  Inverter                                908    3519.63
  Clock inverter                          398    4484.30
  Sequential cell                       11009  260707.54
  Multi-Input combinational cell        36000  372135.66
  Total                                189674 7535185.16
Writing OpenROAD database to '/home/baris/arkhe/asic/run/arkhe/39-openroad-globalrouting/soc_top.odb'…
Writing layout to '/home/baris/arkhe/asic/run/arkhe/39-openroad-globalrouting/soc_top.def'…
