Copyright 1986-2022 Xilinx, Inc. All Rights Reserved. Copyright 2022-2025 Advanced Micro Devices, Inc. All Rights Reserved.
---------------------------------------------------------------------------------------------------------------------------------------------
| Tool Version : Vivado v.2025.2 (win64) Build 6299465 Fri Nov 14 19:35:11 GMT 2025
| Date         : Tue Sep  8 16:15:59 2026
| Host         : baris running 64-bit major release  (build 9200)
| Command      : report_control_sets -verbose -file nexys_top_control_sets_placed.rpt
| Design       : nexys_top
| Device       : xc7a100t
---------------------------------------------------------------------------------------------------------------------------------------------

Control Set Information

Table of Contents
-----------------
1. Summary
2. Histogram
3. Flip-Flop Distribution
4. Detailed Control Set Information

1. Summary
----------

+----------------------------------------------------------+-------+
|                          Status                          | Count |
+----------------------------------------------------------+-------+
| Total control sets                                       |   220 |
|    Minimum number of control sets                        |   220 |
|    Addition due to synthesis replication                 |     0 |
|    Addition due to physical synthesis replication        |     0 |
| Unused register locations in slices containing registers |   322 |
+----------------------------------------------------------+-------+
* Control sets can be merged at opt_design using control_set_merge or merge_equivalent_drivers
** Run report_qor_suggestions for automated merging and remapping suggestions


2. Histogram
------------

+--------------------+-------+
|       Fanout       | Count |
+--------------------+-------+
| Total control sets |   220 |
| >= 0 to < 4        |     5 |
| >= 4 to < 6        |    25 |
| >= 6 to < 8        |    12 |
| >= 8 to < 10       |    27 |
| >= 10 to < 12      |     3 |
| >= 12 to < 14      |     7 |
| >= 14 to < 16      |     2 |
| >= 16              |   139 |
+--------------------+-------+
* Control sets can be remapped at either synth_design or opt_design


3. Flip-Flop Distribution
-------------------------

+--------------+-----------------------+------------------------+-----------------+--------------+
| Clock Enable | Synchronous Set/Reset | Asynchronous Set/Reset | Total Registers | Total Slices |
+--------------+-----------------------+------------------------+-----------------+--------------+
| No           | No                    | No                     |               2 |            2 |
| No           | No                    | Yes                    |             555 |          243 |
| No           | Yes                   | No                     |               0 |            0 |
| Yes          | No                    | No                     |              32 |           11 |
| Yes          | No                    | Yes                    |            5137 |         1940 |
| Yes          | Yes                   | No                     |               0 |            0 |
+--------------+-----------------------+------------------------+-----------------+--------------+


4. Detailed Control Set Information
-----------------------------------

+----------------------+-----------------------------------------------------------------------+----------------------------------------+------------------+----------------+--------------+
|     Clock Signal     |                             Enable Signal                             |            Set/Reset Signal            | Slice Load Count | Bel Load Count | Bels / Slice |
+----------------------+-----------------------------------------------------------------------+----------------------------------------+------------------+----------------+--------------+
|  CLK100MHZ_IBUF_BUFG |                                                                       |                                        |                1 |              1 |         1.00 |
|  clk_50mhz           |                                                                       |                                        |                1 |              1 |         1.00 |
|  clk_50mhz           | u_soc/u_qspi/qspi_cs_n_i_1_n_0                                        | u_soc/u_boot_rom/rst_n_sync_reg        |                1 |              1 |         1.00 |
|  clk_50mhz           |                                                                       | u_soc/u_uart2/u_rx_fifo/full_r_i_2_n_0 |                2 |              2 |         1.00 |
|  clk_50mhz           |                                                                       | rst_n_sync_reg1_i_1_n_0                |                1 |              2 |         2.00 |
|  clk_50mhz           | u_soc/u_npu/u_npu_engine/kw[3]_i_1_n_0                                | u_soc/u_boot_rom/rst_n_sync_reg        |                1 |              4 |         4.00 |
|  clk_50mhz           | u_soc/u_npu/u_npu_engine/kh[3]_i_1_n_0                                | u_soc/u_boot_rom/rst_n_sync_reg        |                1 |              4 |         4.00 |
|  clk_50mhz           | u_soc/u_qspi/io_out[3]_i_1_n_0                                        | u_soc/u_boot_rom/rst_n_sync_reg        |                3 |              4 |         1.33 |
|  clk_50mhz           | u_soc/u_i2c/FSM_sequential_state[3]_i_1_n_0                           | u_soc/u_boot_rom/rst_n_sync_reg        |                3 |              4 |         1.33 |
|  clk_50mhz           | u_soc/u_interconnect/write_sel_d[0]                                   | u_soc/u_boot_rom/rst_n_sync_reg        |                3 |              4 |         1.33 |
|  clk_50mhz           | u_soc/u_interconnect/read_sel_d[0]                                    | u_soc/u_boot_rom/rst_n_sync_reg        |                1 |              4 |         4.00 |
|  clk_50mhz           | u_soc/u_qspi/state[0]                                                 | u_soc/u_boot_rom/rst_n_sync_reg        |                3 |              4 |         1.33 |
|  clk_50mhz           | u_soc/u_npu/u_npu_engine/bit_index[3]_i_1_n_0                         | u_soc/u_boot_rom/rst_n_sync_reg        |                2 |              4 |         2.00 |
|  clk_50mhz           | u_soc/u_npu/u_npu_engine/d_out[3]_i_1_n_0                             | u_soc/u_boot_rom/rst_n_sync_reg        |                2 |              4 |         2.00 |
|  clk_50mhz           | u_soc/u_interconnect/FSM_onehot_state_q_reg[1][0]                     | u_soc/u_boot_rom/rst_n_sync_reg        |                1 |              5 |         5.00 |
|  clk_50mhz           | u_soc/u_npu/u_npu_engine/f_out[4]_i_1_n_0                             | u_soc/u_boot_rom/rst_n_sync_reg        |                2 |              5 |         2.50 |
|  clk_50mhz           | u_soc/u_interconnect/ar_valid_lat_reg[0]                              | u_soc/u_boot_rom/rst_n_sync_reg        |                3 |              5 |         1.67 |
|  clk_50mhz           | u_soc/u_interconnect/aw_valid_lat_reg[0]                              | u_soc/u_boot_rom/rst_n_sync_reg        |                2 |              5 |         2.50 |
|  clk_50mhz           | u_soc/u_interconnect/aw_valid_lat_reg_0[0]                            | u_soc/u_boot_rom/rst_n_sync_reg        |                1 |              5 |         5.00 |
|  clk_50mhz           | u_soc/u_interconnect/read_sel_q_reg[0]_6[0]                           | u_soc/u_boot_rom/rst_n_sync_reg        |                1 |              5 |         5.00 |
|  clk_50mhz           | u_soc/u_interconnect/read_sel_q_reg[0]_7[0]                           | u_soc/u_boot_rom/rst_n_sync_reg        |                3 |              5 |         1.67 |
|  clk_50mhz           | u_soc/u_interconnect/read_sel_q_reg[1]_1[0]                           | u_soc/u_boot_rom/rst_n_sync_reg        |                1 |              5 |         5.00 |
|  clk_50mhz           | u_soc/u_interconnect/write_sel_q_reg[3]_4[0]                          | u_soc/u_boot_rom/rst_n_sync_reg        |                2 |              5 |         2.50 |
|  clk_50mhz           | u_soc/u_core/ex_stage_i/mult_i/FSM_sequential_mulh_CS_reg[1]_4[0]     | u_soc/u_boot_rom/rst_n_sync_reg        |                1 |              5 |         5.00 |
|  clk_50mhz           | u_soc/u_core/ex_stage_i/mult_i/FSM_sequential_mulh_CS_reg[1]_5[0]     | u_soc/u_boot_rom/rst_n_sync_reg        |                2 |              5 |         2.50 |
|  clk_50mhz           | u_soc/u_interconnect/write_sel_q_reg[3]_6[0]                          | u_soc/u_boot_rom/rst_n_sync_reg        |                3 |              5 |         1.67 |
|  clk_50mhz           | u_soc/u_core/id_stage_i/regfile_we_ex_o_reg_1[0]                      | u_soc/u_boot_rom/rst_n_sync_reg        |                2 |              5 |         2.50 |
|  clk_50mhz           | u_soc/u_core/ex_stage_i/mult_i/FSM_sequential_mulh_CS_reg[1]_3        | u_soc/u_boot_rom/rst_n_sync_reg        |                3 |              5 |         1.67 |
|  clk_50mhz           | u_soc/u_qspi/dummy_cnt[0]                                             | u_soc/u_boot_rom/rst_n_sync_reg        |                2 |              5 |         2.50 |
|  clk_50mhz           | u_soc/u_npu/u_npu_engine/t_out[4]_i_1_n_0                             | u_soc/u_boot_rom/rst_n_sync_reg        |                2 |              5 |         2.50 |
|  clk_50mhz           | u_soc/u_interconnect/FSM_onehot_bus_state_reg[3][0]                   | u_soc/u_boot_rom/rst_n_sync_reg        |                3 |              6 |         2.00 |
|  clk_50mhz           | u_soc/u_core/ex_stage_i/alu_i/alu_div_i/Cnt_DP[5]_i_1_n_0             | u_soc/u_boot_rom/rst_n_sync_reg        |                4 |              6 |         1.50 |
|  clk_50mhz           | u_soc/u_core/ex_stage_i/mult_i/E[0]                                   | u_soc/u_boot_rom/rst_n_sync_reg        |                2 |              6 |         3.00 |
|  clk_50mhz           | u_soc/u_core/load_store_unit_i/ctrl_update                            | u_soc/u_boot_rom/rst_n_sync_reg        |                2 |              6 |         3.00 |
|  clk_50mhz           | u_soc/u_core/id_stage_i/controller_i/debug_mode_q_reg_6[0]            | u_soc/u_boot_rom/rst_n_sync_reg        |                4 |              6 |         1.50 |
|  clk_50mhz           | u_soc/u_qspi/tx_wr_ptr[6]_i_1_n_0                                     | u_soc/u_boot_rom/rst_n_sync_reg        |                2 |              7 |         3.50 |
|  clk_50mhz           | u_soc/u_master_arbiter/s_axi_bvalid_reg_0[0]                          | u_soc/u_boot_rom/rst_n_sync_reg        |                2 |              7 |         3.50 |
|  clk_50mhz           | u_soc/u_qspi/shift_in[6]_i_1__0_n_0                                   | u_soc/u_boot_rom/rst_n_sync_reg        |                3 |              7 |         2.33 |
|  clk_50mhz           | u_soc/u_qspi/rx_rd_ptr[6]_i_1_n_0                                     | u_soc/u_boot_rom/rst_n_sync_reg        |                2 |              7 |         3.50 |
|  clk_50mhz           | u_soc/u_qspi/rx_wr_ptr[6]_i_1_n_0                                     | u_soc/u_boot_rom/rst_n_sync_reg        |                3 |              7 |         2.33 |
|  clk_50mhz           | u_soc/u_qspi/tx_rd_ptr[6]_i_1_n_0                                     | u_soc/u_boot_rom/rst_n_sync_reg        |                2 |              7 |         3.50 |
|  clk_50mhz           | u_soc/u_npu/u_npu_engine/state[4]_i_1_n_0                             | u_soc/u_boot_rom/rst_n_sync_reg        |                3 |              7 |         2.33 |
|  clk_50mhz           | u_soc/u_i2c/shift_out[7]_i_1_n_0                                      | u_soc/u_boot_rom/rst_n_sync_reg        |                5 |              8 |         1.60 |
|  clk_50mhz           | u_soc/u_i2c/shift_in[7]_i_1_n_0                                       | u_soc/u_boot_rom/rst_n_sync_reg        |                2 |              8 |         4.00 |
|  clk_50mhz           | u_soc/u_uart2/u_rx/shift_r[0]                                         | u_soc/u_boot_rom/rst_n_sync_reg        |                3 |              8 |         2.67 |
|  clk_50mhz           | u_soc/u_uart2/u_tx/shift_r[7]_i_1__2_n_0                              | u_soc/u_boot_rom/rst_n_sync_reg        |                1 |              8 |         8.00 |
|  clk_50mhz           | u_soc/u_i2c/rx_data[7]_i_1_n_0                                        | u_soc/u_boot_rom/rst_n_sync_reg        |                3 |              8 |         2.67 |
|  clk_50mhz           | u_soc/u_i2c/rx_data[31]_i_1_n_0                                       | u_soc/u_boot_rom/rst_n_sync_reg        |                2 |              8 |         4.00 |
|  clk_50mhz           | u_soc/u_i2c/rx_data[23]_i_1_n_0                                       | u_soc/u_boot_rom/rst_n_sync_reg        |                2 |              8 |         4.00 |
|  clk_50mhz           | u_soc/u_i2c/rx_data[15]_i_1_n_0                                       | u_soc/u_boot_rom/rst_n_sync_reg        |                2 |              8 |         4.00 |
|  clk_50mhz           | u_soc/u_interconnect/write_sel_q_reg[2]_4[0]                          | u_soc/u_boot_rom/rst_n_sync_reg        |                3 |              8 |         2.67 |
|  clk_50mhz           | u_soc/u_interconnect/write_sel_q_reg[1]_3[0]                          | u_soc/u_boot_rom/rst_n_sync_reg        |                4 |              8 |         2.00 |
|  clk_50mhz           | u_soc/u_uart2/reg_tdr_r[0]                                            | u_soc/u_boot_rom/rst_n_sync_reg        |                2 |              8 |         4.00 |
|  clk_50mhz           | u_soc/u_npu/u_npu_engine/fc_logits[1][7]_i_1_n_0                      | u_soc/u_boot_rom/rst_n_sync_reg        |                3 |              8 |         2.67 |
|  clk_50mhz           | u_soc/u_npu/u_npu_engine/fc_logits[0][7]_i_1_n_0                      | u_soc/u_boot_rom/rst_n_sync_reg        |                3 |              8 |         2.67 |
|  clk_50mhz           | u_soc/u_npu/u_npu_engine/fc_logits[2][7]_i_1_n_0                      | u_soc/u_boot_rom/rst_n_sync_reg        |                2 |              8 |         4.00 |
|  clk_50mhz           | u_soc/u_npu/u_npu_engine/fc_logits[3][7]_i_1_n_0                      | u_soc/u_boot_rom/rst_n_sync_reg        |                4 |              8 |         2.00 |
|  clk_50mhz           | u_soc/u_qspi/shift_out[0]                                             | u_soc/u_boot_rom/rst_n_sync_reg        |                5 |              8 |         1.60 |
|  clk_50mhz           | u_soc/u_uart2/u_rx/o_data[7]_i_1_n_0                                  | u_soc/u_boot_rom/rst_n_sync_reg        |                2 |              8 |         4.00 |
|  clk_50mhz           | u_soc/u_uart1/u_rx/o_rx_done_i_1_n_0                                  | u_soc/u_boot_rom/rst_n_sync_reg        |                1 |              8 |         8.00 |
|  clk_50mhz           | u_soc/u_uart1/u_rx/E[0]                                               | u_soc/u_boot_rom/rst_n_sync_reg        |                3 |              8 |         2.67 |
|  clk_50mhz           | u_soc/u_uart1/u_rx/shift_r[0]                                         | u_soc/u_boot_rom/rst_n_sync_reg        |                1 |              8 |         8.00 |
|  clk_50mhz           | u_soc/u_uart1/u_tx/shift_r[7]_i_1__0_n_0                              | u_soc/u_boot_rom/rst_n_sync_reg        |                2 |              8 |         4.00 |
|  clk_50mhz           | u_soc/u_uart1/reg_tdr_r[0]                                            | u_soc/u_boot_rom/rst_n_sync_reg        |                4 |              8 |         2.00 |
|  clk_50mhz           | u_soc/u_uart2/rdr_fetch_r                                             | u_soc/u_boot_rom/rst_n_sync_reg        |                2 |              8 |         4.00 |
|  clk_50mhz           | u_soc/u_qspi/byte_cnt[0]                                              | u_soc/u_boot_rom/rst_n_sync_reg        |                4 |              9 |         2.25 |
|  clk_50mhz           | u_soc/u_qspi/total_bytes[8]_i_1_n_0                                   | u_soc/u_boot_rom/rst_n_sync_reg        |                2 |              9 |         4.50 |
|  clk_50mhz           | u_soc/u_uart2/u_rx_fifo/mem_reg_i_2_n_0                               | u_soc/u_uart2/u_rx_fifo/full_r_i_2_n_0 |                4 |              9 |         2.25 |
|  clk_50mhz           | u_soc/u_uart2/u_rx/E[0]                                               | u_soc/u_uart2/u_rx_fifo/full_r_i_2_n_0 |                4 |              9 |         2.25 |
|  clk_50mhz           | u_soc/u_i2c/op_nby[0]                                                 | u_soc/u_boot_rom/rst_n_sync_reg        |                3 |             11 |         3.67 |
|  clk_50mhz           | u_soc/u_interconnect/write_sel_q_reg[1]_1[0]                          | u_soc/u_boot_rom/rst_n_sync_reg        |                2 |             11 |         5.50 |
|  clk_50mhz           | u_soc/u_interconnect/write_sel_q_reg[2]_2[0]                          | u_soc/u_boot_rom/rst_n_sync_reg        |                3 |             11 |         3.67 |
|  clk_50mhz           | u_soc/u_dma/xfer_cnt[12]_i_1_n_0                                      | u_soc/u_boot_rom/rst_n_sync_reg        |                6 |             13 |         2.17 |
|  clk_50mhz           | u_soc/u_npu/u_npu_engine/probs[3][12]_i_1_n_0                         | u_soc/u_boot_rom/rst_n_sync_reg        |                7 |             13 |         1.86 |
|  clk_50mhz           | u_soc/u_npu/u_npu_axi_ctrl/mem_ar_addr_lat_0[0]                       | u_soc/u_boot_rom/rst_n_sync_reg        |                6 |             13 |         2.17 |
|  clk_50mhz           | u_soc/u_interconnect/mem_aw_valid_lat_reg[0]                          | u_soc/u_boot_rom/rst_n_sync_reg        |                7 |             13 |         1.86 |
|  clk_50mhz           | u_soc/u_npu/u_npu_engine/probs[0][12]_i_1_n_0                         | u_soc/u_boot_rom/rst_n_sync_reg        |                7 |             13 |         1.86 |
|  clk_50mhz           | u_soc/u_npu/u_npu_engine/probs[2][12]_i_1_n_0                         | u_soc/u_boot_rom/rst_n_sync_reg        |                4 |             13 |         3.25 |
|  clk_50mhz           | u_soc/u_npu/u_npu_engine/probs[1][12]_i_1_n_0                         | u_soc/u_boot_rom/rst_n_sync_reg        |                5 |             13 |         2.60 |
|  clk_50mhz           | u_soc/u_npu/u_npu_csr/reg_npu_reset_reg_rep__4_1[0]                   | u_soc/u_boot_rom/rst_n_sync_reg        |                3 |             15 |         5.00 |
|  clk_50mhz           | u_soc/u_npu/u_npu_engine/dividend_acc[14]_i_1_n_0                     | u_soc/u_boot_rom/rst_n_sync_reg        |                7 |             15 |         2.14 |
|  clk_50mhz           | u_soc/u_master_arbiter/addr_q_reg[2][0]                               | u_soc/u_boot_rom/rst_n_sync_reg        |                7 |             16 |         2.29 |
|  clk_50mhz           | u_soc/u_master_arbiter/addr_q_reg[3]_1[0]                             | u_soc/u_boot_rom/rst_n_sync_reg        |                8 |             16 |         2.00 |
|  clk_50mhz           | u_soc/u_qspi/p_0_in0_out[8]                                           |                                        |                4 |             16 |         4.00 |
|  clk_50mhz           | u_soc/u_qspi/p_0_in0_out[0]                                           |                                        |                4 |             16 |         4.00 |
|  clk_50mhz           | u_soc/u_qspi/p_0_in0_out[24]                                          |                                        |                4 |             16 |         4.00 |
|  clk_50mhz           | u_soc/u_qspi/p_0_in0_out[16]                                          |                                        |                4 |             16 |         4.00 |
|  clk_50mhz           | u_soc/u_master_arbiter/addr_q_reg[3][0]                               | u_soc/u_boot_rom/rst_n_sync_reg        |                7 |             16 |         2.29 |
|  clk_50mhz           | u_soc/u_master_arbiter/addr_q_reg[4]_0[0]                             | u_soc/u_boot_rom/rst_n_sync_reg        |               11 |             16 |         1.45 |
|  clk_50mhz           | u_soc/u_master_arbiter/addr_q_reg[3]_0[0]                             | u_soc/u_boot_rom/rst_n_sync_reg        |               11 |             16 |         1.45 |
|  clk_50mhz           | u_soc/u_core/id_stage_i/csr_op_ex_o_reg[1]_3[0]                       | u_soc/u_boot_rom/rst_n_sync_reg        |                4 |             16 |         4.00 |
|  clk_50mhz           | u_soc/u_core/id_stage_i/controller_i/ctrl_fsm_cs_reg[3]_7[0]          | u_soc/u_boot_rom/rst_n_sync_reg        |                8 |             18 |         2.25 |
|  clk_50mhz           | u_soc/u_core/id_stage_i/alu_operand_b_ex_o_reg[3]_0[0]                | u_soc/u_boot_rom/rst_n_sync_reg        |               10 |             19 |         1.90 |
|  clk_50mhz           | u_soc/u_instr_bridge/FSM_onehot_state_q_reg[3]_0[0]                   | u_soc/u_boot_rom/rst_n_sync_reg        |               10 |             19 |         1.90 |
|  clk_50mhz           | u_soc/u_instr_bridge/addr_d[0]                                        | u_soc/u_boot_rom/rst_n_sync_reg        |                7 |             19 |         2.71 |
|  clk_50mhz           | u_soc/u_npu/u_npu_engine/kw_q0[0]                                     | u_soc/u_boot_rom/rst_n_sync_reg        |                7 |             21 |         3.00 |
|  clk_50mhz           | u_soc/u_npu/u_npu_engine/fc_idx[0]                                    | u_soc/u_boot_rom/rst_n_sync_reg        |                7 |             21 |         3.00 |
|  clk_50mhz           | u_soc/u_core/id_stage_i/controller_i/debug_mode_q_reg_4[0]            | u_soc/u_boot_rom/rst_n_sync_reg        |                9 |             24 |         2.67 |
|  clk_50mhz           | u_soc/u_npu/u_npu_engine/div_num[0]                                   | u_soc/u_boot_rom/rst_n_sync_reg        |                7 |             28 |         4.00 |
|  clk_50mhz           | u_soc/u_core/if_stage_i/prefetch_buffer_i/fifo_i/E[0]                 | u_soc/u_boot_rom/rst_n_sync_reg        |               12 |             30 |         2.50 |
|  clk_50mhz           | u_soc/u_core/id_stage_i/controller_i/ctrl_fsm_cs_reg[3]_6[0]          | u_soc/u_boot_rom/rst_n_sync_reg        |               14 |             31 |         2.21 |
|  clk_50mhz           | u_soc/u_core/id_stage_i/controller_i/debug_mode_q_reg_7[0]            | u_soc/u_boot_rom/rst_n_sync_reg        |               15 |             31 |         2.07 |
|  clk_50mhz           | u_soc/u_core/id_stage_i/controller_i/csr_op_ex_o_reg[1][0]            | u_soc/u_boot_rom/rst_n_sync_reg        |               13 |             31 |         2.38 |
|  clk_50mhz           | u_soc/u_dma/p_0_in[31]                                                | u_soc/u_boot_rom/rst_n_sync_reg        |               12 |             31 |         2.58 |
|  clk_50mhz           | u_soc/u_core/id_stage_i/mcountinhibit_q_reg[0]_0[0]                   | u_soc/u_boot_rom/rst_n_sync_reg        |               16 |             32 |         2.00 |
|  clk_50mhz           | u_soc/u_core/id_stage_i/mcountinhibit_q_reg[0]_0[1]                   | u_soc/u_boot_rom/rst_n_sync_reg        |               11 |             32 |         2.91 |
|  clk_50mhz           | u_soc/u_core/id_stage_i/mhpmevent_minstret_o_reg_0[0]                 | u_soc/u_boot_rom/rst_n_sync_reg        |               10 |             32 |         3.20 |
|  clk_50mhz           | u_soc/u_core/id_stage_i/mhpmevent_minstret_o_reg_0[1]                 | u_soc/u_boot_rom/rst_n_sync_reg        |                7 |             32 |         4.57 |
|  clk_50mhz           | u_soc/u_core/if_stage_i/prefetch_buffer_i/fifo_i/mem_q[0][31]_i_1_n_0 | u_soc/u_boot_rom/rst_n_sync_reg        |                8 |             32 |         4.00 |
|  clk_50mhz           | u_soc/u_core/if_stage_i/prefetch_buffer_i/fifo_i/mem_q[0]             | u_soc/u_boot_rom/rst_n_sync_reg        |               10 |             32 |         3.20 |
|  clk_50mhz           | u_soc/u_core/if_stage_i/FSM_sequential_mulh_CS_reg[2][0]              | u_soc/u_boot_rom/rst_n_sync_reg        |               18 |             32 |         1.78 |
|  clk_50mhz           | u_soc/u_master_arbiter/FSM_sequential_r_state_q_reg[0]_0[0]           | u_soc/u_boot_rom/rst_n_sync_reg        |                7 |             32 |         4.57 |
|  clk_50mhz           | u_soc/u_master_arbiter/E[0]                                           | u_soc/u_boot_rom/rst_n_sync_reg        |               14 |             32 |         2.29 |
|  clk_50mhz           | u_soc/u_master_arbiter/addr_q_reg[3]_2[0]                             | u_soc/u_boot_rom/rst_n_sync_reg        |               11 |             32 |         2.91 |
|  clk_50mhz           | u_soc/u_master_arbiter/addr_q_reg[5][0]                               | u_soc/u_boot_rom/rst_n_sync_reg        |               14 |             32 |         2.29 |
|  clk_50mhz           | u_soc/u_master_arbiter/data_we_q_reg[0]                               | u_soc/u_boot_rom/rst_n_sync_reg        |               22 |             32 |         1.45 |
|  clk_50mhz           | u_soc/u_master_arbiter/s_axi_bvalid_reg[0]                            | u_soc/u_boot_rom/rst_n_sync_reg        |               11 |             32 |         2.91 |
|  clk_50mhz           | u_soc/u_i2c/op_tdr[31]_i_1_n_0                                        | u_soc/u_boot_rom/rst_n_sync_reg        |                6 |             32 |         5.33 |
|  clk_50mhz           | u_soc/u_interconnect/FSM_onehot_state_q_reg[4][0]                     | u_soc/u_boot_rom/rst_n_sync_reg        |                9 |             32 |         3.56 |
|  clk_50mhz           | u_soc/u_i2c/E[0]                                                      | u_soc/u_boot_rom/rst_n_sync_reg        |               10 |             32 |         3.20 |
|  clk_50mhz           | u_soc/u_jtag/FSM_onehot_bus_state[3]_i_1_n_0                          | u_soc/u_boot_rom/rst_n_sync_reg        |                7 |             32 |         4.57 |
|  clk_50mhz           | u_soc/u_jtag/reg_cmd[31]_i_1_n_0                                      | u_soc/u_boot_rom/rst_n_sync_reg        |                9 |             32 |         3.56 |
|  clk_50mhz           | u_soc/u_jtag/s_axi_rvalid0                                            | u_soc/u_boot_rom/rst_n_sync_reg        |               14 |             32 |         2.29 |
|  clk_50mhz           | u_soc/u_jtag/FSM_onehot_bus_state_reg[0]_0[0]                         | u_soc/u_boot_rom/rst_n_sync_reg        |                9 |             32 |         3.56 |
|  clk_50mhz           | u_soc/u_jtag/reg_data[0]                                              | u_soc/u_boot_rom/rst_n_sync_reg        |                7 |             32 |         4.57 |
|  clk_50mhz           | u_soc/u_jtag/reg_addr[0]                                              | u_soc/u_boot_rom/rst_n_sync_reg        |               10 |             32 |         3.20 |
|  clk_50mhz           | u_soc/u_npu/u_npu_axi_ctrl/mem_rdata[31]_i_1_n_0                      | u_soc/u_boot_rom/rst_n_sync_reg        |                9 |             32 |         3.56 |
|  clk_50mhz           | u_soc/u_interconnect/read_sel_q_reg[0]_3[0]                           | u_soc/u_boot_rom/rst_n_sync_reg        |               13 |             32 |         2.46 |
|  clk_50mhz           | u_soc/u_interconnect/pack_rd_d_reg[0]                                 | u_soc/u_boot_rom/rst_n_sync_reg        |               14 |             32 |         2.29 |
|  clk_50mhz           | u_soc/u_rom_arbiter/rom_req_i                                         | u_soc/u_boot_rom/rst_n_sync_reg        |               13 |             32 |         2.46 |
|  clk_50mhz           | u_soc/u_core/id_stage_i/controller_i/csr_op_ex_o_reg[0]_1[0]          | u_soc/u_boot_rom/rst_n_sync_reg        |               13 |             32 |         2.46 |
|  clk_50mhz           | u_soc/u_core/ex_stage_i/alu_i/alu_div_i/ARegEn_S                      | u_soc/u_boot_rom/rst_n_sync_reg        |                8 |             32 |         4.00 |
|  clk_50mhz           | u_soc/u_core/ex_stage_i/mult_i/FSM_sequential_mulh_CS_reg[1]_2[0]     | u_soc/u_boot_rom/rst_n_sync_reg        |               14 |             32 |         2.29 |
|  clk_50mhz           | u_soc/u_core/ex_stage_i/mult_i/branch_in_ex_o_reg_0[0]                | u_soc/u_boot_rom/rst_n_sync_reg        |               19 |             32 |         1.68 |
|  clk_50mhz           | u_soc/u_npu/u_npu_engine/fc_acc[1][31]_i_1_n_0                        | u_soc/u_boot_rom/rst_n_sync_reg        |                8 |             32 |         4.00 |
|  clk_50mhz           | u_soc/u_npu/u_npu_engine/fc_acc[2][31]_i_1_n_0                        | u_soc/u_boot_rom/rst_n_sync_reg        |                9 |             32 |         3.56 |
|  clk_50mhz           | u_soc/u_npu/u_npu_engine/fc_acc[3][31]_i_1_n_0                        | u_soc/u_boot_rom/rst_n_sync_reg        |               10 |             32 |         3.20 |
|  clk_50mhz           | u_soc/u_core/ex_stage_i/regfile_waddr_lsu_reg[0]_1[0]                 | u_soc/u_boot_rom/rst_n_sync_reg        |               17 |             32 |         1.88 |
|  clk_50mhz           | u_soc/u_core/ex_stage_i/regfile_waddr_lsu_reg[0]_16[0]                | u_soc/u_boot_rom/rst_n_sync_reg        |               18 |             32 |         1.78 |
|  clk_50mhz           | u_soc/u_core/ex_stage_i/regfile_waddr_lsu_reg[0]_19[0]                | u_soc/u_boot_rom/rst_n_sync_reg        |               15 |             32 |         2.13 |
|  clk_50mhz           | u_soc/u_core/ex_stage_i/regfile_waddr_lsu_reg[0]_2[0]                 | u_soc/u_boot_rom/rst_n_sync_reg        |               17 |             32 |         1.88 |
|  clk_50mhz           | u_soc/u_core/ex_stage_i/regfile_waddr_lsu_reg[0]_13[0]                | u_soc/u_boot_rom/rst_n_sync_reg        |               13 |             32 |         2.46 |
|  clk_50mhz           | u_soc/u_core/ex_stage_i/regfile_waddr_lsu_reg[0]_18[0]                | u_soc/u_boot_rom/rst_n_sync_reg        |               15 |             32 |         2.13 |
|  clk_50mhz           | u_soc/u_core/ex_stage_i/regfile_waddr_lsu_reg[0]_3[0]                 | u_soc/u_boot_rom/rst_n_sync_reg        |               15 |             32 |         2.13 |
|  clk_50mhz           | u_soc/u_core/ex_stage_i/regfile_waddr_lsu_reg[0]_4[0]                 | u_soc/u_boot_rom/rst_n_sync_reg        |               14 |             32 |         2.29 |
|  clk_50mhz           | u_soc/u_npu/u_npu_engine/rq_scaled[31]_i_1_n_0                        | u_soc/u_boot_rom/rst_n_sync_reg        |               10 |             32 |         3.20 |
|  clk_50mhz           | u_soc/u_npu/u_npu_engine/rq_srhm[31]_i_1_n_0                          | u_soc/u_boot_rom/rst_n_sync_reg        |                7 |             32 |         4.57 |
|  clk_50mhz           | u_soc/u_core/ex_stage_i/regfile_waddr_lsu_reg[0]_5[0]                 | u_soc/u_boot_rom/rst_n_sync_reg        |               17 |             32 |         1.88 |
|  clk_50mhz           | u_soc/u_core/ex_stage_i/regfile_waddr_lsu_reg[0]_6[0]                 | u_soc/u_boot_rom/rst_n_sync_reg        |               12 |             32 |         2.67 |
|  clk_50mhz           | u_soc/u_core/ex_stage_i/regfile_waddr_lsu_reg[0]_7[0]                 | u_soc/u_boot_rom/rst_n_sync_reg        |               15 |             32 |         2.13 |
|  clk_50mhz           | u_soc/u_core/ex_stage_i/regfile_waddr_lsu_reg[0]_8[0]                 | u_soc/u_boot_rom/rst_n_sync_reg        |               11 |             32 |         2.91 |
|  clk_50mhz           | u_soc/u_npu/u_npu_engine/fc_acc[0]                                    | u_soc/u_boot_rom/rst_n_sync_reg        |                5 |             32 |         6.40 |
|  clk_50mhz           | u_soc/u_core/ex_stage_i/regfile_waddr_lsu_reg[0]_9[0]                 | u_soc/u_boot_rom/rst_n_sync_reg        |               14 |             32 |         2.29 |
|  clk_50mhz           | u_soc/u_npu/u_npu_engine/fc_weight_word[0]                            | u_soc/u_boot_rom/rst_n_sync_reg        |               18 |             32 |         1.78 |
|  clk_50mhz           | u_soc/u_core/ex_stage_i/regfile_waddr_lsu_reg[0]_11[0]                | u_soc/u_boot_rom/rst_n_sync_reg        |               14 |             32 |         2.29 |
|  clk_50mhz           | u_soc/u_npu/u_npu_csr/s_axi_rvalid0                                   | u_soc/u_boot_rom/rst_n_sync_reg        |               18 |             32 |         1.78 |
|  clk_50mhz           | u_soc/u_npu/u_npu_csr/reg_out_addr[0]                                 | u_soc/u_boot_rom/rst_n_sync_reg        |               10 |             32 |         3.20 |
|  clk_50mhz           | u_soc/u_core/ex_stage_i/regfile_waddr_lsu_reg[0]_10[0]                | u_soc/u_boot_rom/rst_n_sync_reg        |               13 |             32 |         2.46 |
|  clk_50mhz           | u_soc/u_npu/u_npu_csr/reg_in_addr[0]                                  | u_soc/u_boot_rom/rst_n_sync_reg        |                8 |             32 |         4.00 |
|  clk_50mhz           | u_soc/u_core/ex_stage_i/regfile_waddr_lsu_reg[0]_12[0]                | u_soc/u_boot_rom/rst_n_sync_reg        |               15 |             32 |         2.13 |
|  clk_50mhz           | u_soc/u_core/ex_stage_i/regfile_waddr_lsu_reg[0]_14[0]                | u_soc/u_boot_rom/rst_n_sync_reg        |                8 |             32 |         4.00 |
|  clk_50mhz           | u_soc/u_qspi/ccr_written_i_1_n_0                                      | u_soc/u_boot_rom/rst_n_sync_reg        |                8 |             32 |         4.00 |
|  clk_50mhz           | u_soc/u_core/ex_stage_i/regfile_waddr_lsu_reg[0]_15[0]                | u_soc/u_boot_rom/rst_n_sync_reg        |               16 |             32 |         2.00 |
|  clk_50mhz           | u_soc/u_core/ex_stage_i/regfile_waddr_lsu_reg[0]_17[0]                | u_soc/u_boot_rom/rst_n_sync_reg        |               12 |             32 |         2.67 |
|  clk_50mhz           | u_soc/u_core/ex_stage_i/regfile_waddr_lsu_reg[0]_20[0]                | u_soc/u_boot_rom/rst_n_sync_reg        |               10 |             32 |         3.20 |
|  clk_50mhz           | u_soc/u_core/ex_stage_i/regfile_we_lsu_reg_2[0]                       | u_soc/u_boot_rom/rst_n_sync_reg        |               17 |             32 |         1.88 |
|  clk_50mhz           | u_soc/u_qspi/s_axi_rvalid0                                            | u_soc/u_boot_rom/rst_n_sync_reg        |               10 |             32 |         3.20 |
|  clk_50mhz           | u_soc/u_core/ex_stage_i/regfile_waddr_lsu_reg[1]_3[0]                 | u_soc/u_boot_rom/rst_n_sync_reg        |               14 |             32 |         2.29 |
|  clk_50mhz           | u_soc/u_core/ex_stage_i/regfile_waddr_lsu_reg[1]_6[0]                 | u_soc/u_boot_rom/rst_n_sync_reg        |               14 |             32 |         2.29 |
|  clk_50mhz           | u_soc/u_core/ex_stage_i/regfile_waddr_lsu_reg[1]_4[0]                 | u_soc/u_boot_rom/rst_n_sync_reg        |               15 |             32 |         2.13 |
|  clk_50mhz           | u_soc/u_core/ex_stage_i/regfile_waddr_lsu_reg[1]_7[0]                 | u_soc/u_boot_rom/rst_n_sync_reg        |               17 |             32 |         1.88 |
|  clk_50mhz           | u_soc/u_core/ex_stage_i/regfile_we_lsu_reg_3[0]                       | u_soc/u_boot_rom/rst_n_sync_reg        |               10 |             32 |         3.20 |
|  clk_50mhz           | u_soc/u_core/ex_stage_i/regfile_we_lsu_reg_1[0]                       | u_soc/u_boot_rom/rst_n_sync_reg        |               13 |             32 |         2.46 |
|  clk_50mhz           | u_soc/u_core/ex_stage_i/regfile_waddr_lsu_reg[1]_1[0]                 | u_soc/u_boot_rom/rst_n_sync_reg        |               14 |             32 |         2.29 |
|  clk_50mhz           | mem_rdata_reg[31]_i_3_n_0                                             |                                        |               11 |             32 |         2.91 |
|  clk_50mhz           | u_soc/u_core/ex_stage_i/regfile_waddr_lsu_reg[1]_2[0]                 | u_soc/u_boot_rom/rst_n_sync_reg        |               14 |             32 |         2.29 |
|  clk_50mhz           | u_soc/u_core/ex_stage_i/regfile_waddr_lsu_reg[1]_5[0]                 | u_soc/u_boot_rom/rst_n_sync_reg        |               13 |             32 |         2.46 |
|  clk_50mhz           | u_soc/u_qspi/reg_adr[0]                                               | u_soc/u_boot_rom/rst_n_sync_reg        |                9 |             32 |         3.56 |
|  clk_50mhz           | u_soc/u_core/ex_stage_i/regfile_waddr_lsu_reg[1]_0[0]                 | u_soc/u_boot_rom/rst_n_sync_reg        |               16 |             32 |         2.00 |
|  clk_50mhz           | u_soc/u_dma/read_data_q[31]_i_1_n_0                                   | u_soc/u_boot_rom/rst_n_sync_reg        |               14 |             32 |         2.29 |
|  clk_50mhz           | u_soc/u_timer/reg_tim_cnt[31]_i_1_n_0                                 | u_soc/u_boot_rom/rst_n_sync_reg        |               11 |             32 |         2.91 |
|  clk_50mhz           | u_soc/u_timer/reg_tim_evn[31]_i_1_n_0                                 | u_soc/u_boot_rom/rst_n_sync_reg        |                7 |             32 |         4.57 |
|  clk_50mhz           | u_soc/u_dma/dst_addr_q[31]_i_1_n_0                                    | u_soc/u_boot_rom/rst_n_sync_reg        |               11 |             32 |         2.91 |
|  clk_50mhz           | u_soc/u_dma/s_axi_rvalid0                                             | u_soc/u_boot_rom/rst_n_sync_reg        |                7 |             32 |         4.57 |
|  clk_50mhz           | u_soc/u_dma/src_addr_q[31]_i_1_n_0                                    | u_soc/u_boot_rom/rst_n_sync_reg        |               11 |             32 |         2.91 |
|  clk_50mhz           | u_soc/u_dma/reg_dst_addr[0]                                           | u_soc/u_boot_rom/rst_n_sync_reg        |                5 |             32 |         6.40 |
|  clk_50mhz           | u_soc/u_dma/reg_src_addr[0]                                           | u_soc/u_boot_rom/rst_n_sync_reg        |                5 |             32 |         6.40 |
|  clk_50mhz           | u_soc/u_uart1/reg_cpb_r[0]                                            | u_soc/u_boot_rom/rst_n_sync_reg        |               14 |             32 |         2.29 |
|  clk_50mhz           | u_soc/u_uart1/reg_stp_r[0]                                            | u_soc/u_boot_rom/rst_n_sync_reg        |               13 |             32 |         2.46 |
|  clk_50mhz           | u_soc/u_dma/reg_xfer_len[0]                                           | u_soc/u_boot_rom/rst_n_sync_reg        |                9 |             32 |         3.56 |
|  clk_50mhz           | u_soc/u_core/id_stage_i/alu_operand_a_ex_o[31]_i_1_n_0                | u_soc/u_boot_rom/rst_n_sync_reg        |               14 |             32 |         2.29 |
|  clk_50mhz           | u_soc/u_core/id_stage_i/alu_operand_b_ex_o_reg[0]_2[0]                | u_soc/u_boot_rom/rst_n_sync_reg        |               15 |             32 |         2.13 |
|  clk_50mhz           | u_soc/u_core/id_stage_i/alu_operand_b_ex_o_reg[11]_0[0]               | u_soc/u_boot_rom/rst_n_sync_reg        |               20 |             32 |         1.60 |
|  clk_50mhz           | u_soc/u_core/id_stage_i/alu_operand_b_ex_o_reg[1]_0[0]                | u_soc/u_boot_rom/rst_n_sync_reg        |               14 |             32 |         2.29 |
|  clk_50mhz           | u_soc/u_core/id_stage_i/csr_op_ex_o_reg[1]_2[0]                       | u_soc/u_boot_rom/rst_n_sync_reg        |               12 |             32 |         2.67 |
|  clk_50mhz           | u_soc/u_uart2/reg_cpb_r[0]                                            | u_soc/u_boot_rom/rst_n_sync_reg        |               12 |             32 |         2.67 |
|  clk_50mhz           | u_soc/u_uart2/reg_irq_en_r[0]                                         | u_soc/u_boot_rom/rst_n_sync_reg        |               17 |             32 |         1.88 |
|  clk_50mhz           | u_soc/u_uart2/reg_stp_r[0]                                            | u_soc/u_boot_rom/rst_n_sync_reg        |               12 |             32 |         2.67 |
|  clk_50mhz           | u_soc/u_core/id_stage_i/csr_op_ex_o_reg[1]_2[1]                       | u_soc/u_boot_rom/rst_n_sync_reg        |               12 |             32 |         2.67 |
|  clk_50mhz           | u_soc/u_uart1/u_tx/clk_cnt_r[31]_i_1_n_0                              | u_soc/u_boot_rom/rst_n_sync_reg        |               10 |             33 |         3.30 |
|  clk_50mhz           | u_soc/u_interconnect/read_sel_q_reg[0]_5[0]                           | u_soc/u_boot_rom/rst_n_sync_reg        |               19 |             33 |         1.74 |
|  clk_50mhz           | u_soc/u_interconnect/rdr_fetch_r_reg[0]                               | u_soc/u_boot_rom/rst_n_sync_reg        |               10 |             33 |         3.30 |
|  clk_50mhz           | u_soc/u_interconnect/read_sel_q_reg[3]_7[0]                           | u_soc/u_boot_rom/rst_n_sync_reg        |               12 |             33 |         2.75 |
|  clk_50mhz           | u_soc/u_interconnect/read_sel_q_reg[3]_4[0]                           | u_soc/u_boot_rom/rst_n_sync_reg        |               18 |             33 |         1.83 |
|  clk_50mhz           | u_soc/u_uart2/u_tx/clk_cnt_r[31]_i_1__1_n_0                           | u_soc/u_boot_rom/rst_n_sync_reg        |               11 |             33 |         3.00 |
|  clk_50mhz           | u_soc/u_interconnect/write_sel_q_reg[3]_7[0]                          | u_soc/u_boot_rom/rst_n_sync_reg        |                9 |             36 |         4.00 |
|  clk_50mhz           | u_soc/u_interconnect/w_valid_lat_reg[0]                               | u_soc/u_boot_rom/rst_n_sync_reg        |               15 |             36 |         2.40 |
|  clk_50mhz           | u_soc/u_interconnect/w_valid_lat_reg_0[0]                             | u_soc/u_boot_rom/rst_n_sync_reg        |               13 |             36 |         2.77 |
|  clk_50mhz           | u_soc/u_interconnect/E[0]                                             | u_soc/u_boot_rom/rst_n_sync_reg        |               14 |             36 |         2.57 |
|  clk_50mhz           | u_soc/u_interconnect/write_sel_q_reg[3]_5[0]                          | u_soc/u_boot_rom/rst_n_sync_reg        |                5 |             36 |         7.20 |
|  clk_50mhz           | u_soc/u_npu/u_npu_engine/exp_val[0]                                   | u_soc/u_boot_rom/rst_n_sync_reg        |               21 |             52 |         2.48 |
|  clk_50mhz           | u_soc/u_npu/u_npu_engine/mac_bo_q[0]                                  | u_soc/u_boot_rom/rst_n_sync_reg        |               20 |             56 |         2.80 |
|  clk_50mhz           | u_soc/u_npu/u_npu_engine/rq_x[31]_i_1_n_0                             | u_soc/u_boot_rom/rst_n_sync_reg        |               21 |             62 |         2.95 |
|  clk_50mhz           | u_soc/u_npu/u_npu_engine/rq_ab[0]                                     | u_soc/u_boot_rom/rst_n_sync_reg        |               15 |             64 |         4.27 |
|  clk_50mhz           | u_soc/u_core/ex_stage_i/alu_i/alu_div_i/BReg_DP[31]_i_1_n_0           | u_soc/u_boot_rom/rst_n_sync_reg        |               31 |             64 |         2.06 |
|  clk_50mhz           | u_soc/u_core/ex_stage_i/mult_i/FSM_sequential_mulh_CS_reg[1]_1[0]     | u_soc/u_boot_rom/rst_n_sync_reg        |               38 |             66 |         1.74 |
|  clk_50mhz           | u_soc/u_core/id_stage_i/E[0]                                          | u_soc/u_boot_rom/rst_n_sync_reg        |               19 |             68 |         3.58 |
|  clk_50mhz           | u_soc/u_core/if_stage_i/prefetch_buffer_i/prefetch_controller_i/E[0]  | u_soc/u_boot_rom/rst_n_sync_reg        |               39 |             74 |         1.90 |
|  clk_50mhz           | u_soc/u_npu/u_npu_csr/reg_npu_reset_reg_rep__4_2[0]                   | u_soc/u_boot_rom/rst_n_sync_reg        |               57 |            256 |         4.49 |
|  clk_50mhz           |                                                                       | u_soc/u_boot_rom/rst_n_sync_reg        |              240 |            551 |         2.30 |
+----------------------+-----------------------------------------------------------------------+----------------------------------------+------------------+----------------+--------------+


