Copyright 1986-2022 Xilinx, Inc. All Rights Reserved. Copyright 2022-2025 Advanced Micro Devices, Inc. All Rights Reserved.
---------------------------------------------------------------------------------------------------------------------------------------------
| Tool Version : Vivado v.2025.2 (win64) Build 6299465 Fri Nov 14 19:35:11 GMT 2025
| Date         : Sat Aug 15 15:57:06 2026
| Host         : baris running 64-bit major release  (build 9200)
| Command      : report_timing_summary -file timing_synth.rpt
| Design       : soc_top
| Device       : 7a35t-csg324
| Speed File   : -1  PRODUCTION 1.23 2018-06-13
| Design State : Synthesized
---------------------------------------------------------------------------------------------------------------------------------------------

Timing Summary Report

------------------------------------------------------------------------------------------------
| Timer Settings
| --------------
------------------------------------------------------------------------------------------------

  Enable Multi Corner Analysis               :  Yes
  Enable Pessimism Removal                   :  Yes
  Pessimism Removal Resolution               :  Nearest Common Node
  Enable Input Delay Default Clock           :  No
  Enable Preset / Clear Arcs                 :  No
  Disable Flight Delays                      :  No
  Ignore I/O Paths                           :  No
  Timing Early Launch at Borrowing Latches   :  No
  Borrow Time for Max Delay Exceptions       :  Yes
  Merge Timing Exceptions                    :  Yes
  Inter-SLR Compensation                     :  Conservative

  Corner  Analyze    Analyze    
  Name    Max Paths  Min Paths  
  ------  ---------  ---------  
  Slow    Yes        Yes        
  Fast    Yes        Yes        


------------------------------------------------------------------------------------------------
| Report Methodology
| ------------------
------------------------------------------------------------------------------------------------

No report available as report_methodology has not been run prior. Run report_methodology on the current design for the summary of methodology violations.



check_timing report

Table of Contents
-----------------
1. checking no_clock (0)
2. checking constant_clock (0)
3. checking pulse_width_clock (0)
4. checking unconstrained_internal_endpoints (0)
5. checking no_input_delay (27)
6. checking no_output_delay (43)
7. checking multiple_clock (0)
8. checking generated_clocks (0)
9. checking loops (0)
10. checking partial_input_delay (0)
11. checking partial_output_delay (0)
12. checking latch_loops (0)

1. checking no_clock (0)
------------------------
 There are 0 register/latch pins with no clock.


2. checking constant_clock (0)
------------------------------
 There are 0 register/latch pins with constant_clock.


3. checking pulse_width_clock (0)
---------------------------------
 There are 0 register/latch pins which need pulse_width check


4. checking unconstrained_internal_endpoints (0)
------------------------------------------------
 There are 0 pins that are not constrained for maximum delay.

 There are 0 pins that are not constrained for maximum delay due to constant clock.


5. checking no_input_delay (27)
-------------------------------
 There are 27 input ports with no input delay specified. (HIGH)

 There are 0 input ports with no input delay but user has a false path constraint.


6. checking no_output_delay (43)
--------------------------------
 There are 43 ports with no output delay specified. (HIGH)

 There are 0 ports with no output delay but user has a false path constraint

 There are 0 ports with no output delay but with a timing clock defined on it or propagating through it


7. checking multiple_clock (0)
------------------------------
 There are 0 register/latch pins with multiple clocks.


8. checking generated_clocks (0)
--------------------------------
 There are 0 generated clocks that are not connected to a clock source.


9. checking loops (0)
---------------------
 There are 0 combinational loops in the design.


10. checking partial_input_delay (0)
------------------------------------
 There are 0 input ports with partial input delay specified.


11. checking partial_output_delay (0)
-------------------------------------
 There are 0 ports with partial output delay specified.


12. checking latch_loops (0)
----------------------------
 There are 0 combinational latch loops in the design through latch input



------------------------------------------------------------------------------------------------
| Design Timing Summary
| ---------------------
------------------------------------------------------------------------------------------------

    WNS(ns)      TNS(ns)  TNS Failing Endpoints  TNS Total Endpoints      WHS(ns)      THS(ns)  THS Failing Endpoints  THS Total Endpoints     WPWS(ns)     TPWS(ns)  TPWS Failing Endpoints  TPWS Total Endpoints  
    -------      -------  ---------------------  -------------------      -------      -------  ---------------------  -------------------     --------     --------  ----------------------  --------------------  
      2.903        0.000                      0                10854        0.109        0.000                      0                10854        8.750        0.000                       0                  5267  


All user specified timing constraints are met.


------------------------------------------------------------------------------------------------
| Clock Summary
| -------------
------------------------------------------------------------------------------------------------

Clock     Waveform(ns)         Period(ns)      Frequency(MHz)
-----     ------------         ----------      --------------
clk_i     {0.000 10.000}       20.000          50.000          
jtag_tck  {0.000 50.000}       100.000         10.000          


------------------------------------------------------------------------------------------------
| Intra Clock Table
| -----------------
------------------------------------------------------------------------------------------------

Clock             WNS(ns)      TNS(ns)  TNS Failing Endpoints  TNS Total Endpoints      WHS(ns)      THS(ns)  THS Failing Endpoints  THS Total Endpoints     WPWS(ns)     TPWS(ns)  TPWS Failing Endpoints  TPWS Total Endpoints  
-----             -------      -------  ---------------------  -------------------      -------      -------  ---------------------  -------------------     --------     --------  ----------------------  --------------------  
clk_i               2.903        0.000                      0                10545        0.109        0.000                      0                10545        8.750        0.000                       0                  5112  
jtag_tck           97.251        0.000                      0                  291        0.139        0.000                      0                  291       49.500        0.000                       0                   155  


------------------------------------------------------------------------------------------------
| Inter Clock Table
| -----------------
------------------------------------------------------------------------------------------------

From Clock    To Clock          WNS(ns)      TNS(ns)  TNS Failing Endpoints  TNS Total Endpoints      WHS(ns)      THS(ns)  THS Failing Endpoints  THS Total Endpoints  
----------    --------          -------      -------  ---------------------  -------------------      -------      -------  ---------------------  -------------------  


------------------------------------------------------------------------------------------------
| Other Path Groups Table
| -----------------------
------------------------------------------------------------------------------------------------

Path Group         From Clock         To Clock               WNS(ns)      TNS(ns)  TNS Failing Endpoints  TNS Total Endpoints      WHS(ns)      THS(ns)  THS Failing Endpoints  THS Total Endpoints  
----------         ----------         --------               -------      -------  ---------------------  -------------------      -------      -------  ---------------------  -------------------  
**async_default**  clk_i              clk_i                   17.357        0.000                      0                   18        0.737        0.000                      0                   18  


------------------------------------------------------------------------------------------------
| Timing Details
| --------------
------------------------------------------------------------------------------------------------


---------------------------------------------------------------------------------------------------
From Clock:  clk_i
  To Clock:  clk_i

Setup :            0  Failing Endpoints,  Worst Slack        2.903ns,  Total Violation        0.000ns
Hold  :            0  Failing Endpoints,  Worst Slack        0.109ns,  Total Violation        0.000ns
PW    :            0  Failing Endpoints,  Worst Slack        8.750ns,  Total Violation        0.000ns
---------------------------------------------------------------------------------------------------


Max Delay Paths
--------------------------------------------------------------------------------------
Slack (MET) :             2.903ns  (required time - arrival time)
  Source:                 u_npu/u_npu_engine/t_out_reg[1]/C
                            (rising edge-triggered cell FDCE clocked by clk_i  {rise@0.000ns fall@10.000ns period=20.000ns})
  Destination:            u_npu/u_npu_engine/fc_acc_reg[1][29]/D
                            (rising edge-triggered cell FDCE clocked by clk_i  {rise@0.000ns fall@10.000ns period=20.000ns})
  Path Group:             clk_i
  Path Type:              Setup (Max at Slow Process Corner)
  Requirement:            20.000ns  (clk_i rise@20.000ns - clk_i rise@0.000ns)
  Data Path Delay:        16.946ns  (logic 8.687ns (51.263%)  route 8.259ns (48.737%))
  Logic Levels:           21  (CARRY4=13 LUT2=3 LUT3=1 LUT4=2 LUT6=2)
  Clock Path Skew:        -0.145ns (DCD - SCD + CPR)
    Destination Clock Delay (DCD):    2.129ns = ( 22.129 - 20.000 ) 
    Source Clock Delay      (SCD):    2.453ns
    Clock Pessimism Removal (CPR):    0.179ns
  Clock Uncertainty:      0.035ns  ((TSJ^2 + TIJ^2)^1/2 + DJ) / 2 + PE
    Total System Jitter     (TSJ):    0.071ns
    Total Input Jitter      (TIJ):    0.000ns
    Discrete Jitter          (DJ):    0.000ns
    Phase Error              (PE):    0.000ns

    Location             Delay type                Incr(ns)  Path(ns)    Netlist Resource(s)
  -------------------------------------------------------------------    -------------------
                         (clock clk_i rise edge)      0.000     0.000 r  
                                                      0.000     0.000 r  clk_i (IN)
                         net (fo=0)                   0.000     0.000    clk_i
                         IBUF (Prop_ibuf_I_O)         0.973     0.973 r  clk_i_IBUF_inst/O
                         net (fo=1, unplaced)         0.800     1.773    clk_i_IBUF
                         BUFG (Prop_bufg_I_O)         0.096     1.869 r  clk_i_IBUF_BUFG_inst/O
                         net (fo=5111, unplaced)      0.584     2.453    u_npu/u_npu_engine/clk
                         FDCE                                         r  u_npu/u_npu_engine/t_out_reg[1]/C
  -------------------------------------------------------------------    -------------------
                         FDCE (Prop_fdce_C_Q)         0.456     2.909 f  u_npu/u_npu_engine/t_out_reg[1]/Q
                         net (fo=17, unplaced)        0.797     3.706    u_npu/u_npu_engine/t_out[1]
                         LUT4 (Prop_lut4_I1_O)        0.319     4.025 r  u_npu/u_npu_engine/fc_acc[0][5]_i_26/O
                         net (fo=2, unplaced)         0.395     4.420    u_npu/u_npu_engine/fc_acc[0][5]_i_26_n_0
                         CARRY4 (Prop_carry4_DI[1]_O[2])
                                                      0.770     5.190 r  u_npu/u_npu_engine/fc_acc_reg[0][5]_i_24/O[2]
                         net (fo=1, unplaced)         0.813     6.003    u_npu/u_npu_engine/fc_acc_reg[0][5]_i_24_n_5
                         CARRY4 (Prop_carry4_S[3]_CO[3])
                                                      0.677     6.680 r  u_npu/u_npu_engine/fc_acc_reg[0][5]_i_22/CO[3]
                         net (fo=1, unplaced)         0.000     6.680    u_npu/u_npu_engine/fc_acc_reg[0][5]_i_22_n_0
                         CARRY4 (Prop_carry4_CI_O[0])
                                                      0.232     6.912 r  u_npu/u_npu_engine/fc_acc_reg[0][5]_i_23/O[0]
                         net (fo=1, unplaced)         0.983     7.895    u_npu/u_npu_engine/fc_acc_reg[0][5]_i_23_n_7
                         CARRY4 (Prop_carry4_S[3]_O[3])
                                                      0.550     8.445 r  u_npu/u_npu_engine/fc_acc_reg[0][5]_i_21/O[3]
                         net (fo=4, unplaced)         0.830     9.275    u_npu/u_npu_engine/fc_acc_reg[0][5]_i_21_n_4
                         CARRY4 (Prop_carry4_S[1]_O[1])
                                                      0.537     9.812 r  u_npu/u_npu_engine/fc_acc_reg[1][5]_i_24/O[1]
                         net (fo=1, unplaced)         0.611    10.423    u_npu/u_npu_engine/sel[13]
                         LUT6 (Prop_lut6_I4_O)        0.306    10.729 f  u_npu/u_npu_engine/p_0_out_inferred__5/fc_acc[1][5]_i_20/O
                         net (fo=1, unplaced)         0.449    11.178    u_npu/u_npu_engine/p_0_out_inferred__5/fc_acc[1][5]_i_20_n_0
                         LUT6 (Prop_lut6_I5_O)        0.124    11.302 f  u_npu/u_npu_engine/p_0_out_inferred__5/fc_acc[1][5]_i_8/O
                         net (fo=61, unplaced)        0.536    11.838    u_npu/u_npu_engine/p_0_out_inferred__5/fc_acc[1][5]_i_8_n_0
                         LUT3 (Prop_lut3_I2_O)        0.124    11.962 r  u_npu/u_npu_engine/fc_acc[1][5]_i_9/O
                         net (fo=1, unplaced)         0.333    12.295    u_npu/u_npu_engine/fc_acc[1][5]_i_9_n_0
                         CARRY4 (Prop_carry4_CYINIT_CO[3])
                                                      0.595    12.890 r  u_npu/u_npu_engine/fc_acc_reg[1][5]_i_7/CO[3]
                         net (fo=1, unplaced)         0.009    12.899    u_npu/u_npu_engine/fc_acc_reg[1][5]_i_7_n_0
                         CARRY4 (Prop_carry4_CI_CO[3])
                                                      0.117    13.016 r  u_npu/u_npu_engine/fc_acc_reg[1][13]_i_8/CO[3]
                         net (fo=1, unplaced)         0.000    13.016    u_npu/u_npu_engine/fc_acc_reg[1][13]_i_8_n_0
                         CARRY4 (Prop_carry4_CI_O[1])
                                                      0.337    13.353 r  u_npu/u_npu_engine/fc_acc_reg[1][17]_i_8/O[1]
                         net (fo=3, unplaced)         0.629    13.982    u_npu/u_npu_engine/fc_acc_reg[1][17]_i_8_n_6
                         LUT2 (Prop_lut2_I0_O)        0.306    14.288 r  u_npu/u_npu_engine/fc_acc[1][17]_i_11/O
                         net (fo=1, unplaced)         0.000    14.288    u_npu/u_npu_engine/fc_acc[1][17]_i_11_n_0
                         CARRY4 (Prop_carry4_S[1]_CO[3])
                                                      0.533    14.821 r  u_npu/u_npu_engine/fc_acc_reg[1][17]_i_7/CO[3]
                         net (fo=1, unplaced)         0.000    14.821    u_npu/u_npu_engine/fc_acc_reg[1][17]_i_7_n_0
                         CARRY4 (Prop_carry4_CI_O[3])
                                                      0.331    15.152 r  u_npu/u_npu_engine/fc_acc_reg[1][21]_i_7/O[3]
                         net (fo=2, unplaced)         0.629    15.781    u_npu/u_npu_engine/fc_acc_reg[1][21]_i_7_n_4
                         LUT4 (Prop_lut4_I0_O)        0.307    16.088 r  u_npu/u_npu_engine/fc_acc[1][25]_i_11/O
                         net (fo=1, unplaced)         0.000    16.088    u_npu/u_npu_engine/fc_acc[1][25]_i_11_n_0
                         CARRY4 (Prop_carry4_S[0]_CO[3])
                                                      0.513    16.601 r  u_npu/u_npu_engine/fc_acc_reg[1][25]_i_7/CO[3]
                         net (fo=1, unplaced)         0.009    16.610    u_npu/u_npu_engine/fc_acc_reg[1][25]_i_7_n_0
                         CARRY4 (Prop_carry4_CI_O[3])
                                                      0.331    16.941 r  u_npu/u_npu_engine/fc_acc_reg[1][29]_i_7/O[3]
                         net (fo=1, unplaced)         0.618    17.559    u_npu/u_npu_engine/p_2_out[26]
                         LUT2 (Prop_lut2_I1_O)        0.307    17.866 r  u_npu/u_npu_engine/fc_acc[1][29]_i_6/O
                         net (fo=1, unplaced)         0.000    17.866    u_npu/u_npu_engine/fc_acc[1][29]_i_6_n_0
                         CARRY4 (Prop_carry4_S[0]_O[3])
                                                      0.608    18.474 r  u_npu/u_npu_engine/fc_acc_reg[1][29]_i_2/O[3]
                         net (fo=1, unplaced)         0.618    19.092    u_npu/u_npu_engine/fc_acc_reg[1][29]_i_2_n_4
                         LUT2 (Prop_lut2_I1_O)        0.307    19.399 r  u_npu/u_npu_engine/fc_acc[1][29]_i_1/O
                         net (fo=1, unplaced)         0.000    19.399    u_npu/u_npu_engine/fc_acc[1][29]_i_1_n_0
                         FDCE                                         r  u_npu/u_npu_engine/fc_acc_reg[1][29]/D
  -------------------------------------------------------------------    -------------------

                         (clock clk_i rise edge)     20.000    20.000 r  
                                                      0.000    20.000 r  clk_i (IN)
                         net (fo=0)                   0.000    20.000    clk_i
                         IBUF (Prop_ibuf_I_O)         0.840    20.840 r  clk_i_IBUF_inst/O
                         net (fo=1, unplaced)         0.760    21.599    clk_i_IBUF
                         BUFG (Prop_bufg_I_O)         0.091    21.690 r  clk_i_IBUF_BUFG_inst/O
                         net (fo=5111, unplaced)      0.439    22.129    u_npu/u_npu_engine/clk
                         FDCE                                         r  u_npu/u_npu_engine/fc_acc_reg[1][29]/C
                         clock pessimism              0.179    22.308    
                         clock uncertainty           -0.035    22.273    
                         FDCE (Setup_fdce_C_D)        0.029    22.302    u_npu/u_npu_engine/fc_acc_reg[1][29]
  -------------------------------------------------------------------
                         required time                         22.302    
                         arrival time                         -19.399    
  -------------------------------------------------------------------
                         slack                                  2.903    





Min Delay Paths
--------------------------------------------------------------------------------------
Slack (MET) :             0.109ns  (arrival time - required time)
  Source:                 u_qspi/rx_wr_ptr_reg[3]/C
                            (rising edge-triggered cell FDCE clocked by clk_i  {rise@0.000ns fall@10.000ns period=20.000ns})
  Destination:            u_qspi/rx_fifo_reg_0_63_0_0/DP/WADR3
                            (rising edge-triggered cell RAMD64E clocked by clk_i  {rise@0.000ns fall@10.000ns period=20.000ns})
  Path Group:             clk_i
  Path Type:              Hold (Min at Fast Process Corner)
  Requirement:            0.000ns  (clk_i rise@0.000ns - clk_i rise@0.000ns)
  Data Path Delay:        0.441ns  (logic 0.141ns (31.964%)  route 0.300ns (68.036%))
  Logic Levels:           0  
  Clock Path Skew:        0.145ns (DCD - SCD - CPR)
    Destination Clock Delay (DCD):    1.034ns
    Source Clock Delay      (SCD):    0.679ns
    Clock Pessimism Removal (CPR):    0.210ns

    Location             Delay type                Incr(ns)  Path(ns)    Netlist Resource(s)
  -------------------------------------------------------------------    -------------------
                         (clock clk_i rise edge)      0.000     0.000 r  
                                                      0.000     0.000 r  clk_i (IN)
                         net (fo=0)                   0.000     0.000    clk_i
                         IBUF (Prop_ibuf_I_O)         0.202     0.202 r  clk_i_IBUF_inst/O
                         net (fo=1, unplaced)         0.337     0.539    clk_i_IBUF
                         BUFG (Prop_bufg_I_O)         0.026     0.565 r  clk_i_IBUF_BUFG_inst/O
                         net (fo=5111, unplaced)      0.114     0.679    u_qspi/clk
                         FDCE                                         r  u_qspi/rx_wr_ptr_reg[3]/C
  -------------------------------------------------------------------    -------------------
                         FDCE (Prop_fdce_C_Q)         0.141     0.820 r  u_qspi/rx_wr_ptr_reg[3]/Q
                         net (fo=100, unplaced)       0.300     1.120    u_qspi/rx_fifo_reg_0_63_0_0/A3
                         RAMD64E                                      r  u_qspi/rx_fifo_reg_0_63_0_0/DP/WADR3
  -------------------------------------------------------------------    -------------------

                         (clock clk_i rise edge)      0.000     0.000 r  
                                                      0.000     0.000 r  clk_i (IN)
                         net (fo=0)                   0.000     0.000    clk_i
                         IBUF (Prop_ibuf_I_O)         0.391     0.391 r  clk_i_IBUF_inst/O
                         net (fo=1, unplaced)         0.355     0.746    clk_i_IBUF
                         BUFG (Prop_bufg_I_O)         0.029     0.775 r  clk_i_IBUF_BUFG_inst/O
                         net (fo=5111, unplaced)      0.259     1.034    u_qspi/rx_fifo_reg_0_63_0_0/WCLK
                         RAMD64E                                      r  u_qspi/rx_fifo_reg_0_63_0_0/DP/CLK
                         clock pessimism             -0.210     0.824    
                         RAMD64E (Hold_ramd64e_CLK_WADR3)
                                                      0.187     1.011    u_qspi/rx_fifo_reg_0_63_0_0/DP
  -------------------------------------------------------------------
                         required time                         -1.011    
                         arrival time                           1.120    
  -------------------------------------------------------------------
                         slack                                  0.109    





Pulse Width Checks
--------------------------------------------------------------------------------------
Clock Name:         clk_i
Waveform(ns):       { 0.000 10.000 }
Period(ns):         20.000
Sources:            { clk_i }

Check Type        Corner  Lib Pin             Reference Pin  Required(ns)  Actual(ns)  Slack(ns)  Location  Pin
Min Period        n/a     RAMB36E1/CLKARDCLK  n/a            2.944         20.000      17.056               u_data_ram/ram_reg_0/CLKARDCLK
Low Pulse Width   Slow    RAMD64E/CLK         n/a            1.250         10.000      8.750                u_qspi/rx_fifo_reg_0_63_0_0/DP/CLK
High Pulse Width  Slow    RAMD64E/CLK         n/a            1.250         10.000      8.750                u_qspi/rx_fifo_reg_0_63_0_0/DP/CLK



---------------------------------------------------------------------------------------------------
From Clock:  jtag_tck
  To Clock:  jtag_tck

Setup :            0  Failing Endpoints,  Worst Slack       97.251ns,  Total Violation        0.000ns
Hold  :            0  Failing Endpoints,  Worst Slack        0.139ns,  Total Violation        0.000ns
PW    :            0  Failing Endpoints,  Worst Slack       49.500ns,  Total Violation        0.000ns
---------------------------------------------------------------------------------------------------


Max Delay Paths
--------------------------------------------------------------------------------------
Slack (MET) :             97.251ns  (required time - arrival time)
  Source:                 u_jtag/FSM_onehot_tap_state_reg[11]/C
                            (rising edge-triggered cell FDCE clocked by jtag_tck  {rise@0.000ns fall@50.000ns period=100.000ns})
  Destination:            u_jtag/dr_reg_reg[0]/CE
                            (rising edge-triggered cell FDCE clocked by jtag_tck  {rise@0.000ns fall@50.000ns period=100.000ns})
  Path Group:             jtag_tck
  Path Type:              Setup (Max at Slow Process Corner)
  Requirement:            100.000ns  (jtag_tck rise@100.000ns - jtag_tck rise@0.000ns)
  Data Path Delay:        2.367ns  (logic 0.751ns (31.728%)  route 1.616ns (68.272%))
  Logic Levels:           1  (LUT6=1)
  Clock Path Skew:        -0.145ns (DCD - SCD + CPR)
    Destination Clock Delay (DCD):    2.129ns = ( 102.129 - 100.000 ) 
    Source Clock Delay      (SCD):    2.453ns
    Clock Pessimism Removal (CPR):    0.179ns
  Clock Uncertainty:      0.035ns  ((TSJ^2 + TIJ^2)^1/2 + DJ) / 2 + PE
    Total System Jitter     (TSJ):    0.071ns
    Total Input Jitter      (TIJ):    0.000ns
    Discrete Jitter          (DJ):    0.000ns
    Phase Error              (PE):    0.000ns

    Location             Delay type                Incr(ns)  Path(ns)    Netlist Resource(s)
  -------------------------------------------------------------------    -------------------
                         (clock jtag_tck rise edge)
                                                      0.000     0.000 r  
                                                      0.000     0.000 r  jtag_tck (IN)
                         net (fo=0)                   0.000     0.000    jtag_tck
                         IBUF (Prop_ibuf_I_O)         0.973     0.973 r  jtag_tck_IBUF_inst/O
                         net (fo=1, unplaced)         0.800     1.773    jtag_tck_IBUF
                         BUFG (Prop_bufg_I_O)         0.096     1.869 r  jtag_tck_IBUF_BUFG_inst/O
                         net (fo=154, unplaced)       0.584     2.453    u_jtag/CLK
                         FDCE                                         r  u_jtag/FSM_onehot_tap_state_reg[11]/C
  -------------------------------------------------------------------    -------------------
                         FDCE (Prop_fdce_C_Q)         0.456     2.909 r  u_jtag/FSM_onehot_tap_state_reg[11]/Q
                         net (fo=69, unplaced)        1.055     3.964    u_jtag/FSM_onehot_tap_state_reg_n_0_[11]
                         LUT6 (Prop_lut6_I0_O)        0.295     4.259 r  u_jtag/dr_reg[63]_i_1/O
                         net (fo=64, unplaced)        0.561     4.820    u_jtag/dr_reg[0]
                         FDCE                                         r  u_jtag/dr_reg_reg[0]/CE
  -------------------------------------------------------------------    -------------------

                         (clock jtag_tck rise edge)
                                                    100.000   100.000 r  
                                                      0.000   100.000 r  jtag_tck (IN)
                         net (fo=0)                   0.000   100.000    jtag_tck
                         IBUF (Prop_ibuf_I_O)         0.840   100.840 r  jtag_tck_IBUF_inst/O
                         net (fo=1, unplaced)         0.760   101.599    jtag_tck_IBUF
                         BUFG (Prop_bufg_I_O)         0.091   101.690 r  jtag_tck_IBUF_BUFG_inst/O
                         net (fo=154, unplaced)       0.439   102.129    u_jtag/CLK
                         FDCE                                         r  u_jtag/dr_reg_reg[0]/C
                         clock pessimism              0.179   102.308    
                         clock uncertainty           -0.035   102.273    
                         FDCE (Setup_fdce_C_CE)      -0.202   102.071    u_jtag/dr_reg_reg[0]
  -------------------------------------------------------------------
                         required time                        102.071    
                         arrival time                          -4.820    
  -------------------------------------------------------------------
                         slack                                 97.251    





Min Delay Paths
--------------------------------------------------------------------------------------
Slack (MET) :             0.139ns  (arrival time - required time)
  Source:                 u_jtag/FSM_onehot_tap_state_reg[14]/C
                            (rising edge-triggered cell FDCE clocked by jtag_tck  {rise@0.000ns fall@50.000ns period=100.000ns})
  Destination:            u_jtag/FSM_onehot_tap_state_reg[11]/D
                            (rising edge-triggered cell FDCE clocked by jtag_tck  {rise@0.000ns fall@50.000ns period=100.000ns})
  Path Group:             jtag_tck
  Path Type:              Hold (Min at Fast Process Corner)
  Requirement:            0.000ns  (jtag_tck rise@0.000ns - jtag_tck rise@0.000ns)
  Data Path Delay:        0.375ns  (logic 0.239ns (63.779%)  route 0.136ns (36.221%))
  Logic Levels:           1  (LUT4=1)
  Clock Path Skew:        0.145ns (DCD - SCD - CPR)
    Destination Clock Delay (DCD):    1.034ns
    Source Clock Delay      (SCD):    0.679ns
    Clock Pessimism Removal (CPR):    0.210ns

    Location             Delay type                Incr(ns)  Path(ns)    Netlist Resource(s)
  -------------------------------------------------------------------    -------------------
                         (clock jtag_tck rise edge)
                                                      0.000     0.000 r  
                                                      0.000     0.000 r  jtag_tck (IN)
                         net (fo=0)                   0.000     0.000    jtag_tck
                         IBUF (Prop_ibuf_I_O)         0.202     0.202 r  jtag_tck_IBUF_inst/O
                         net (fo=1, unplaced)         0.337     0.539    jtag_tck_IBUF
                         BUFG (Prop_bufg_I_O)         0.026     0.565 r  jtag_tck_IBUF_BUFG_inst/O
                         net (fo=154, unplaced)       0.114     0.679    u_jtag/CLK
                         FDCE                                         r  u_jtag/FSM_onehot_tap_state_reg[14]/C
  -------------------------------------------------------------------    -------------------
                         FDCE (Prop_fdce_C_Q)         0.141     0.820 r  u_jtag/FSM_onehot_tap_state_reg[14]/Q
                         net (fo=2, unplaced)         0.136     0.956    u_jtag/FSM_onehot_tap_state_reg_n_0_[14]
                         LUT4 (Prop_lut4_I3_O)        0.098     1.054 r  u_jtag/FSM_onehot_tap_state[11]_i_1/O
                         net (fo=1, unplaced)         0.000     1.054    u_jtag/FSM_onehot_tap_state[11]_i_1_n_0
                         FDCE                                         r  u_jtag/FSM_onehot_tap_state_reg[11]/D
  -------------------------------------------------------------------    -------------------

                         (clock jtag_tck rise edge)
                                                      0.000     0.000 r  
                                                      0.000     0.000 r  jtag_tck (IN)
                         net (fo=0)                   0.000     0.000    jtag_tck
                         IBUF (Prop_ibuf_I_O)         0.391     0.391 r  jtag_tck_IBUF_inst/O
                         net (fo=1, unplaced)         0.355     0.746    jtag_tck_IBUF
                         BUFG (Prop_bufg_I_O)         0.029     0.775 r  jtag_tck_IBUF_BUFG_inst/O
                         net (fo=154, unplaced)       0.259     1.034    u_jtag/CLK
                         FDCE                                         r  u_jtag/FSM_onehot_tap_state_reg[11]/C
                         clock pessimism             -0.210     0.824    
                         FDCE (Hold_fdce_C_D)         0.091     0.915    u_jtag/FSM_onehot_tap_state_reg[11]
  -------------------------------------------------------------------
                         required time                         -0.915    
                         arrival time                           1.054    
  -------------------------------------------------------------------
                         slack                                  0.139    





Pulse Width Checks
--------------------------------------------------------------------------------------
Clock Name:         jtag_tck
Waveform(ns):       { 0.000 50.000 }
Period(ns):         100.000
Sources:            { jtag_tck }

Check Type        Corner  Lib Pin  Reference Pin  Required(ns)  Actual(ns)  Slack(ns)  Location  Pin
Min Period        n/a     BUFG/I   n/a            2.155         100.000     97.845               jtag_tck_IBUF_BUFG_inst/I
Low Pulse Width   Slow    FDPE/C   n/a            0.500         50.000      49.500               u_jtag/FSM_onehot_tap_state_reg[0]/C
High Pulse Width  Slow    FDPE/C   n/a            0.500         50.000      49.500               u_jtag/FSM_onehot_tap_state_reg[0]/C



---------------------------------------------------------------------------------------------------
Path Group:  **async_default**
From Clock:  clk_i
  To Clock:  clk_i

Setup :            0  Failing Endpoints,  Worst Slack       17.357ns,  Total Violation        0.000ns
Hold  :            0  Failing Endpoints,  Worst Slack        0.737ns,  Total Violation        0.000ns
---------------------------------------------------------------------------------------------------


Max Delay Paths
--------------------------------------------------------------------------------------
Slack (MET) :             17.357ns  (required time - arrival time)
  Source:                 u_uart2/fifo_clr_r_reg/C
                            (rising edge-triggered cell FDCE clocked by clk_i  {rise@0.000ns fall@10.000ns period=20.000ns})
  Destination:            u_uart2/u_rx_fifo/rd_ptr_r_reg[0]/CLR
                            (recovery check against rising-edge clock clk_i  {rise@0.000ns fall@10.000ns period=20.000ns})
  Path Group:             **async_default**
  Path Type:              Recovery (Max at Slow Process Corner)
  Requirement:            20.000ns  (clk_i rise@20.000ns - clk_i rise@0.000ns)
  Data Path Delay:        2.054ns  (logic 0.751ns (36.563%)  route 1.303ns (63.437%))
  Logic Levels:           1  (LUT2=1)
  Clock Path Skew:        -0.145ns (DCD - SCD + CPR)
    Destination Clock Delay (DCD):    2.129ns = ( 22.129 - 20.000 ) 
    Source Clock Delay      (SCD):    2.453ns
    Clock Pessimism Removal (CPR):    0.179ns
  Clock Uncertainty:      0.035ns  ((TSJ^2 + TIJ^2)^1/2 + DJ) / 2 + PE
    Total System Jitter     (TSJ):    0.071ns
    Total Input Jitter      (TIJ):    0.000ns
    Discrete Jitter          (DJ):    0.000ns
    Phase Error              (PE):    0.000ns

    Location             Delay type                Incr(ns)  Path(ns)    Netlist Resource(s)
  -------------------------------------------------------------------    -------------------
                         (clock clk_i rise edge)      0.000     0.000 r  
                                                      0.000     0.000 r  clk_i (IN)
                         net (fo=0)                   0.000     0.000    clk_i
                         IBUF (Prop_ibuf_I_O)         0.973     0.973 r  clk_i_IBUF_inst/O
                         net (fo=1, unplaced)         0.800     1.773    clk_i_IBUF
                         BUFG (Prop_bufg_I_O)         0.096     1.869 r  clk_i_IBUF_BUFG_inst/O
                         net (fo=5111, unplaced)      0.584     2.453    u_uart2/clk
                         FDCE                                         r  u_uart2/fifo_clr_r_reg/C
  -------------------------------------------------------------------    -------------------
                         FDCE (Prop_fdce_C_Q)         0.456     2.909 f  u_uart2/fifo_clr_r_reg/Q
                         net (fo=1, unplaced)         0.470     3.379    u_uart2/u_rx_fifo/fifo_clr_r
                         LUT2 (Prop_lut2_I0_O)        0.295     3.674 f  u_uart2/u_rx_fifo/rd_ptr_r[8]_i_2/O
                         net (fo=18, unplaced)        0.833     4.507    u_uart2/u_rx_fifo/rd_ptr_r[8]_i_2_n_0
                         FDCE                                         f  u_uart2/u_rx_fifo/rd_ptr_r_reg[0]/CLR
  -------------------------------------------------------------------    -------------------

                         (clock clk_i rise edge)     20.000    20.000 r  
                                                      0.000    20.000 r  clk_i (IN)
                         net (fo=0)                   0.000    20.000    clk_i
                         IBUF (Prop_ibuf_I_O)         0.840    20.840 r  clk_i_IBUF_inst/O
                         net (fo=1, unplaced)         0.760    21.599    clk_i_IBUF
                         BUFG (Prop_bufg_I_O)         0.091    21.690 r  clk_i_IBUF_BUFG_inst/O
                         net (fo=5111, unplaced)      0.439    22.129    u_uart2/u_rx_fifo/clk
                         FDCE                                         r  u_uart2/u_rx_fifo/rd_ptr_r_reg[0]/C
                         clock pessimism              0.179    22.308    
                         clock uncertainty           -0.035    22.273    
                         FDCE (Recov_fdce_C_CLR)     -0.409    21.864    u_uart2/u_rx_fifo/rd_ptr_r_reg[0]
  -------------------------------------------------------------------
                         required time                         21.864    
                         arrival time                          -4.507    
  -------------------------------------------------------------------
                         slack                                 17.357    





Min Delay Paths
--------------------------------------------------------------------------------------
Slack (MET) :             0.737ns  (arrival time - required time)
  Source:                 u_uart2/fifo_clr_r_reg/C
                            (rising edge-triggered cell FDCE clocked by clk_i  {rise@0.000ns fall@10.000ns period=20.000ns})
  Destination:            u_uart2/u_rx_fifo/rd_ptr_r_reg[0]/CLR
                            (removal check against rising-edge clock clk_i  {rise@0.000ns fall@10.000ns period=20.000ns})
  Path Group:             **async_default**
  Path Type:              Removal (Min at Fast Process Corner)
  Requirement:            0.000ns  (clk_i rise@0.000ns - clk_i rise@0.000ns)
  Data Path Delay:        0.788ns  (logic 0.239ns (30.321%)  route 0.549ns (69.679%))
  Logic Levels:           1  (LUT2=1)
  Clock Path Skew:        0.145ns (DCD - SCD - CPR)
    Destination Clock Delay (DCD):    1.034ns
    Source Clock Delay      (SCD):    0.679ns
    Clock Pessimism Removal (CPR):    0.210ns

    Location             Delay type                Incr(ns)  Path(ns)    Netlist Resource(s)
  -------------------------------------------------------------------    -------------------
                         (clock clk_i rise edge)      0.000     0.000 r  
                                                      0.000     0.000 r  clk_i (IN)
                         net (fo=0)                   0.000     0.000    clk_i
                         IBUF (Prop_ibuf_I_O)         0.202     0.202 r  clk_i_IBUF_inst/O
                         net (fo=1, unplaced)         0.337     0.539    clk_i_IBUF
                         BUFG (Prop_bufg_I_O)         0.026     0.565 r  clk_i_IBUF_BUFG_inst/O
                         net (fo=5111, unplaced)      0.114     0.679    u_uart2/clk
                         FDCE                                         r  u_uart2/fifo_clr_r_reg/C
  -------------------------------------------------------------------    -------------------
                         FDCE (Prop_fdce_C_Q)         0.141     0.820 f  u_uart2/fifo_clr_r_reg/Q
                         net (fo=1, unplaced)         0.198     1.018    u_uart2/u_rx_fifo/fifo_clr_r
                         LUT2 (Prop_lut2_I0_O)        0.098     1.116 f  u_uart2/u_rx_fifo/rd_ptr_r[8]_i_2/O
                         net (fo=18, unplaced)        0.351     1.467    u_uart2/u_rx_fifo/rd_ptr_r[8]_i_2_n_0
                         FDCE                                         f  u_uart2/u_rx_fifo/rd_ptr_r_reg[0]/CLR
  -------------------------------------------------------------------    -------------------

                         (clock clk_i rise edge)      0.000     0.000 r  
                                                      0.000     0.000 r  clk_i (IN)
                         net (fo=0)                   0.000     0.000    clk_i
                         IBUF (Prop_ibuf_I_O)         0.391     0.391 r  clk_i_IBUF_inst/O
                         net (fo=1, unplaced)         0.355     0.746    clk_i_IBUF
                         BUFG (Prop_bufg_I_O)         0.029     0.775 r  clk_i_IBUF_BUFG_inst/O
                         net (fo=5111, unplaced)      0.259     1.034    u_uart2/u_rx_fifo/clk
                         FDCE                                         r  u_uart2/u_rx_fifo/rd_ptr_r_reg[0]/C
                         clock pessimism             -0.210     0.824    
                         FDCE (Remov_fdce_C_CLR)     -0.094     0.730    u_uart2/u_rx_fifo/rd_ptr_r_reg[0]
  -------------------------------------------------------------------
                         required time                         -0.730    
                         arrival time                           1.467    
  -------------------------------------------------------------------
                         slack                                  0.737    





