
===========================================================================
 report_power
============================================================================
======================= min_tt_025C_1v80 Corner ===================================

Group                    Internal    Switching      Leakage        Total
                            Power        Power        Power        Power (Watts)
------------------------------------------------------------------------
Sequential           2.437835e-02 3.145069e-05 1.265600e-07 2.440993e-02  21.8%
Combinational        2.646866e-04 4.450238e-04 4.642590e-07 7.101747e-04   0.6%
Clock                1.062865e-02 1.233969e-02 5.359318e-06 2.297370e-02  20.5%
Macro                6.351865e-02 0.000000e+00 4.076981e-04 6.392635e-02  57.1%
Pad                  0.000000e+00 0.000000e+00 0.000000e+00 0.000000e+00   0.0%
------------------------------------------------------------------------
Total                9.879015e-02 1.281616e-02 4.136138e-04 1.120199e-01 100.0%
                            88.2%        11.4%         0.4%

