Clock: clk_i
Sources: clk_i 
Generated: no
Virtual: yes
Propagated: no
Period: 20.000000

===========================================================================
report_clock_properties
============================================================================
Clock                   Period          Waveform
----------------------------------------------------
clk_i                20.000000    0.000000 10.000000

===========================================================================
report_clock_latency
============================================================================
Clock clk_i
rise -> rise
    min     max
0.000000 0.000000 source latency
3.275021         network latency _179608_/CLK
        4.874639 network latency _187831_/CLK
---------------
3.275021 4.874639 latency
        1.599618 skew

fall -> fall
    min     max
0.000000 0.000000 source latency
3.464598         network latency _179608_/CLK
        4.999346 network latency _187831_/CLK
---------------
3.464598 4.999346 latency
        1.534747 skew



===========================================================================
report_clock_min_period
============================================================================
clk_i period_min = 11.62 fmax = 86.07
Clock: jtag_clk
Sources: jtag_tck 
Generated: no
Virtual: yes
Propagated: no
Period: 100.000000

===========================================================================
report_clock_properties
============================================================================
Clock                   Period          Waveform
----------------------------------------------------
jtag_clk            100.000000    0.000000 50.000000

===========================================================================
report_clock_latency
============================================================================
Clock jtag_clk
rise -> rise
    min     max
0.000000 0.000000 source latency
0.728142         network latency _188145_/CLK
        0.777189 network latency _189836_/CLK
---------------
0.728142 0.777189 latency
        0.049047 skew

fall -> fall
    min     max
0.000000 0.000000 source latency
0.769902         network latency _188145_/CLK
        0.808267 network latency _189836_/CLK
---------------
0.769902 0.808267 latency
        0.038366 skew



===========================================================================
report_clock_min_period
============================================================================
jtag_clk period_min = 4.14 fmax = 241.57
