Clock: clk_i
Sources: clk_i 
Generated: no
Virtual: yes
Propagated: no
Period: 23.147999

===========================================================================
report_clock_properties
============================================================================
Clock                   Period          Waveform
----------------------------------------------------
clk_i                23.147999    0.000000 11.573999

===========================================================================
report_clock_latency
============================================================================
Clock clk_i
rise -> rise
    min     max
0.000000 0.000000 source latency
3.369815         network latency u_npu.u_npu_sram.g_sram[2].u_macro/clk0
        4.965584 network latency u_npu.u_npu_sram.g_sram[14].u_macro/clk0
---------------
3.369815 4.965584 latency
        1.595769 skew

fall -> fall
    min     max
0.000000 0.000000 source latency
3.329942         network latency u_npu.u_npu_sram.g_sram[2].u_macro/clk0
        4.903618 network latency _191060_/CLK
---------------
3.329942 4.903618 latency
        1.573676 skew



===========================================================================
report_clock_min_period
============================================================================
clk_i period_min = 11.73 fmax = 85.25
Clock: jtag_clk
Sources: jtag_tck 
Generated: no
Virtual: yes
Propagated: no
Period: 100.000000

===========================================================================
report_clock_properties
============================================================================
Clock                   Period          Waveform
----------------------------------------------------
jtag_clk            100.000000    0.000000 50.000000

===========================================================================
report_clock_latency
============================================================================
Clock jtag_clk
rise -> rise
    min     max
0.000000 0.000000 source latency
0.672833         network latency _190010_/CLK
        0.729122 network latency _191897_/CLK
---------------
0.672833 0.729122 latency
        0.056289 skew

fall -> fall
    min     max
0.000000 0.000000 source latency
0.681759         network latency _190010_/CLK
        0.735060 network latency _191897_/CLK
---------------
0.681759 0.735060 latency
        0.053301 skew



===========================================================================
report_clock_min_period
============================================================================
jtag_clk period_min = 4.54 fmax = 220.27
