Clock: clk_i
Sources: clk_i 
Generated: no
Virtual: yes
Propagated: no
Period: 20.000000

===========================================================================
report_clock_properties
============================================================================
Clock                   Period          Waveform
----------------------------------------------------
clk_i                20.000000    0.000000 10.000000

===========================================================================
report_clock_latency
============================================================================
Clock clk_i
rise -> rise
    min     max
0.000000 0.000000 source latency
1.505128         network latency _74049_/CLK
        1.990423 network latency _84412_/CLK
---------------
1.505128 1.990423 latency
        0.485295 skew

fall -> fall
    min     max
0.000000 0.000000 source latency
1.405563         network latency u_npu.u_npu_sram.g_sram[12].u_macro/clk1
        1.975939 network latency _84412_/CLK
---------------
1.405563 1.975939 latency
        0.570376 skew



===========================================================================
report_clock_min_period
============================================================================
clk_i period_min = 12.10 fmax = 82.62
Clock: jtag_clk
Sources: jtag_tck 
Generated: no
Virtual: yes
Propagated: no
Period: 100.000000

===========================================================================
report_clock_properties
============================================================================
Clock                   Period          Waveform
----------------------------------------------------
jtag_clk            100.000000    0.000000 50.000000

===========================================================================
report_clock_latency
============================================================================
Clock jtag_clk
rise -> rise
    min     max
0.000000 0.000000 source latency
0.530215         network latency _82765_/CLK
        0.662196 network latency _82754_/CLK
---------------
0.530215 0.662196 latency
        0.131980 skew

fall -> fall
    min     max
0.000000 0.000000 source latency
0.561041         network latency _82788_/CLK
        0.663292 network latency _82754_/CLK
---------------
0.561041 0.663292 latency
        0.102251 skew



===========================================================================
report_clock_min_period
============================================================================
jtag_clk period_min = 3.03 fmax = 330.46
