
===========================================================================
 report_power
============================================================================
======================= nom_tt_025C_1v80 Corner ===================================

Group                    Internal    Switching      Leakage        Total
                            Power        Power        Power        Power (Watts)
------------------------------------------------------------------------
Sequential           2.130957e-02 1.771889e-05 1.283872e-07 2.132742e-02  21.8%
Combinational        1.928557e-04 4.377656e-04 5.516163e-07 6.311730e-04   0.6%
Clock                9.308729e-03 1.122072e-02 5.229548e-06 2.053468e-02  21.0%
Macro                5.488047e-02 0.000000e+00 4.076981e-04 5.528817e-02  56.5%
Pad                  0.000000e+00 0.000000e+00 0.000000e+00 0.000000e+00   0.0%
------------------------------------------------------------------------
Total                8.569156e-02 1.167619e-02 4.135702e-04 9.778131e-02 100.0%
                            87.6%        11.9%         0.4%

